Using device: cpu
ellipse-1.0-no-correction-just-clip
Goal, Curr: (-1.07,  0.94), ( -1.40,  -0.60)   Error: 1.57
Last SG, Last State: ( -3.08,  -2.49), ( -1.40,  -0.60)  SG Improvement:0.00005 

Goal, Curr: (-0.93,  0.87), ( -1.40,  -0.60)   Error: 1.54
Last SG, Last State: ( -3.05,  -2.48), ( -1.40,  -0.60)  SG Improvement:-0.00000 

Goal, Curr: (-0.78,  1.14), ( -1.40,  -0.60)   Error: 1.85
Last SG, Last State: ( -3.08,  -2.49), ( -1.40,  -0.60)  SG Improvement:-0.00009 

Goal, Curr: (-1.19,  0.81), ( -1.40,  -0.60)   Error: 1.42
Last SG, Last State: ( -3.07,  -2.49), ( -1.40,  -0.60)  SG Improvement:-0.00000 

Goal, Curr: (-0.90,  0.96), ( -1.40,  -0.60)   Error: 1.64
Last SG, Last State: ( -3.06,  -2.48), ( -1.40,  -0.60)  SG Improvement:0.00002 

Goal, Curr: (-0.79,  0.98), ( -1.40,  -0.60)   Error: 1.69
Last SG, Last State: ( -3.05,  -2.48), ( -1.40,  -0.60)  SG Improvement:0.00003 

Goal, Curr: (-1.24,  0.97), ( -1.40,  -0.60)   Error: 1.58
Last SG, Last State: ( -3.10,  -2.49), ( -1.40,  -0.60)  SG Improvement:-0.00003 

Goal, Curr: (-1.11,  1.11), ( -1.40,  -0.60)   Error: 1.73
Last SG, Last State: ( -3.11,  -2.49), ( -1.40,  -0.60)  SG Improvement:0.00000 

Goal, Curr: (-1.00,  0.89), ( -1.40,  -0.60)   Error: 1.54
Last SG, Last State: ( -3.06,  -2.49), ( -1.40,  -0.60)  SG Improvement:-0.00001 

Goal, Curr: (-0.79,  1.13), ( -1.40,  -0.60)   Error: 1.84
Last SG, Last State: ( -3.08,  -2.49), ( -1.40,  -0.60)  SG Improvement:-0.00002 

episode:00100, mean:-499.88, std:36.97, median:-495.90, success:0.00
Goal, Curr: (-1.17,  0.91), ( -1.40,  -0.60)   Error: 1.53
Last SG, Last State: ( -2.66,  -2.57), ( -1.40,  -0.60)  SG Improvement:0.08168 

Goal, Curr: (-1.17,  0.79), ( -1.40,  -0.60)   Error: 1.41
Last SG, Last State: ( -2.66,  -2.58), ( -1.40,  -0.60)  SG Improvement:0.09120 

Goal, Curr: (-1.15,  1.22), ( -1.40,  -0.60)   Error: 1.83
Last SG, Last State: ( -3.14,  -2.57), ( -1.40,  -0.60)  SG Improvement:0.00101 

Goal, Curr: (-1.06,  0.76), ( -1.40,  -0.60)   Error: 1.40
Last SG, Last State: ( -3.20,  -2.57), ( -1.40,  -0.60)  SG Improvement:0.00292 

Goal, Curr: (-1.13,  0.85), ( -1.40,  -0.60)   Error: 1.48
Last SG, Last State: ( -2.68,  -2.58), ( -1.40,  -0.60)  SG Improvement:0.08313 

Goal, Curr: (-1.20,  1.00), ( -1.40,  -0.60)   Error: 1.62
Last SG, Last State: ( -2.65,  -2.57), ( -1.40,  -0.60)  SG Improvement:0.07391 

Goal, Curr: (-0.79,  1.12), ( -1.40,  -0.60)   Error: 1.82
Last SG, Last State: ( -2.73,  -2.57), ( -1.40,  -0.60)  SG Improvement:0.06079 

Goal, Curr: (-1.07,  1.03), ( -1.40,  -0.60)   Error: 1.67
Last SG, Last State: ( -2.69,  -2.57), ( -1.40,  -0.60)  SG Improvement:0.06826 

Goal, Curr: (-1.03,  1.05), ( -1.40,  -0.60)   Error: 1.69
Last SG, Last State: ( -2.69,  -2.57), ( -1.40,  -0.60)  SG Improvement:0.06628 

Goal, Curr: (-0.98,  0.97), ( -1.40,  -0.60)   Error: 1.62
Last SG, Last State: ( -2.72,  -2.57), ( -1.40,  -0.60)  SG Improvement:0.06907 

episode:00200, mean:-493.54, std:45.30, median:-497.00, success:0.00
Goal, Curr: (-1.05,  0.81), (  0.01,   1.40)   Error: 1.21
Last SG, Last State: ( -0.44,   2.17), (  0.47,   1.30)  SG Improvement:0.92433 

Goal, Curr: (-0.84,  0.91), (  0.47,   1.15)   Error: 1.33
Last SG, Last State: ( -0.58,   2.65), (  1.03,   0.96)  SG Improvement:1.12594 

Goal, Curr: (-1.15,  1.13), (  0.46,   1.23)   Error: 1.62
Last SG, Last State: ( -0.58,   2.73), (  1.03,   1.04)  SG Improvement:1.13453 

Goal, Curr: (-0.91,  1.14), (  0.10,   1.40)   Error: 1.05
Last SG, Last State: ( -0.03,   2.13), (  0.46,   1.16)  SG Improvement:0.75473 

Goal, Curr: (-1.04,  1.25), (  0.25,   1.40)   Error: 1.30
Last SG, Last State: ( -0.13,   2.16), (  0.66,   1.29)  SG Improvement:0.95430 

Goal, Curr: (-0.95,  0.86), (  0.10,   1.38)   Error: 1.17
Last SG, Last State: ( -0.14,   2.03), (  0.47,   1.11)  SG Improvement:0.80777 

Goal, Curr: (-0.95,  1.22), (  0.46,   1.19)   Error: 1.40
Last SG, Last State: ( -0.58,   2.69), (  1.02,   1.00)  SG Improvement:1.13510 

Goal, Curr: (-0.99,  0.79), ( -0.64,   1.40)   Error: 0.70
Last SG, Last State: (  0.15,   2.20), ( -0.16,   1.31)  SG Improvement:-0.40530 

Goal, Curr: (-1.21,  0.89), ( -0.57,   1.40)   Error: 0.81
Last SG, Last State: (  0.13,   2.34), ( -0.10,   1.34)  SG Improvement:-0.41639 

Goal, Curr: (-1.21,  1.03), (  0.07,   1.40)   Error: 1.33
Last SG, Last State: ( -0.24,   2.19), (  0.46,   1.27)  SG Improvement:0.86679 

episode:00300, mean:-677.45, std:64.98, median:-671.97, success:0.00
Goal, Curr: (-1.01,  1.04), ( -0.52,   1.40)   Error: 0.61
Last SG, Last State: (  0.42,   1.88), ( -0.01,   1.09)  SG Improvement:0.40765 

Goal, Curr: (-0.80,  0.93), ( -0.32,   1.13)   Error: 0.52
Last SG, Last State: ( -0.20,   1.84), (  0.26,   0.97)  SG Improvement:0.34697 

Goal, Curr: (-1.17,  1.04), ( -0.51,   1.31)   Error: 0.71
Last SG, Last State: (  0.42,   1.92), (  0.06,   1.14)  SG Improvement:0.15651 

Goal, Curr: (-1.23,  1.00), ( -0.27,   1.04)   Error: 0.96
Last SG, Last State: ( -0.16,   1.98), (  0.32,   1.03)  SG Improvement:0.23851 

Goal, Curr: (-1.08,  0.91), (  0.01,   1.08)   Error: 1.11
Last SG, Last State: (  0.17,   1.61), (  0.49,   0.73)  SG Improvement:0.34303 

Goal, Curr: (-1.04,  1.25), ( -0.34,   1.35)   Error: 0.71
Last SG, Last State: ( -0.51,   2.19), (  0.19,   1.09)  SG Improvement:0.61149 

Goal, Curr: (-1.08,  1.23), ( -0.29,   1.18)   Error: 0.79
Last SG, Last State: (  0.71,   1.97), (  0.21,   1.21)  SG Improvement:-0.17045 

Goal, Curr: (-1.12,  1.06), ( -0.32,   1.07)   Error: 0.80
Last SG, Last State: ( -0.13,   2.00), (  0.27,   1.06)  SG Improvement:0.25544 

Goal, Curr: (-0.77,  0.79), ( -0.10,   1.02)   Error: 0.71
Last SG, Last State: ( -0.55,   1.84), (  0.49,   0.98)  SG Improvement:-0.14814 

Goal, Curr: (-0.79,  1.20), ( -0.06,   1.14)   Error: 0.73
Last SG, Last State: ( -0.64,   0.42), (  0.29,   0.67)  SG Improvement:-0.34440 

episode:00400, mean:-671.77, std:39.96, median:-683.81, success:0.00
Goal, Curr: (-1.14,  1.00), ( -0.94,   1.40)   Error: 0.45
Last SG, Last State: (  1.41,   1.92), ( -0.47,   1.40)  SG Improvement:-0.87713 

Goal, Curr: (-1.23,  1.08), ( -0.64,   1.40)   Error: 0.68
Last SG, Last State: (  0.60,   1.96), ( -0.16,   1.40)  SG Improvement:0.19654 

Goal, Curr: (-0.97,  1.17), ( -0.59,   1.40)   Error: 0.44
Last SG, Last State: (  1.32,   1.94), ( -0.37,   1.40)  SG Improvement:-0.32336 

Goal, Curr: (-1.12,  1.00), ( -0.89,   1.40)   Error: 0.46
Last SG, Last State: (  1.45,   1.86), ( -0.41,   1.40)  SG Improvement:-0.69806 

Goal, Curr: (-0.89,  1.21), ( -0.45,   1.24)   Error: 0.45
Last SG, Last State: ( -1.44,   1.04), ( -0.40,   1.23)  SG Improvement:1.18776 

Goal, Curr: (-0.79,  0.89), ( -0.49,   1.21)   Error: 0.44
Last SG, Last State: (  0.84,   1.74), (  0.02,   1.22)  SG Improvement:-0.43297 

Goal, Curr: (-0.90,  1.02), ( -0.67,   1.40)   Error: 0.45
Last SG, Last State: (  1.41,   1.78), ( -0.32,   1.40)  SG Improvement:-0.65311 

Goal, Curr: (-1.11,  0.99), ( -0.94,   1.40)   Error: 0.45
Last SG, Last State: (  1.39,   1.92), ( -0.47,   1.40)  SG Improvement:-0.62346 

Goal, Curr: (-0.80,  1.09), ( -0.48,   1.40)   Error: 0.45
Last SG, Last State: (  1.41,   1.81), ( -0.35,   1.40)  SG Improvement:-0.62500 

Goal, Curr: (-0.88,  0.84), ( -0.80,   1.30)   Error: 0.46
Last SG, Last State: (  1.47,   1.54), ( -0.27,   1.32)  SG Improvement:-0.96828 

episode:00500, mean:-520.75, std:46.09, median:-526.94, success:0.70
Goal, Curr: (-1.19,  0.99), ( -0.84,   1.27)   Error: 0.45
Last SG, Last State: ( -0.59,   1.77), ( -0.50,   1.19)  SG Improvement:0.64355 

Goal, Curr: (-0.96,  0.83), ( -1.20,   1.37)   Error: 0.59
Last SG, Last State: (  0.33,   1.95), ( -1.01,   1.40)  SG Improvement:-0.37933 

Goal, Curr: (-0.78,  0.86), ( -0.49,   1.19)   Error: 0.44
Last SG, Last State: ( -0.27,   1.69), ( -0.43,   1.18)  SG Improvement:0.53656 

Goal, Curr: (-0.96,  1.08), ( -0.59,   1.32)   Error: 0.44
Last SG, Last State: (  0.07,   1.92), ( -0.57,   1.32)  SG Improvement:0.32435 

Goal, Curr: (-0.81,  0.79), ( -1.12,   1.40)   Error: 0.69
Last SG, Last State: (  0.30,   1.71), ( -0.81,   1.32)  SG Improvement:-0.13038 

Goal, Curr: (-1.12,  0.92), ( -0.72,   1.11)   Error: 0.44
Last SG, Last State: ( -1.29,   1.23), ( -0.29,   1.13)  SG Improvement:0.87840 

Goal, Curr: (-0.84,  0.92), ( -0.44,   1.11)   Error: 0.45
Last SG, Last State: ( -1.32,   1.02), ( -0.09,   1.09)  SG Improvement:0.75512 

Goal, Curr: (-0.89,  0.84), ( -1.23,   1.36)   Error: 0.63
Last SG, Last State: (  0.34,   1.88), ( -1.01,   1.40)  SG Improvement:-0.36711 

Goal, Curr: (-0.89,  1.04), ( -0.45,   1.02)   Error: 0.44
Last SG, Last State: (  0.19,   1.99), ( -0.44,   1.02)  SG Improvement:0.32576 

Goal, Curr: (-1.20,  0.92), ( -0.79,   1.10)   Error: 0.44
Last SG, Last State: ( -1.14,   1.39), ( -0.36,   1.08)  SG Improvement:0.96222 

episode:00600, mean:-437.64, std:39.75, median:-428.98, success:0.70
Goal, Curr: (-1.22,  0.99), (  0.34,  -0.60)   Error: 2.23
Last SG, Last State: ( -0.02,   0.60), (  0.30,  -0.60)  SG Improvement:-0.19821 

Goal, Curr: (-0.88,  1.23), ( -0.40,   1.08)   Error: 0.50
Last SG, Last State: (  0.17,   1.99), ( -0.04,   0.96)  SG Improvement:0.09827 

Goal, Curr: (-1.25,  0.78), (  0.58,   0.56)   Error: 1.84
Last SG, Last State: ( -0.06,   1.39), (  0.60,   0.21)  SG Improvement:0.79540 

Goal, Curr: (-0.94,  1.14), (  0.55,  -0.59)   Error: 2.28
Last SG, Last State: (  0.21,   0.64), (  0.48,  -0.60)  SG Improvement:-0.00091 

Goal, Curr: (-1.24,  1.24), (  0.54,   0.60)   Error: 1.89
Last SG, Last State: ( -0.05,   1.37), (  0.60,   0.18)  SG Improvement:0.70254 

Goal, Curr: (-0.86,  1.04), ( -0.43,   1.08)   Error: 0.44
Last SG, Last State: (  0.11,   1.88), ( -0.14,   1.00)  SG Improvement:0.16347 

Goal, Curr: (-1.18,  0.89), (  0.57,   0.56)   Error: 1.79
Last SG, Last State: ( -0.16,   1.39), (  0.60,   0.22)  SG Improvement:0.70397 

Goal, Curr: (-1.06,  0.99), (  0.60,  -0.53)   Error: 2.24
Last SG, Last State: (  0.09,   0.52), (  0.50,  -0.60)  SG Improvement:-0.13845 

Goal, Curr: (-0.90,  1.01), ( -0.47,   1.10)   Error: 0.44
Last SG, Last State: (  0.22,   1.85), ( -0.19,   1.03)  SG Improvement:0.03181 

Goal, Curr: (-0.88,  0.80), (  0.11,   0.86)   Error: 0.99
Last SG, Last State: ( -1.09,   0.71), (  0.55,   0.59)  SG Improvement:-0.36259 

episode:00700, mean:-564.99, std:95.78, median:-561.82, success:0.20
Goal, Curr: (-0.86,  0.91), ( -0.42,   0.93)   Error: 0.45
Last SG, Last State: ( -0.65,   1.81), ( -0.30,   0.93)  SG Improvement:0.74665 

Goal, Curr: (-1.04,  0.83), ( -0.63,   1.03)   Error: 0.45
Last SG, Last State: ( -1.09,   1.76), ( -0.58,   1.03)  SG Improvement:0.57085 

Goal, Curr: (-1.16,  0.81), ( -0.51,   0.86)   Error: 0.65
Last SG, Last State: ( -0.19,   1.93), ( -0.55,   0.88)  SG Improvement:-0.77438 

Goal, Curr: (-1.19,  1.06), ( -0.43,   0.91)   Error: 0.77
Last SG, Last State: (  0.03,   2.26), ( -0.52,   1.00)  SG Improvement:-0.72776 

Goal, Curr: (-0.82,  1.18), ( -0.43,   0.96)   Error: 0.45
Last SG, Last State: ( -1.09,   1.51), ( -0.36,   0.96)  SG Improvement:0.90106 

Goal, Curr: (-0.94,  1.08), ( -0.46,   0.97)   Error: 0.49
Last SG, Last State: ( -0.36,   1.77), ( -0.44,   0.97)  SG Improvement:0.18966 

Goal, Curr: (-0.95,  0.98), ( -0.54,   1.15)   Error: 0.44
Last SG, Last State: ( -1.22,   0.96), ( -0.34,   1.14)  SG Improvement:0.86266 

Goal, Curr: (-1.09,  0.81), ( -0.48,   0.84)   Error: 0.61
Last SG, Last State: ( -0.34,   1.78), ( -0.47,   0.83)  SG Improvement:-0.02145 

Goal, Curr: (-0.97,  0.91), ( -0.55,   1.04)   Error: 0.44
Last SG, Last State: ( -0.46,   2.05), ( -0.06,   1.00)  SG Improvement:0.63883 

Goal, Curr: (-0.76,  1.16), ( -0.41,   0.89)   Error: 0.45
Last SG, Last State: (  0.02,   1.73), ( -0.31,   0.88)  SG Improvement:-0.65399 

episode:00800, mean:-454.52, std:40.52, median:-469.00, success:0.60
Goal, Curr: (-1.08,  1.05), ( -0.38,   0.70)   Error: 0.78
Last SG, Last State: ( -0.36,   2.02), ( -0.54,   0.77)  SG Improvement:-0.60205 

Goal, Curr: (-0.87,  1.12), ( -0.41,   0.78)   Error: 0.57
Last SG, Last State: ( -0.54,   2.06), ( -0.21,   0.78)  SG Improvement:0.30243 

Goal, Curr: (-1.16,  1.01), ( -0.60,   0.89)   Error: 0.57
Last SG, Last State: ( -0.24,   2.19), ( -0.42,   0.84)  SG Improvement:-0.37624 

Goal, Curr: (-0.79,  1.19), ( -0.29,   0.78)   Error: 0.65
Last SG, Last State: ( -0.26,   2.01), ( -0.07,   0.77)  SG Improvement:0.20814 

Goal, Curr: (-1.10,  0.86), ( -0.45,   0.68)   Error: 0.67
Last SG, Last State: ( -0.57,   2.03), ( -0.61,   0.76)  SG Improvement:-0.70614 

Goal, Curr: (-0.80,  1.21), ( -0.38,   0.77)   Error: 0.61
Last SG, Last State: ( -0.06,   1.73), ( -0.25,   0.75)  SG Improvement:-0.63102 

Goal, Curr: (-1.17,  0.77), ( -0.49,   0.80)   Error: 0.67
Last SG, Last State: ( -0.30,   2.12), ( -0.41,   0.79)  SG Improvement:-0.20896 

Goal, Curr: (-1.16,  0.97), ( -0.45,   0.89)   Error: 0.71
Last SG, Last State: ( -0.79,   2.30), ( -0.20,   0.83)  SG Improvement:0.19965 

Goal, Curr: (-1.15,  1.23), ( -0.22,   0.80)   Error: 1.03
Last SG, Last State: ( -0.21,   2.17), (  0.00,   0.77)  SG Improvement:-0.31180 

Goal, Curr: (-1.21,  0.96), ( -0.41,   0.65)   Error: 0.86
Last SG, Last State: ( -0.38,   2.10), ( -0.60,   0.73)  SG Improvement:-0.67979 

episode:00900, mean:-490.75, std:32.02, median:-482.07, success:0.00
Goal, Curr: (-0.97,  1.15), ( -0.62,   0.87)   Error: 0.44
Last SG, Last State: ( -0.87,   1.83), ( -0.07,   0.92)  SG Improvement:0.55314 

Goal, Curr: (-1.10,  1.10), ( -0.89,   0.71)   Error: 0.44
Last SG, Last State: ( -1.41,   2.07), ( -0.37,   0.86)  SG Improvement:0.76362 

Goal, Curr: (-0.80,  0.78), ( -0.38,   0.64)   Error: 0.44
Last SG, Last State: ( -0.79,   2.07), ( -0.15,   0.66)  SG Improvement:0.79696 

Goal, Curr: (-1.14,  0.98), ( -0.75,   0.81)   Error: 0.43
Last SG, Last State: ( -0.79,   2.20), ( -0.19,   0.82)  SG Improvement:0.59928 

Goal, Curr: (-1.05,  1.25), ( -0.89,   0.82)   Error: 0.46
Last SG, Last State: ( -0.58,   2.01), ( -0.78,   0.83)  SG Improvement:0.07113 

Goal, Curr: (-1.06,  1.09), ( -0.68,   0.86)   Error: 0.44
Last SG, Last State: ( -1.43,   2.09), ( -0.59,   0.89)  SG Improvement:0.57706 

Goal, Curr: (-0.93,  1.07), ( -0.51,   0.94)   Error: 0.44
Last SG, Last State: ( -1.12,   1.57), ( -0.17,   0.96)  SG Improvement:0.76475 

Goal, Curr: (-1.13,  1.07), ( -0.83,   0.73)   Error: 0.45
Last SG, Last State: ( -1.03,   2.08), ( -0.47,   0.82)  SG Improvement:0.46900 

Goal, Curr: (-0.91,  1.04), ( -0.52,   0.83)   Error: 0.44
Last SG, Last State: ( -1.31,   1.88), ( -0.32,   0.83)  SG Improvement:0.65523 

Goal, Curr: (-0.79,  0.85), ( -0.40,   0.67)   Error: 0.43
Last SG, Last State: ( -0.90,   2.01), ( -0.20,   0.68)  SG Improvement:0.73045 

episode:01000, mean:-444.42, std:53.39, median:-446.52, success:0.90
Goal, Curr: (-0.83,  1.10), ( -0.59,   0.72)   Error: 0.45
Last SG, Last State: ( -1.36,   2.01), ( -0.07,   0.74)  SG Improvement:1.26871 

Goal, Curr: (-1.10,  1.22), ( -0.75,   0.85)   Error: 0.51
Last SG, Last State: ( -1.27,   2.05), ( -0.16,   0.80)  SG Improvement:1.30043 

Goal, Curr: (-1.17,  0.98), ( -0.78,   0.77)   Error: 0.44
Last SG, Last State: ( -1.67,   1.91), ( -0.52,   0.81)  SG Improvement:0.51978 

Goal, Curr: (-0.76,  0.87), ( -0.40,   0.60)   Error: 0.45
Last SG, Last State: ( -0.88,   1.97), ( -0.12,   0.62)  SG Improvement:0.60774 

Goal, Curr: (-1.03,  1.12), ( -0.64,   0.79)   Error: 0.50
Last SG, Last State: ( -1.34,   2.14), ( -0.06,   0.76)  SG Improvement:1.26777 

Goal, Curr: (-0.85,  0.90), ( -0.51,   0.62)   Error: 0.44
Last SG, Last State: ( -1.30,   1.85), ( -0.30,   0.69)  SG Improvement:0.61361 

Goal, Curr: (-1.02,  0.76), ( -0.58,   0.70)   Error: 0.44
Last SG, Last State: ( -1.41,   2.21), ( -0.06,   0.75)  SG Improvement:1.27362 

Goal, Curr: (-1.21,  1.19), ( -0.71,   0.84)   Error: 0.61
Last SG, Last State: ( -0.91,   2.21), ( -0.13,   0.82)  SG Improvement:0.50916 

Goal, Curr: (-0.93,  1.19), ( -0.78,   0.77)   Error: 0.44
Last SG, Last State: ( -1.38,   1.80), ( -0.68,   0.68)  SG Improvement:0.14366 

Goal, Curr: (-1.09,  0.83), ( -0.65,   0.85)   Error: 0.44
Last SG, Last State: ( -1.62,   1.92), ( -0.55,   0.83)  SG Improvement:0.41717 

episode:01100, mean:-461.22, std:60.55, median:-435.37, success:0.70
Goal, Curr: (-1.25,  0.98), ( -0.81,   0.97)   Error: 0.44
Last SG, Last State: ( -1.77,   1.17), ( -0.40,   1.05)  SG Improvement:0.80719 

Goal, Curr: (-0.87,  0.81), ( -0.43,   0.83)   Error: 0.45
Last SG, Last State: ( -1.35,   2.07), ( -0.04,   0.86)  SG Improvement:1.15603 

Goal, Curr: (-0.85,  1.01), ( -0.46,   0.80)   Error: 0.44
Last SG, Last State: ( -1.02,   2.02), (  0.02,   0.83)  SG Improvement:0.43564 

Goal, Curr: (-1.23,  1.13), ( -0.80,   1.05)   Error: 0.44
Last SG, Last State: ( -1.81,   2.25), ( -0.66,   1.06)  SG Improvement:0.25982 

Goal, Curr: (-0.81,  1.05), ( -0.42,   0.85)   Error: 0.44
Last SG, Last State: ( -1.42,   1.98), (  0.02,   0.87)  SG Improvement:1.36864 

Goal, Curr: (-0.88,  1.14), ( -0.43,   1.12)   Error: 0.45
Last SG, Last State: ( -1.67,   0.76), ( -0.30,   1.14)  SG Improvement:0.62761 

Goal, Curr: (-0.91,  1.03), ( -0.47,   0.98)   Error: 0.44
Last SG, Last State: ( -1.66,   1.05), ( -0.33,   1.01)  SG Improvement:0.99088 

Goal, Curr: (-0.80,  0.91), ( -0.37,   0.84)   Error: 0.44
Last SG, Last State: ( -1.23,   1.65), ( -0.05,   0.86)  SG Improvement:0.60250 

Goal, Curr: (-1.12,  0.97), ( -0.68,   0.88)   Error: 0.45
Last SG, Last State: ( -1.81,   1.23), ( -0.44,   0.95)  SG Improvement:0.76558 

Goal, Curr: (-0.82,  1.18), ( -0.64,   0.78)   Error: 0.45
Last SG, Last State: ( -1.87,   1.35), ( -0.56,   0.78)  SG Improvement:0.60803 

episode:01200, mean:-420.38, std:46.47, median:-429.83, success:1.00
Goal, Curr: (-1.06,  1.20), ( -0.64,   1.08)   Error: 0.44
Last SG, Last State: ( -1.80,   1.01), ( -0.41,   1.12)  SG Improvement:0.91975 

Goal, Curr: (-1.05,  1.17), ( -0.62,   1.18)   Error: 0.43
Last SG, Last State: ( -1.73,   0.76), ( -0.34,   1.20)  SG Improvement:0.82599 

Goal, Curr: (-1.07,  0.82), ( -0.88,   1.23)   Error: 0.46
Last SG, Last State: ( -1.70,   0.61), ( -0.29,   1.22)  SG Improvement:0.75137 

Goal, Curr: (-0.79,  1.04), ( -0.35,   1.05)   Error: 0.44
Last SG, Last State: ( -0.46,   0.40), (  0.17,   1.03)  SG Improvement:-0.06367 

Goal, Curr: (-1.17,  0.76), ( -1.19,   1.27)   Error: 0.51
Last SG, Last State: ( -2.01,   1.53), ( -0.63,   1.12)  SG Improvement:0.70978 

Goal, Curr: (-0.99,  0.85), ( -0.61,   1.07)   Error: 0.44
Last SG, Last State: ( -1.85,   0.89), ( -0.46,   1.05)  SG Improvement:0.78176 

Goal, Curr: (-1.12,  1.18), ( -0.68,   1.25)   Error: 0.45
Last SG, Last State: ( -1.77,   0.75), ( -0.36,   1.29)  SG Improvement:0.91753 

Goal, Curr: (-1.07,  1.21), ( -0.64,   1.11)   Error: 0.44
Last SG, Last State: ( -1.94,   0.93), ( -0.54,   1.10)  SG Improvement:0.78958 

Goal, Curr: (-0.77,  0.87), ( -0.43,   1.15)   Error: 0.44
Last SG, Last State: ( -1.60,   0.62), ( -0.23,   1.16)  SG Improvement:0.97153 

Goal, Curr: (-0.80,  1.14), ( -0.37,   1.22)   Error: 0.44
Last SG, Last State: ( -1.64,   0.59), ( -0.27,   1.22)  SG Improvement:0.85078 

episode:01300, mean:-440.33, std:50.21, median:-448.48, success:0.80
Goal, Curr: (-0.81,  1.10), ( -0.45,   0.82)   Error: 0.45
Last SG, Last State: ( -1.60,   0.84), ( -0.29,   0.82)  SG Improvement:1.09476 

Goal, Curr: (-0.76,  1.11), ( -0.39,   0.88)   Error: 0.44
Last SG, Last State: ( -1.39,   1.21), ( -0.13,   0.87)  SG Improvement:1.17572 

Goal, Curr: (-1.16,  1.12), ( -0.75,   0.95)   Error: 0.44
Last SG, Last State: ( -1.79,   1.01), ( -0.44,   0.92)  SG Improvement:0.94106 

Goal, Curr: (-0.83,  0.90), ( -0.41,   0.75)   Error: 0.44
Last SG, Last State: ( -1.10,   1.32), (  0.06,   0.77)  SG Improvement:0.54567 

Goal, Curr: (-0.97,  0.88), ( -0.54,   0.89)   Error: 0.44
Last SG, Last State: ( -1.34,   1.64), ( -0.08,   0.89)  SG Improvement:0.77342 

Goal, Curr: (-1.20,  1.16), ( -0.88,   0.85)   Error: 0.44
Last SG, Last State: ( -1.74,   1.34), ( -0.48,   0.82)  SG Improvement:0.84558 

Goal, Curr: (-1.08,  0.81), ( -0.66,   0.95)   Error: 0.44
Last SG, Last State: ( -1.84,   0.86), ( -0.47,   0.93)  SG Improvement:0.91054 

Goal, Curr: (-0.89,  1.01), ( -0.46,   0.94)   Error: 0.44
Last SG, Last State: ( -1.28,   1.05), (  0.05,   0.96)  SG Improvement:0.48116 

Goal, Curr: (-0.92,  0.91), ( -0.48,   0.85)   Error: 0.44
Last SG, Last State: ( -1.67,   0.83), ( -0.33,   0.86)  SG Improvement:0.99066 

Goal, Curr: (-0.94,  1.12), ( -0.57,   0.88)   Error: 0.43
Last SG, Last State: ( -1.76,   0.83), ( -0.42,   0.86)  SG Improvement:1.03209 

episode:01400, mean:-405.04, std:30.94, median:-404.15, success:1.00
Goal, Curr: (-1.23,  1.17), ( -0.84,   0.99)   Error: 0.43
Last SG, Last State: ( -1.68,   0.48), ( -0.30,   0.94)  SG Improvement:1.16897 

Goal, Curr: (-1.06,  0.89), ( -0.62,   0.95)   Error: 0.45
Last SG, Last State: ( -1.64,   0.64), ( -0.25,   0.92)  SG Improvement:1.20751 

Goal, Curr: (-1.16,  0.92), ( -0.73,   0.96)   Error: 0.43
Last SG, Last State: ( -1.97,   0.20), ( -0.58,   0.96)  SG Improvement:0.98926 

Goal, Curr: (-0.98,  1.19), ( -0.48,   0.88)   Error: 0.59
Last SG, Last State: ( -1.31,   1.06), (  0.08,   1.04)  SG Improvement:0.52678 

Goal, Curr: (-1.00,  1.14), ( -0.65,   0.87)   Error: 0.45
Last SG, Last State: ( -1.70,   0.42), ( -0.34,   0.86)  SG Improvement:1.22263 

Goal, Curr: (-1.09,  0.87), ( -0.61,   1.11)   Error: 0.54
Last SG, Last State: ( -1.51,   0.90), ( -0.02,   1.18)  SG Improvement:1.03235 

Goal, Curr: (-1.01,  0.89), ( -0.58,   1.01)   Error: 0.44
Last SG, Last State: ( -1.59,   0.66), ( -0.23,   0.97)  SG Improvement:1.09848 

Goal, Curr: (-0.90,  0.84), ( -0.49,   1.00)   Error: 0.44
Last SG, Last State: ( -1.10,   1.11), (  0.10,   1.03)  SG Improvement:1.07700 

Goal, Curr: (-0.97,  1.07), ( -0.59,   0.85)   Error: 0.44
Last SG, Last State: ( -1.91,   0.15), ( -0.53,   0.85)  SG Improvement:1.13220 

Goal, Curr: (-1.13,  1.16), ( -0.72,   0.99)   Error: 0.44
Last SG, Last State: ( -1.92,   0.10), ( -0.50,   0.98)  SG Improvement:1.10881 

episode:01500, mean:-452.42, std:57.20, median:-435.88, success:0.80
Goal, Curr: (-1.07,  0.83), ( -0.63,   0.75)   Error: 0.45
Last SG, Last State: ( -1.48,   0.80), ( -0.15,   0.81)  SG Improvement:0.79592 

Goal, Curr: (-0.96,  1.06), ( -0.68,   0.71)   Error: 0.45
Last SG, Last State: ( -1.88,  -0.31), ( -0.47,   0.72)  SG Improvement:1.11943 

Goal, Curr: (-1.19,  0.92), ( -0.75,   0.73)   Error: 0.48
Last SG, Last State: ( -1.84,  -0.19), ( -0.43,   0.76)  SG Improvement:1.09626 

Goal, Curr: (-1.17,  0.76), ( -0.74,   0.74)   Error: 0.44
Last SG, Last State: ( -1.84,  -0.07), ( -0.44,   0.77)  SG Improvement:1.11312 

Goal, Curr: (-1.00,  0.90), ( -0.60,   0.71)   Error: 0.45
Last SG, Last State: ( -1.38,   0.69), ( -0.02,   0.82)  SG Improvement:0.49267 

Goal, Curr: (-0.87,  0.90), ( -0.54,   0.60)   Error: 0.44
Last SG, Last State: ( -1.48,   0.31), ( -0.17,   0.69)  SG Improvement:1.03295 

Goal, Curr: (-0.76,  1.19), ( -0.67,   0.75)   Error: 0.45
Last SG, Last State: ( -1.34,   0.24), ( -0.09,   0.85)  SG Improvement:0.62974 

Goal, Curr: (-0.95,  1.20), ( -0.49,   0.63)   Error: 0.72
Last SG, Last State: ( -1.63,   0.05), ( -0.24,   0.61)  SG Improvement:1.06490 

Goal, Curr: (-1.23,  0.94), ( -0.84,   0.72)   Error: 0.45
Last SG, Last State: ( -0.02,   2.61), ( -0.81,   0.72)  SG Improvement:-0.54144 

Goal, Curr: (-0.82,  0.98), ( -0.45,   0.76)   Error: 0.43
Last SG, Last State: ( -1.32,   0.30), ( -0.07,   0.79)  SG Improvement:0.90482 

episode:01600, mean:-467.18, std:30.15, median:-467.28, success:0.80
Goal, Curr: (-1.17,  1.05), ( -0.76,   0.88)   Error: 0.45
Last SG, Last State: ( -1.89,   0.51), ( -0.54,   0.79)  SG Improvement:1.26463 

Goal, Curr: (-1.00,  0.84), ( -0.57,   0.79)   Error: 0.43
Last SG, Last State: ( -1.54,   1.04), ( -0.23,   0.76)  SG Improvement:1.19820 

Goal, Curr: (-1.16,  0.82), ( -0.72,   0.78)   Error: 0.45
Last SG, Last State: ( -1.47,   1.64), ( -0.17,   0.85)  SG Improvement:1.01407 

Goal, Curr: (-1.13,  1.12), ( -0.66,   0.60)   Error: 0.70
Last SG, Last State: (  0.22,   2.60), ( -0.77,   0.81)  SG Improvement:-0.03811 

Goal, Curr: (-1.25,  1.22), ( -0.80,   0.93)   Error: 0.53
Last SG, Last State: ( -2.05,   0.81), ( -0.69,   0.89)  SG Improvement:1.05029 

Goal, Curr: (-1.04,  1.10), ( -0.71,   0.80)   Error: 0.45
Last SG, Last State: ( -1.86,   0.76), ( -0.56,   0.73)  SG Improvement:1.10431 

Goal, Curr: (-0.85,  1.23), ( -0.47,   1.00)   Error: 0.45
Last SG, Last State: ( -1.65,   0.86), ( -0.30,   1.02)  SG Improvement:1.07006 

Goal, Curr: (-0.98,  0.78), ( -0.54,   0.77)   Error: 0.43
Last SG, Last State: ( -1.49,   1.09), ( -0.21,   0.74)  SG Improvement:1.18945 

Goal, Curr: (-0.77,  1.13), ( -0.37,   0.94)   Error: 0.44
Last SG, Last State: ( -1.53,   1.04), ( -0.22,   0.96)  SG Improvement:1.09640 

Goal, Curr: (-1.24,  1.18), ( -0.63,   0.60)   Error: 0.84
Last SG, Last State: (  0.09,   2.63), ( -0.77,   0.80)  SG Improvement:0.07786 

episode:01700, mean:-442.48, std:49.96, median:-436.96, success:0.70
Goal, Curr: (-1.22,  0.93), ( -0.78,   0.86)   Error: 0.45
Last SG, Last State: ( -2.00,   0.27), ( -0.55,   0.88)  SG Improvement:1.27228 

Goal, Curr: (-0.81,  0.77), ( -0.38,   0.66)   Error: 0.44
Last SG, Last State: ( -1.72,  -0.10), ( -0.29,   0.68)  SG Improvement:1.33664 

Goal, Curr: (-0.79,  0.95), ( -0.49,   0.62)   Error: 0.45
Last SG, Last State: ( -1.74,  -0.16), ( -0.33,   0.64)  SG Improvement:1.40132 

Goal, Curr: (-1.05,  0.96), ( -0.69,   0.70)   Error: 0.45
Last SG, Last State: ( -1.87,  -0.16), ( -0.41,   0.73)  SG Improvement:1.36129 

Goal, Curr: (-1.07,  1.04), ( -0.77,   0.71)   Error: 0.44
Last SG, Last State: ( -1.87,  -0.18), ( -0.42,   0.75)  SG Improvement:1.35509 

Goal, Curr: (-0.89,  0.80), ( -0.45,   0.74)   Error: 0.44
Last SG, Last State: ( -1.82,  -0.21), ( -0.37,   0.75)  SG Improvement:1.32549 

Goal, Curr: (-0.96,  1.12), ( -0.51,   1.14)   Error: 0.45
Last SG, Last State: ( -1.58,   0.89), ( -0.20,   1.22)  SG Improvement:0.88865 

Goal, Curr: (-1.11,  1.15), ( -0.39,   0.86)   Error: 0.78
Last SG, Last State: ( -1.10,   0.56), (  0.13,   1.11)  SG Improvement:0.29902 

Goal, Curr: (-1.21,  1.12), ( -0.82,   0.93)   Error: 0.44
Last SG, Last State: ( -1.88,   0.00), ( -0.42,   1.02)  SG Improvement:1.18930 

Goal, Curr: (-0.89,  0.83), ( -0.46,   0.76)   Error: 0.44
Last SG, Last State: ( -1.88,  -0.26), ( -0.42,   0.77)  SG Improvement:1.35885 

episode:01800, mean:-440.39, std:68.36, median:-423.17, success:0.90
Goal, Curr: (-0.86,  0.99), ( -0.62,   0.61)   Error: 0.44
Last SG, Last State: ( -1.03,   1.30), ( -0.05,   0.66)  SG Improvement:0.38095 

Goal, Curr: (-0.96,  0.76), ( -0.55,   0.61)   Error: 0.44
Last SG, Last State: ( -1.32,   1.29), ( -0.20,   0.61)  SG Improvement:0.80070 

Goal, Curr: (-1.01,  0.98), ( -0.40,   0.91)   Error: 0.62
Last SG, Last State: (  0.89,   2.31), ( -0.66,   0.61)  SG Improvement:-0.34542 

Goal, Curr: (-1.14,  1.14), ( -0.43,   0.87)   Error: 0.75
Last SG, Last State: (  1.02,   2.56), ( -0.47,   0.80)  SG Improvement:-0.68811 

Goal, Curr: (-0.76,  1.22), ( -0.84,   0.60)   Error: 0.62
Last SG, Last State: (  0.98,   2.45), ( -0.40,   0.67)  SG Improvement:-0.35068 

Goal, Curr: (-1.10,  1.25), ( -0.54,   0.67)   Error: 0.80
Last SG, Last State: (  1.11,   2.50), ( -0.43,   0.65)  SG Improvement:-0.38162 

Goal, Curr: (-0.79,  1.09), ( -0.66,   0.67)   Error: 0.45
Last SG, Last State: ( -1.51,   1.12), ( -0.48,   0.62)  SG Improvement:0.51097 

Goal, Curr: (-0.76,  1.03), ( -0.52,   0.66)   Error: 0.44
Last SG, Last State: ( -1.40,   0.93), ( -0.15,   0.71)  SG Improvement:0.59055 

Goal, Curr: (-0.79,  1.09), ( -0.49,   0.76)   Error: 0.45
Last SG, Last State: (  0.85,   2.46), ( -0.31,   0.75)  SG Improvement:-0.21595 

Goal, Curr: (-1.02,  0.80), ( -0.58,   0.79)   Error: 0.44
Last SG, Last State: ( -1.44,   0.88), ( -0.15,   0.87)  SG Improvement:0.72520 

episode:01900, mean:-462.17, std:59.24, median:-454.38, success:0.60
Goal, Curr: (-1.10,  0.84), ( -0.68,   0.60)   Error: 0.48
Last SG, Last State: (  0.29,   2.50), ( -0.64,   0.78)  SG Improvement:-0.55215 

Goal, Curr: (-0.93,  0.83), ( -0.49,   0.78)   Error: 0.44
Last SG, Last State: ( -1.79,   0.87), ( -0.44,   0.77)  SG Improvement:0.69497 

Goal, Curr: (-1.04,  0.79), ( -0.59,   0.76)   Error: 0.45
Last SG, Last State: ( -1.71,   1.22), ( -0.53,   0.75)  SG Improvement:0.59253 

Goal, Curr: (-0.77,  0.84), ( -0.33,   0.77)   Error: 0.44
Last SG, Last State: ( -0.81,   0.61), (  0.05,   0.78)  SG Improvement:0.02482 

Goal, Curr: (-0.86,  0.96), ( -0.46,   0.76)   Error: 0.45
Last SG, Last State: ( -0.93,   1.23), ( -0.00,   0.78)  SG Improvement:0.41243 

Goal, Curr: (-0.89,  0.85), ( -0.44,   0.77)   Error: 0.45
Last SG, Last State: ( -1.48,   1.06), ( -0.23,   0.78)  SG Improvement:0.88230 

Goal, Curr: (-1.01,  0.82), ( -0.59,   0.73)   Error: 0.43
Last SG, Last State: ( -0.93,   1.84), ( -0.07,   0.74)  SG Improvement:0.43449 

Goal, Curr: (-0.97,  1.01), ( -0.61,   0.76)   Error: 0.44
Last SG, Last State: ( -1.52,   1.12), ( -0.25,   0.78)  SG Improvement:0.87473 

Goal, Curr: (-1.11,  1.22), ( -0.79,   0.71)   Error: 0.60
Last SG, Last State: (  0.57,   2.55), ( -0.28,   0.76)  SG Improvement:-0.33916 

Goal, Curr: (-0.76,  0.98), ( -0.41,   0.71)   Error: 0.44
Last SG, Last State: ( -1.09,   1.44), ( -0.08,   0.73)  SG Improvement:0.53268 

episode:02000, mean:-397.81, std:40.85, median:-384.19, success:0.80
