Using device: cpu
gc-1.0-expl0.5-0.01-low-scaling
Goal, Curr: (-0.99,  1.00), ( -1.40,  -0.60)   Error: 1.65
Last SG, Last State: ( -3.31,  -1.65), ( -1.40,  -0.60)  SG Improvement:-0.00001 

Goal, Curr: (-0.86,  0.90), ( -1.40,  -0.60)   Error: 1.59
Last SG, Last State: ( -3.30,  -1.65), ( -1.40,  -0.60)  SG Improvement:0.00000 

Goal, Curr: (-0.86,  0.76), ( -1.40,  -0.60)   Error: 1.46
Last SG, Last State: ( -3.30,  -1.63), ( -1.40,  -0.60)  SG Improvement:-0.00000 

Goal, Curr: (-1.10,  1.17), ( -1.40,  -0.60)   Error: 1.80
Last SG, Last State: ( -3.32,  -1.66), ( -1.40,  -0.60)  SG Improvement:0.00000 

Goal, Curr: (-0.88,  0.88), ( -1.40,  -0.60)   Error: 1.57
Last SG, Last State: ( -3.30,  -1.65), ( -1.40,  -0.60)  SG Improvement:0.00000 

Goal, Curr: (-1.24,  1.17), ( -1.40,  -0.60)   Error: 1.78
Last SG, Last State: ( -3.32,  -1.65), ( -1.40,  -0.60)  SG Improvement:-0.00000 

Goal, Curr: (-0.99,  1.21), ( -1.40,  -0.60)   Error: 1.86
Last SG, Last State: ( -3.32,  -1.68), ( -1.40,  -0.60)  SG Improvement:0.00000 

Goal, Curr: (-1.20,  0.83), ( -1.40,  -0.60)   Error: 1.45
Last SG, Last State: ( -3.31,  -1.59), ( -1.40,  -0.60)  SG Improvement:0.00000 

Goal, Curr: (-1.17,  1.15), ( -1.40,  -0.60)   Error: 1.77
Last SG, Last State: ( -3.32,  -1.65), ( -1.40,  -0.60)  SG Improvement:0.00000 

Goal, Curr: (-0.89,  0.80), ( -1.40,  -0.60)   Error: 1.49
Last SG, Last State: ( -3.30,  -1.63), ( -1.40,  -0.60)  SG Improvement:0.00000 

episode:00100, mean:0.28, std:0.14, median:0.24, success:0.00
Goal, Curr: (-0.97,  1.00), ( -0.16,   1.40)   Error: 0.90
Last SG, Last State: ( -0.48,   3.07), (  0.42,   1.31)  SG Improvement:0.03823 

Goal, Curr: (-0.87,  1.19), ( -0.44,   1.33)   Error: 0.45
Last SG, Last State: ( -0.07,   2.85), ( -0.09,   1.26)  SG Improvement:0.03152 

Goal, Curr: (-0.82,  0.89), ( -0.78,   1.40)   Error: 0.51
Last SG, Last State: ( -0.11,   2.94), ( -0.19,   1.39)  SG Improvement:0.05158 

Goal, Curr: (-1.17,  0.88), ( -0.18,   1.40)   Error: 1.12
Last SG, Last State: ( -0.51,   3.11), (  0.41,   1.35)  SG Improvement:0.03705 

Goal, Curr: (-0.79,  1.03), ( -0.54,   1.40)   Error: 0.45
Last SG, Last State: ( -0.18,   2.95), ( -0.15,   1.38)  SG Improvement:0.04794 

Goal, Curr: (-1.08,  1.21), ( -0.15,   1.40)   Error: 0.96
Last SG, Last State: ( -0.52,   3.04), (  0.44,   1.28)  SG Improvement:0.03605 

Goal, Curr: (-0.94,  0.90), ( -0.17,   1.40)   Error: 0.92
Last SG, Last State: ( -0.48,   3.09), (  0.42,   1.33)  SG Improvement:0.04068 

Goal, Curr: (-1.05,  1.13), ( -0.18,   1.40)   Error: 0.92
Last SG, Last State: ( -0.63,   3.30), (  0.41,   1.40)  SG Improvement:-0.49632 

Goal, Curr: (-1.06,  0.80), (  0.01,   1.40)   Error: 1.23
Last SG, Last State: ( -0.45,   3.18), (  0.60,   1.40)  SG Improvement:-0.47797 

Goal, Curr: (-1.17,  1.07), ( -0.74,   1.40)   Error: 0.54
Last SG, Last State: ( -0.15,   2.96), ( -0.15,   1.36)  SG Improvement:0.07012 

episode:00200, mean:21.04, std:39.79, median:1.29, success:0.20
Goal, Curr: (-1.02,  1.07), ( -0.40,  -1.40)   Error: 2.55
Last SG, Last State: (  1.60,  -1.78), ( -0.52,  -1.40)  SG Improvement:-1.07024 

Goal, Curr: (-1.04,  1.11), ( -0.02,  -1.38)   Error: 2.69
Last SG, Last State: (  1.98,  -2.35), ( -0.02,  -1.38)  SG Improvement:-0.02825 

Goal, Curr: (-0.91,  0.77), ( -0.47,  -1.40)   Error: 2.21
Last SG, Last State: (  1.56,  -1.26), ( -0.47,  -1.40)  SG Improvement:-0.09413 

Goal, Curr: (-0.93,  1.22), ( -0.26,  -1.40)   Error: 2.70
Last SG, Last State: (  1.99,  -0.64), (  0.01,  -1.40)  SG Improvement:0.31515 

Goal, Curr: (-1.17,  1.02), ( -0.05,  -1.40)   Error: 2.67
Last SG, Last State: (  1.83,  -1.26), ( -0.10,  -1.40)  SG Improvement:0.02343 

Goal, Curr: (-1.04,  0.88), ( -0.48,  -1.40)   Error: 2.34
Last SG, Last State: (  1.51,  -0.04), ( -0.37,  -1.40)  SG Improvement:0.30263 

Goal, Curr: (-0.97,  0.92), (  0.00,  -1.40)   Error: 2.51
Last SG, Last State: (  1.88,  -1.29), ( -0.05,  -1.40)  SG Improvement:0.02606 

Goal, Curr: (-1.10,  1.09), ( -0.15,  -1.40)   Error: 2.66
Last SG, Last State: (  1.69,  -1.26), ( -0.23,  -1.40)  SG Improvement:-0.05388 

Goal, Curr: (-1.20,  0.78), ( -0.37,  -1.40)   Error: 2.34
Last SG, Last State: (  1.73,  -1.96), ( -0.46,  -1.40)  SG Improvement:-1.06375 

Goal, Curr: (-0.87,  1.13), ( -0.39,  -1.40)   Error: 2.57
Last SG, Last State: (  1.61,  -1.79), ( -0.51,  -1.40)  SG Improvement:-1.05830 

episode:00300, mean:-0.54, std:0.19, median:-0.59, success:0.00
Goal, Curr: (-0.98,  1.20), ( -1.38,  -0.67)   Error: 1.91
Last SG, Last State: (  0.60,   1.40), ( -1.38,  -0.67)  SG Improvement:0.22525 

Goal, Curr: (-1.06,  1.06), ( -1.21,  -0.89)   Error: 1.96
Last SG, Last State: (  0.77,   0.92), ( -1.22,  -0.89)  SG Improvement:-0.67044 

Goal, Curr: (-0.87,  0.78), ( -0.90,  -0.99)   Error: 1.78
Last SG, Last State: (  0.99,   0.60), ( -0.89,  -0.99)  SG Improvement:0.69541 

Goal, Curr: (-1.00,  0.83), ( -1.19,  -0.95)   Error: 1.78
Last SG, Last State: (  0.81,   0.85), ( -1.19,  -0.94)  SG Improvement:-0.56721 

Goal, Curr: (-0.89,  0.93), ( -1.23,  -0.60)   Error: 1.57
Last SG, Last State: (  0.75,   1.12), ( -1.23,  -0.60)  SG Improvement:-0.36986 

Goal, Curr: (-0.83,  1.03), ( -1.32,  -0.60)   Error: 1.70
Last SG, Last State: (  0.65,   1.37), ( -1.38,  -0.60)  SG Improvement:-0.28108 

Goal, Curr: (-1.05,  1.20), ( -1.31,  -0.60)   Error: 1.82
Last SG, Last State: (  0.67,   1.32), ( -1.31,  -0.60)  SG Improvement:0.00612 

Goal, Curr: (-0.91,  1.08), ( -1.09,  -1.25)   Error: 2.34
Last SG, Last State: (  0.60,   1.40), ( -1.13,  -1.01)  SG Improvement:-0.78275 

Goal, Curr: (-0.84,  1.15), ( -1.28,  -0.60)   Error: 1.81
Last SG, Last State: (  0.72,   1.20), ( -1.28,  -0.60)  SG Improvement:0.09887 

Goal, Curr: (-0.90,  0.95), ( -0.84,  -1.22)   Error: 2.18
Last SG, Last State: (  0.94,   0.60), ( -0.92,  -1.40)  SG Improvement:0.40925 

episode:00400, mean:0.09, std:0.19, median:0.12, success:0.00
Goal, Curr: (-1.17,  0.80), ( -0.48,  -0.65)   Error: 1.61
Last SG, Last State: (  1.47,   1.34), ( -0.47,  -0.66)  SG Improvement:-0.00038 

Goal, Curr: (-1.02,  0.91), ( -0.49,  -0.60)   Error: 1.60
Last SG, Last State: (  1.31,   1.39), ( -0.57,  -0.60)  SG Improvement:-0.28288 

Goal, Curr: (-0.95,  1.24), ( -0.43,  -0.61)   Error: 1.92
Last SG, Last State: (  1.26,   1.36), ( -0.45,  -0.60)  SG Improvement:0.36906 

Goal, Curr: (-1.23,  1.17), ( -0.49,  -0.62)   Error: 1.94
Last SG, Last State: (  1.26,   1.37), ( -0.51,  -0.60)  SG Improvement:0.23340 

Goal, Curr: (-0.77,  0.97), ( -0.42,  -0.60)   Error: 1.61
Last SG, Last State: (  1.40,   1.37), ( -0.44,  -0.60)  SG Improvement:-0.13138 

Goal, Curr: (-1.22,  0.85), ( -0.49,  -0.60)   Error: 1.62
Last SG, Last State: (  1.34,   1.37), ( -0.51,  -0.60)  SG Improvement:-0.07816 

Goal, Curr: (-1.04,  0.93), ( -0.47,  -0.60)   Error: 1.64
Last SG, Last State: (  1.37,   1.37), ( -0.50,  -0.60)  SG Improvement:-0.17121 

Goal, Curr: (-1.16,  0.79), ( -0.48,  -0.64)   Error: 1.58
Last SG, Last State: (  1.40,   1.38), ( -0.48,  -0.64)  SG Improvement:-0.14341 

Goal, Curr: (-0.80,  0.92), ( -0.47,  -0.60)   Error: 1.56
Last SG, Last State: (  1.38,   1.38), ( -0.52,  -0.60)  SG Improvement:-0.29769 

Goal, Curr: (-0.98,  0.97), ( -0.41,  -0.62)   Error: 1.69
Last SG, Last State: (  1.40,   1.38), ( -0.41,  -0.60)  SG Improvement:0.43334 

episode:00500, mean:0.31, std:0.21, median:0.37, success:0.00
Goal, Curr: (-0.92,  1.04), (  0.02,  -1.40)   Error: 2.61
Last SG, Last State: (  1.42,   0.59), ( -0.01,  -1.40)  SG Improvement:-0.00486 

Goal, Curr: (-0.96,  1.07), (  0.15,  -1.40)   Error: 2.70
Last SG, Last State: (  1.67,   0.59), (  0.14,  -1.40)  SG Improvement:-0.00515 

Goal, Curr: (-0.78,  1.07), (  0.14,  -1.40)   Error: 2.64
Last SG, Last State: (  1.68,   0.59), (  0.13,  -1.40)  SG Improvement:-0.00682 

Goal, Curr: (-1.24,  1.02), (  0.06,  -1.40)   Error: 2.75
Last SG, Last State: (  1.33,   0.58), (  0.03,  -1.40)  SG Improvement:-0.00427 

Goal, Curr: (-0.80,  1.22), (  0.02,  -1.40)   Error: 2.75
Last SG, Last State: (  1.39,   0.59), ( -0.02,  -1.40)  SG Improvement:-0.00536 

Goal, Curr: (-1.13,  1.11), (  0.15,  -1.40)   Error: 2.82
Last SG, Last State: (  1.65,   0.59), (  0.14,  -1.40)  SG Improvement:-0.00520 

Goal, Curr: (-1.09,  1.10), (  0.12,  -1.40)   Error: 2.78
Last SG, Last State: (  1.69,   0.59), (  0.09,  -1.40)  SG Improvement:-0.02463 

Goal, Curr: (-0.78,  0.90), (  0.15,  -1.40)   Error: 2.48
Last SG, Last State: (  1.70,   0.59), (  0.15,  -1.40)  SG Improvement:-0.00350 

Goal, Curr: (-0.91,  0.89), (  0.03,  -1.40)   Error: 2.47
Last SG, Last State: (  1.66,   0.59), ( -0.06,  -1.40)  SG Improvement:-0.14490 

Goal, Curr: (-1.16,  0.90), ( -0.04,  -1.40)   Error: 2.56
Last SG, Last State: (  1.52,   0.59), ( -0.09,  -1.40)  SG Improvement:0.00204 

episode:00600, mean:-0.62, std:0.13, median:-0.62, success:0.00
Goal, Curr: (-0.83,  0.99), ( -0.54,  -1.40)   Error: 2.40
Last SG, Last State: ( -2.34,  -1.14), ( -0.81,  -1.28)  SG Improvement:-0.24440 

Goal, Curr: (-0.83,  0.91), ( -0.51,  -1.36)   Error: 2.29
Last SG, Last State: (  1.11,  -1.37), ( -0.56,  -1.40)  SG Improvement:0.12856 

Goal, Curr: (-0.91,  0.92), ( -0.85,  -1.40)   Error: 2.32
Last SG, Last State: ( -0.76,  -0.19), ( -1.15,  -1.33)  SG Improvement:-0.03068 

Goal, Curr: (-1.08,  0.81), ( -0.45,  -1.40)   Error: 2.30
Last SG, Last State: (  0.87,  -2.56), ( -0.59,  -1.34)  SG Improvement:0.72815 

Goal, Curr: (-0.91,  1.11), ( -0.70,  -1.40)   Error: 2.52
Last SG, Last State: ( -1.55,  -2.73), ( -0.86,  -1.35)  SG Improvement:0.13887 

Goal, Curr: (-0.77,  1.19), ( -0.53,  -1.21)   Error: 2.42
Last SG, Last State: ( -1.58,  -2.43), ( -0.47,  -1.23)  SG Improvement:0.60097 

Goal, Curr: (-0.87,  1.22), ( -0.39,  -1.34)   Error: 2.61
Last SG, Last State: (  0.98,  -1.59), ( -0.50,  -1.26)  SG Improvement:0.13251 

Goal, Curr: (-0.91,  0.80), ( -0.54,  -1.33)   Error: 2.16
Last SG, Last State: (  1.21,  -0.62), ( -0.52,  -1.39)  SG Improvement:-3.34768 

Goal, Curr: (-0.78,  0.93), ( -0.39,  -1.40)   Error: 2.37
Last SG, Last State: (  1.25,  -1.00), ( -0.44,  -1.35)  SG Improvement:-0.74660 

Goal, Curr: (-0.78,  1.06), ( -1.14,  -1.26)   Error: 2.35
Last SG, Last State: (  0.91,  -1.66), ( -0.70,  -1.40)  SG Improvement:-1.00228 

episode:00700, mean:-0.34, std:0.16, median:-0.31, success:0.00
Goal, Curr: (-1.23,  1.19), ( -0.04,  -0.62)   Error: 2.17
Last SG, Last State: ( -0.35,  -2.24), ( -0.00,  -0.60)  SG Improvement:0.08717 

Goal, Curr: (-0.76,  1.00), (  0.32,  -0.63)   Error: 1.95
Last SG, Last State: (  1.10,   0.10), (  0.31,  -0.60)  SG Improvement:-0.74280 

Goal, Curr: (-1.07,  1.09), ( -0.31,  -0.67)   Error: 1.91
Last SG, Last State: ( -1.83,  -2.34), ( -0.25,  -0.62)  SG Improvement:0.61487 

Goal, Curr: (-1.15,  0.85), (  0.08,  -0.60)   Error: 1.90
Last SG, Last State: (  0.11,  -1.26), ( -0.08,  -0.64)  SG Improvement:0.53393 

Goal, Curr: (-1.13,  0.91), (  0.09,  -0.60)   Error: 1.94
Last SG, Last State: ( -0.37,  -1.43), ( -0.09,  -0.67)  SG Improvement:1.49811 

Goal, Curr: (-0.75,  1.06), ( -0.06,  -0.64)   Error: 1.84
Last SG, Last State: ( -1.12,  -2.19), ( -0.15,  -0.65)  SG Improvement:-1.81990 

Goal, Curr: (-0.98,  1.08), (  0.26,  -0.62)   Error: 2.10
Last SG, Last State: ( -1.74,  -2.52), (  0.22,  -0.65)  SG Improvement:0.98857 

Goal, Curr: (-0.87,  1.12), (  0.10,  -0.66)   Error: 2.02
Last SG, Last State: ( -1.73,  -2.49), (  0.15,  -0.63)  SG Improvement:0.72268 

Goal, Curr: (-1.17,  1.22), ( -0.27,  -0.66)   Error: 2.08
Last SG, Last State: ( -1.35,  -2.24), ( -0.34,  -0.65)  SG Improvement:-1.82554 

Goal, Curr: (-0.76,  1.16), ( -0.10,  -0.61)   Error: 1.89
Last SG, Last State: (  0.90,  -0.47), ( -0.04,  -0.60)  SG Improvement:-1.41559 

episode:00800, mean:0.10, std:0.16, median:0.12, success:0.00
Goal, Curr: (-1.22,  0.90), (  0.60,   0.37)   Error: 1.90
Last SG, Last State: ( -0.58,  -1.84), (  0.63,   0.11)  SG Improvement:0.59519 

Goal, Curr: (-0.82,  0.87), ( -0.11,   0.61)   Error: 0.76
Last SG, Last State: ( -0.67,  -0.55), (  0.48,   0.60)  SG Improvement:-0.12891 

Goal, Curr: (-0.95,  1.17), (  0.42,   0.60)   Error: 1.48
Last SG, Last State: ( -1.11,  -0.72), (  0.58,   0.56)  SG Improvement:-0.15032 

Goal, Curr: (-1.10,  1.16), (  0.42,   0.60)   Error: 1.63
Last SG, Last State: (  0.31,  -0.18), (  0.59,   0.55)  SG Improvement:-0.68673 

Goal, Curr: (-1.18,  1.14), (  0.60,   0.17)   Error: 2.03
Last SG, Last State: (  1.77,   0.84), (  0.82,  -0.27)  SG Improvement:-0.46850 

Goal, Curr: (-1.15,  0.83), (  0.60,   0.15)   Error: 1.88
Last SG, Last State: ( -0.87,  -1.00), (  0.60,   0.08)  SG Improvement:-0.08656 

Goal, Curr: (-1.11,  0.79), (  0.60,   0.47)   Error: 1.75
Last SG, Last State: (  0.64,   0.96), (  0.60,   0.39)  SG Improvement:-0.49877 

Goal, Curr: (-1.17,  1.03), (  0.60,   0.44)   Error: 1.86
Last SG, Last State: ( -1.12,  -2.21), (  0.60,   0.15)  SG Improvement:-0.71068 

Goal, Curr: (-0.98,  1.11), (  0.60,   0.46)   Error: 1.71
Last SG, Last State: ( -1.09,  -0.84), (  0.60,   0.36)  SG Improvement:-0.02389 

Goal, Curr: (-0.86,  0.95), (  0.53,   0.60)   Error: 1.44
Last SG, Last State: (  0.14,  -0.21), (  0.60,   0.51)  SG Improvement:-0.67700 

episode:00900, mean:0.34, std:0.36, median:0.24, success:0.00
Goal, Curr: (-0.88,  0.96), (  0.59,   1.30)   Error: 1.51
Last SG, Last State: ( -0.72,   0.31), (  0.91,   1.09)  SG Improvement:-0.82952 

Goal, Curr: (-1.08,  0.94), (  0.60,   0.51)   Error: 1.74
Last SG, Last State: (  0.68,  -0.34), (  0.75,   0.09)  SG Improvement:0.04800 

Goal, Curr: (-1.17,  0.99), (  0.60,   0.91)   Error: 1.78
Last SG, Last State: (  0.54,  -0.19), (  0.88,   0.40)  SG Improvement:-0.76032 

Goal, Curr: (-0.92,  1.04), ( -0.33,   1.40)   Error: 0.69
Last SG, Last State: ( -1.67,   0.81), ( -0.07,   1.40)  SG Improvement:0.51436 

Goal, Curr: (-0.98,  1.13), (  0.28,   1.34)   Error: 1.27
Last SG, Last State: ( -0.85,   0.24), (  0.76,   1.20)  SG Improvement:-0.66186 

Goal, Curr: (-0.92,  1.03), (  0.37,   1.40)   Error: 1.34
Last SG, Last State: (  0.29,   0.06), (  0.58,   0.95)  SG Improvement:0.36001 

Goal, Curr: (-0.82,  1.00), (  0.17,   1.40)   Error: 1.06
Last SG, Last State: ( -0.86,   0.40), (  0.66,   1.39)  SG Improvement:-0.79881 

Goal, Curr: (-1.22,  1.00), (  0.82,   0.53)   Error: 2.09
Last SG, Last State: (  0.73,  -0.39), (  1.09,   0.02)  SG Improvement:-0.51418 

Goal, Curr: (-1.19,  1.25), (  0.02,   1.38)   Error: 1.21
Last SG, Last State: ( -1.29,   0.42), (  0.38,   1.40)  SG Improvement:-0.77846 

Goal, Curr: (-1.17,  0.88), (  0.60,  -0.18)   Error: 2.06
Last SG, Last State: ( -0.46,  -1.34), (  0.60,  -0.11)  SG Improvement:0.03938 

episode:01000, mean:0.50, std:0.55, median:0.51, success:0.00
Goal, Curr: (-0.82,  0.76), (  0.60,  -0.26)   Error: 1.74
Last SG, Last State: ( -0.88,  -1.30), (  0.60,  -0.21)  SG Improvement:0.25978 

Goal, Curr: (-0.81,  0.81), (  0.60,  -0.26)   Error: 1.76
Last SG, Last State: (  0.74,  -1.08), (  0.60,  -0.27)  SG Improvement:-0.21302 

Goal, Curr: (-0.78,  0.87), (  0.60,  -0.30)   Error: 1.81
Last SG, Last State: (  0.21,  -1.17), (  0.60,  -0.22)  SG Improvement:-0.10197 

Goal, Curr: (-0.95,  0.99), (  0.60,  -0.28)   Error: 2.01
Last SG, Last State: ( -0.82,  -1.34), (  0.60,  -0.27)  SG Improvement:0.35873 

Goal, Curr: (-0.87,  1.07), (  0.60,  -0.32)   Error: 2.02
Last SG, Last State: (  0.03,  -1.51), (  0.60,  -0.26)  SG Improvement:0.01529 

Goal, Curr: (-1.24,  1.00), (  0.60,  -0.44)   Error: 2.34
Last SG, Last State: (  0.50,  -1.36), (  0.60,  -0.35)  SG Improvement:-0.09815 

Goal, Curr: (-0.86,  0.92), (  0.60,  -0.47)   Error: 2.02
Last SG, Last State: (  0.57,  -1.37), (  0.60,  -0.41)  SG Improvement:-0.03444 

Goal, Curr: (-1.08,  1.22), (  0.60,  -0.36)   Error: 2.31
Last SG, Last State: (  0.68,  -1.31), (  0.60,  -0.27)  SG Improvement:-0.11777 

Goal, Curr: (-0.96,  1.19), (  0.60,  -0.24)   Error: 2.11
Last SG, Last State: (  0.67,  -1.02), (  0.60,  -0.22)  SG Improvement:-0.14922 

Goal, Curr: (-1.08,  1.18), (  0.60,  -0.53)   Error: 2.39
Last SG, Last State: (  0.89,  -1.60), (  0.60,  -0.50)  SG Improvement:0.05799 

episode:01100, mean:-0.15, std:0.20, median:-0.20, success:0.00
Log radii:  [0. 0. 0. 0. 0. 0.]
Adjusted log radii:  [1.78999996 2.38999987 1.19000006 2.38999987 2.08999991 2.08999991]
Goal, Curr: (-0.81,  1.03), ( -0.09,   1.40)   Error: 0.82
Last SG, Last State: (  1.13,   1.34), (  0.31,   1.11)  SG Improvement:0.08473 

Goal, Curr: (-0.95,  1.05), ( -0.34,   1.40)   Error: 0.70
Last SG, Last State: (  0.66,   1.49), (  0.11,   1.24)  SG Improvement:-0.00305 

Goal, Curr: (-1.09,  1.10), (  0.33,   1.40)   Error: 1.45
Last SG, Last State: (  0.39,   1.99), (  0.88,   1.37)  SG Improvement:0.91422 

Goal, Curr: (-0.82,  1.23), (  0.40,   1.40)   Error: 1.24
Last SG, Last State: (  1.66,   1.80), (  0.81,   1.22)  SG Improvement:0.13288 

Goal, Curr: (-0.98,  1.07), ( -0.07,   1.40)   Error: 0.98
Last SG, Last State: (  1.33,   1.29), (  0.33,   1.03)  SG Improvement:0.53678 

Goal, Curr: (-0.81,  0.78), (  0.36,   0.99)   Error: 1.19
Last SG, Last State: (  1.27,   0.82), (  0.60,   0.46)  SG Improvement:0.36829 

Goal, Curr: (-1.03,  1.14), ( -0.13,   1.40)   Error: 0.94
Last SG, Last State: (  1.03,   1.60), (  0.32,   1.25)  SG Improvement:0.16404 

Goal, Curr: (-0.87,  1.12), (  0.36,   1.40)   Error: 1.25
Last SG, Last State: (  1.26,   1.87), (  0.82,   1.27)  SG Improvement:0.37808 

Goal, Curr: (-0.97,  0.96), ( -0.37,   1.40)   Error: 0.74
Last SG, Last State: (  0.64,   1.32), (  0.08,   1.19)  SG Improvement:0.04961 

Goal, Curr: (-0.75,  1.20), ( -0.15,   1.40)   Error: 0.63
Last SG, Last State: (  0.31,   1.81), (  0.44,   1.40)  SG Improvement:0.10518 

episode:01200, mean:1.02, std:0.36, median:1.07, success:0.00
Log radii:  [0. 0. 0. 0. 0. 0.]
Adjusted log radii:  [ 1.49000001  2.08999991  2.38999987  1.49000001  1.78999996 -0.        ]
Goal, Curr: (-1.15,  0.84), ( -0.17,  -0.63)   Error: 1.77
Last SG, Last State: (  1.03,  -1.82), ( -0.14,  -0.65)  SG Improvement:0.05053 

Goal, Curr: (-1.16,  1.19), (  0.01,   1.40)   Error: 1.19
Last SG, Last State: ( -1.57,   0.93), (  0.02,   1.23)  SG Improvement:0.21941 

Goal, Curr: (-0.75,  0.84), ( -0.30,   1.09)   Error: 0.51
Last SG, Last State: ( -2.00,   0.94), (  0.05,   1.40)  SG Improvement:-1.23772 

Goal, Curr: (-0.83,  1.02), (  0.06,   1.40)   Error: 0.97
Last SG, Last State: ( -1.57,   1.23), (  0.00,   1.20)  SG Improvement:0.19466 

Goal, Curr: (-0.77,  1.22), ( -0.03,  -0.60)   Error: 1.96
Last SG, Last State: (  1.89,  -2.13), (  0.28,  -0.70)  SG Improvement:-0.46189 

Goal, Curr: (-0.86,  0.81), ( -0.43,   1.40)   Error: 0.73
Last SG, Last State: (  0.22,  -0.83), (  0.00,   1.01)  SG Improvement:-0.62157 

Goal, Curr: (-0.78,  0.75), ( -0.53,   1.31)   Error: 0.61
Last SG, Last State: ( -1.33,   0.10), (  0.05,   1.17)  SG Improvement:1.57285 

Goal, Curr: (-0.87,  1.05), (  0.36,  -0.60)   Error: 2.06
Last SG, Last State: (  0.14,  -1.65), (  0.43,  -0.60)  SG Improvement:0.26491 

Goal, Curr: (-0.76,  0.97), ( -0.33,   0.98)   Error: 0.43
Last SG, Last State: ( -1.91,  -0.56), ( -0.29,   1.00)  SG Improvement:1.56138 

Goal, Curr: (-0.92,  1.11), ( -0.50,   1.40)   Error: 0.51
Last SG, Last State: ( -1.65,   0.66), (  0.04,   1.38)  SG Improvement:0.52880 

episode:01300, mean:10.79, std:29.90, median:1.07, success:0.10
Goal, Curr: (-0.84,  1.11), ( -0.13,   1.19)   Error: 0.72
Last SG, Last State: ( -1.56,   0.83), ( -0.06,   1.21)  SG Improvement:0.93216 

Goal, Curr: (-0.97,  0.81), ( -0.32,   1.05)   Error: 0.70
Last SG, Last State: ( -1.42,   0.22), ( -0.07,   1.07)  SG Improvement:1.52870 

Goal, Curr: (-1.09,  1.15), ( -0.51,   1.21)   Error: 0.58
Last SG, Last State: ( -1.20,   0.39), (  0.09,   1.16)  SG Improvement:0.95767 

Goal, Curr: (-0.83,  1.16), ( -0.39,   1.16)   Error: 0.44
Last SG, Last State: ( -1.40,  -0.01), (  0.03,   1.18)  SG Improvement:1.77725 

Goal, Curr: (-0.96,  0.90), ( -0.42,   1.11)   Error: 0.57
Last SG, Last State: ( -1.62,   0.09), ( -0.16,   1.15)  SG Improvement:1.64426 

Goal, Curr: (-0.85,  0.96), ( -0.13,   1.19)   Error: 0.76
Last SG, Last State: ( -1.47,   0.95), (  0.01,   1.19)  SG Improvement:0.77260 

Goal, Curr: (-1.22,  1.06), ( -0.79,   1.11)   Error: 0.44
Last SG, Last State: ( -1.67,  -0.89), ( -0.56,   1.05)  SG Improvement:0.17843 

Goal, Curr: (-1.02,  1.22), ( -0.46,   1.25)   Error: 0.56
Last SG, Last State: ( -1.20,   0.14), (  0.14,   1.27)  SG Improvement:1.60495 

Goal, Curr: (-0.91,  0.93), ( -0.21,   1.17)   Error: 0.74
Last SG, Last State: ( -1.51,   0.48), ( -0.07,   1.18)  SG Improvement:1.35664 

Goal, Curr: (-0.90,  1.20), ( -0.27,   1.22)   Error: 0.63
Last SG, Last State: ( -1.57,   0.08), ( -0.18,   1.28)  SG Improvement:1.68416 

episode:01400, mean:21.22, std:39.66, median:1.53, success:0.20
Goal, Curr: (-1.25,  0.83), ( -1.06,   1.30)   Error: 0.51
Last SG, Last State: ( -1.70,   0.33), ( -0.47,   1.22)  SG Improvement:0.17608 

Goal, Curr: (-0.97,  1.04), ( -0.42,   1.01)   Error: 0.55
Last SG, Last State: ( -1.10,   1.07), (  0.18,   1.07)  SG Improvement:1.42023 

Goal, Curr: (-1.22,  1.18), ( -0.80,   1.33)   Error: 0.45
Last SG, Last State: ( -2.35,   0.08), ( -0.66,   1.40)  SG Improvement:-0.09203 

Goal, Curr: (-0.80,  0.88), ( -0.69,   1.40)   Error: 0.53
Last SG, Last State: ( -1.33,   1.13), ( -0.10,   1.40)  SG Improvement:0.61860 

Goal, Curr: (-0.95,  1.12), ( -0.59,   1.40)   Error: 0.45
Last SG, Last State: ( -1.79,   0.57), ( -0.52,   1.40)  SG Improvement:-0.27791 

Goal, Curr: (-0.87,  1.25), ( -0.44,   1.33)   Error: 0.44
Last SG, Last State: ( -0.74,  -0.59), ( -0.23,   1.34)  SG Improvement:-0.19852 

Goal, Curr: (-0.83,  1.07), ( -0.44,   1.27)   Error: 0.44
Last SG, Last State: ( -0.05,  -0.61), ( -0.30,   1.27)  SG Improvement:-0.23784 

Goal, Curr: (-0.87,  0.96), ( -0.35,   1.29)   Error: 0.62
Last SG, Last State: ( -1.02,   1.25), (  0.23,   1.40)  SG Improvement:0.75230 

Goal, Curr: (-1.20,  0.94), ( -0.87,   1.25)   Error: 0.45
Last SG, Last State: ( -0.98,  -0.59), ( -0.39,   1.28)  SG Improvement:-0.05045 

Goal, Curr: (-0.91,  1.12), ( -0.37,   1.33)   Error: 0.58
Last SG, Last State: ( -1.18,   1.12), (  0.10,   1.40)  SG Improvement:0.56570 

episode:01500, mean:51.00, std:49.60, median:51.08, success:0.50
Goal, Curr: (-0.95,  1.00), ( -0.52,   0.89)   Error: 0.45
Last SG, Last State: ( -0.86,  -0.08), ( -0.12,   0.78)  SG Improvement:1.25753 

Goal, Curr: (-0.97,  1.04), ( -0.53,   1.06)   Error: 0.45
Last SG, Last State: ( -0.22,   1.27), ( -0.08,   1.03)  SG Improvement:-0.33926 

Goal, Curr: (-0.90,  1.03), ( -0.46,   1.00)   Error: 0.44
Last SG, Last State: (  0.27,   1.81), (  0.07,   1.01)  SG Improvement:0.90389 

Goal, Curr: (-0.78,  1.15), ( -0.42,   1.40)   Error: 0.44
Last SG, Last State: ( -1.50,  -0.14), ( -0.30,   1.34)  SG Improvement:-0.48107 

Goal, Curr: (-0.78,  1.01), ( -0.34,   1.01)   Error: 0.44
Last SG, Last State: (  0.16,   1.77), ( -0.00,   1.00)  SG Improvement:0.85991 

Goal, Curr: (-0.94,  0.80), ( -0.54,   0.99)   Error: 0.44
Last SG, Last State: (  0.11,   1.60), ( -0.02,   1.02)  SG Improvement:0.17248 

Goal, Curr: (-1.05,  1.19), ( -0.61,   1.24)   Error: 0.45
Last SG, Last State: ( -0.35,   0.75), ( -0.43,   1.03)  SG Improvement:0.36558 

Goal, Curr: (-1.13,  0.84), ( -0.72,   1.02)   Error: 0.44
Last SG, Last State: ( -2.07,  -0.54), ( -0.62,   1.12)  SG Improvement:0.11786 

Goal, Curr: (-0.90,  1.04), ( -0.47,   1.17)   Error: 0.45
Last SG, Last State: (  0.07,   1.57), ( -0.04,   1.16)  SG Improvement:-0.10072 

Goal, Curr: (-0.95,  0.77), ( -0.53,   0.92)   Error: 0.45
Last SG, Last State: (  0.14,   1.59), ( -0.08,   0.93)  SG Improvement:0.49086 

episode:01600, mean:100.50, std:0.22, median:100.47, success:1.00
Log radii:  [0. 0. 0. 0. 0. 0.]
Adjusted log radii:  [ 1.49000001 -0.          2.68999982  1.78999996 -0.          1.19000006]
Goal, Curr: (-1.10,  0.82), ( -0.68,   0.91)   Error: 0.43
Last SG, Last State: ( -0.60,  -0.24), ( -0.33,   1.14)  SG Improvement:-0.76410 

Goal, Curr: (-1.18,  1.20), ( -0.74,   1.25)   Error: 0.44
Last SG, Last State: (  0.07,   1.11), ( -0.36,   1.40)  SG Improvement:-0.26323 

Goal, Curr: (-1.05,  1.14), ( -0.63,   1.28)   Error: 0.45
Last SG, Last State: ( -0.39,  -0.14), ( -0.45,   1.36)  SG Improvement:-0.84498 

Goal, Curr: (-0.97,  0.78), ( -1.40,   1.14)   Error: 0.56
Last SG, Last State: ( -0.81,  -0.45), ( -0.84,   1.25)  SG Improvement:-0.20883 

Goal, Curr: (-0.86,  1.09), ( -0.49,   1.34)   Error: 0.45
Last SG, Last State: ( -0.13,   1.29), ( -0.29,   1.40)  SG Improvement:0.02894 

Goal, Curr: (-0.79,  0.84), ( -1.40,   1.40)   Error: 0.83
Last SG, Last State: ( -1.35,  -0.34), ( -1.22,   1.35)  SG Improvement:0.08033 

Goal, Curr: (-1.02,  1.04), ( -0.59,   1.17)   Error: 0.45
Last SG, Last State: ( -0.79,  -0.48), ( -0.46,   1.24)  SG Improvement:-0.88120 

Goal, Curr: (-0.79,  0.84), ( -0.47,   1.13)   Error: 0.44
Last SG, Last State: ( -0.72,  -0.50), ( -0.41,   1.15)  SG Improvement:-1.13027 

Goal, Curr: (-0.81,  0.75), ( -1.40,   1.40)   Error: 0.87
Last SG, Last State: ( -1.54,  -0.34), ( -1.18,   1.31)  SG Improvement:0.15586 

Goal, Curr: (-0.97,  1.13), ( -0.63,   1.40)   Error: 0.44
Last SG, Last State: (  0.58,   1.64), ( -0.07,   1.39)  SG Improvement:-0.19432 

episode:01700, mean:70.77, std:45.69, median:100.54, success:0.70
Log radii:  [0. 0. 0. 0. 0. 0.]
Adjusted log radii:  [1.49000001 1.78999996 2.68999982 2.08999991 1.78999996 0.59000003]
Log radii:  [0. 0. 0. 0. 0. 0.]
Adjusted log radii:  [0.59000003 0.29000002 2.38999987 2.38999987 1.49000001 1.78999996]
Goal, Curr: (-1.05,  1.04), ( -0.61,   1.07)   Error: 0.45
Last SG, Last State: (  0.16,   0.68), ( -0.05,   0.87)  SG Improvement:0.02641 

Goal, Curr: (-1.02,  0.77), ( -1.40,   1.19)   Error: 0.57
Last SG, Last State: ( -1.87,  -0.35), ( -0.95,   1.40)  SG Improvement:0.31479 

Goal, Curr: (-0.77,  0.96), ( -0.32,   1.02)   Error: 0.45
Last SG, Last State: (  0.02,   0.58), (  0.00,   0.87)  SG Improvement:-0.00960 

Goal, Curr: (-1.20,  1.00), ( -0.76,   0.91)   Error: 0.45
Last SG, Last State: ( -0.56,  -0.35), ( -0.63,   0.88)  SG Improvement:0.10749 

Goal, Curr: (-1.10,  0.89), ( -0.69,   0.71)   Error: 0.45
Last SG, Last State: (  0.37,  -0.43), ( -0.67,   0.71)  SG Improvement:-0.27239 

Goal, Curr: (-1.00,  0.85), ( -0.60,   1.02)   Error: 0.43
Last SG, Last State: ( -1.35,  -0.33), ( -0.12,   1.26)  SG Improvement:0.96717 

Goal, Curr: (-0.95,  0.87), ( -0.57,   1.09)   Error: 0.43
Last SG, Last State: ( -1.35,  -0.31), ( -0.11,   1.26)  SG Improvement:1.00716 

Goal, Curr: (-1.21,  0.77), ( -1.40,   1.29)   Error: 0.55
Last SG, Last State: ( -1.36,  -0.48), ( -0.87,   1.15)  SG Improvement:0.16041 

Goal, Curr: (-1.17,  0.78), ( -0.73,   0.79)   Error: 0.44
Last SG, Last State: ( -0.61,   0.49), ( -0.44,   0.84)  SG Improvement:0.45343 

Goal, Curr: (-0.96,  0.86), ( -0.58,   0.64)   Error: 0.44
Last SG, Last State: ( -0.01,  -0.31), ( -0.50,   0.60)  SG Improvement:-0.11816 

episode:01800, mean:80.56, std:39.66, median:100.35, success:0.80
Log radii:  [0. 0. 0. 0. 0. 0.]
Adjusted log radii:  [-0.          1.78999996  1.19000006  1.49000001  1.49000001  0.59000003]
Goal, Curr: (-1.04,  1.23), ( -1.40,   0.95)   Error: 0.45
Last SG, Last State: (  0.79,  -0.55), ( -1.15,   0.60)  SG Improvement:-0.39266 

Goal, Curr: (-1.23,  0.82), ( -0.84,   0.60)   Error: 0.45
Last SG, Last State: (  1.00,  -0.97), ( -0.48,   0.60)  SG Improvement:-0.19284 

Goal, Curr: (-1.16,  1.23), ( -1.40,   0.85)   Error: 0.45
Last SG, Last State: (  1.10,  -0.93), ( -1.05,   0.62)  SG Improvement:-0.24612 

Goal, Curr: (-1.03,  0.83), ( -0.65,   0.60)   Error: 0.45
Last SG, Last State: ( -0.82,   0.96), ( -0.44,   0.77)  SG Improvement:0.27335 

Goal, Curr: (-1.15,  1.23), ( -0.65,   0.87)   Error: 0.62
Last SG, Last State: ( -1.30,  -0.75), ( -0.13,   1.16)  SG Improvement:1.09036 

Goal, Curr: (-1.06,  0.77), ( -0.63,   0.60)   Error: 0.46
Last SG, Last State: (  0.67,   0.30), ( -0.13,   0.60)  SG Improvement:0.45181 

Goal, Curr: (-1.06,  0.87), ( -0.67,   0.59)   Error: 0.47
Last SG, Last State: ( -1.24,   0.07), ( -0.25,   0.99)  SG Improvement:1.15866 

Goal, Curr: (-0.87,  1.24), ( -0.65,   0.60)   Error: 0.67
Last SG, Last State: (  0.04,   1.28), ( -0.10,   0.60)  SG Improvement:0.51926 

Goal, Curr: (-1.23,  1.14), ( -0.84,   0.61)   Error: 0.65
Last SG, Last State: ( -0.98,   0.54), ( -0.43,   1.04)  SG Improvement:0.54859 

Goal, Curr: (-0.76,  1.18), ( -0.72,   0.60)   Error: 0.58
Last SG, Last State: (  0.03,   1.14), ( -0.17,   0.60)  SG Improvement:0.53812 

episode:01900, mean:31.20, std:45.32, median:1.61, success:0.30
Log radii:  [0. 0. 0. 0. 0. 0.]
Adjusted log radii:  [2.38999987 1.78999996 1.49000001 2.38999987 1.78999996 0.89000005]
Goal, Curr: (-1.14,  0.94), ( -0.76,   0.69)   Error: 0.44
Last SG, Last State: ( -0.62,   1.93), ( -0.55,   0.76)  SG Improvement:0.07334 

Goal, Curr: (-0.77,  0.81), ( -0.32,   0.81)   Error: 0.45
Last SG, Last State: (  0.71,   0.86), ( -0.05,   0.85)  SG Improvement:0.92116 

Goal, Curr: (-1.18,  1.19), ( -0.94,   0.80)   Error: 0.45
Last SG, Last State: ( -0.06,   2.64), ( -0.51,   0.93)  SG Improvement:0.66751 

Goal, Curr: (-0.97,  0.96), ( -0.56,   0.80)   Error: 0.44
Last SG, Last State: (  0.43,   2.35), ( -0.33,   0.84)  SG Improvement:0.66073 

Goal, Curr: (-0.92,  0.80), ( -0.47,   0.80)   Error: 0.45
Last SG, Last State: (  0.69,   1.08), ( -0.10,   0.86)  SG Improvement:0.93835 

Goal, Curr: (-1.16,  1.12), ( -0.76,   0.92)   Error: 0.44
Last SG, Last State: ( -0.68,   2.74), ( -0.47,   1.01)  SG Improvement:0.76903 

Goal, Curr: (-1.07,  1.05), ( -0.71,   0.78)   Error: 0.45
Last SG, Last State: (  0.21,   2.54), ( -0.61,   0.80)  SG Improvement:0.54691 

Goal, Curr: (-0.89,  0.88), ( -0.45,   0.90)   Error: 0.44
Last SG, Last State: ( -0.35,   2.42), ( -0.43,   0.89)  SG Improvement:0.69615 

Goal, Curr: (-1.09,  0.96), ( -0.68,   0.83)   Error: 0.44
Last SG, Last State: ( -0.23,   2.57), ( -0.64,   0.84)  SG Improvement:0.59902 

Goal, Curr: (-1.24,  1.13), ( -0.99,   0.75)   Error: 0.45
Last SG, Last State: (  0.07,   2.61), ( -0.56,   0.87)  SG Improvement:0.60036 

episode:02000, mean:100.53, std:0.23, median:100.55, success:1.00
Goal, Curr: (-1.01,  1.21), ( -0.58,   1.27)   Error: 0.44
Last SG, Last State: (  1.08,   2.48), ( -0.19,   1.40)  SG Improvement:-1.04928 

Goal, Curr: (-1.15,  1.04), ( -0.74,   1.22)   Error: 0.45
Last SG, Last State: (  0.96,   2.57), ( -0.27,   1.40)  SG Improvement:-1.03416 

Goal, Curr: (-0.85,  1.17), ( -0.43,   1.30)   Error: 0.45
Last SG, Last State: (  0.75,   1.50), ( -0.11,   1.40)  SG Improvement:-1.19333 

Goal, Curr: (-0.84,  1.00), ( -0.56,   1.33)   Error: 0.43
Last SG, Last State: (  0.72,   2.89), ( -0.36,   1.40)  SG Improvement:-0.89230 

Goal, Curr: (-0.99,  0.87), ( -0.68,   1.18)   Error: 0.44
Last SG, Last State: ( -1.40,   3.36), ( -0.53,   1.24)  SG Improvement:0.85041 

Goal, Curr: (-0.90,  0.89), ( -0.72,   1.28)   Error: 0.44
Last SG, Last State: (  0.71,   2.99), ( -0.41,   1.40)  SG Improvement:-0.71435 

Goal, Curr: (-0.98,  1.23), ( -0.54,   1.26)   Error: 0.44
Last SG, Last State: (  1.07,   1.93), ( -0.11,   1.40)  SG Improvement:-1.13249 

Goal, Curr: (-0.88,  1.06), ( -0.53,   1.33)   Error: 0.44
Last SG, Last State: (  0.84,   2.76), ( -0.31,   1.40)  SG Improvement:-0.96693 

Goal, Curr: (-1.19,  1.20), ( -0.75,   1.22)   Error: 0.44
Last SG, Last State: (  0.99,   2.60), ( -0.28,   1.40)  SG Improvement:-1.08912 

Goal, Curr: (-1.04,  0.96), ( -0.67,   1.22)   Error: 0.45
Last SG, Last State: (  1.13,   2.16), ( -0.13,   1.40)  SG Improvement:-1.05406 

episode:02100, mean:100.60, std:0.20, median:100.59, success:1.00
Log radii:  [0. 0. 0. 0. 0. 0.]
Adjusted log radii:  [ 0.29000002  2.08999991  1.78999996  2.68999982  0.89000005 -0.        ]
Goal, Curr: (-1.02,  1.16), ( -0.17,   0.60)   Error: 1.01
Last SG, Last State: (  0.28,   0.10), (  0.18,   0.60)  SG Improvement:1.26511 

Goal, Curr: (-1.21,  0.88), (  0.62,   0.78)   Error: 1.83
Last SG, Last State: (  0.84,  -1.32), (  0.60,   0.29)  SG Improvement:-0.57640 

Goal, Curr: (-1.01,  1.02), (  0.57,   0.58)   Error: 1.64
Last SG, Last State: (  1.12,  -1.57), (  0.60,   0.45)  SG Improvement:0.20301 

Goal, Curr: (-0.86,  1.09), ( -0.53,   0.59)   Error: 0.60
Last SG, Last State: ( -0.45,  -0.30), ( -0.02,   0.60)  SG Improvement:-0.36418 

Goal, Curr: (-0.79,  1.02), ( -0.64,   0.60)   Error: 0.45
Last SG, Last State: (  0.15,  -1.38), ( -0.49,   0.60)  SG Improvement:-0.09928 

Goal, Curr: (-0.99,  0.90), ( -0.66,   0.60)   Error: 0.45
Last SG, Last State: (  0.95,  -1.36), ( -0.39,   0.60)  SG Improvement:-0.29968 

Goal, Curr: (-0.83,  0.81), (  0.14,   0.85)   Error: 0.97
Last SG, Last State: (  1.96,   1.58), (  0.70,   0.67)  SG Improvement:1.24081 

Goal, Curr: (-1.20,  1.04), ( -1.10,   0.60)   Error: 0.45
Last SG, Last State: ( -0.18,  -1.39), ( -0.69,   0.60)  SG Improvement:-0.02920 

Goal, Curr: (-1.12,  0.78), ( -0.71,   0.60)   Error: 0.45
Last SG, Last State: (  0.19,  -1.39), ( -0.49,   0.60)  SG Improvement:-0.08543 

Goal, Curr: (-0.90,  1.23), ( -1.40,   0.60)   Error: 0.81
Last SG, Last State: ( -0.71,  -1.34), ( -1.14,   0.60)  SG Improvement:-0.12749 

episode:02200, mean:30.84, std:45.59, median:1.51, success:0.30
Log radii:  [0. 0. 0. 0. 0. 0.]
Adjusted log radii:  [ 1.78999996 -0.          2.38999987  1.78999996  1.78999996  1.19000006]
Goal, Curr: (-1.11,  1.04), ( -0.62,   1.40)   Error: 0.60
Last SG, Last State: (  1.98,   1.82), ( -0.22,   1.40)  SG Improvement:-0.19801 

Goal, Curr: (-0.84,  0.93), ( -0.87,   1.40)   Error: 0.47
Last SG, Last State: (  1.78,   1.44), ( -0.41,   1.40)  SG Improvement:-0.18849 

Goal, Curr: (-1.13,  0.95), ( -0.84,   1.40)   Error: 0.53
Last SG, Last State: (  1.76,   1.26), ( -0.41,   1.40)  SG Improvement:-0.19181 

Goal, Curr: (-1.10,  0.92), ( -0.85,   1.40)   Error: 0.54
Last SG, Last State: (  1.77,   1.33), ( -0.40,   1.40)  SG Improvement:-0.18531 

Goal, Curr: (-0.87,  0.91), ( -0.90,   1.40)   Error: 0.49
Last SG, Last State: (  1.75,   1.36), ( -0.43,   1.40)  SG Improvement:-0.18740 

Goal, Curr: (-1.17,  0.96), ( -0.85,   1.40)   Error: 0.54
Last SG, Last State: (  1.74,   1.23), ( -0.42,   1.40)  SG Improvement:-0.20821 

Goal, Curr: (-1.20,  1.02), ( -0.77,   1.40)   Error: 0.57
Last SG, Last State: (  1.82,   1.43), ( -0.36,   1.40)  SG Improvement:-0.21488 

Goal, Curr: (-0.76,  1.21), ( -0.36,   1.40)   Error: 0.44
Last SG, Last State: (  1.73,  -0.56), ( -0.13,   1.40)  SG Improvement:-1.14426 

Goal, Curr: (-0.79,  0.87), ( -0.93,   1.40)   Error: 0.55
Last SG, Last State: (  1.78,   1.46), ( -0.44,   1.40)  SG Improvement:-0.19045 

Goal, Curr: (-1.23,  0.93), ( -0.70,   1.40)   Error: 0.71
Last SG, Last State: (  1.92,   1.66), ( -0.28,   1.40)  SG Improvement:-0.17827 

episode:02300, mean:11.26, std:29.80, median:1.31, success:0.10
Goal, Curr: (-1.09,  1.05), ( -0.65,   1.02)   Error: 0.45
Last SG, Last State: ( -0.81,   0.31), ( -0.31,   0.78)  SG Improvement:0.70449 

Goal, Curr: (-0.83,  1.03), ( -0.40,   0.96)   Error: 0.44
Last SG, Last State: ( -0.96,   0.55), ( -0.34,   0.96)  SG Improvement:1.11432 

Goal, Curr: (-0.80,  1.14), ( -0.43,   0.89)   Error: 0.44
Last SG, Last State: ( -0.68,  -0.03), ( -0.05,   0.72)  SG Improvement:0.83473 

Goal, Curr: (-1.00,  1.12), ( -0.58,   0.97)   Error: 0.44
Last SG, Last State: (  0.43,   1.31), ( -0.55,   0.95)  SG Improvement:-0.02005 

Goal, Curr: (-1.18,  1.06), (  0.45,  -0.60)   Error: 2.33
Last SG, Last State: (  1.42,  -0.89), (  0.46,  -0.60)  SG Improvement:0.25881 

Goal, Curr: (-1.08,  1.01), ( -0.63,   1.06)   Error: 0.45
Last SG, Last State: ( -0.20,   0.77), ( -0.28,   0.93)  SG Improvement:0.20057 

Goal, Curr: (-0.96,  0.81), (  0.60,  -0.50)   Error: 2.04
Last SG, Last State: (  1.34,  -0.88), (  0.47,  -0.60)  SG Improvement:0.23274 

Goal, Curr: (-1.05,  0.94), ( -0.62,   1.03)   Error: 0.44
Last SG, Last State: ( -0.12,   0.59), ( -0.24,   0.91)  SG Improvement:0.15288 

Goal, Curr: (-1.15,  0.77), (  0.36,   0.69)   Error: 1.52
Last SG, Last State: (  0.64,  -1.39), (  0.60,   0.44)  SG Improvement:-0.29239 

Goal, Curr: (-0.79,  0.82), (  0.26,   0.76)   Error: 1.05
Last SG, Last State: ( -0.62,  -1.14), (  0.60,   0.48)  SG Improvement:-0.11334 

episode:02400, mean:60.31, std:49.09, median:100.30, success:0.60
Goal, Curr: (-0.98,  0.96), ( -0.53,   0.98)   Error: 0.45
Last SG, Last State: ( -0.56,  -0.95), (  0.02,   0.95)  SG Improvement:0.72981 

Goal, Curr: (-1.11,  1.16), ( -0.67,   1.15)   Error: 0.43
Last SG, Last State: ( -0.12,  -0.05), ( -0.58,   1.11)  SG Improvement:-0.04602 

Goal, Curr: (-0.89,  0.84), ( -0.46,   0.95)   Error: 0.44
Last SG, Last State: ( -0.60,  -1.01), (  0.03,   1.00)  SG Improvement:0.86528 

Goal, Curr: (-0.80,  1.23), ( -0.38,   1.12)   Error: 0.43
Last SG, Last State: ( -0.73,  -0.67), ( -0.17,   1.06)  SG Improvement:0.91094 

Goal, Curr: (-1.00,  1.10), ( -0.56,   1.04)   Error: 0.45
Last SG, Last State: ( -0.57,  -0.29), ( -0.39,   0.98)  SG Improvement:0.35788 

Goal, Curr: (-0.75,  0.87), ( -0.32,   0.82)   Error: 0.44
Last SG, Last State: ( -0.68,  -0.61), ( -0.15,   0.72)  SG Improvement:0.86065 

Goal, Curr: (-0.76,  0.94), ( -0.33,   0.93)   Error: 0.43
Last SG, Last State: ( -0.73,  -0.87), ( -0.07,   0.84)  SG Improvement:0.95858 

Goal, Curr: (-1.10,  1.04), ( -0.66,   1.11)   Error: 0.44
Last SG, Last State: (  0.93,  -0.25), ( -0.64,   1.10)  SG Improvement:-0.39027 

Goal, Curr: (-0.79,  0.83), ( -0.35,   0.90)   Error: 0.44
Last SG, Last State: ( -0.46,  -1.03), (  0.06,   0.93)  SG Improvement:0.79240 

Goal, Curr: (-1.24,  0.90), ( -0.83,   1.08)   Error: 0.45
Last SG, Last State: ( -0.09,  -0.32), ( -0.56,   0.99)  SG Improvement:0.00646 

episode:02500, mean:100.53, std:0.17, median:100.50, success:1.00
Log radii:  [0. 0. 0. 0. 0. 0.]
Adjusted log radii:  [ 2.08999991  1.78999996  1.19000006 -0.          1.19000006  2.38999987]
Goal, Curr: (-1.09,  0.82), ( -0.98,   1.26)   Error: 0.45
Last SG, Last State: (  0.56,   1.75), ( -0.55,   1.17)  SG Improvement:0.38579 

Goal, Curr: (-1.09,  1.02), ( -0.75,   1.31)   Error: 0.45
Last SG, Last State: (  0.66,   2.01), ( -0.56,   1.26)  SG Improvement:0.37015 

Goal, Curr: (-1.23,  1.15), ( -0.83,   1.36)   Error: 0.45
Last SG, Last State: (  0.79,   2.19), ( -0.72,   1.31)  SG Improvement:0.19142 

Goal, Curr: (-1.07,  0.83), ( -0.86,   1.23)   Error: 0.45
Last SG, Last State: (  0.51,   1.96), ( -0.65,   1.18)  SG Improvement:0.45938 

Goal, Curr: (-1.16,  1.07), ( -0.73,   1.17)   Error: 0.45
Last SG, Last State: (  0.58,   1.68), ( -0.54,   1.10)  SG Improvement:-0.04392 

Goal, Curr: (-0.94,  0.87), ( -0.66,   1.21)   Error: 0.45
Last SG, Last State: (  0.51,   2.08), ( -0.62,   1.19)  SG Improvement:0.50310 

Goal, Curr: (-0.91,  1.14), ( -0.47,   1.12)   Error: 0.44
Last SG, Last State: ( -1.15,  -0.66), ( -0.26,   0.82)  SG Improvement:0.72834 

Goal, Curr: (-1.09,  0.86), ( -0.69,   1.05)   Error: 0.44
Last SG, Last State: (  0.07,   1.10), ( -0.52,   0.95)  SG Improvement:-0.06494 

Goal, Curr: (-1.17,  1.05), ( -0.75,   1.18)   Error: 0.44
Last SG, Last State: (  0.67,   1.75), ( -0.54,   1.12)  SG Improvement:-0.01779 

Goal, Curr: (-1.03,  1.12), ( -0.63,   1.31)   Error: 0.44
Last SG, Last State: (  0.68,   2.06), ( -0.52,   1.27)  SG Improvement:0.33836 

episode:02600, mean:100.57, std:0.19, median:100.48, success:1.00
Log radii:  [0. 0. 0. 0. 0. 0.]
Adjusted log radii:  [ 1.78999996  2.38999987  2.08999991  0.59000003  1.78999996 -0.        ]
Goal, Curr: (-1.17,  0.76), ( -0.74,   0.86)   Error: 0.44
Last SG, Last State: ( -1.48,  -0.59), ( -0.18,   0.87)  SG Improvement:1.06447 

Goal, Curr: (-0.92,  1.16), ( -0.56,   0.89)   Error: 0.45
Last SG, Last State: ( -1.44,  -0.36), ( -0.19,   0.91)  SG Improvement:0.99023 

Goal, Curr: (-1.19,  1.21), ( -0.87,   0.89)   Error: 0.45
Last SG, Last State: ( -0.20,   0.48), ( -0.72,   0.84)  SG Improvement:-0.03174 

Goal, Curr: (-1.11,  1.13), ( -0.70,   0.97)   Error: 0.45
Last SG, Last State: ( -0.30,   0.20), ( -0.51,   0.82)  SG Improvement:0.34098 

Goal, Curr: (-0.88,  0.91), ( -0.51,   0.68)   Error: 0.44
Last SG, Last State: ( -1.38,  -0.51), ( -0.06,   0.78)  SG Improvement:1.00584 

Goal, Curr: (-1.14,  1.21), ( -0.85,   0.87)   Error: 0.45
Last SG, Last State: ( -0.21,   0.50), ( -0.72,   0.82)  SG Improvement:-0.00232 

Goal, Curr: (-1.17,  1.06), ( -0.73,   1.05)   Error: 0.44
Last SG, Last State: (  0.33,   0.04), ( -0.57,   1.04)  SG Improvement:-0.40425 

Goal, Curr: (-1.22,  0.90), ( -0.80,   0.81)   Error: 0.43
Last SG, Last State: ( -0.14,   0.33), ( -0.67,   0.76)  SG Improvement:0.15139 

Goal, Curr: (-1.13,  0.77), ( -0.68,   0.77)   Error: 0.45
Last SG, Last State: ( -1.44,  -0.59), ( -0.14,   0.84)  SG Improvement:1.03676 

Goal, Curr: (-1.23,  1.24), ( -0.83,   1.04)   Error: 0.44
Last SG, Last State: ( -0.84,   0.26), ( -0.47,   0.93)  SG Improvement:0.59341 

episode:02700, mean:100.61, std:0.29, median:100.60, success:1.00
Goal, Curr: (-1.20,  1.20), ( -0.41,   1.10)   Error: 0.80
Last SG, Last State: ( -1.13,   0.55), (  0.17,   1.01)  SG Improvement:0.71315 

Goal, Curr: (-0.94,  1.16), ( -0.59,   0.90)   Error: 0.44
Last SG, Last State: ( -1.37,   0.74), ( -0.02,   0.92)  SG Improvement:0.99613 

Goal, Curr: (-1.14,  1.08), ( -0.71,   1.09)   Error: 0.43
Last SG, Last State: ( -0.55,   0.72), ( -0.51,   1.05)  SG Improvement:0.38353 

Goal, Curr: (-1.06,  0.89), ( -0.62,   0.94)   Error: 0.44
Last SG, Last State: ( -1.42,   0.34), ( -0.03,   0.95)  SG Improvement:1.23924 

Goal, Curr: (-1.01,  0.88), ( -0.59,   1.02)   Error: 0.44
Last SG, Last State: ( -0.64,   0.51), ( -0.50,   1.00)  SG Improvement:0.54608 

Goal, Curr: (-0.82,  1.23), ( -0.54,   0.88)   Error: 0.45
Last SG, Last State: ( -1.34,   0.59), (  0.03,   0.94)  SG Improvement:0.98271 

Goal, Curr: (-0.81,  1.09), ( -0.44,   0.85)   Error: 0.44
Last SG, Last State: ( -1.31,   0.82), (  0.01,   0.85)  SG Improvement:1.07554 

Goal, Curr: (-1.08,  0.76), ( -0.66,   0.91)   Error: 0.45
Last SG, Last State: ( -1.48,   0.55), ( -0.15,   0.95)  SG Improvement:1.15464 

Goal, Curr: (-0.90,  1.25), ( -0.53,   1.03)   Error: 0.43
Last SG, Last State: ( -1.32,   0.43), (  0.04,   0.98)  SG Improvement:1.04632 

Goal, Curr: (-1.03,  0.80), ( -0.59,   0.83)   Error: 0.44
Last SG, Last State: ( -1.39,   0.62), ( -0.02,   0.88)  SG Improvement:1.14311 

episode:02800, mean:90.66, std:29.69, median:100.54, success:0.90
Goal, Curr: (-0.76,  1.02), (  0.98,   0.34)   Error: 1.87
Last SG, Last State: (  1.55,  -0.65), (  0.99,   0.34)  SG Improvement:0.06411 

Goal, Curr: (-1.13,  0.87), ( -0.71,   1.01)   Error: 0.45
Last SG, Last State: ( -0.51,  -0.04), ( -0.45,   0.99)  SG Improvement:0.01380 

Goal, Curr: (-1.20,  1.14), ( -0.78,   0.98)   Error: 0.44
Last SG, Last State: ( -1.43,   0.90), ( -0.41,   0.91)  SG Improvement:0.71178 

Goal, Curr: (-1.19,  0.83), ( -0.76,   0.94)   Error: 0.44
Last SG, Last State: ( -1.43,   0.56), ( -0.39,   0.87)  SG Improvement:0.79058 

Goal, Curr: (-1.17,  0.92), ( -0.73,   0.86)   Error: 0.45
Last SG, Last State: (  0.77,  -0.13), ( -0.29,   0.81)  SG Improvement:0.16127 

Goal, Curr: (-1.11,  1.08), ( -0.23,   0.84)   Error: 0.91
Last SG, Last State: ( -1.14,   0.67), (  0.24,   0.92)  SG Improvement:0.94325 

Goal, Curr: (-1.14,  0.98), ( -0.34,   1.01)   Error: 0.79
Last SG, Last State: ( -1.14,   0.83), (  0.24,   0.90)  SG Improvement:0.88070 

Goal, Curr: (-0.80,  0.91), (  0.25,   0.99)   Error: 1.05
Last SG, Last State: (  2.13,   0.50), (  0.79,   0.76)  SG Improvement:1.04337 

Goal, Curr: (-0.95,  1.24), ( -0.61,   0.96)   Error: 0.44
Last SG, Last State: ( -1.54,   0.63), ( -0.44,   0.91)  SG Improvement:0.49861 

Goal, Curr: (-1.24,  1.23), ( -0.95,   0.90)   Error: 0.44
Last SG, Last State: (  0.83,  -0.04), ( -0.52,   0.86)  SG Improvement:-0.18890 

episode:02900, mean:60.65, std:48.89, median:100.29, success:0.60
Goal, Curr: (-1.04,  1.18), ( -0.62,   1.08)   Error: 0.43
Last SG, Last State: ( -1.70,   0.82), ( -0.31,   1.02)  SG Improvement:0.47447 

Goal, Curr: (-1.18,  1.19), ( -0.73,   1.17)   Error: 0.45
Last SG, Last State: ( -0.80,   0.25), ( -0.71,   1.17)  SG Improvement:-0.03155 

Goal, Curr: (-0.77,  1.00), ( -0.32,   1.01)   Error: 0.45
Last SG, Last State: ( -1.49,   0.72), ( -0.05,   0.95)  SG Improvement:0.83558 

Goal, Curr: (-0.78,  0.95), ( -0.34,   0.95)   Error: 0.45
Last SG, Last State: ( -1.40,   1.24), (  0.05,   0.85)  SG Improvement:0.94006 

Goal, Curr: (-0.86,  0.82), ( -0.43,   0.89)   Error: 0.43
Last SG, Last State: ( -1.41,   1.24), (  0.05,   0.90)  SG Improvement:1.15227 

Goal, Curr: (-0.79,  0.84), ( -0.36,   0.88)   Error: 0.44
Last SG, Last State: ( -1.44,   1.00), (  0.02,   0.89)  SG Improvement:0.97875 

Goal, Curr: (-0.86,  0.83), ( -0.43,   0.91)   Error: 0.43
Last SG, Last State: ( -1.71,   0.41), ( -0.34,   0.91)  SG Improvement:0.69788 

Goal, Curr: (-0.95,  1.15), ( -0.53,   1.01)   Error: 0.44
Last SG, Last State: ( -1.70,  -0.02), ( -0.51,   1.01)  SG Improvement:0.02172 

Goal, Curr: (-0.98,  0.86), ( -0.57,   1.02)   Error: 0.44
Last SG, Last State: ( -1.44,   1.07), (  0.02,   0.92)  SG Improvement:0.89731 

Goal, Curr: (-1.00,  0.97), ( -0.56,   1.05)   Error: 0.44
Last SG, Last State: ( -1.46,   1.25), ( -0.02,   0.93)  SG Improvement:0.87790 

episode:03000, mean:100.59, std:0.20, median:100.62, success:1.00
