Using device: cpu
gc-1.0-aaa-buff60-0.5expl
Log radii:  [0. 0. 0. 0. 0. 0.]
Adjusted log radii:  [1.49000001 2.68999982 0.89000005 2.08999991 1.78999996 1.49000001]
Goal, Curr: (-0.93,  1.03), ( -1.31,  -1.40)   Error: 2.46
Last SG, Last State: ( -2.67,  -1.45), ( -1.40,  -1.40)  SG Improvement:0.04062 

Goal, Curr: (-0.97,  0.78), ( -1.40,  -1.40)   Error: 2.22
Last SG, Last State: ( -2.52,  -1.49), ( -1.40,  -1.40)  SG Improvement:-0.27919 

Goal, Curr: (-1.02,  0.85), ( -1.40,  -1.40)   Error: 2.28
Last SG, Last State: ( -2.51,  -1.53), ( -1.40,  -1.40)  SG Improvement:-0.29454 

Goal, Curr: (-0.85,  1.20), ( -1.40,  -1.40)   Error: 2.66
Last SG, Last State: ( -2.52,  -1.50), ( -1.40,  -1.40)  SG Improvement:-0.29669 

Goal, Curr: (-1.18,  0.98), ( -1.40,  -1.40)   Error: 2.39
Last SG, Last State: ( -2.53,  -1.41), ( -1.40,  -1.40)  SG Improvement:-0.27707 

Goal, Curr: (-0.83,  1.09), ( -1.40,  -1.37)   Error: 2.52
Last SG, Last State: ( -2.60,  -1.13), ( -1.40,  -1.13)  SG Improvement:0.05403 

Goal, Curr: (-0.98,  1.08), ( -1.33,  -1.40)   Error: 2.50
Last SG, Last State: ( -2.70,  -1.49), ( -1.40,  -1.40)  SG Improvement:0.04005 

Goal, Curr: (-0.99,  1.01), ( -1.40,  -1.40)   Error: 2.44
Last SG, Last State: ( -2.53,  -1.43), ( -1.40,  -1.40)  SG Improvement:-0.27738 

Goal, Curr: (-1.03,  0.82), ( -1.39,  -1.40)   Error: 2.25
Last SG, Last State: ( -2.67,  -1.48), ( -1.40,  -1.40)  SG Improvement:0.03039 

Goal, Curr: (-0.83,  1.21), ( -1.40,  -1.40)   Error: 2.67
Last SG, Last State: ( -2.74,  -1.54), ( -1.40,  -1.40)  SG Improvement:0.01966 

episode:00100, mean:-0.51, std:0.12, median:-0.54, success:0.00
Goal, Curr: (-1.18,  0.84), ( -1.40,  -0.60)   Error: 1.46
Last SG, Last State: (  0.27,  -0.39), ( -1.40,  -0.59)  SG Improvement:0.16159 

Goal, Curr: (-1.11,  0.94), ( -1.39,  -0.78)   Error: 1.74
Last SG, Last State: ( -0.11,  -0.44), ( -1.36,  -0.67)  SG Improvement:0.40630 

Goal, Curr: (-1.15,  1.03), ( -1.37,  -0.67)   Error: 1.71
Last SG, Last State: (  0.61,  -0.32), ( -1.40,  -0.60)  SG Improvement:0.44336 

Goal, Curr: (-0.87,  1.05), ( -1.37,  -1.25)   Error: 2.35
Last SG, Last State: ( -1.61,  -2.18), ( -1.40,  -1.24)  SG Improvement:-0.27256 

Goal, Curr: (-1.07,  0.90), ( -1.37,  -1.32)   Error: 2.24
Last SG, Last State: ( -0.83,  -2.36), ( -1.38,  -1.40)  SG Improvement:-2.19829 

Goal, Curr: (-0.95,  0.86), ( -1.38,  -0.67)   Error: 1.59
Last SG, Last State: (  0.66,  -0.15), ( -1.40,  -0.82)  SG Improvement:-0.28261 

Goal, Curr: (-0.84,  1.18), ( -1.34,  -0.66)   Error: 1.90
Last SG, Last State: ( -1.50,  -1.33), ( -1.40,  -0.60)  SG Improvement:0.63992 

Goal, Curr: (-1.01,  1.17), ( -1.40,  -1.38)   Error: 2.59
Last SG, Last State: ( -0.20,  -0.38), ( -1.34,  -0.66)  SG Improvement:0.01158 

Goal, Curr: (-0.88,  0.87), ( -1.35,  -0.87)   Error: 1.81
Last SG, Last State: (  0.46,  -1.13), ( -1.40,  -0.98)  SG Improvement:0.89043 

Goal, Curr: (-1.05,  1.22), ( -1.34,  -0.60)   Error: 1.85
Last SG, Last State: ( -1.78,  -1.85), ( -1.39,  -0.65)  SG Improvement:-0.87848 

episode:00200, mean:0.08, std:0.30, median:0.18, success:0.00
Goal, Curr: (-0.88,  1.22), ( -1.39,  -1.40)   Error: 2.67
Last SG, Last State: ( -0.50,  -1.56), ( -1.40,  -1.40)  SG Improvement:-0.05692 

Goal, Curr: (-0.84,  1.10), ( -1.40,  -1.40)   Error: 2.56
Last SG, Last State: (  0.15,  -1.26), ( -1.40,  -1.40)  SG Improvement:-0.43192 

Goal, Curr: (-0.98,  1.16), ( -1.40,  -1.40)   Error: 2.59
Last SG, Last State: (  0.39,  -1.28), ( -1.40,  -1.40)  SG Improvement:-0.09253 

Goal, Curr: (-0.92,  1.13), ( -1.40,  -1.40)   Error: 2.58
Last SG, Last State: (  0.59,  -1.36), ( -1.40,  -1.40)  SG Improvement:0.24847 

Goal, Curr: (-0.87,  1.23), ( -1.40,  -1.40)   Error: 2.68
Last SG, Last State: (  0.16,  -1.28), ( -1.40,  -1.40)  SG Improvement:-0.43717 

Goal, Curr: (-0.99,  1.19), ( -1.40,  -1.40)   Error: 2.62
Last SG, Last State: (  0.56,  -1.33), ( -1.40,  -1.40)  SG Improvement:0.19420 

Goal, Curr: (-0.93,  0.87), ( -1.40,  -1.40)   Error: 2.32
Last SG, Last State: (  0.45,  -1.23), ( -1.40,  -1.40)  SG Improvement:0.00971 

Goal, Curr: (-1.25,  0.92), ( -1.40,  -1.40)   Error: 2.32
Last SG, Last State: (  0.48,  -1.35), ( -1.40,  -1.40)  SG Improvement:0.02436 

Goal, Curr: (-1.00,  1.16), ( -1.40,  -1.40)   Error: 2.59
Last SG, Last State: (  0.16,  -1.31), ( -1.40,  -1.40)  SG Improvement:-0.43365 

Goal, Curr: (-1.03,  1.18), ( -1.40,  -1.40)   Error: 2.60
Last SG, Last State: (  0.29,  -1.32), ( -1.40,  -1.40)  SG Improvement:-0.23782 

episode:00300, mean:-0.45, std:0.15, median:-0.50, success:0.00
Goal, Curr: (-0.83,  1.15), ( -1.37,  -1.34)   Error: 2.54
Last SG, Last State: (  0.52,  -0.69), ( -1.40,  -1.31)  SG Improvement:0.08662 

Goal, Curr: (-0.99,  1.21), ( -1.40,  -1.40)   Error: 2.64
Last SG, Last State: (  0.55,  -1.02), ( -1.40,  -1.40)  SG Improvement:0.30827 

Goal, Curr: (-1.07,  1.04), ( -1.40,  -1.40)   Error: 2.46
Last SG, Last State: (  0.56,  -1.00), ( -1.40,  -1.40)  SG Improvement:0.12415 

Goal, Curr: (-0.94,  0.78), ( -1.40,  -1.40)   Error: 2.23
Last SG, Last State: (  0.52,  -0.74), ( -1.40,  -1.40)  SG Improvement:0.31452 

Goal, Curr: (-1.01,  0.98), ( -1.40,  -1.40)   Error: 2.41
Last SG, Last State: (  0.52,  -0.78), ( -1.40,  -1.40)  SG Improvement:0.23997 

Goal, Curr: (-1.11,  0.92), ( -1.40,  -1.40)   Error: 2.33
Last SG, Last State: (  0.54,  -0.77), ( -1.40,  -1.40)  SG Improvement:-0.41692 

Goal, Curr: (-0.92,  0.96), ( -1.40,  -1.36)   Error: 2.37
Last SG, Last State: ( -0.53,  -0.95), ( -1.40,  -1.40)  SG Improvement:-0.46956 

Goal, Curr: (-0.75,  0.92), (  1.20,  -1.38)   Error: 3.01
Last SG, Last State: (  0.71,   0.59), (  1.40,  -1.40)  SG Improvement:-0.24778 

Goal, Curr: (-1.19,  0.86), ( -1.40,  -1.40)   Error: 2.27
Last SG, Last State: (  0.54,  -0.89), ( -1.40,  -1.40)  SG Improvement:0.22805 

Goal, Curr: (-1.01,  1.02), ( -0.97,  -1.07)   Error: 2.10
Last SG, Last State: ( -0.02,  -0.24), ( -1.26,  -1.40)  SG Improvement:-0.30626 

episode:00400, mean:-0.52, std:0.21, median:-0.57, success:0.00
Goal, Curr: (-0.93,  1.17), (  0.59,  -1.40)   Error: 2.99
Last SG, Last State: ( -0.15,   0.41), (  0.42,  -1.40)  SG Improvement:-0.05187 

Goal, Curr: (-0.98,  0.76), ( -0.17,  -1.40)   Error: 2.30
Last SG, Last State: (  0.14,   0.30), ( -0.64,  -1.39)  SG Improvement:-0.17072 

Goal, Curr: (-0.98,  1.15), (  0.10,  -1.40)   Error: 2.77
Last SG, Last State: (  0.51,  -0.35), (  0.16,  -1.36)  SG Improvement:-0.22894 

Goal, Curr: (-0.77,  0.89), ( -1.17,  -1.40)   Error: 2.33
Last SG, Last State: ( -0.64,  -0.96), ( -1.27,  -1.40)  SG Improvement:-0.74319 

Goal, Curr: (-0.86,  1.14), ( -1.34,  -1.40)   Error: 2.59
Last SG, Last State: (  0.01,  -1.84), ( -0.65,  -1.40)  SG Improvement:0.93572 

Goal, Curr: (-0.93,  1.04), ( -1.30,  -1.40)   Error: 2.47
Last SG, Last State: ( -0.13,  -0.50), ( -0.33,  -1.40)  SG Improvement:0.86397 

Goal, Curr: (-0.80,  0.82), ( -0.76,  -1.40)   Error: 2.22
Last SG, Last State: ( -0.12,   0.32), (  0.34,  -1.40)  SG Improvement:0.64014 

Goal, Curr: (-1.25,  0.92), ( -0.96,  -1.31)   Error: 2.25
Last SG, Last State: ( -0.41,  -1.12), ( -1.33,  -1.40)  SG Improvement:-0.89370 

Goal, Curr: (-1.05,  1.02), ( -1.03,  -1.21)   Error: 2.22
Last SG, Last State: (  0.14,  -0.06), ( -1.01,  -1.21)  SG Improvement:-1.07724 

Goal, Curr: (-0.82,  1.25), (  0.01,  -1.40)   Error: 2.77
Last SG, Last State: (  0.91,  -2.57), ( -0.56,  -1.39)  SG Improvement:0.09964 

episode:00500, mean:-0.37, std:0.19, median:-0.34, success:0.00
Goal, Curr: (-1.05,  0.77), ( -1.40,  -1.23)   Error: 2.02
Last SG, Last State: ( -0.59,  -0.23), ( -1.40,  -1.16)  SG Improvement:-0.05949 

Goal, Curr: (-1.16,  0.94), ( -1.40,  -1.40)   Error: 2.35
Last SG, Last State: ( -0.30,  -0.86), ( -1.40,  -1.40)  SG Improvement:0.13991 

Goal, Curr: (-1.02,  1.24), ( -1.40,  -1.40)   Error: 2.66
Last SG, Last State: ( -0.36,  -0.75), ( -1.40,  -1.40)  SG Improvement:0.12556 

Goal, Curr: (-1.07,  0.75), ( -1.40,  -1.40)   Error: 2.18
Last SG, Last State: ( -0.58,  -0.32), ( -1.40,  -1.26)  SG Improvement:-0.05289 

Goal, Curr: (-1.10,  1.09), ( -1.40,  -1.40)   Error: 2.51
Last SG, Last State: ( -0.40,  -0.67), ( -1.40,  -1.40)  SG Improvement:0.10000 

Goal, Curr: (-1.03,  0.78), ( -1.40,  -1.40)   Error: 2.21
Last SG, Last State: ( -0.53,  -0.28), ( -1.40,  -1.40)  SG Improvement:-0.18502 

Goal, Curr: (-0.85,  1.12), ( -1.40,  -1.40)   Error: 2.57
Last SG, Last State: ( -0.51,  -0.29), ( -1.40,  -1.40)  SG Improvement:-0.21271 

Goal, Curr: (-1.05,  0.95), ( -1.40,  -1.40)   Error: 2.38
Last SG, Last State: ( -0.48,  -0.43), ( -1.40,  -1.40)  SG Improvement:-0.06453 

Goal, Curr: (-1.00,  0.78), ( -1.40,  -1.39)   Error: 2.21
Last SG, Last State: ( -0.59,  -0.32), ( -1.40,  -1.24)  SG Improvement:-0.03676 

Goal, Curr: (-1.17,  0.78), ( -1.40,  -1.40)   Error: 2.19
Last SG, Last State: ( -0.32,  -0.75), ( -1.40,  -1.40)  SG Improvement:0.13320 

episode:00600, mean:-0.40, std:0.12, median:-0.43, success:0.00
Goal, Curr: (-1.08,  1.09), ( -1.40,  -1.06)   Error: 2.17
Last SG, Last State: ( -0.61,  -0.17), ( -1.40,  -1.05)  SG Improvement:-0.01363 

Goal, Curr: (-1.19,  0.84), ( -1.40,  -1.08)   Error: 1.93
Last SG, Last State: ( -0.62,  -0.19), ( -1.40,  -1.08)  SG Improvement:-0.00629 

Goal, Curr: (-0.75,  1.06), ( -1.40,  -0.85)   Error: 2.01
Last SG, Last State: ( -0.66,   0.17), ( -1.40,  -0.85)  SG Improvement:-0.00098 

Goal, Curr: (-0.90,  0.83), ( -1.40,  -1.40)   Error: 2.28
Last SG, Last State: ( -0.44,  -0.31), ( -1.40,  -1.40)  SG Improvement:-0.11190 

Goal, Curr: (-0.90,  1.10), ( -1.40,  -0.93)   Error: 2.09
Last SG, Last State: ( -0.66,   0.03), ( -1.40,  -0.93)  SG Improvement:0.03050 

Goal, Curr: (-1.16,  0.77), ( -1.40,  -1.40)   Error: 2.18
Last SG, Last State: ( -0.49,  -0.50), ( -1.40,  -1.40)  SG Improvement:-0.04638 

Goal, Curr: (-1.07,  0.77), ( -1.40,  -0.94)   Error: 1.74
Last SG, Last State: ( -0.70,   0.07), ( -1.40,  -0.92)  SG Improvement:-0.02945 

Goal, Curr: (-0.96,  0.84), ( -1.40,  -0.89)   Error: 1.78
Last SG, Last State: ( -0.70,   0.12), ( -1.40,  -0.89)  SG Improvement:-0.00893 

Goal, Curr: (-0.97,  1.14), ( -1.40,  -0.98)   Error: 2.17
Last SG, Last State: ( -0.64,  -0.04), ( -1.40,  -0.96)  SG Improvement:-0.02868 

Goal, Curr: (-0.90,  1.20), ( -1.40,  -0.98)   Error: 2.23
Last SG, Last State: ( -0.62,  -0.06), ( -1.40,  -0.98)  SG Improvement:0.01057 

episode:00700, mean:-0.13, std:0.15, median:-0.15, success:0.00
Log radii:  [0. 0. 0. 0. 0. 0.]
Adjusted log radii:  [1.19000006 2.38999987 1.49000001 2.38999987 1.78999996 1.78999996]
Log radii:  [0. 0. 0. 0. 0. 0.]
Adjusted log radii:  [1.78999996 2.38999987 0.59000003 1.78999996 0.59000003 0.59000003]
Goal, Curr: (-1.20,  0.76), ( -1.40,  -1.40)   Error: 2.17
Last SG, Last State: ( -1.19,   0.93), ( -1.40,  -0.60)  SG Improvement:0.10412 

Goal, Curr: (-0.77,  0.92), ( -1.40,  -0.73)   Error: 1.77
Last SG, Last State: ( -1.05,   1.36), ( -1.40,  -1.12)  SG Improvement:-0.11392 

Goal, Curr: (-0.91,  1.10), ( -1.40,  -1.02)   Error: 2.17
Last SG, Last State: ( -1.30,   0.94), ( -1.40,  -0.76)  SG Improvement:0.18397 

Goal, Curr: (-0.94,  0.76), ( -1.39,  -1.34)   Error: 2.15
Last SG, Last State: ( -1.38,   1.33), ( -1.40,  -1.39)  SG Improvement:-0.47103 

Goal, Curr: (-0.81,  0.98), ( -1.40,  -1.40)   Error: 2.46
Last SG, Last State: ( -1.05,   0.97), ( -1.40,  -0.60)  SG Improvement:0.06784 

Goal, Curr: (-0.79,  1.22), ( -1.40,  -0.60)   Error: 1.91
Last SG, Last State: ( -0.85,   1.36), ( -1.40,  -1.01)  SG Improvement:-0.08122 

Goal, Curr: (-0.82,  0.76), ( -1.40,  -0.94)   Error: 1.79
Last SG, Last State: ( -1.23,   1.35), ( -1.40,  -1.26)  SG Improvement:-0.27249 

Goal, Curr: (-0.90,  1.08), ( -1.40,  -1.40)   Error: 2.53
Last SG, Last State: ( -0.98,   0.93), ( -1.40,  -0.60)  SG Improvement:0.08236 

Goal, Curr: (-0.86,  1.21), ( -1.40,  -1.05)   Error: 2.32
Last SG, Last State: ( -1.26,   0.92), ( -1.40,  -0.77)  SG Improvement:0.18506 

Goal, Curr: (-1.20,  0.93), ( -1.40,  -0.60)   Error: 1.55
Last SG, Last State: ( -1.45,   1.11), ( -1.40,  -1.05)  SG Improvement:0.13927 

episode:00800, mean:-0.05, std:0.31, median:-0.23, success:0.00
Log radii:  [0. 0. 0. 0. 0. 0.]
Adjusted log radii:  [2.38999987 2.38999987 0.29000002 2.08999991 0.89000005 1.49000001]
Goal, Curr: (-1.07,  0.80), ( -1.40,  -0.60)   Error: 1.44
Last SG, Last State: ( -1.25,   1.40), ( -1.40,  -0.60)  SG Improvement:0.00120 

Goal, Curr: (-1.12,  0.75), ( -1.40,  -0.60)   Error: 1.38
Last SG, Last State: ( -1.27,   1.40), ( -1.40,  -0.60)  SG Improvement:0.00117 

Goal, Curr: (-1.20,  0.98), ( -1.40,  -0.60)   Error: 1.60
Last SG, Last State: ( -1.12,   1.40), ( -1.40,  -0.60)  SG Improvement:0.00015 

Goal, Curr: (-1.25,  1.04), ( -1.40,  -0.60)   Error: 1.65
Last SG, Last State: ( -1.07,   1.40), ( -1.40,  -0.60)  SG Improvement:-0.00053 

Goal, Curr: (-0.94,  0.90), ( -1.40,  -0.60)   Error: 1.57
Last SG, Last State: ( -1.22,   1.40), ( -1.40,  -0.60)  SG Improvement:0.00044 

Goal, Curr: (-0.91,  1.24), ( -1.40,  -0.60)   Error: 1.91
Last SG, Last State: ( -1.02,   1.40), ( -1.40,  -0.60)  SG Improvement:0.00329 

Goal, Curr: (-1.16,  1.02), ( -1.40,  -0.60)   Error: 1.64
Last SG, Last State: ( -1.11,   1.40), ( -1.40,  -0.60)  SG Improvement:0.00014 

Goal, Curr: (-1.11,  1.16), ( -1.40,  -0.60)   Error: 1.78
Last SG, Last State: ( -1.02,   1.40), ( -1.40,  -0.60)  SG Improvement:0.00477 

Goal, Curr: (-1.02,  0.88), ( -1.40,  -0.60)   Error: 1.53
Last SG, Last State: ( -1.22,   1.40), ( -1.40,  -0.60)  SG Improvement:0.00086 

Goal, Curr: (-1.04,  1.18), ( -1.40,  -0.60)   Error: 1.82
Last SG, Last State: ( -1.03,   1.40), ( -1.40,  -0.60)  SG Improvement:0.00241 

episode:00900, mean:0.42, std:0.15, median:0.45, success:0.00
Log radii:  [0. 0. 0. 0. 0. 0.]
Adjusted log radii:  [2.68999982 2.08999991 3.28999972 1.49000001 1.78999996 0.89000005]
Goal, Curr: (-0.94,  1.00), ( -1.40,  -0.60)   Error: 1.67
Last SG, Last State: ( -0.88,   1.40), ( -1.40,  -0.60)  SG Improvement:0.00077 

Goal, Curr: (-1.13,  1.17), ( -1.40,  -0.60)   Error: 1.79
Last SG, Last State: ( -0.81,   1.40), ( -1.40,  -0.60)  SG Improvement:-0.00255 

Goal, Curr: (-1.12,  1.02), ( -1.40,  -0.60)   Error: 1.64
Last SG, Last State: ( -0.85,   1.40), ( -1.40,  -0.60)  SG Improvement:0.00193 

Goal, Curr: (-0.83,  0.91), ( -1.40,  -0.60)   Error: 1.62
Last SG, Last State: ( -0.91,   1.40), ( -1.40,  -0.60)  SG Improvement:-0.00000 

Goal, Curr: (-0.91,  0.91), ( -1.40,  -0.60)   Error: 1.59
Last SG, Last State: ( -0.87,   1.40), ( -1.40,  -0.60)  SG Improvement:0.00816 

Goal, Curr: (-1.08,  1.12), ( -1.40,  -0.60)   Error: 1.75
Last SG, Last State: ( -0.83,   1.40), ( -1.40,  -0.60)  SG Improvement:-0.00064 

Goal, Curr: (-1.13,  1.01), ( -1.40,  -0.60)   Error: 1.64
Last SG, Last State: ( -0.86,   1.40), ( -1.40,  -0.60)  SG Improvement:0.00045 

Goal, Curr: (-0.99,  1.22), ( -1.40,  -0.60)   Error: 1.87
Last SG, Last State: ( -0.78,   1.40), ( -1.40,  -0.60)  SG Improvement:0.00014 

Goal, Curr: (-0.78,  0.92), ( -1.40,  -0.60)   Error: 1.64
Last SG, Last State: ( -0.91,   1.40), ( -1.40,  -0.60)  SG Improvement:0.00004 

Goal, Curr: (-0.95,  0.76), ( -1.40,  -0.60)   Error: 1.43
Last SG, Last State: ( -1.03,   1.40), ( -1.40,  -0.60)  SG Improvement:-0.01427 

episode:01000, mean:0.34, std:0.14, median:0.34, success:0.00
Goal, Curr: (-0.98,  1.05), ( -1.40,  -0.60)   Error: 1.71
Last SG, Last State: ( -1.33,   1.40), ( -1.40,  -0.60)  SG Improvement:0.01286 

Goal, Curr: (-1.07,  1.21), ( -1.40,  -0.60)   Error: 1.84
Last SG, Last State: ( -1.18,   1.40), ( -1.40,  -0.60)  SG Improvement:-0.00759 

Goal, Curr: (-1.15,  1.03), ( -1.40,  -0.60)   Error: 1.65
Last SG, Last State: ( -1.21,   1.40), ( -1.40,  -0.60)  SG Improvement:-0.00493 

Goal, Curr: (-0.96,  1.20), ( -1.40,  -0.60)   Error: 1.85
Last SG, Last State: ( -1.18,   1.40), ( -1.40,  -0.60)  SG Improvement:-0.00744 

Goal, Curr: (-1.16,  1.12), ( -1.40,  -0.60)   Error: 1.74
Last SG, Last State: ( -1.22,   1.40), ( -1.40,  -0.60)  SG Improvement:-0.00740 

Goal, Curr: (-1.06,  1.10), ( -1.40,  -0.60)   Error: 1.73
Last SG, Last State: ( -1.39,   1.40), ( -1.40,  -0.60)  SG Improvement:0.02929 

Goal, Curr: (-0.85,  0.89), ( -1.40,  -0.60)   Error: 1.59
Last SG, Last State: ( -0.98,   1.40), ( -1.40,  -0.60)  SG Improvement:0.01883 

Goal, Curr: (-0.84,  1.06), ( -1.40,  -0.60)   Error: 1.75
Last SG, Last State: ( -1.08,   1.40), ( -1.40,  -0.60)  SG Improvement:0.00290 

Goal, Curr: (-1.12,  0.91), ( -1.40,  -0.60)   Error: 1.53
Last SG, Last State: ( -1.08,   1.40), ( -1.40,  -0.60)  SG Improvement:0.00899 

Goal, Curr: (-0.94,  0.81), ( -1.40,  -0.60)   Error: 1.49
Last SG, Last State: ( -1.39,   1.40), ( -1.40,  -0.60)  SG Improvement:0.04205 

episode:01100, mean:0.39, std:0.12, median:0.39, success:0.00
Log radii:  [0. 0. 0. 0. 0. 0.]
Adjusted log radii:  [2.38999987 2.08999991 1.19000006 2.38999987 1.78999996 2.38999987]
Goal, Curr: (-1.02,  0.90), ( -1.40,  -0.60)   Error: 1.55
Last SG, Last State: ( -0.04,   1.40), ( -1.40,  -0.60)  SG Improvement:0.12737 

Goal, Curr: (-0.76,  1.08), ( -1.40,  -0.60)   Error: 1.80
Last SG, Last State: (  0.01,   1.40), ( -1.40,  -0.60)  SG Improvement:0.13038 

Goal, Curr: (-1.10,  0.75), ( -1.40,  -0.60)   Error: 1.39
Last SG, Last State: ( -0.32,   1.40), ( -1.40,  -0.60)  SG Improvement:0.11882 

Goal, Curr: (-1.22,  0.75), ( -1.40,  -0.60)   Error: 1.37
Last SG, Last State: ( -0.12,   1.40), ( -1.40,  -0.60)  SG Improvement:0.12355 

Goal, Curr: (-0.84,  1.18), ( -1.40,  -0.60)   Error: 1.87
Last SG, Last State: ( -0.05,   1.40), ( -1.40,  -0.60)  SG Improvement:0.13098 

Goal, Curr: (-1.18,  0.92), ( -1.40,  -0.60)   Error: 1.54
Last SG, Last State: ( -0.12,   1.40), ( -1.40,  -0.60)  SG Improvement:0.12616 

Goal, Curr: (-0.75,  0.92), ( -1.40,  -0.60)   Error: 1.65
Last SG, Last State: ( -0.06,   1.40), ( -1.40,  -0.60)  SG Improvement:0.12749 

Goal, Curr: (-1.08,  0.90), ( -1.40,  -0.60)   Error: 1.53
Last SG, Last State: ( -0.01,   1.40), ( -1.40,  -0.60)  SG Improvement:0.12747 

Goal, Curr: (-1.22,  1.02), ( -1.40,  -0.60)   Error: 1.63
Last SG, Last State: (  0.08,   1.40), ( -1.40,  -0.60)  SG Improvement:0.13001 

Goal, Curr: (-0.77,  0.87), ( -1.40,  -0.60)   Error: 1.60
Last SG, Last State: ( -0.17,   1.40), ( -1.40,  -0.60)  SG Improvement:0.12534 

episode:01200, mean:0.27, std:0.12, median:0.23, success:0.00
Log radii:  [0. 0. 0. 0. 0. 0.]
Adjusted log radii:  [1.78999996 1.19000006 1.49000001 2.68999982 0.59000003 0.59000003]
Goal, Curr: (-1.17,  1.08), ( -1.40,  -0.60)   Error: 1.70
Last SG, Last State: ( -2.34,   1.40), ( -1.40,  -0.60)  SG Improvement:0.04887 

Goal, Curr: (-0.95,  1.14), ( -1.40,  -0.60)   Error: 1.80
Last SG, Last State: (  0.58,   1.12), ( -1.40,  -0.77)  SG Improvement:-0.15529 

Goal, Curr: (-1.13,  0.80), ( -1.40,  -0.60)   Error: 1.42
Last SG, Last State: ( -1.18,   1.40), ( -1.40,  -0.60)  SG Improvement:0.08173 

Goal, Curr: (-1.20,  1.02), ( -1.40,  -0.60)   Error: 1.64
Last SG, Last State: ( -2.33,   1.40), ( -1.40,  -0.60)  SG Improvement:0.04825 

Goal, Curr: (-0.95,  0.80), ( -1.17,  -1.20)   Error: 2.02
Last SG, Last State: (  0.10,   0.84), ( -0.73,  -1.16)  SG Improvement:-0.15239 

Goal, Curr: (-0.80,  1.18), ( -1.40,  -0.60)   Error: 1.88
Last SG, Last State: ( -2.29,   1.40), ( -1.40,  -0.60)  SG Improvement:0.02412 

Goal, Curr: (-1.21,  1.10), ( -1.40,  -0.60)   Error: 1.72
Last SG, Last State: ( -1.53,   1.40), ( -1.40,  -0.60)  SG Improvement:0.05879 

Goal, Curr: (-1.21,  0.81), ( -1.41,  -0.76)   Error: 1.58
Last SG, Last State: ( -1.82,   1.17), ( -1.40,  -0.80)  SG Improvement:-0.60992 

Goal, Curr: (-0.83,  1.03), ( -1.40,  -0.60)   Error: 1.72
Last SG, Last State: ( -0.59,   0.91), ( -1.40,  -0.60)  SG Improvement:0.68256 

Goal, Curr: (-1.15,  0.96), ( -1.40,  -0.60)   Error: 1.58
Last SG, Last State: ( -1.27,   1.40), ( -1.40,  -0.60)  SG Improvement:0.07745 

episode:01300, mean:0.25, std:0.13, median:0.25, success:0.00
Goal, Curr: (-0.94,  1.20), ( -1.40,  -0.60)   Error: 1.86
Last SG, Last State: ( -0.37,   1.40), ( -1.40,  -0.60)  SG Improvement:0.11373 

Goal, Curr: (-1.03,  0.76), ( -1.40,  -0.60)   Error: 1.41
Last SG, Last State: ( -0.28,   1.40), ( -1.40,  -0.60)  SG Improvement:0.10054 

Goal, Curr: (-0.87,  0.87), ( -1.40,  -0.60)   Error: 1.57
Last SG, Last State: ( -1.37,   1.40), ( -1.40,  -0.60)  SG Improvement:0.00277 

Goal, Curr: (-1.09,  0.76), ( -1.40,  -0.60)   Error: 1.40
Last SG, Last State: (  0.04,   1.40), ( -1.40,  -0.60)  SG Improvement:0.12484 

Goal, Curr: (-0.84,  0.87), ( -1.40,  -0.60)   Error: 1.58
Last SG, Last State: ( -1.40,   1.40), ( -1.40,  -0.60)  SG Improvement:-0.00431 

Goal, Curr: (-0.77,  1.13), ( -1.40,  -0.60)   Error: 1.85
Last SG, Last State: ( -1.21,   1.40), ( -1.40,  -0.60)  SG Improvement:0.00951 

Goal, Curr: (-0.78,  1.08), ( -1.40,  -0.60)   Error: 1.79
Last SG, Last State: ( -0.40,   1.40), ( -1.40,  -0.60)  SG Improvement:0.10952 

Goal, Curr: (-0.98,  1.25), ( -1.40,  -0.60)   Error: 1.90
Last SG, Last State: (  0.28,   0.97), ( -1.40,  -0.76)  SG Improvement:-0.24988 

Goal, Curr: (-1.15,  0.97), ( -1.40,  -0.60)   Error: 1.59
Last SG, Last State: ( -1.85,   1.40), ( -1.40,  -0.60)  SG Improvement:-0.03901 

Goal, Curr: (-1.20,  0.98), ( -1.40,  -0.60)   Error: 1.60
Last SG, Last State: ( -1.90,   1.40), ( -1.40,  -0.60)  SG Improvement:-0.04023 

episode:01400, mean:0.27, std:0.11, median:0.27, success:0.00
Goal, Curr: (-0.79,  0.83), ( -1.00,  -1.00)   Error: 1.84
Last SG, Last State: (  0.80,   0.97), ( -1.01,  -1.00)  SG Improvement:0.09390 

Goal, Curr: (-0.87,  0.94), ( -1.40,  -0.60)   Error: 1.63
Last SG, Last State: ( -0.64,   1.10), ( -1.40,  -0.63)  SG Improvement:-0.07266 

Goal, Curr: (-0.84,  0.80), ( -1.40,  -0.60)   Error: 1.50
Last SG, Last State: ( -0.15,   1.40), ( -1.40,  -0.60)  SG Improvement:0.12817 

Goal, Curr: (-0.95,  0.84), ( -1.40,  -0.60)   Error: 1.51
Last SG, Last State: ( -2.47,   1.40), ( -1.40,  -0.60)  SG Improvement:0.13989 

Goal, Curr: (-0.93,  1.17), ( -1.37,  -0.60)   Error: 1.83
Last SG, Last State: (  0.11,   1.33), ( -1.40,  -0.60)  SG Improvement:0.15903 

Goal, Curr: (-1.15,  0.78), ( -1.40,  -0.60)   Error: 1.41
Last SG, Last State: (  0.14,   1.37), ( -1.40,  -0.60)  SG Improvement:0.24963 

Goal, Curr: (-0.95,  0.90), ( -1.37,  -0.61)   Error: 1.56
Last SG, Last State: (  0.05,   1.40), ( -1.40,  -0.60)  SG Improvement:0.14165 

Goal, Curr: (-0.80,  0.90), ( -1.22,  -1.21)   Error: 2.16
Last SG, Last State: ( -0.02,   0.79), ( -1.22,  -1.21)  SG Improvement:-0.00000 

Goal, Curr: (-1.13,  0.77), ( -1.40,  -0.60)   Error: 1.39
Last SG, Last State: (  0.09,   1.40), ( -1.40,  -0.60)  SG Improvement:0.13977 

Goal, Curr: (-1.19,  1.24), ( -1.17,  -0.66)   Error: 1.90
Last SG, Last State: ( -1.72,   1.40), ( -1.40,  -0.60)  SG Improvement:0.02273 

episode:01500, mean:0.24, std:0.14, median:0.26, success:0.00
Goal, Curr: (-0.85,  0.83), ( -1.40,  -0.60)   Error: 1.53
Last SG, Last State: ( -0.67,   1.40), ( -1.40,  -0.60)  SG Improvement:0.10580 

Goal, Curr: (-1.05,  0.98), ( -1.40,  -0.64)   Error: 1.66
Last SG, Last State: ( -2.05,   1.37), ( -1.33,  -0.65)  SG Improvement:0.01960 

Goal, Curr: (-1.22,  0.91), ( -1.40,  -0.61)   Error: 1.53
Last SG, Last State: ( -2.18,   1.38), ( -1.32,  -0.67)  SG Improvement:0.01256 

Goal, Curr: (-0.92,  1.12), ( -1.40,  -0.60)   Error: 1.79
Last SG, Last State: ( -0.12,   1.37), ( -1.13,  -0.63)  SG Improvement:-0.08448 

Goal, Curr: (-1.11,  1.06), ( -1.40,  -0.60)   Error: 1.69
Last SG, Last State: ( -0.14,   1.37), ( -1.15,  -0.64)  SG Improvement:-0.02779 

Goal, Curr: (-1.19,  1.00), ( -1.37,  -0.61)   Error: 1.62
Last SG, Last State: ( -2.52,   1.40), ( -1.37,  -0.61)  SG Improvement:-0.02076 

Goal, Curr: (-1.00,  0.78), ( -1.40,  -0.60)   Error: 1.44
Last SG, Last State: (  0.10,   1.31), ( -1.40,  -0.60)  SG Improvement:0.25275 

Goal, Curr: (-0.75,  0.97), ( -1.32,  -0.63)   Error: 1.69
Last SG, Last State: (  0.12,   1.40), ( -1.40,  -0.60)  SG Improvement:0.27897 

Goal, Curr: (-0.76,  0.99), ( -1.36,  -0.62)   Error: 1.72
Last SG, Last State: (  0.09,   1.40), ( -1.40,  -0.60)  SG Improvement:0.21012 

Goal, Curr: (-0.96,  0.80), ( -1.38,  -0.61)   Error: 1.47
Last SG, Last State: (  0.17,   1.38), ( -1.40,  -0.60)  SG Improvement:0.12810 

episode:01600, mean:0.36, std:0.18, median:0.32, success:0.00
Goal, Curr: (-0.95,  1.03), ( -1.30,  -0.63)   Error: 1.70
Last SG, Last State: ( -2.58,   1.40), ( -1.37,  -0.61)  SG Improvement:-0.01219 

Goal, Curr: (-1.18,  1.01), ( -1.17,  -1.25)   Error: 2.26
Last SG, Last State: (  0.39,   0.75), ( -1.18,  -1.25)  SG Improvement:0.01754 

Goal, Curr: (-1.00,  1.07), ( -1.28,  -0.64)   Error: 1.73
Last SG, Last State: ( -0.39,   1.36), ( -1.26,  -0.62)  SG Improvement:-0.17260 

Goal, Curr: (-0.84,  1.12), ( -1.34,  -0.63)   Error: 1.82
Last SG, Last State: ( -2.56,   1.37), ( -1.40,  -0.60)  SG Improvement:0.11972 

Goal, Curr: (-0.78,  1.22), ( -1.29,  -0.69)   Error: 1.98
Last SG, Last State: ( -2.61,   1.37), ( -1.37,  -0.62)  SG Improvement:0.00928 

Goal, Curr: (-0.91,  0.77), ( -1.04,  -1.12)   Error: 1.89
Last SG, Last State: ( -0.50,   0.88), ( -1.01,  -1.12)  SG Improvement:-0.10473 

Goal, Curr: (-1.02,  0.98), ( -1.30,  -0.66)   Error: 1.66
Last SG, Last State: ( -2.53,   1.40), ( -1.36,  -0.62)  SG Improvement:-0.02162 

Goal, Curr: (-1.01,  0.79), ( -1.29,  -1.13)   Error: 1.94
Last SG, Last State: (  0.18,   0.87), ( -1.28,  -1.13)  SG Improvement:0.00502 

Goal, Curr: (-0.95,  1.00), ( -1.40,  -0.60)   Error: 1.66
Last SG, Last State: ( -0.61,   1.40), ( -1.40,  -0.60)  SG Improvement:0.15012 

Goal, Curr: (-1.07,  1.22), ( -1.21,  -0.65)   Error: 1.88
Last SG, Last State: ( -2.12,   1.39), ( -1.22,  -0.65)  SG Improvement:-0.43754 

episode:01700, mean:0.17, std:0.17, median:0.09, success:0.00
Goal, Curr: (-1.22,  0.81), ( -1.40,  -0.60)   Error: 1.42
Last SG, Last State: ( -1.28,   1.40), ( -1.40,  -0.60)  SG Improvement:0.02846 

Goal, Curr: (-0.79,  1.01), ( -1.30,  -1.02)   Error: 2.09
Last SG, Last State: (  0.34,   0.98), ( -1.23,  -1.02)  SG Improvement:-0.01584 

Goal, Curr: (-1.25,  1.17), ( -1.09,  -0.97)   Error: 2.16
Last SG, Last State: ( -0.60,   1.03), ( -1.07,  -0.98)  SG Improvement:-0.04025 

Goal, Curr: (-0.85,  0.85), ( -0.99,  -1.08)   Error: 1.93
Last SG, Last State: (  0.09,   0.92), ( -0.99,  -1.08)  SG Improvement:0.04073 

Goal, Curr: (-1.06,  1.13), ( -1.37,  -1.15)   Error: 2.30
Last SG, Last State: (  0.42,   0.81), ( -1.40,  -1.15)  SG Improvement:-0.10267 

Goal, Curr: (-0.94,  1.04), ( -1.25,  -0.85)   Error: 1.91
Last SG, Last State: (  0.22,   1.15), ( -1.25,  -0.85)  SG Improvement:0.06882 

Goal, Curr: (-0.94,  1.04), ( -1.39,  -0.61)   Error: 1.70
Last SG, Last State: (  0.77,   1.34), ( -1.09,  -0.66)  SG Improvement:-0.16265 

Goal, Curr: (-1.12,  1.10), ( -1.01,  -1.17)   Error: 2.28
Last SG, Last State: ( -0.60,   0.83), ( -1.01,  -1.17)  SG Improvement:-0.02984 

Goal, Curr: (-1.24,  0.89), ( -1.40,  -0.60)   Error: 1.50
Last SG, Last State: ( -2.39,   1.40), ( -1.40,  -0.60)  SG Improvement:0.03186 

Goal, Curr: (-0.95,  0.97), ( -1.30,  -1.10)   Error: 2.09
Last SG, Last State: ( -1.10,   0.91), ( -1.31,  -1.10)  SG Improvement:-0.11455 

episode:01800, mean:0.04, std:0.15, median:0.02, success:0.00
Goal, Curr: (-0.92,  0.91), ( -1.40,  -0.69)   Error: 1.67
Last SG, Last State: ( -0.37,   1.29), ( -1.40,  -0.64)  SG Improvement:0.22714 

Goal, Curr: (-0.87,  0.93), ( -1.35,  -0.98)   Error: 1.97
Last SG, Last State: ( -0.45,   1.01), ( -1.36,  -0.98)  SG Improvement:-0.04665 

Goal, Curr: (-1.14,  1.23), ( -1.12,  -1.24)   Error: 2.47
Last SG, Last State: (  0.06,   0.76), ( -1.11,  -1.24)  SG Improvement:-0.01660 

Goal, Curr: (-1.02,  0.93), ( -1.24,  -0.86)   Error: 1.81
Last SG, Last State: ( -0.11,   1.13), ( -1.24,  -0.86)  SG Improvement:-0.00819 

Goal, Curr: (-1.19,  0.85), ( -1.28,  -1.14)   Error: 1.98
Last SG, Last State: (  0.08,   0.86), ( -1.27,  -1.14)  SG Improvement:-0.00307 

Goal, Curr: (-0.80,  1.05), ( -1.17,  -0.81)   Error: 1.90
Last SG, Last State: ( -0.25,   1.18), ( -1.17,  -0.81)  SG Improvement:-0.01740 

Goal, Curr: (-0.80,  1.03), ( -1.19,  -1.07)   Error: 2.14
Last SG, Last State: ( -0.36,   0.91), ( -1.10,  -1.08)  SG Improvement:-0.12180 

Goal, Curr: (-0.84,  0.83), ( -1.38,  -0.82)   Error: 1.73
Last SG, Last State: ( -0.36,   1.18), ( -1.40,  -0.82)  SG Improvement:-0.17426 

Goal, Curr: (-1.25,  1.12), ( -1.27,  -0.79)   Error: 1.91
Last SG, Last State: ( -1.53,   1.19), ( -1.24,  -0.80)  SG Improvement:-0.12232 

Goal, Curr: (-1.01,  1.20), ( -1.17,  -1.17)   Error: 2.37
Last SG, Last State: (  0.09,   0.83), ( -1.14,  -1.17)  SG Improvement:0.06869 

episode:01900, mean:-0.00, std:0.04, median:-0.00, success:0.00
Goal, Curr: (-0.91,  0.84), ( -1.40,  -0.77)   Error: 1.68
Last SG, Last State: ( -0.59,   0.60), ( -1.40,  -0.98)  SG Improvement:-0.22882 

Goal, Curr: (-1.13,  1.11), ( -1.40,  -0.60)   Error: 1.73
Last SG, Last State: ( -1.80,   0.99), ( -1.25,  -0.69)  SG Improvement:-0.03392 

Goal, Curr: (-1.15,  1.17), ( -1.40,  -0.60)   Error: 1.79
Last SG, Last State: ( -1.65,   1.17), ( -1.40,  -0.63)  SG Improvement:-0.08537 

Goal, Curr: (-1.08,  1.05), ( -1.40,  -0.60)   Error: 1.68
Last SG, Last State: ( -1.66,   1.18), ( -1.40,  -0.67)  SG Improvement:-0.01500 

Goal, Curr: (-1.09,  1.11), ( -1.40,  -0.60)   Error: 1.74
Last SG, Last State: ( -1.32,   1.06), ( -1.40,  -0.72)  SG Improvement:0.23848 

Goal, Curr: (-1.24,  0.79), ( -1.40,  -0.60)   Error: 1.40
Last SG, Last State: ( -1.62,   1.11), ( -1.40,  -0.70)  SG Improvement:0.02440 

Goal, Curr: (-0.77,  1.24), ( -1.40,  -0.60)   Error: 1.95
Last SG, Last State: ( -1.73,   1.22), ( -1.40,  -0.60)  SG Improvement:0.00038 

Goal, Curr: (-1.19,  1.05), ( -1.40,  -0.60)   Error: 1.66
Last SG, Last State: ( -0.23,   1.29), ( -1.38,  -0.62)  SG Improvement:0.25256 

Goal, Curr: (-0.89,  0.95), ( -1.40,  -0.82)   Error: 1.85
Last SG, Last State: ( -0.33,   1.10), ( -1.40,  -0.70)  SG Improvement:0.09407 

Goal, Curr: (-0.98,  1.08), ( -1.40,  -0.60)   Error: 1.73
Last SG, Last State: ( -1.59,   1.19), ( -1.40,  -0.68)  SG Improvement:0.02741 

episode:02000, mean:0.29, std:0.17, median:0.24, success:0.00
Goal, Curr: (-0.85,  1.01), ( -1.40,  -0.60)   Error: 1.70
Last SG, Last State: ( -1.62,   1.14), ( -1.40,  -0.60)  SG Improvement:0.37610 

Goal, Curr: (-1.11,  0.92), ( -1.40,  -0.60)   Error: 1.55
Last SG, Last State: ( -1.72,   1.06), ( -1.40,  -0.60)  SG Improvement:-0.04533 

Goal, Curr: (-0.98,  0.87), ( -1.40,  -0.63)   Error: 1.55
Last SG, Last State: ( -1.03,   0.98), ( -1.40,  -0.60)  SG Improvement:0.01798 

Goal, Curr: (-0.99,  0.92), ( -1.40,  -0.60)   Error: 1.57
Last SG, Last State: ( -0.84,   1.23), ( -1.40,  -0.60)  SG Improvement:0.33253 

Goal, Curr: (-0.83,  0.81), ( -1.40,  -0.60)   Error: 1.52
Last SG, Last State: ( -1.29,   0.88), ( -1.40,  -0.73)  SG Improvement:-0.04296 

Goal, Curr: (-0.85,  1.21), ( -1.40,  -0.60)   Error: 1.89
Last SG, Last State: ( -1.98,   1.10), ( -1.40,  -0.60)  SG Improvement:0.03616 

Goal, Curr: (-0.87,  1.18), ( -1.40,  -0.60)   Error: 1.86
Last SG, Last State: ( -1.70,   1.10), ( -1.40,  -0.60)  SG Improvement:0.00518 

Goal, Curr: (-0.94,  1.09), ( -1.40,  -0.60)   Error: 1.75
Last SG, Last State: ( -1.68,   1.10), ( -1.40,  -0.60)  SG Improvement:0.00390 

Goal, Curr: (-1.00,  0.86), ( -1.40,  -0.60)   Error: 1.51
Last SG, Last State: ( -1.35,   0.96), ( -1.40,  -0.60)  SG Improvement:-0.00599 

Goal, Curr: (-0.79,  1.16), ( -1.40,  -0.60)   Error: 1.87
Last SG, Last State: ( -0.07,   0.36), ( -1.40,  -0.78)  SG Improvement:0.06654 

episode:02100, mean:0.34, std:0.12, median:0.29, success:0.00
Log radii:  [0. 0. 0. 0. 0. 0.]
Adjusted log radii:  [ 1.19000006  2.38999987  2.08999991  2.38999987 -0.          1.78999996]
Goal, Curr: (-1.01,  0.89), ( -1.40,  -0.60)   Error: 1.54
Last SG, Last State: ( -1.06,   1.32), ( -1.40,  -0.68)  SG Improvement:0.35588 

Goal, Curr: (-0.78,  1.23), ( -1.40,  -0.60)   Error: 1.93
Last SG, Last State: ( -1.24,   1.16), ( -1.40,  -0.60)  SG Improvement:0.00013 

Goal, Curr: (-0.93,  1.21), ( -1.40,  -0.60)   Error: 1.87
Last SG, Last State: ( -1.34,   1.17), ( -1.40,  -0.60)  SG Improvement:-0.01737 

Goal, Curr: (-1.00,  1.05), ( -1.40,  -0.60)   Error: 1.70
Last SG, Last State: ( -1.13,   1.12), ( -1.40,  -0.60)  SG Improvement:-0.00003 

Goal, Curr: (-1.17,  1.04), ( -1.40,  -0.60)   Error: 1.66
Last SG, Last State: ( -1.02,   1.08), ( -1.40,  -0.60)  SG Improvement:0.00152 

Goal, Curr: (-0.98,  0.98), ( -1.40,  -0.60)   Error: 1.64
Last SG, Last State: ( -1.16,   1.13), ( -1.40,  -0.60)  SG Improvement:-0.00132 

Goal, Curr: (-0.93,  0.76), ( -1.40,  -0.60)   Error: 1.44
Last SG, Last State: ( -0.64,   0.98), ( -1.40,  -0.60)  SG Improvement:0.00038 

Goal, Curr: (-0.96,  0.95), ( -1.40,  -0.60)   Error: 1.61
Last SG, Last State: ( -1.68,   1.26), ( -1.40,  -0.60)  SG Improvement:0.01745 

Goal, Curr: (-1.14,  0.93), ( -1.40,  -0.60)   Error: 1.56
Last SG, Last State: ( -1.45,   1.20), ( -1.40,  -0.60)  SG Improvement:-0.02479 

Goal, Curr: (-1.10,  0.81), ( -1.40,  -0.60)   Error: 1.44
Last SG, Last State: ( -0.78,   1.01), ( -1.40,  -0.60)  SG Improvement:0.00152 

episode:02200, mean:0.33, std:0.13, median:0.30, success:0.00
Goal, Curr: (-1.05,  1.02), ( -1.40,  -0.60)   Error: 1.66
Last SG, Last State: ( -0.50,   0.59), ( -1.40,  -0.66)  SG Improvement:-0.21887 

Goal, Curr: (-0.93,  1.12), ( -1.40,  -0.60)   Error: 1.78
Last SG, Last State: ( -0.80,   1.05), ( -1.40,  -0.60)  SG Improvement:0.32908 

Goal, Curr: (-1.17,  1.02), ( -1.40,  -0.71)   Error: 1.75
Last SG, Last State: ( -0.36,   0.82), ( -1.40,  -0.60)  SG Improvement:0.00049 

Goal, Curr: (-1.13,  0.90), ( -1.37,  -1.20)   Error: 2.12
Last SG, Last State: ( -0.09,  -0.15), ( -1.20,  -1.21)  SG Improvement:0.07427 

Goal, Curr: (-1.00,  1.17), ( -1.40,  -0.60)   Error: 1.82
Last SG, Last State: ( -0.92,   1.15), ( -1.40,  -0.60)  SG Improvement:0.00898 

Goal, Curr: (-0.88,  1.13), ( -1.40,  -0.60)   Error: 1.81
Last SG, Last State: ( -0.68,   1.04), ( -1.40,  -0.60)  SG Improvement:-0.00078 

Goal, Curr: (-0.78,  0.93), ( -1.40,  -0.60)   Error: 1.66
Last SG, Last State: ( -1.17,   1.13), ( -1.40,  -0.60)  SG Improvement:0.43689 

Goal, Curr: (-1.03,  0.75), ( -1.28,  -1.12)   Error: 1.89
Last SG, Last State: (  0.23,  -0.04), ( -1.30,  -1.12)  SG Improvement:0.31579 

Goal, Curr: (-0.77,  1.04), ( -1.19,  -1.15)   Error: 2.23
Last SG, Last State: ( -0.07,  -0.18), ( -1.06,  -1.17)  SG Improvement:0.00733 

Goal, Curr: (-0.94,  1.03), ( -1.40,  -0.77)   Error: 1.86
Last SG, Last State: ( -0.65,   1.03), ( -1.40,  -0.60)  SG Improvement:-0.00250 

episode:02300, mean:0.21, std:0.20, median:0.22, success:0.00
Log radii:  [0. 0. 0. 0. 0. 0.]
Adjusted log radii:  [ 2.08999991  2.08999991  2.08999991  2.38999987  0.59000003 -0.        ]
Goal, Curr: (-0.80,  0.83), ( -1.40,  -1.40)   Error: 2.31
Last SG, Last State: ( -0.06,  -0.19), ( -1.40,  -1.40)  SG Improvement:-0.00085 

Goal, Curr: (-1.12,  0.93), ( -1.40,  -0.60)   Error: 1.56
Last SG, Last State: ( -0.53,   0.45), ( -1.40,  -0.91)  SG Improvement:-0.27993 

Goal, Curr: (-0.92,  1.09), ( -1.40,  -1.40)   Error: 2.53
Last SG, Last State: ( -0.17,  -0.10), ( -1.40,  -1.40)  SG Improvement:0.00185 

Goal, Curr: (-1.21,  1.02), ( -1.40,  -1.27)   Error: 2.30
Last SG, Last State: ( -0.13,   0.11), ( -1.39,  -1.24)  SG Improvement:0.00810 

Goal, Curr: (-0.79,  1.24), ( -1.40,  -1.40)   Error: 2.71
Last SG, Last State: ( -0.21,  -0.08), ( -1.40,  -1.40)  SG Improvement:0.00059 

Goal, Curr: (-1.10,  1.10), ( -1.40,  -1.38)   Error: 2.50
Last SG, Last State: ( -0.18,   0.03), ( -1.40,  -1.36)  SG Improvement:-0.03044 

Goal, Curr: (-0.76,  1.22), ( -1.40,  -1.20)   Error: 2.50
Last SG, Last State: ( -0.28,  -0.22), ( -1.33,  -1.33)  SG Improvement:-0.30402 

Goal, Curr: (-1.16,  0.92), ( -1.40,  -1.40)   Error: 2.33
Last SG, Last State: ( -0.14,  -0.11), ( -1.40,  -1.40)  SG Improvement:0.00111 

Goal, Curr: (-1.18,  0.95), ( -1.40,  -0.60)   Error: 1.57
Last SG, Last State: ( -0.50,   0.39), ( -1.40,  -0.92)  SG Improvement:-0.26713 

Goal, Curr: (-1.20,  0.79), ( -1.40,  -1.40)   Error: 2.20
Last SG, Last State: ( -0.09,  -0.15), ( -1.40,  -1.40)  SG Improvement:0.00168 

episode:02400, mean:-0.25, std:0.32, median:-0.37, success:0.00
Goal, Curr: (-1.05,  0.92), ( -1.40,  -1.16)   Error: 2.11
Last SG, Last State: ( -0.04,   0.26), ( -1.40,  -1.18)  SG Improvement:-0.00892 

Goal, Curr: (-0.90,  0.96), ( -1.34,  -1.39)   Error: 2.39
Last SG, Last State: (  0.02,   0.06), ( -1.39,  -1.39)  SG Improvement:-0.01950 

Goal, Curr: (-1.09,  1.24), ( -1.40,  -0.60)   Error: 1.87
Last SG, Last State: ( -0.50,   0.74), ( -1.40,  -0.60)  SG Improvement:-0.06794 

Goal, Curr: (-0.89,  0.97), ( -1.40,  -1.40)   Error: 2.42
Last SG, Last State: ( -0.03,   0.07), ( -1.40,  -1.40)  SG Improvement:-0.00030 

Goal, Curr: (-0.83,  1.17), ( -1.40,  -0.60)   Error: 1.86
Last SG, Last State: ( -0.48,   0.81), ( -1.40,  -0.60)  SG Improvement:-0.01365 

Goal, Curr: (-1.15,  0.79), ( -1.40,  -1.40)   Error: 2.20
Last SG, Last State: (  0.02,   0.08), ( -1.40,  -1.40)  SG Improvement:0.00320 

Goal, Curr: (-0.98,  1.08), ( -1.40,  -0.66)   Error: 1.79
Last SG, Last State: ( -0.38,   0.72), ( -1.40,  -0.68)  SG Improvement:0.02113 

Goal, Curr: (-0.89,  0.93), ( -1.40,  -0.80)   Error: 1.80
Last SG, Last State: ( -0.25,   0.60), ( -1.40,  -0.82)  SG Improvement:0.02992 

Goal, Curr: (-1.04,  0.75), ( -1.40,  -1.40)   Error: 2.18
Last SG, Last State: ( -0.02,   0.09), ( -1.40,  -1.40)  SG Improvement:0.00059 

Goal, Curr: (-1.15,  0.82), ( -1.40,  -1.40)   Error: 2.23
Last SG, Last State: ( -0.01,   0.09), ( -1.40,  -1.40)  SG Improvement:-0.00056 

episode:02500, mean:-0.13, std:0.19, median:-0.12, success:0.00
Goal, Curr: (-1.16,  0.85), ( -1.40,  -0.60)   Error: 1.47
Last SG, Last State: ( -0.72,   1.04), ( -1.40,  -0.60)  SG Improvement:-0.00016 

Goal, Curr: (-0.76,  1.03), ( -1.40,  -0.60)   Error: 1.75
Last SG, Last State: ( -0.42,   1.15), ( -1.40,  -0.74)  SG Improvement:-0.00805 

Goal, Curr: (-0.94,  1.21), ( -1.40,  -0.64)   Error: 1.91
Last SG, Last State: ( -0.72,   0.89), ( -1.40,  -0.60)  SG Improvement:0.11859 

Goal, Curr: (-0.82,  0.82), ( -1.40,  -0.79)   Error: 1.72
Last SG, Last State: ( -0.30,   0.60), ( -1.40,  -0.60)  SG Improvement:-0.22615 

Goal, Curr: (-1.23,  0.75), ( -1.40,  -1.34)   Error: 2.10
Last SG, Last State: ( -0.29,   0.57), ( -1.40,  -1.28)  SG Improvement:0.00050 

Goal, Curr: (-1.03,  1.01), ( -1.40,  -0.74)   Error: 1.79
Last SG, Last State: ( -0.80,   0.81), ( -1.40,  -0.86)  SG Improvement:0.26118 

Goal, Curr: (-0.79,  1.11), ( -1.40,  -0.64)   Error: 1.86
Last SG, Last State: ( -0.58,   0.76), ( -1.40,  -0.60)  SG Improvement:-0.20146 

Goal, Curr: (-1.24,  1.08), ( -1.40,  -0.60)   Error: 1.69
Last SG, Last State: ( -0.77,   0.93), ( -1.40,  -0.60)  SG Improvement:-0.00013 

Goal, Curr: (-1.23,  0.96), ( -1.40,  -0.60)   Error: 1.57
Last SG, Last State: ( -0.78,   0.97), ( -1.40,  -0.60)  SG Improvement:-0.06091 

Goal, Curr: (-0.89,  0.82), ( -1.40,  -1.04)   Error: 1.94
Last SG, Last State: ( -0.83,   0.73), ( -1.40,  -1.00)  SG Improvement:0.31249 

episode:02600, mean:0.18, std:0.17, median:0.15, success:0.00
Log radii:  [0. 0. 0. 0. 0. 0.]
Adjusted log radii:  [1.49000001 1.49000001 0.89000005 1.78999996 1.78999996 1.49000001]
Goal, Curr: (-0.93,  0.90), ( -1.39,  -0.61)   Error: 1.58
Last SG, Last State: (  0.40,   1.35), ( -1.40,  -0.60)  SG Improvement:-0.12940 

Goal, Curr: (-1.00,  1.23), ( -1.40,  -0.60)   Error: 1.88
Last SG, Last State: (  0.47,   1.36), ( -1.39,  -0.61)  SG Improvement:0.07890 

Goal, Curr: (-1.08,  0.99), ( -1.40,  -0.60)   Error: 1.62
Last SG, Last State: (  0.48,   1.37), ( -1.39,  -0.61)  SG Improvement:0.08948 

Goal, Curr: (-1.18,  1.15), ( -1.40,  -0.60)   Error: 1.76
Last SG, Last State: (  0.45,   1.35), ( -1.39,  -0.61)  SG Improvement:0.05236 

Goal, Curr: (-1.24,  0.84), ( -1.40,  -0.60)   Error: 1.45
Last SG, Last State: (  0.45,   1.36), ( -1.40,  -0.60)  SG Improvement:-0.00852 

Goal, Curr: (-1.07,  0.86), ( -1.40,  -0.60)   Error: 1.50
Last SG, Last State: (  0.50,   1.37), ( -1.39,  -0.61)  SG Improvement:0.11346 

Goal, Curr: (-1.21,  0.94), ( -1.40,  -0.60)   Error: 1.55
Last SG, Last State: (  0.42,   1.34), ( -1.40,  -0.60)  SG Improvement:0.01675 

Goal, Curr: (-1.12,  0.94), ( -1.40,  -0.60)   Error: 1.57
Last SG, Last State: (  0.44,   1.34), ( -1.40,  -0.60)  SG Improvement:0.01517 

Goal, Curr: (-1.24,  0.91), ( -1.40,  -0.60)   Error: 1.51
Last SG, Last State: (  0.48,   1.36), ( -1.39,  -0.61)  SG Improvement:0.08813 

Goal, Curr: (-1.08,  0.80), ( -1.39,  -0.61)   Error: 1.45
Last SG, Last State: (  0.46,   1.36), ( -1.39,  -0.61)  SG Improvement:-0.01370 

episode:02700, mean:0.41, std:0.15, median:0.42, success:0.00
Goal, Curr: (-1.04,  1.24), ( -1.38,  -0.61)   Error: 1.88
Last SG, Last State: (  0.26,   1.36), ( -1.40,  -0.60)  SG Improvement:-0.05430 

Goal, Curr: (-1.18,  0.79), ( -1.40,  -0.60)   Error: 1.41
Last SG, Last State: (  0.37,   1.38), ( -1.40,  -0.60)  SG Improvement:-0.00120 

Goal, Curr: (-1.20,  1.22), ( -1.34,  -0.63)   Error: 1.86
Last SG, Last State: (  0.40,   1.37), ( -1.38,  -0.61)  SG Improvement:0.05589 

Goal, Curr: (-0.90,  0.87), ( -1.39,  -0.61)   Error: 1.56
Last SG, Last State: (  0.38,   1.37), ( -1.39,  -0.60)  SG Improvement:-0.00224 

Goal, Curr: (-1.19,  0.90), ( -1.38,  -0.61)   Error: 1.53
Last SG, Last State: (  0.36,   1.37), ( -1.39,  -0.61)  SG Improvement:-0.01356 

Goal, Curr: (-1.10,  1.03), ( -1.39,  -1.19)   Error: 2.24
Last SG, Last State: (  0.40,   1.37), ( -1.39,  -1.19)  SG Improvement:-0.48090 

Goal, Curr: (-0.88,  1.17), ( -1.40,  -0.60)   Error: 1.85
Last SG, Last State: ( -1.02,   1.15), ( -1.40,  -0.60)  SG Improvement:0.14845 

Goal, Curr: (-0.89,  0.81), ( -1.39,  -0.61)   Error: 1.50
Last SG, Last State: (  0.38,   1.38), ( -1.40,  -0.60)  SG Improvement:0.00015 

Goal, Curr: (-1.23,  1.00), ( -1.39,  -1.16)   Error: 2.17
Last SG, Last State: (  0.40,   1.38), ( -1.38,  -1.16)  SG Improvement:-0.57308 

Goal, Curr: (-1.08,  1.00), ( -1.38,  -0.62)   Error: 1.64
Last SG, Last State: (  0.38,   1.36), ( -1.38,  -0.62)  SG Improvement:-0.01100 

episode:02800, mean:0.26, std:0.32, median:0.38, success:0.00
Goal, Curr: (-0.95,  1.19), ( -1.40,  -0.60)   Error: 1.85
Last SG, Last State: (  0.43,   0.90), ( -1.26,  -0.81)  SG Improvement:0.15103 

Goal, Curr: (-0.82,  1.14), ( -1.40,  -0.84)   Error: 2.06
Last SG, Last State: (  0.50,   1.06), ( -1.25,  -0.69)  SG Improvement:0.28211 

Goal, Curr: (-0.83,  1.24), ( -1.30,  -0.72)   Error: 2.01
Last SG, Last State: (  0.21,   0.82), ( -1.29,  -0.68)  SG Improvement:-0.35709 

Goal, Curr: (-0.89,  0.87), ( -1.40,  -0.60)   Error: 1.56
Last SG, Last State: (  0.28,   1.07), ( -1.40,  -0.60)  SG Improvement:0.00690 

Goal, Curr: (-1.23,  0.77), ( -1.40,  -0.60)   Error: 1.39
Last SG, Last State: (  0.27,   1.04), ( -1.40,  -0.60)  SG Improvement:0.00579 

Goal, Curr: (-0.75,  0.86), ( -1.40,  -0.60)   Error: 1.59
Last SG, Last State: (  0.28,   1.10), ( -1.40,  -0.60)  SG Improvement:0.00780 

Goal, Curr: (-1.14,  0.81), ( -1.33,  -0.64)   Error: 1.46
Last SG, Last State: (  0.23,   1.01), ( -1.35,  -0.63)  SG Improvement:0.02533 

Goal, Curr: (-1.00,  0.97), ( -1.30,  -0.73)   Error: 1.73
Last SG, Last State: (  0.24,   0.93), ( -1.32,  -0.65)  SG Improvement:-0.00040 

Goal, Curr: (-1.22,  1.25), ( -0.85,  -0.75)   Error: 2.03
Last SG, Last State: (  0.36,   1.15), ( -1.31,  -0.90)  SG Improvement:0.23686 

Goal, Curr: (-0.91,  1.20), ( -1.40,  -0.61)   Error: 1.88
Last SG, Last State: (  0.41,   0.90), ( -1.27,  -0.81)  SG Improvement:0.11695 

episode:02900, mean:0.32, std:0.14, median:0.34, success:0.00
Goal, Curr: (-0.92,  0.96), ( -1.39,  -0.61)   Error: 1.64
Last SG, Last State: ( -1.32,   0.10), ( -1.40,  -0.60)  SG Improvement:-0.40077 

Goal, Curr: (-0.98,  1.15), ( -0.94,  -0.83)   Error: 1.98
Last SG, Last State: ( -1.97,  -1.37), ( -0.90,  -0.85)  SG Improvement:0.34072 

Goal, Curr: (-1.04,  0.79), ( -1.40,  -0.62)   Error: 1.45
Last SG, Last State: ( -1.26,  -0.12), ( -1.40,  -0.73)  SG Improvement:0.15613 

Goal, Curr: (-1.01,  0.98), ( -1.34,  -0.79)   Error: 1.80
Last SG, Last State: ( -1.09,   0.19), ( -1.34,  -0.79)  SG Improvement:-0.00287 

Goal, Curr: (-0.87,  0.82), ( -1.40,  -0.87)   Error: 1.78
Last SG, Last State: ( -1.17,  -0.24), ( -1.07,  -1.04)  SG Improvement:-0.11907 

Goal, Curr: (-0.94,  0.94), ( -1.31,  -0.87)   Error: 1.85
Last SG, Last State: ( -2.88,  -0.06), ( -1.24,  -0.83)  SG Improvement:0.05129 

Goal, Curr: (-0.79,  0.91), ( -1.40,  -1.03)   Error: 2.04
Last SG, Last State: ( -2.32,   0.10), ( -1.27,  -0.75)  SG Improvement:-0.27682 

Goal, Curr: (-1.20,  1.02), ( -1.40,  -0.84)   Error: 1.87
Last SG, Last State: ( -2.49,   0.05), ( -1.22,  -0.75)  SG Improvement:-0.09646 

Goal, Curr: (-0.93,  1.01), ( -1.39,  -0.61)   Error: 1.68
Last SG, Last State: ( -1.00,  -0.01), ( -1.40,  -0.60)  SG Improvement:-0.04344 

Goal, Curr: (-1.17,  0.97), ( -0.85,  -0.88)   Error: 1.88
Last SG, Last State: ( -1.46,  -0.48), ( -0.72,  -0.92)  SG Improvement:-0.06341 

episode:03000, mean:0.17, std:0.16, median:0.13, success:0.00
