Using device: cpu
gc-1.0-tg10-buffer60
Goal, Curr: (-0.80,  0.77), ( -1.38,  -0.60)   Error: 1.49
Last SG, Last State: (  0.24,   0.73), ( -1.39,  -0.62)  SG Improvement:-0.44835 

Goal, Curr: (-1.11,  1.07), ( -0.59,  -1.02)   Error: 2.16
Last SG, Last State: ( -0.84,   1.24), ( -1.37,  -0.65)  SG Improvement:0.29301 

Goal, Curr: (-1.05,  0.92), ( -0.74,  -0.60)   Error: 1.55
Last SG, Last State: (  0.23,   0.87), ( -0.99,  -0.85)  SG Improvement:-1.27077 

Goal, Curr: (-0.89,  0.90), ( -1.15,  -0.93)   Error: 1.85
Last SG, Last State: (  0.25,   0.91), ( -1.40,  -0.61)  SG Improvement:-0.15502 

Goal, Curr: (-0.98,  1.01), ( -0.83,  -0.92)   Error: 1.94
Last SG, Last State: (  0.27,   0.91), ( -1.31,  -0.64)  SG Improvement:0.04901 

Goal, Curr: (-1.06,  0.88), ( -1.40,  -0.61)   Error: 1.53
Last SG, Last State: (  0.30,   0.94), ( -1.34,  -0.60)  SG Improvement:-0.39238 

Goal, Curr: (-0.94,  1.12), ( -1.35,  -0.98)   Error: 2.14
Last SG, Last State: (  0.06,   1.03), ( -1.03,  -0.81)  SG Improvement:-0.33830 

Goal, Curr: (-1.03,  1.21), ( -1.33,  -0.65)   Error: 1.89
Last SG, Last State: ( -1.27,   1.08), ( -1.40,  -0.61)  SG Improvement:0.09282 

Goal, Curr: (-0.89,  1.16), ( -0.58,  -1.36)   Error: 2.54
Last SG, Last State: ( -0.26,   1.04), ( -1.00,  -1.41)  SG Improvement:-0.90113 

Goal, Curr: (-1.10,  0.93), ( -1.35,  -0.98)   Error: 1.93
Last SG, Last State: ( -0.14,   1.06), ( -1.01,  -0.87)  SG Improvement:-0.32073 

episode:00100, mean:0.12, std:0.32, median:0.18, success:0.00
Goal, Curr: (-0.89,  0.80), ( -0.88,  -0.63)   Error: 1.42
Last SG, Last State: ( -0.97,   0.65), ( -1.40,  -0.60)  SG Improvement:-0.41508 

Goal, Curr: (-1.08,  1.17), ( -0.66,  -0.66)   Error: 1.88
Last SG, Last State: (  1.14,  -0.76), ( -0.66,  -0.62)  SG Improvement:-1.66941 

Goal, Curr: (-0.90,  0.81), ( -0.62,  -0.66)   Error: 1.50
Last SG, Last State: (  0.73,   0.61), ( -0.62,  -0.66)  SG Improvement:0.12497 

Goal, Curr: (-0.93,  0.90), ( -0.63,  -0.66)   Error: 1.59
Last SG, Last State: (  0.77,   0.63), ( -0.63,  -0.66)  SG Improvement:0.08741 

Goal, Curr: (-1.02,  0.97), ( -0.66,  -0.64)   Error: 1.65
Last SG, Last State: (  0.82,   0.67), ( -0.61,  -0.64)  SG Improvement:0.15455 

Goal, Curr: (-1.12,  1.17), ( -0.92,  -0.91)   Error: 2.08
Last SG, Last State: (  0.12,   0.55), ( -1.22,  -0.93)  SG Improvement:0.17847 

Goal, Curr: (-0.86,  1.03), (  0.16,  -1.23)   Error: 2.48
Last SG, Last State: (  1.34,   0.59), ( -0.64,  -0.89)  SG Improvement:-1.08547 

Goal, Curr: (-0.94,  1.15), ( -0.81,  -0.67)   Error: 1.83
Last SG, Last State: (  0.61,   0.65), ( -0.91,  -0.68)  SG Improvement:0.12977 

Goal, Curr: (-1.02,  1.09), (  0.41,  -1.00)   Error: 2.52
Last SG, Last State: (  0.47,   0.93), (  0.47,  -0.60)  SG Improvement:-0.88269 

Goal, Curr: (-0.95,  0.85), ( -0.92,  -0.61)   Error: 1.46
Last SG, Last State: ( -0.74,   0.60), ( -1.40,  -0.60)  SG Improvement:0.22691 

episode:00200, mean:0.12, std:0.23, median:0.12, success:0.00
Goal, Curr: (-0.87,  1.06), ( -0.18,  -0.60)   Error: 1.80
Last SG, Last State: (  0.56,   0.57), ( -0.51,  -0.60)  SG Improvement:0.49794 

Goal, Curr: (-0.77,  1.11), ( -0.98,  -1.14)   Error: 2.26
Last SG, Last State: ( -0.87,  -0.21), ( -0.98,  -1.14)  SG Improvement:0.01059 

Goal, Curr: (-0.79,  1.21), ( -1.02,  -0.80)   Error: 2.03
Last SG, Last State: ( -0.85,   0.10), ( -1.04,  -0.80)  SG Improvement:0.01955 

Goal, Curr: (-0.98,  1.08), ( -0.83,  -0.91)   Error: 2.00
Last SG, Last State: ( -0.75,  -0.03), ( -0.83,  -0.91)  SG Improvement:0.00000 

Goal, Curr: (-1.17,  1.21), ( -0.40,  -1.25)   Error: 2.57
Last SG, Last State: ( -0.49,  -0.19), ( -0.68,  -1.17)  SG Improvement:0.09627 

Goal, Curr: (-0.80,  1.20), ( -0.89,  -1.01)   Error: 2.22
Last SG, Last State: ( -0.79,   0.04), ( -1.02,  -0.96)  SG Improvement:0.01786 

Goal, Curr: (-1.10,  1.18), ( -0.61,  -1.10)   Error: 2.33
Last SG, Last State: ( -0.60,   0.07), ( -0.83,  -1.03)  SG Improvement:0.00156 

Goal, Curr: (-1.15,  1.21), ( -0.41,  -1.14)   Error: 2.46
Last SG, Last State: ( -0.40,  -0.20), ( -0.60,  -1.22)  SG Improvement:0.06004 

Goal, Curr: (-0.93,  1.23), ( -0.72,  -0.82)   Error: 2.06
Last SG, Last State: ( -0.66,   0.00), ( -0.88,  -1.04)  SG Improvement:-0.13125 

Goal, Curr: (-1.19,  0.79), ( -0.86,  -0.87)   Error: 1.69
Last SG, Last State: ( -0.72,   0.10), ( -0.94,  -0.83)  SG Improvement:0.04153 

episode:00300, mean:-0.01, std:0.21, median:-0.03, success:0.00
Goal, Curr: (-1.08,  0.79), ( -0.06,  -1.40)   Error: 2.41
Last SG, Last State: ( -0.51,  -0.06), ( -0.66,  -1.10)  SG Improvement:0.01768 

Goal, Curr: (-0.83,  1.15), ( -0.72,  -0.60)   Error: 1.75
Last SG, Last State: ( -0.62,   0.09), ( -0.81,  -0.79)  SG Improvement:-0.93999 

Goal, Curr: (-0.88,  1.17), ( -0.22,  -1.40)   Error: 2.65
Last SG, Last State: (  1.77,   0.24), (  0.10,  -1.34)  SG Improvement:-0.42329 

Goal, Curr: (-0.82,  1.05), ( -0.75,  -0.91)   Error: 1.96
Last SG, Last State: ( -0.65,   0.04), ( -0.77,  -0.90)  SG Improvement:0.00923 

Goal, Curr: (-1.18,  1.19), ( -0.01,  -0.64)   Error: 2.18
Last SG, Last State: ( -0.49,  -0.44), ( -0.32,  -0.84)  SG Improvement:-0.21528 

Goal, Curr: (-1.00,  0.96), (  0.34,  -1.34)   Error: 2.66
Last SG, Last State: (  1.83,   0.45), ( -0.08,  -0.73)  SG Improvement:-0.71867 

Goal, Curr: (-0.84,  1.12), ( -0.89,  -0.84)   Error: 1.96
Last SG, Last State: ( -0.78,   0.14), ( -0.91,  -0.83)  SG Improvement:-0.00084 

Goal, Curr: (-1.04,  0.83), ( -0.79,  -0.79)   Error: 1.65
Last SG, Last State: ( -0.64,   0.14), ( -0.80,  -0.79)  SG Improvement:0.00009 

Goal, Curr: (-1.01,  0.81), ( -0.90,  -0.79)   Error: 1.61
Last SG, Last State: ( -0.81,   0.14), ( -0.91,  -0.79)  SG Improvement:0.00259 

Goal, Curr: (-0.98,  1.23), ( -0.71,  -0.93)   Error: 2.17
Last SG, Last State: ( -0.69,   0.14), ( -0.89,  -0.91)  SG Improvement:-0.06564 

episode:00400, mean:-0.18, std:0.32, median:-0.07, success:0.00
Goal, Curr: (-1.24,  0.75), ( -0.60,  -1.29)   Error: 2.14
Last SG, Last State: (  0.84,  -0.06), ( -0.60,  -1.28)  SG Improvement:0.00626 

Goal, Curr: (-1.06,  0.95), (  0.12,  -1.05)   Error: 2.33
Last SG, Last State: (  1.57,  -0.01), ( -0.00,  -1.10)  SG Improvement:0.18912 

Goal, Curr: (-1.09,  1.21), (  1.07,  -1.40)   Error: 3.39
Last SG, Last State: (  1.99,   0.42), (  0.14,  -1.40)  SG Improvement:-0.53695 

Goal, Curr: (-1.02,  1.03), (  1.08,  -1.40)   Error: 3.22
Last SG, Last State: (  1.91,   0.40), (  0.22,  -1.40)  SG Improvement:-0.42089 

Goal, Curr: (-0.93,  1.09), ( -0.89,  -0.60)   Error: 1.69
Last SG, Last State: ( -0.21,  -0.36), ( -1.02,  -0.71)  SG Improvement:0.10321 

Goal, Curr: (-0.95,  1.16), (  0.45,  -1.40)   Error: 2.92
Last SG, Last State: (  1.77,   0.26), ( -0.20,  -1.32)  SG Improvement:-0.28710 

Goal, Curr: (-0.88,  0.88), (  0.10,  -0.71)   Error: 1.87
Last SG, Last State: (  1.82,   0.38), (  0.22,  -0.60)  SG Improvement:0.03322 

Goal, Curr: (-0.95,  1.03), ( -0.14,  -0.94)   Error: 2.13
Last SG, Last State: (  1.91,   0.33), (  0.26,  -0.62)  SG Improvement:-0.12353 

Goal, Curr: (-0.91,  1.12), (  0.23,  -0.64)   Error: 2.09
Last SG, Last State: (  1.74,  -0.67), (  0.27,  -0.60)  SG Improvement:-0.17603 

Goal, Curr: (-1.03,  1.11), (  0.40,  -0.64)   Error: 2.26
Last SG, Last State: (  2.07,  -0.44), (  0.46,  -0.60)  SG Improvement:-0.07250 

episode:00500, mean:-0.33, std:0.46, median:-0.15, success:0.00
Goal, Curr: (-0.81,  1.25), ( -1.24,  -0.87)   Error: 2.16
Last SG, Last State: ( -0.35,  -0.28), ( -1.02,  -1.16)  SG Improvement:-0.07986 

Goal, Curr: (-0.98,  1.13), (  1.37,  -1.33)   Error: 3.40
Last SG, Last State: (  1.89,  -0.38), (  1.27,  -1.40)  SG Improvement:-0.28010 

Goal, Curr: (-1.20,  1.12), ( -0.39,  -1.37)   Error: 2.61
Last SG, Last State: (  1.18,   0.10), ( -0.47,  -1.36)  SG Improvement:-0.05461 

Goal, Curr: (-1.12,  0.96), ( -0.01,  -0.85)   Error: 2.12
Last SG, Last State: (  2.11,   0.21), (  0.25,  -0.85)  SG Improvement:-0.18572 

Goal, Curr: (-1.11,  1.10), (  0.67,  -0.99)   Error: 2.74
Last SG, Last State: (  0.85,  -0.85), (  0.76,  -1.27)  SG Improvement:-0.22320 

Goal, Curr: (-0.85,  1.02), (  0.08,  -0.60)   Error: 1.87
Last SG, Last State: ( -0.64,  -0.31), ( -0.61,  -0.60)  SG Improvement:0.34859 

Goal, Curr: (-0.85,  1.08), (  1.35,  -1.35)   Error: 3.28
Last SG, Last State: (  1.79,  -0.44), (  1.20,  -1.40)  SG Improvement:-0.30079 

Goal, Curr: (-1.09,  1.04), ( -0.50,  -1.23)   Error: 2.34
Last SG, Last State: (  0.54,  -0.10), ( -0.70,  -1.24)  SG Improvement:0.45302 

Goal, Curr: (-1.09,  1.13), ( -0.14,  -1.25)   Error: 2.56
Last SG, Last State: (  1.95,   0.41), ( -0.03,  -1.25)  SG Improvement:-0.43071 

Goal, Curr: (-1.06,  1.17), (  1.17,  -1.39)   Error: 3.39
Last SG, Last State: (  1.45,  -0.63), (  1.11,  -1.35)  SG Improvement:-0.17495 

episode:00600, mean:-0.52, std:0.42, median:-0.46, success:0.00
Goal, Curr: (-1.21,  0.89), (  0.14,  -0.60)   Error: 2.01
Last SG, Last State: (  1.36,  -0.06), (  0.38,  -0.60)  SG Improvement:-0.05243 

Goal, Curr: (-0.79,  0.91), (  0.18,  -1.40)   Error: 2.50
Last SG, Last State: (  1.67,   0.47), (  0.29,  -1.40)  SG Improvement:-0.27265 

Goal, Curr: (-0.75,  0.79), (  0.85,  -1.34)   Error: 2.66
Last SG, Last State: (  1.81,   0.48), (  0.31,  -1.40)  SG Improvement:-0.31559 

Goal, Curr: (-1.12,  0.99), (  0.57,  -0.57)   Error: 2.31
Last SG, Last State: (  0.40,   0.67), (  0.19,  -0.60)  SG Improvement:0.64140 

Goal, Curr: (-1.01,  1.03), (  0.09,  -0.60)   Error: 1.97
Last SG, Last State: ( -0.83,  -0.76), ( -0.60,  -0.60)  SG Improvement:-0.51650 

Goal, Curr: (-0.93,  1.02), (  0.14,  -1.09)   Error: 2.36
Last SG, Last State: (  1.31,  -1.10), (  0.17,  -1.30)  SG Improvement:0.17057 

Goal, Curr: (-0.97,  0.92), ( -0.00,  -1.34)   Error: 2.46
Last SG, Last State: (  1.85,  -0.45), (  0.09,  -1.37)  SG Improvement:-0.25255 

Goal, Curr: (-1.13,  1.22), (  0.83,  -1.31)   Error: 3.20
Last SG, Last State: (  1.54,   0.47), (  0.22,  -1.40)  SG Improvement:-0.33932 

Goal, Curr: (-0.96,  1.09), (  0.21,  -0.60)   Error: 2.06
Last SG, Last State: (  0.76,   0.28), (  0.56,  -0.81)  SG Improvement:0.72830 

Goal, Curr: (-0.80,  0.99), ( -1.32,  -0.60)   Error: 1.68
Last SG, Last State: ( -1.61,   0.50), ( -1.39,  -0.62)  SG Improvement:-0.13875 

episode:00700, mean:-0.32, std:0.47, median:-0.25, success:0.00
Log radii:  [0. 0. 0. 0. 0. 0.]
Adjusted log radii:  [2.38999987 1.78999996 1.49000001 2.38999987 1.78999996 2.38999987]
Goal, Curr: (-1.04,  0.77), ( -0.58,  -1.40)   Error: 2.22
Last SG, Last State: (  0.24,  -0.32), ( -0.81,  -1.40)  SG Improvement:-0.02995 

Goal, Curr: (-0.86,  1.25), (  0.85,  -1.39)   Error: 3.14
Last SG, Last State: (  2.13,   0.26), (  0.54,  -1.40)  SG Improvement:-0.41154 

Goal, Curr: (-0.95,  1.04), (  0.46,  -0.60)   Error: 2.17
Last SG, Last State: ( -0.23,   0.86), ( -0.03,  -0.60)  SG Improvement:0.65161 

Goal, Curr: (-1.15,  1.08), (  0.35,  -0.61)   Error: 2.26
Last SG, Last State: (  0.45,  -0.47), (  0.46,  -0.60)  SG Improvement:-0.13109 

Goal, Curr: (-0.94,  0.80), (  0.18,  -0.60)   Error: 1.79
Last SG, Last State: ( -1.25,  -0.86), ( -0.51,  -0.60)  SG Improvement:-0.53086 

Goal, Curr: (-1.13,  0.83), (  0.52,  -1.40)   Error: 2.77
Last SG, Last State: (  1.94,  -0.15), ( -0.13,  -1.40)  SG Improvement:-0.81390 

Goal, Curr: (-1.00,  0.80), ( -0.06,  -1.19)   Error: 2.20
Last SG, Last State: (  1.55,   0.06), ( -0.03,  -1.21)  SG Improvement:0.05224 

Goal, Curr: (-0.85,  1.17), ( -0.45,  -0.60)   Error: 1.82
Last SG, Last State: ( -1.27,  -0.34), ( -0.52,  -0.83)  SG Improvement:-1.97003 

Goal, Curr: (-1.15,  0.85), ( -0.07,  -0.60)   Error: 1.80
Last SG, Last State: ( -1.11,   0.92), ( -0.85,  -0.60)  SG Improvement:0.63180 

Goal, Curr: (-0.87,  0.87), ( -0.18,  -1.31)   Error: 2.29
Last SG, Last State: (  1.09,  -0.62), ( -0.34,  -1.38)  SG Improvement:0.12382 

episode:00800, mean:-0.29, std:0.41, median:-0.27, success:0.00
Log radii:  [0. 0. 0. 0. 0. 0.]
Adjusted log radii:  [-0.         -0.         -0.          2.08999991  1.78999996  2.08999991]
Goal, Curr: (-0.82,  1.10), ( -1.37,  -1.40)   Error: 2.56
Last SG, Last State: (  1.08,   0.55), ( -1.33,  -1.31)  SG Improvement:-0.61483 

Goal, Curr: (-1.05,  1.03), (  0.41,  -1.34)   Error: 2.79
Last SG, Last State: (  1.54,   0.27), ( -0.70,  -1.40)  SG Improvement:-0.75074 

Goal, Curr: (-0.94,  0.82), ( -0.63,  -1.40)   Error: 2.24
Last SG, Last State: (  0.19,  -0.21), ( -1.11,  -1.40)  SG Improvement:-0.15663 

Goal, Curr: (-0.85,  0.79), ( -0.05,  -0.60)   Error: 1.61
Last SG, Last State: ( -0.98,   0.89), ( -0.82,  -0.60)  SG Improvement:0.67391 

Goal, Curr: (-1.16,  1.19), ( -1.03,  -1.40)   Error: 2.59
Last SG, Last State: (  1.37,   0.55), ( -1.13,  -1.36)  SG Improvement:-0.69429 

Goal, Curr: (-0.93,  0.75), (  0.05,  -0.60)   Error: 1.67
Last SG, Last State: ( -0.41,  -0.57), ( -0.09,  -0.60)  SG Improvement:0.17402 

Goal, Curr: (-1.05,  1.05), ( -0.34,  -0.60)   Error: 1.80
Last SG, Last State: ( -0.66,   0.27), ( -0.62,  -0.60)  SG Improvement:-0.02072 

Goal, Curr: (-1.11,  0.89), (  0.08,  -0.85)   Error: 2.11
Last SG, Last State: (  1.84,  -0.57), ( -0.10,  -0.92)  SG Improvement:-0.21953 

Goal, Curr: (-1.11,  1.10), (  0.12,  -1.40)   Error: 2.78
Last SG, Last State: (  1.87,  -0.05), ( -0.16,  -1.38)  SG Improvement:-0.36175 

Goal, Curr: (-1.06,  1.11), ( -0.40,  -1.37)   Error: 2.57
Last SG, Last State: (  1.58,   0.28), ( -0.67,  -1.36)  SG Improvement:-0.46187 

episode:00900, mean:-0.37, std:0.39, median:-0.50, success:0.00
Log radii:  [0. 0. 0. 0. 0. 0.]
Adjusted log radii:  [ 2.08999991  1.19000006 -0.         -0.          0.29000002 -0.        ]
Goal, Curr: (-0.78,  0.91), ( -0.43,  -0.60)   Error: 1.55
Last SG, Last State: ( -0.16,  -0.38), ( -0.10,  -0.60)  SG Improvement:0.29804 

Goal, Curr: (-0.85,  1.03), (  0.29,  -0.70)   Error: 2.07
Last SG, Last State: ( -0.34,   0.21), (  0.14,  -0.60)  SG Improvement:-0.01929 

Goal, Curr: (-1.14,  0.76), ( -1.06,  -1.31)   Error: 2.07
Last SG, Last State: (  1.46,  -0.43), ( -0.70,  -1.09)  SG Improvement:-0.13056 

Goal, Curr: (-1.05,  1.17), ( -1.33,  -1.40)   Error: 2.58
Last SG, Last State: (  1.16,   0.75), ( -1.17,  -1.19)  SG Improvement:-0.63561 

Goal, Curr: (-1.12,  0.95), ( -0.43,  -1.02)   Error: 2.09
Last SG, Last State: (  0.84,   0.90), (  0.24,  -0.89)  SG Improvement:0.04633 

Goal, Curr: (-0.94,  0.99), ( -0.49,  -1.01)   Error: 2.05
Last SG, Last State: (  0.86,   0.49), ( -1.04,  -1.40)  SG Improvement:-0.76745 

Goal, Curr: (-0.94,  0.86), (  0.07,  -0.78)   Error: 1.92
Last SG, Last State: (  1.00,   0.68), (  0.09,  -0.77)  SG Improvement:0.26922 

Goal, Curr: (-1.23,  0.97), ( -0.28,  -1.23)   Error: 2.40
Last SG, Last State: (  1.26,   0.45), ( -0.91,  -1.40)  SG Improvement:-0.70541 

Goal, Curr: (-0.97,  1.12), ( -0.48,  -1.10)   Error: 2.27
Last SG, Last State: (  1.11,  -0.44), ( -0.33,  -0.82)  SG Improvement:0.26566 

Goal, Curr: (-1.06,  1.19), ( -1.38,  -0.70)   Error: 1.92
Last SG, Last State: (  0.82,   0.47), ( -1.40,  -0.82)  SG Improvement:-1.00443 

episode:01000, mean:-0.10, std:0.35, median:-0.10, success:0.00
Goal, Curr: (-0.94,  0.81), ( -0.79,  -1.08)   Error: 1.90
Last SG, Last State: (  1.25,  -0.36), ( -0.66,  -1.05)  SG Improvement:0.28738 

Goal, Curr: (-1.16,  1.15), ( -0.35,  -1.16)   Error: 2.45
Last SG, Last State: (  1.51,   0.57), ( -0.93,  -1.40)  SG Improvement:-1.09721 

Goal, Curr: (-0.86,  0.78), ( -1.15,  -0.62)   Error: 1.42
Last SG, Last State: ( -1.17,   0.51), ( -1.24,  -0.60)  SG Improvement:-0.08541 

Goal, Curr: (-0.80,  1.16), ( -0.11,  -0.60)   Error: 1.89
Last SG, Last State: (  0.54,  -1.34), ( -0.82,  -0.60)  SG Improvement:0.16958 

Goal, Curr: (-0.79,  1.10), (  0.55,  -0.59)   Error: 2.15
Last SG, Last State: ( -0.32,   0.10), (  0.04,  -0.60)  SG Improvement:0.18137 

Goal, Curr: (-1.18,  0.94), ( -1.36,  -1.40)   Error: 2.34
Last SG, Last State: (  1.12,   0.65), ( -1.33,  -1.27)  SG Improvement:-0.68254 

Goal, Curr: (-1.02,  1.17), ( -0.43,  -1.13)   Error: 2.38
Last SG, Last State: (  1.35,   0.44), ( -1.01,  -1.40)  SG Improvement:-1.06130 

Goal, Curr: (-1.22,  1.23), ( -0.94,  -1.34)   Error: 2.59
Last SG, Last State: (  0.71,  -0.47), ( -1.05,  -1.33)  SG Improvement:-0.17871 

Goal, Curr: (-0.76,  0.93), ( -1.40,  -0.60)   Error: 1.66
Last SG, Last State: ( -1.05,   0.31), ( -1.14,  -0.60)  SG Improvement:0.06633 

Goal, Curr: (-1.20,  0.96), ( -0.90,  -0.63)   Error: 1.62
Last SG, Last State: ( -1.69,   0.65), ( -0.87,  -0.61)  SG Improvement:-1.01652 

episode:01100, mean:-0.07, std:0.31, median:-0.09, success:0.00
Goal, Curr: (-1.22,  0.86), ( -1.39,  -1.09)   Error: 1.96
Last SG, Last State: (  1.42,  -0.29), ( -0.94,  -1.04)  SG Improvement:0.07707 

Goal, Curr: (-1.22,  1.20), ( -0.42,  -0.84)   Error: 2.19
Last SG, Last State: (  0.41,   0.36), ( -1.19,  -1.40)  SG Improvement:-0.91058 

Goal, Curr: (-0.99,  0.82), ( -1.06,  -0.60)   Error: 1.43
Last SG, Last State: ( -0.01,   0.04), ( -0.53,  -0.99)  SG Improvement:-1.97138 

Goal, Curr: (-1.06,  1.12), ( -0.35,  -0.60)   Error: 1.86
Last SG, Last State: ( -2.52,   0.80), ( -1.22,  -0.67)  SG Improvement:-0.90350 

Goal, Curr: (-1.03,  1.14), ( -0.76,  -0.71)   Error: 1.87
Last SG, Last State: ( -0.08,   0.63), ( -0.96,  -0.67)  SG Improvement:0.67120 

Goal, Curr: (-0.87,  1.04), ( -0.91,  -0.79)   Error: 1.83
Last SG, Last State: (  0.87,  -0.12), ( -0.55,  -0.78)  SG Improvement:-0.01906 

Goal, Curr: (-0.86,  1.04), ( -1.24,  -0.70)   Error: 1.78
Last SG, Last State: ( -1.34,  -0.19), ( -1.26,  -1.02)  SG Improvement:-1.81847 

Goal, Curr: (-0.88,  1.11), ( -1.02,  -1.35)   Error: 2.46
Last SG, Last State: (  0.74,  -0.26), ( -1.19,  -1.34)  SG Improvement:-0.39300 

Goal, Curr: (-0.97,  1.07), (  0.80,  -1.34)   Error: 2.99
Last SG, Last State: (  1.21,  -0.98), (  0.58,  -1.40)  SG Improvement:0.22038 

Goal, Curr: (-0.77,  1.09), ( -0.71,  -0.69)   Error: 1.78
Last SG, Last State: ( -0.10,   0.52), ( -0.93,  -0.65)  SG Improvement:0.71654 

episode:01200, mean:0.04, std:0.38, median:0.18, success:0.00
Goal, Curr: (-1.14,  1.19), ( -0.80,  -1.13)   Error: 2.34
Last SG, Last State: (  0.81,  -0.12), ( -0.93,  -1.09)  SG Improvement:0.02422 

Goal, Curr: (-0.79,  1.05), ( -0.88,  -0.95)   Error: 2.01
Last SG, Last State: (  0.56,  -0.02), ( -0.48,  -0.87)  SG Improvement:0.39744 

Goal, Curr: (-1.17,  0.87), ( -1.05,  -1.23)   Error: 2.11
Last SG, Last State: (  1.09,   0.05), ( -0.88,  -0.93)  SG Improvement:-0.15116 

Goal, Curr: (-0.82,  0.99), ( -0.78,  -0.60)   Error: 1.59
Last SG, Last State: ( -0.08,   0.13), ( -0.47,  -0.60)  SG Improvement:0.11782 

Goal, Curr: (-1.22,  0.80), ( -0.86,  -0.84)   Error: 1.68
Last SG, Last State: (  0.61,   0.26), ( -0.74,  -0.84)  SG Improvement:0.00480 

Goal, Curr: (-0.85,  1.18), ( -0.68,  -0.74)   Error: 1.93
Last SG, Last State: ( -0.56,   0.53), ( -0.78,  -0.70)  SG Improvement:0.51903 

Goal, Curr: (-1.03,  1.06), ( -0.44,  -0.68)   Error: 1.84
Last SG, Last State: (  0.36,   0.12), ( -0.37,  -0.60)  SG Improvement:0.73563 

Goal, Curr: (-0.81,  0.98), ( -0.61,  -0.86)   Error: 1.86
Last SG, Last State: (  0.31,  -0.43), ( -0.97,  -0.77)  SG Improvement:0.56859 

Goal, Curr: (-0.97,  1.23), ( -0.77,  -0.72)   Error: 1.96
Last SG, Last State: (  0.92,   0.11), ( -0.58,  -0.72)  SG Improvement:-0.13424 

Goal, Curr: (-0.87,  0.95), ( -0.52,  -1.07)   Error: 2.05
Last SG, Last State: (  0.91,  -0.15), ( -0.87,  -1.04)  SG Improvement:-0.08605 

episode:01300, mean:0.14, std:0.21, median:0.12, success:0.00
Goal, Curr: (-1.02,  0.76), ( -0.68,  -0.74)   Error: 1.54
Last SG, Last State: (  0.87,   0.22), ( -0.65,  -0.75)  SG Improvement:-0.04723 

Goal, Curr: (-0.96,  1.18), ( -1.00,  -1.23)   Error: 2.41
Last SG, Last State: (  0.78,  -0.19), ( -0.83,  -1.19)  SG Improvement:0.15162 

Goal, Curr: (-0.91,  1.07), ( -0.62,  -0.71)   Error: 1.81
Last SG, Last State: (  1.12,   0.08), ( -0.11,  -0.60)  SG Improvement:0.24381 

Goal, Curr: (-1.19,  1.14), ( -0.33,  -0.79)   Error: 2.12
Last SG, Last State: (  0.54,   0.25), (  0.07,  -0.60)  SG Improvement:0.71175 

Goal, Curr: (-1.24,  1.24), ( -0.40,  -1.40)   Error: 2.78
Last SG, Last State: (  0.97,  -0.20), ( -1.00,  -1.37)  SG Improvement:-0.60498 

Goal, Curr: (-0.95,  0.89), ( -1.40,  -1.28)   Error: 2.21
Last SG, Last State: (  0.31,   0.19), ( -1.06,  -1.17)  SG Improvement:-1.15367 

Goal, Curr: (-1.03,  1.06), ( -0.83,  -1.11)   Error: 2.17
Last SG, Last State: (  0.31,   0.22), ( -0.90,  -1.07)  SG Improvement:0.08324 

Goal, Curr: (-0.78,  1.11), ( -0.81,  -0.60)   Error: 1.71
Last SG, Last State: ( -0.87,   0.40), ( -0.74,  -0.60)  SG Improvement:0.17290 

Goal, Curr: (-0.79,  0.82), ( -0.97,  -1.32)   Error: 2.15
Last SG, Last State: (  0.45,  -0.39), ( -0.77,  -1.26)  SG Improvement:0.61469 

Goal, Curr: (-0.76,  1.20), ( -0.82,  -1.02)   Error: 2.22
Last SG, Last State: (  0.55,   0.00), ( -0.83,  -1.02)  SG Improvement:-0.02381 

episode:01400, mean:0.01, std:0.24, median:-0.03, success:0.00
Goal, Curr: (-1.19,  1.17), ( -0.76,  -1.08)   Error: 2.29
Last SG, Last State: (  0.29,   0.16), ( -1.16,  -0.90)  SG Improvement:-0.05488 

Goal, Curr: (-1.08,  1.25), ( -0.95,  -0.81)   Error: 2.06
Last SG, Last State: (  1.57,  -0.01), ( -0.52,  -0.74)  SG Improvement:-0.20899 

Goal, Curr: (-1.14,  0.84), ( -0.98,  -1.12)   Error: 1.97
Last SG, Last State: (  0.93,  -0.18), ( -0.77,  -1.12)  SG Improvement:0.11920 

Goal, Curr: (-0.99,  1.13), ( -0.85,  -1.24)   Error: 2.38
Last SG, Last State: (  1.57,  -0.41), ( -0.62,  -1.20)  SG Improvement:0.19054 

Goal, Curr: (-1.06,  0.82), ( -0.67,  -0.93)   Error: 1.80
Last SG, Last State: (  1.71,  -0.05), ( -0.36,  -0.81)  SG Improvement:0.26039 

Goal, Curr: (-0.98,  0.77), (  0.14,  -1.11)   Error: 2.18
Last SG, Last State: ( -0.03,  -0.48), ( -0.19,  -0.60)  SG Improvement:0.18908 

Goal, Curr: (-1.22,  0.80), ( -0.90,  -1.00)   Error: 1.83
Last SG, Last State: (  1.39,   0.09), ( -0.54,  -0.69)  SG Improvement:0.01256 

Goal, Curr: (-0.92,  0.82), ( -0.99,  -1.39)   Error: 2.20
Last SG, Last State: (  1.39,  -0.18), ( -0.65,  -1.01)  SG Improvement:-0.02617 

Goal, Curr: (-1.00,  0.79), (  0.27,  -1.27)   Error: 2.41
Last SG, Last State: ( -0.08,  -0.46), ( -0.14,  -0.60)  SG Improvement:0.11136 

Goal, Curr: (-0.79,  0.99), ( -0.08,  -0.95)   Error: 2.07
Last SG, Last State: ( -0.53,  -0.01), ( -0.29,  -0.60)  SG Improvement:0.40613 

episode:01500, mean:-0.19, std:0.29, median:-0.07, success:0.00
Goal, Curr: (-0.78,  1.05), ( -0.70,  -1.28)   Error: 2.33
Last SG, Last State: (  0.51,  -0.02), ( -0.43,  -1.19)  SG Improvement:0.49031 

Goal, Curr: (-0.91,  1.13), ( -0.90,  -0.99)   Error: 2.12
Last SG, Last State: (  0.04,   0.50), ( -1.07,  -0.85)  SG Improvement:-0.10845 

Goal, Curr: (-1.09,  1.24), (  0.12,  -0.60)   Error: 2.21
Last SG, Last State: ( -0.79,   0.73), ( -0.71,  -0.60)  SG Improvement:0.85684 

Goal, Curr: (-0.84,  1.08), ( -1.14,  -1.00)   Error: 2.10
Last SG, Last State: ( -1.07,  -0.51), ( -1.14,  -1.00)  SG Improvement:-0.01233 

Goal, Curr: (-0.91,  0.77), ( -0.75,  -1.20)   Error: 1.97
Last SG, Last State: (  0.33,   0.12), ( -0.99,  -1.06)  SG Improvement:0.02719 

Goal, Curr: (-1.25,  0.81), (  0.50,  -1.39)   Error: 2.81
Last SG, Last State: (  2.51,  -1.46), (  1.40,  -1.40)  SG Improvement:-0.04823 

Goal, Curr: (-0.75,  0.84), ( -0.55,  -0.86)   Error: 1.71
Last SG, Last State: (  0.92,   0.14), ( -0.50,  -0.88)  SG Improvement:-0.03760 

Goal, Curr: (-1.19,  0.88), ( -0.04,  -0.88)   Error: 2.11
Last SG, Last State: (  1.25,  -0.01), ( -0.70,  -0.99)  SG Improvement:-0.31447 

Goal, Curr: (-0.84,  0.89), ( -1.23,  -0.78)   Error: 1.72
Last SG, Last State: ( -1.10,  -0.26), ( -1.23,  -0.78)  SG Improvement:-0.01104 

Goal, Curr: (-1.07,  0.76), ( -0.10,  -0.60)   Error: 1.67
Last SG, Last State: (  0.49,   0.23), ( -0.41,  -0.60)  SG Improvement:0.51364 

episode:01600, mean:-0.04, std:0.31, median:-0.02, success:0.00
Goal, Curr: (-1.19,  1.09), ( -0.88,  -1.09)   Error: 2.20
Last SG, Last State: ( -0.80,  -0.61), ( -0.90,  -1.09)  SG Improvement:-0.10947 

Goal, Curr: (-1.23,  1.22), ( -1.06,  -0.93)   Error: 2.16
Last SG, Last State: ( -1.02,  -0.31), ( -1.06,  -0.93)  SG Improvement:-0.01935 

Goal, Curr: (-1.16,  0.88), ( -1.17,  -1.13)   Error: 2.02
Last SG, Last State: ( -1.14,  -0.60), ( -1.17,  -1.13)  SG Improvement:-0.00203 

Goal, Curr: (-0.85,  0.98), ( -1.24,  -1.15)   Error: 2.16
Last SG, Last State: ( -1.28,  -0.60), ( -1.24,  -1.15)  SG Improvement:-0.00008 

Goal, Curr: (-0.86,  0.76), ( -0.66,  -0.95)   Error: 1.73
Last SG, Last State: (  0.61,   0.30), ( -0.76,  -0.87)  SG Improvement:-0.07025 

Goal, Curr: (-1.19,  1.07), (  0.69,  -1.40)   Error: 3.10
Last SG, Last State: (  2.27,  -1.55), (  0.68,  -1.40)  SG Improvement:0.05354 

Goal, Curr: (-1.09,  1.15), ( -1.25,  -1.12)   Error: 2.27
Last SG, Last State: ( -1.31,  -0.46), ( -1.25,  -1.12)  SG Improvement:-0.00796 

Goal, Curr: (-1.09,  1.00), ( -1.14,  -1.02)   Error: 2.03
Last SG, Last State: ( -1.17,  -0.40), ( -1.14,  -1.02)  SG Improvement:-0.01247 

Goal, Curr: (-1.18,  1.11), ( -0.98,  -0.77)   Error: 1.89
Last SG, Last State: ( -0.79,  -0.27), ( -0.98,  -0.77)  SG Improvement:-0.00293 

Goal, Curr: (-1.13,  1.24), ( -1.21,  -1.18)   Error: 2.42
Last SG, Last State: ( -1.23,  -0.55), ( -1.21,  -1.18)  SG Improvement:-0.00892 

episode:01700, mean:-0.10, std:0.27, median:-0.00, success:0.00
Goal, Curr: (-0.90,  1.13), ( -1.06,  -1.10)   Error: 2.24
Last SG, Last State: ( -1.11,  -0.58), ( -1.06,  -1.10)  SG Improvement:-0.00648 

Goal, Curr: (-0.78,  1.05), ( -1.15,  -0.77)   Error: 1.86
Last SG, Last State: ( -1.28,  -0.16), ( -1.15,  -0.77)  SG Improvement:-0.00214 

Goal, Curr: (-0.90,  0.80), ( -0.51,  -1.08)   Error: 1.92
Last SG, Last State: ( -0.13,   0.34), ( -0.49,  -1.09)  SG Improvement:-0.89534 

Goal, Curr: (-0.87,  1.24), (  0.50,  -1.13)   Error: 2.74
Last SG, Last State: (  2.28,  -1.56), (  0.79,  -1.40)  SG Improvement:-2.17837 

Goal, Curr: (-1.20,  1.23), ( -1.17,  -0.83)   Error: 2.06
Last SG, Last State: ( -1.11,  -0.26), ( -1.17,  -0.83)  SG Improvement:-0.00247 

Goal, Curr: (-1.13,  1.07), ( -0.80,  -0.92)   Error: 2.01
Last SG, Last State: ( -0.62,  -0.61), ( -0.80,  -0.92)  SG Improvement:0.00424 

Goal, Curr: (-0.80,  0.82), ( -1.04,  -0.83)   Error: 1.67
Last SG, Last State: ( -1.08,  -0.28), ( -1.04,  -0.83)  SG Improvement:-0.00461 

Goal, Curr: (-1.03,  1.01), ( -1.16,  -0.90)   Error: 1.92
Last SG, Last State: ( -1.27,  -0.26), ( -1.16,  -0.90)  SG Improvement:-0.00679 

Goal, Curr: (-0.86,  1.10), ( -0.59,  -1.28)   Error: 2.39
Last SG, Last State: ( -0.27,   0.29), ( -0.59,  -1.29)  SG Improvement:0.25986 

Goal, Curr: (-0.80,  0.97), ( -0.79,  -0.90)   Error: 1.87
Last SG, Last State: ( -0.65,  -0.61), ( -0.79,  -0.90)  SG Improvement:0.02684 

episode:01800, mean:-0.06, std:0.12, median:-0.00, success:0.00
Log radii:  [0. 0. 0. 0. 0. 0.]
Adjusted log radii:  [ 2.68999982  2.38999987  2.38999987 -0.          1.49000001  2.08999991]
Goal, Curr: (-0.79,  1.07), ( -0.94,  -0.84)   Error: 1.92
Last SG, Last State: ( -0.77,  -0.34), ( -0.94,  -0.84)  SG Improvement:0.03939 

Goal, Curr: (-0.90,  1.08), ( -1.16,  -0.95)   Error: 2.06
Last SG, Last State: ( -1.31,  -0.28), ( -1.15,  -0.95)  SG Improvement:-0.00999 

Goal, Curr: (-1.23,  1.08), ( -1.15,  -1.19)   Error: 2.27
Last SG, Last State: ( -1.37,  -0.55), ( -1.15,  -1.19)  SG Improvement:-0.00624 

Goal, Curr: (-0.98,  1.07), ( -0.90,  -1.23)   Error: 2.30
Last SG, Last State: ( -0.77,  -0.79), ( -0.90,  -1.23)  SG Improvement:-0.00757 

Goal, Curr: (-1.23,  1.24), ( -1.15,  -1.14)   Error: 2.38
Last SG, Last State: ( -1.35,  -0.47), ( -1.15,  -1.14)  SG Improvement:-0.01384 

Goal, Curr: (-0.94,  1.08), ( -1.01,  -0.94)   Error: 2.02
Last SG, Last State: ( -0.99,  -0.38), ( -1.01,  -0.94)  SG Improvement:-0.01480 

Goal, Curr: (-0.95,  1.06), ( -1.05,  -1.18)   Error: 2.24
Last SG, Last State: ( -1.27,  -0.57), ( -1.05,  -1.18)  SG Improvement:-0.00041 

Goal, Curr: (-1.21,  0.93), ( -1.10,  -0.78)   Error: 1.71
Last SG, Last State: ( -1.04,  -0.27), ( -1.10,  -0.78)  SG Improvement:0.00780 

Goal, Curr: (-1.16,  1.13), ( -1.12,  -1.15)   Error: 2.28
Last SG, Last State: ( -1.11,  -0.58), ( -1.12,  -1.15)  SG Improvement:-0.00339 

Goal, Curr: (-1.24,  0.82), ( -1.06,  -1.10)   Error: 1.92
Last SG, Last State: ( -1.01,  -0.57), ( -1.06,  -1.10)  SG Improvement:-0.00112 

episode:01900, mean:-0.00, std:0.00, median:-0.00, success:0.00
Goal, Curr: (-1.09,  1.07), (  1.27,  -1.40)   Error: 3.42
Last SG, Last State: (  1.77,  -0.98), (  1.06,  -1.40)  SG Improvement:-0.20815 

Goal, Curr: (-0.92,  0.98), ( -0.88,  -1.05)   Error: 2.03
Last SG, Last State: ( -0.81,  -0.58), ( -0.88,  -1.05)  SG Improvement:0.02471 

Goal, Curr: (-0.80,  0.87), ( -0.82,  -0.85)   Error: 1.71
Last SG, Last State: ( -0.77,  -0.38), ( -0.82,  -0.85)  SG Improvement:0.00508 

Goal, Curr: (-1.02,  1.04), ( -0.93,  -1.08)   Error: 2.12
Last SG, Last State: ( -0.93,  -0.58), ( -0.93,  -1.08)  SG Improvement:0.00048 

Goal, Curr: (-0.78,  0.76), ( -0.86,  -0.85)   Error: 1.61
Last SG, Last State: ( -0.92,  -0.31), ( -0.86,  -0.85)  SG Improvement:0.00002 

Goal, Curr: (-0.82,  1.17), ( -1.12,  -0.86)   Error: 2.06
Last SG, Last State: ( -1.34,  -0.21), ( -1.12,  -0.86)  SG Improvement:-0.00008 

Goal, Curr: (-0.91,  0.80), ( -1.08,  -1.04)   Error: 1.84
Last SG, Last State: ( -1.38,  -0.43), ( -1.08,  -1.04)  SG Improvement:0.00003 

Goal, Curr: (-1.01,  0.85), ( -1.15,  -1.21)   Error: 2.07
Last SG, Last State: ( -1.53,  -0.61), ( -1.15,  -1.21)  SG Improvement:0.00030 

Goal, Curr: (-1.02,  0.80), ( -1.08,  -1.09)   Error: 1.90
Last SG, Last State: ( -1.38,  -0.49), ( -1.08,  -1.09)  SG Improvement:0.00011 

Goal, Curr: (-0.87,  1.24), ( -1.20,  -0.97)   Error: 2.24
Last SG, Last State: ( -1.52,  -0.30), ( -1.20,  -0.97)  SG Improvement:-0.00243 

episode:02000, mean:-0.12, std:0.37, median:-0.00, success:0.00
Goal, Curr: (-0.76,  1.08), ( -0.88,  -1.24)   Error: 2.32
Last SG, Last State: ( -0.79,  -0.92), ( -0.88,  -1.24)  SG Improvement:-0.00129 

Goal, Curr: (-1.02,  0.76), ( -1.12,  -1.24)   Error: 1.99
Last SG, Last State: ( -1.26,  -0.82), ( -1.12,  -1.24)  SG Improvement:-0.00202 

Goal, Curr: (-0.83,  1.17), ( -1.22,  -0.92)   Error: 2.13
Last SG, Last State: ( -1.45,  -0.42), ( -1.21,  -0.92)  SG Improvement:0.00058 

Goal, Curr: (-1.15,  0.93), ( -0.70,  -1.04)   Error: 2.03
Last SG, Last State: (  0.10,   0.08), ( -0.69,  -1.05)  SG Improvement:-0.30531 

Goal, Curr: (-0.95,  0.99), ( -0.63,  -0.60)   Error: 1.62
Last SG, Last State: ( -0.63,  -0.36), ( -0.84,  -0.76)  SG Improvement:-0.00021 

Goal, Curr: (-0.84,  1.13), ( -0.68,  -1.03)   Error: 2.17
Last SG, Last State: (  0.25,   0.07), ( -0.63,  -1.05)  SG Improvement:-0.51290 

Goal, Curr: (-0.83,  0.80), ( -1.06,  -0.97)   Error: 1.79
Last SG, Last State: ( -1.06,  -0.47), ( -1.05,  -0.97)  SG Improvement:-0.02656 

Goal, Curr: (-0.96,  1.13), ( -1.22,  -0.98)   Error: 2.13
Last SG, Last State: ( -1.47,  -0.49), ( -1.22,  -0.98)  SG Improvement:0.00302 

Goal, Curr: (-0.88,  1.24), ( -1.06,  -1.21)   Error: 2.45
Last SG, Last State: ( -1.12,  -0.78), ( -1.06,  -1.21)  SG Improvement:-0.00032 

Goal, Curr: (-1.16,  0.97), ( -0.64,  -0.68)   Error: 1.73
Last SG, Last State: ( -1.26,  -0.23), ( -1.40,  -0.76)  SG Improvement:-0.07755 

episode:02100, mean:0.07, std:0.12, median:0.00, success:0.00
Goal, Curr: (-0.87,  1.08), ( -0.42,  -0.79)   Error: 1.93
Last SG, Last State: ( -1.44,  -0.38), ( -1.40,  -0.89)  SG Improvement:-0.63602 

Goal, Curr: (-1.16,  0.95), ( -0.68,  -0.90)   Error: 1.91
Last SG, Last State: (  0.36,   0.33), ( -0.70,  -0.90)  SG Improvement:-0.11581 

Goal, Curr: (-1.09,  0.88), ( -1.12,  -0.60)   Error: 1.48
Last SG, Last State: (  0.37,   0.68), ( -1.09,  -0.60)  SG Improvement:-0.03734 

Goal, Curr: (-1.22,  0.95), ( -1.34,  -1.11)   Error: 2.06
Last SG, Last State: ( -2.73,  -1.31), ( -1.31,  -1.10)  SG Improvement:-0.08192 

Goal, Curr: (-0.85,  1.01), ( -0.39,  -0.92)   Error: 1.98
Last SG, Last State: ( -0.70,  -0.00), ( -1.06,  -1.03)  SG Improvement:-1.09169 

Goal, Curr: (-1.07,  1.13), (  0.41,  -0.60)   Error: 2.28
Last SG, Last State: (  0.03,   0.17), ( -0.65,  -0.60)  SG Improvement:0.31046 

Goal, Curr: (-1.11,  0.76), ( -1.07,  -0.95)   Error: 1.71
Last SG, Last State: ( -1.60,  -0.83), ( -1.13,  -1.07)  SG Improvement:0.10464 

Goal, Curr: (-0.77,  0.76), ( -1.03,  -1.05)   Error: 1.83
Last SG, Last State: ( -1.20,  -0.70), ( -1.11,  -1.18)  SG Improvement:-0.04810 

Goal, Curr: (-0.87,  1.23), ( -1.06,  -1.07)   Error: 2.31
Last SG, Last State: ( -1.10,   0.02), ( -1.40,  -1.12)  SG Improvement:-1.45012 

Goal, Curr: (-0.76,  0.90), ( -0.23,  -0.61)   Error: 1.60
Last SG, Last State: ( -0.43,  -0.18), ( -0.44,  -0.61)  SG Improvement:0.84113 

episode:02200, mean:0.07, std:0.17, median:0.04, success:0.00
Goal, Curr: (-0.92,  0.83), ( -1.25,  -0.99)   Error: 1.85
Last SG, Last State: ( -1.64,  -0.86), ( -1.25,  -0.98)  SG Improvement:0.00141 

Goal, Curr: (-0.90,  1.05), ( -0.30,  -0.65)   Error: 1.80
Last SG, Last State: (  1.74,   0.15), ( -0.14,  -0.63)  SG Improvement:0.50363 

Goal, Curr: (-0.79,  1.07), ( -0.43,  -0.74)   Error: 1.84
Last SG, Last State: (  1.26,   0.02), ( -0.45,  -0.74)  SG Improvement:0.31831 

Goal, Curr: (-1.05,  1.20), ( -1.22,  -0.96)   Error: 2.17
Last SG, Last State: ( -1.76,  -0.57), ( -1.22,  -0.96)  SG Improvement:0.00028 

Goal, Curr: (-0.91,  1.01), ( -0.19,  -0.60)   Error: 1.76
Last SG, Last State: (  1.70,  -0.09), ( -0.04,  -0.64)  SG Improvement:0.42361 

Goal, Curr: (-1.10,  0.77), ( -1.40,  -0.66)   Error: 1.45
Last SG, Last State: ( -1.42,  -0.85), ( -1.01,  -0.82)  SG Improvement:0.09969 

Goal, Curr: (-0.93,  1.22), ( -0.11,  -0.81)   Error: 2.20
Last SG, Last State: ( -1.57,  -1.07), ( -1.29,  -1.00)  SG Improvement:-2.14896 

Goal, Curr: (-1.14,  0.95), ( -0.70,  -0.60)   Error: 1.61
Last SG, Last State: ( -1.25,  -0.23), ( -1.40,  -0.68)  SG Improvement:-0.60454 

Goal, Curr: (-1.08,  1.24), ( -0.17,  -0.60)   Error: 2.06
Last SG, Last State: (  0.69,   0.03), ( -0.37,  -0.75)  SG Improvement:0.65365 

Goal, Curr: (-1.04,  0.77), ( -0.62,  -0.70)   Error: 1.53
Last SG, Last State: (  0.35,   0.35), ( -1.36,  -0.77)  SG Improvement:-0.26993 

episode:02300, mean:0.17, std:0.12, median:0.24, success:0.00
Goal, Curr: (-1.04,  1.03), ( -0.41,  -0.93)   Error: 2.06
Last SG, Last State: (  0.38,  -0.17), ( -0.45,  -0.93)  SG Improvement:0.67591 

Goal, Curr: (-1.06,  1.20), ( -1.19,  -0.86)   Error: 2.07
Last SG, Last State: ( -0.66,   0.08), ( -0.82,  -0.89)  SG Improvement:0.59686 

Goal, Curr: (-0.95,  1.07), ( -1.24,  -1.25)   Error: 2.33
Last SG, Last State: ( -1.45,  -1.21), ( -1.14,  -1.21)  SG Improvement:0.07597 

Goal, Curr: (-1.06,  1.20), (  0.17,  -0.60)   Error: 2.18
Last SG, Last State: (  0.37,  -0.44), ( -0.18,  -0.67)  SG Improvement:0.81945 

Goal, Curr: (-1.05,  1.02), ( -1.03,  -1.26)   Error: 2.28
Last SG, Last State: (  0.55,  -0.07), ( -1.09,  -1.24)  SG Improvement:-0.09063 

Goal, Curr: (-1.04,  1.23), ( -1.26,  -0.93)   Error: 2.17
Last SG, Last State: ( -1.22,  -0.87), ( -1.23,  -0.91)  SG Improvement:-0.07800 

Goal, Curr: (-1.01,  1.18), ( -0.90,  -1.01)   Error: 2.20
Last SG, Last State: (  0.31,   0.79), ( -1.18,  -0.93)  SG Improvement:-0.07971 

Goal, Curr: (-1.21,  1.05), ( -1.18,  -0.99)   Error: 2.04
Last SG, Last State: ( -1.72,  -0.98), ( -1.18,  -0.99)  SG Improvement:-0.28497 

Goal, Curr: (-1.03,  1.18), ( -1.33,  -0.90)   Error: 2.10
Last SG, Last State: ( -1.85,  -1.02), ( -1.12,  -1.11)  SG Improvement:-0.52581 

Goal, Curr: (-0.88,  0.92), ( -0.44,  -1.18)   Error: 2.15
Last SG, Last State: (  0.64,  -0.50), ( -0.66,  -1.25)  SG Improvement:0.31413 

episode:02400, mean:-0.05, std:0.15, median:-0.02, success:0.00
Goal, Curr: (-1.02,  1.09), ( -0.72,  -1.09)   Error: 2.20
Last SG, Last State: ( -2.01,  -1.08), ( -0.53,  -1.07)  SG Improvement:-1.31968 

Goal, Curr: (-0.96,  0.87), ( -0.83,  -1.33)   Error: 2.20
Last SG, Last State: ( -1.93,  -1.39), ( -0.54,  -1.34)  SG Improvement:-1.32141 

Goal, Curr: (-0.87,  1.21), ( -1.00,  -0.61)   Error: 1.82
Last SG, Last State: ( -1.47,  -0.28), ( -0.83,  -0.62)  SG Improvement:0.05266 

Goal, Curr: (-0.83,  1.00), ( -0.40,  -0.76)   Error: 1.81
Last SG, Last State: (  0.47,   0.93), ( -1.16,  -0.96)  SG Improvement:-0.81441 

Goal, Curr: (-1.02,  1.10), ( -0.64,  -0.86)   Error: 1.99
Last SG, Last State: ( -1.15,  -0.65), ( -0.32,  -0.87)  SG Improvement:0.39800 

Goal, Curr: (-0.97,  0.95), ( -0.24,  -1.08)   Error: 2.16
Last SG, Last State: ( -1.80,  -1.35), ( -1.17,  -1.21)  SG Improvement:-1.14312 

Goal, Curr: (-1.14,  1.15), ( -1.40,  -1.20)   Error: 2.37
Last SG, Last State: ( -1.76,  -0.74), ( -1.40,  -1.06)  SG Improvement:0.22871 

Goal, Curr: (-1.16,  1.22), ( -0.27,  -0.87)   Error: 2.26
Last SG, Last State: ( -2.74,  -1.79), ( -0.83,  -0.64)  SG Improvement:-1.12533 

Goal, Curr: (-0.79,  1.00), ( -0.18,  -0.60)   Error: 1.72
Last SG, Last State: (  1.22,   0.02), ( -0.33,  -0.60)  SG Improvement:-0.08150 

Goal, Curr: (-1.03,  0.79), ( -1.40,  -0.84)   Error: 1.67
Last SG, Last State: ( -0.65,  -0.07), ( -0.96,  -1.18)  SG Improvement:-0.14376 

episode:02500, mean:0.00, std:0.18, median:-0.03, success:0.00
Goal, Curr: (-0.80,  1.23), ( -0.17,  -0.62)   Error: 1.96
Last SG, Last State: (  1.70,   0.13), ( -0.06,  -0.60)  SG Improvement:0.54375 

Goal, Curr: (-0.90,  1.21), ( -1.32,  -1.10)   Error: 2.35
Last SG, Last State: ( -1.94,  -1.08), ( -0.81,  -1.07)  SG Improvement:-0.42934 

Goal, Curr: (-0.87,  1.07), ( -1.40,  -0.76)   Error: 1.91
Last SG, Last State: ( -1.65,  -1.17), ( -1.21,  -1.21)  SG Improvement:0.47717 

Goal, Curr: (-0.91,  0.97), ( -0.58,  -0.89)   Error: 1.89
Last SG, Last State: (  0.73,   0.02), ( -0.73,  -0.89)  SG Improvement:0.08484 

Goal, Curr: (-1.06,  0.85), (  0.41,  -0.60)   Error: 2.07
Last SG, Last State: (  0.17,  -0.23), ( -0.41,  -0.60)  SG Improvement:0.50130 

Goal, Curr: (-0.98,  0.82), ( -0.73,  -0.99)   Error: 1.82
Last SG, Last State: (  1.40,  -0.41), ( -0.36,  -1.02)  SG Improvement:0.29872 

Goal, Curr: (-1.20,  0.83), ( -1.01,  -1.21)   Error: 2.05
Last SG, Last State: (  0.30,  -0.14), ( -1.02,  -1.21)  SG Improvement:0.14076 

Goal, Curr: (-1.18,  1.14), ( -1.12,  -1.33)   Error: 2.48
Last SG, Last State: ( -1.77,  -0.43), ( -0.98,  -1.33)  SG Improvement:-0.10044 

Goal, Curr: (-0.91,  0.93), (  0.38,  -0.60)   Error: 2.00
Last SG, Last State: (  0.25,  -0.04), ( -0.28,  -0.63)  SG Improvement:0.09456 

Goal, Curr: (-0.85,  0.80), ( -1.12,  -1.35)   Error: 2.16
Last SG, Last State: ( -1.71,  -1.83), ( -1.27,  -1.30)  SG Improvement:-0.16777 

episode:02600, mean:-0.09, std:0.19, median:-0.09, success:0.00
Goal, Curr: (-1.09,  0.86), ( -1.20,  -0.86)   Error: 1.72
Last SG, Last State: ( -0.72,  -0.20), ( -1.18,  -0.88)  SG Improvement:0.10865 

Goal, Curr: (-1.19,  0.84), ( -0.94,  -0.72)   Error: 1.58
Last SG, Last State: (  0.57,   0.21), ( -0.78,  -0.77)  SG Improvement:0.02038 

Goal, Curr: (-0.99,  0.99), ( -1.33,  -1.30)   Error: 2.32
Last SG, Last State: ( -1.43,  -0.59), ( -1.31,  -1.40)  SG Improvement:-0.48655 

Goal, Curr: (-1.11,  0.98), ( -1.40,  -1.03)   Error: 2.02
Last SG, Last State: (  0.50,   0.56), ( -0.78,  -0.99)  SG Improvement:-0.75393 

Goal, Curr: (-0.76,  0.86), ( -1.27,  -1.03)   Error: 1.97
Last SG, Last State: (  0.09,   0.03), ( -1.24,  -1.04)  SG Improvement:0.02741 

Goal, Curr: (-0.87,  1.16), ( -0.14,  -0.81)   Error: 2.09
Last SG, Last State: ( -0.04,  -1.20), ( -0.33,  -0.84)  SG Improvement:0.12504 

Goal, Curr: (-1.01,  1.00), ( -0.11,  -0.62)   Error: 1.86
Last SG, Last State: (  1.40,  -0.51), ( -0.28,  -0.77)  SG Improvement:0.31595 

Goal, Curr: (-1.09,  0.81), ( -0.25,  -0.60)   Error: 1.64
Last SG, Last State: (  0.99,  -0.17), ( -0.35,  -0.60)  SG Improvement:0.33787 

Goal, Curr: (-1.00,  0.90), ( -1.14,  -0.75)   Error: 1.66
Last SG, Last State: ( -0.97,  -0.30), ( -1.33,  -0.65)  SG Improvement:0.41067 

Goal, Curr: (-0.78,  1.25), ( -0.29,  -0.77)   Error: 2.07
Last SG, Last State: (  0.10,  -0.33), ( -0.49,  -0.88)  SG Improvement:0.93502 

episode:02700, mean:0.10, std:0.16, median:0.11, success:0.00
Goal, Curr: (-0.99,  0.91), ( -0.94,  -1.33)   Error: 2.24
Last SG, Last State: (  0.21,   0.12), ( -1.24,  -1.40)  SG Improvement:-0.76372 

Goal, Curr: (-1.18,  1.12), ( -1.13,  -0.87)   Error: 1.99
Last SG, Last State: ( -0.84,  -0.28), ( -1.27,  -0.79)  SG Improvement:0.05374 

Goal, Curr: (-1.14,  1.00), ( -0.90,  -1.14)   Error: 2.15
Last SG, Last State: (  0.63,  -0.08), ( -1.09,  -1.13)  SG Improvement:-0.05022 

Goal, Curr: (-0.91,  1.05), ( -1.06,  -1.17)   Error: 2.23
Last SG, Last State: ( -1.72,  -1.50), ( -1.00,  -1.17)  SG Improvement:-0.42345 

Goal, Curr: (-0.81,  1.23), ( -1.30,  -0.60)   Error: 1.90
Last SG, Last State: ( -1.61,  -1.59), ( -1.40,  -1.35)  SG Improvement:-2.12278 

Goal, Curr: (-1.02,  0.92), ( -0.28,  -0.62)   Error: 1.71
Last SG, Last State: ( -2.06,  -0.91), ( -0.87,  -0.89)  SG Improvement:-1.28561 

Goal, Curr: (-0.78,  1.19), ( -1.31,  -1.30)   Error: 2.55
Last SG, Last State: ( -0.96,  -0.72), ( -1.11,  -1.37)  SG Improvement:-0.48118 

Goal, Curr: (-0.90,  1.12), ( -0.05,  -0.99)   Error: 2.27
Last SG, Last State: (  0.58,   0.58), ( -0.16,  -0.84)  SG Improvement:0.09799 

Goal, Curr: (-0.93,  0.85), ( -0.55,  -0.96)   Error: 1.85
Last SG, Last State: (  1.40,  -0.70), ( -0.23,  -1.00)  SG Improvement:0.39241 

Goal, Curr: (-0.90,  1.19), ( -0.37,  -0.60)   Error: 1.87
Last SG, Last State: (  1.64,  -0.39), ( -0.33,  -0.60)  SG Improvement:-0.25559 

episode:02800, mean:0.05, std:0.31, median:0.00, success:0.00
Goal, Curr: (-0.88,  1.15), ( -1.09,  -1.10)   Error: 2.26
Last SG, Last State: ( -0.93,  -0.29), ( -0.46,  -1.20)  SG Improvement:0.29193 

Goal, Curr: (-1.16,  1.14), ( -1.40,  -0.79)   Error: 1.94
Last SG, Last State: ( -1.85,   0.15), ( -1.39,  -0.92)  SG Improvement:0.22311 

Goal, Curr: (-1.11,  1.12), ( -0.19,  -1.05)   Error: 2.36
Last SG, Last State: (  0.31,  -0.59), ( -0.43,  -1.06)  SG Improvement:0.61435 

Goal, Curr: (-1.24,  1.17), ( -0.42,  -0.59)   Error: 1.94
Last SG, Last State: (  2.05,  -0.32), ( -0.03,  -0.62)  SG Improvement:0.42100 

Goal, Curr: (-0.78,  1.22), (  0.06,  -0.60)   Error: 2.00
Last SG, Last State: (  1.58,  -0.67), ( -0.03,  -0.64)  SG Improvement:0.36335 

Goal, Curr: (-0.96,  1.20), ( -0.16,  -0.61)   Error: 1.98
Last SG, Last State: (  0.19,  -0.61), ( -0.37,  -0.77)  SG Improvement:0.63214 

Goal, Curr: (-1.06,  0.85), ( -0.52,  -0.90)   Error: 1.83
Last SG, Last State: (  1.16,  -0.21), ( -0.14,  -0.95)  SG Improvement:-0.20371 

Goal, Curr: (-0.90,  1.09), ( -0.12,  -0.66)   Error: 1.91
Last SG, Last State: (  0.07,  -0.68), ( -0.49,  -0.84)  SG Improvement:0.50693 

Goal, Curr: (-1.00,  0.91), ( -0.34,  -0.70)   Error: 1.75
Last SG, Last State: (  0.70,  -0.04), ( -0.53,  -0.73)  SG Improvement:0.37359 

Goal, Curr: (-0.81,  1.22), ( -1.17,  -0.65)   Error: 1.91
Last SG, Last State: ( -1.70,  -0.05), ( -1.18,  -0.60)  SG Improvement:0.05235 

episode:02900, mean:0.19, std:0.18, median:0.14, success:0.00
Goal, Curr: (-1.16,  1.06), ( -1.39,  -0.89)   Error: 1.96
Last SG, Last State: ( -1.74,  -0.96), ( -1.35,  -1.17)  SG Improvement:0.15872 

Goal, Curr: (-1.01,  1.02), ( -1.09,  -0.96)   Error: 1.98
Last SG, Last State: (  0.15,  -0.02), ( -1.00,  -0.97)  SG Improvement:0.16347 

Goal, Curr: (-1.22,  1.10), ( -1.40,  -0.69)   Error: 1.80
Last SG, Last State: ( -0.10,   0.65), ( -1.11,  -0.82)  SG Improvement:-0.44277 

Goal, Curr: (-0.88,  1.15), (  0.04,  -0.66)   Error: 2.03
Last SG, Last State: (  1.40,   0.20), (  0.03,  -0.60)  SG Improvement:-0.20339 

Goal, Curr: (-0.96,  0.76), ( -0.22,  -0.60)   Error: 1.55
Last SG, Last State: (  0.27,  -0.73), ( -0.54,  -0.82)  SG Improvement:0.36871 

Goal, Curr: (-0.76,  1.23), ( -0.19,  -0.67)   Error: 1.99
Last SG, Last State: (  1.60,   0.08), ( -0.11,  -0.60)  SG Improvement:0.45954 

Goal, Curr: (-1.14,  0.79), ( -0.20,  -0.60)   Error: 1.68
Last SG, Last State: ( -0.25,   0.36), ( -1.08,  -0.73)  SG Improvement:0.25745 

Goal, Curr: (-0.96,  1.18), ( -1.06,  -0.75)   Error: 1.93
Last SG, Last State: ( -1.33,  -0.05), ( -0.99,  -0.60)  SG Improvement:0.08491 

Goal, Curr: (-0.95,  0.93), ( -1.26,  -0.60)   Error: 1.56
Last SG, Last State: ( -1.31,  -1.13), ( -1.05,  -0.61)  SG Improvement:0.99029 

Goal, Curr: (-1.19,  1.22), ( -0.59,  -0.97)   Error: 2.27
Last SG, Last State: (  0.22,  -0.10), ( -0.68,  -0.96)  SG Improvement:0.53677 

episode:03000, mean:0.17, std:0.20, median:0.23, success:0.00
