Using device: cpu
gc-1.5-16-expl-stop-worker-expl-300k
Goal, Curr: (-0.95,  0.92), ( -1.14,  -0.60)   Error: 1.54
Last SG, Last State: ( -2.36,  -1.57), ( -0.87,  -0.60)  SG Improvement:0.19295 

Goal, Curr: (-0.84,  1.25), ( -1.01,  -0.63)   Error: 1.88
Last SG, Last State: ( -2.52,  -1.14), ( -0.95,  -0.60)  SG Improvement:0.03767 

Goal, Curr: (-1.00,  0.95), ( -0.43,  -0.60)   Error: 1.65
Last SG, Last State: ( -1.62,  -0.96), (  0.05,  -0.60)  SG Improvement:0.27178 

Goal, Curr: (-1.07,  1.04), ( -0.95,  -0.60)   Error: 1.65
Last SG, Last State: ( -2.01,  -1.82), ( -0.50,  -0.60)  SG Improvement:0.31529 

Goal, Curr: (-0.78,  1.22), ( -1.06,  -0.60)   Error: 1.84
Last SG, Last State: ( -2.26,  -1.78), ( -0.77,  -0.60)  SG Improvement:0.21665 

Goal, Curr: (-0.84,  0.81), ( -0.93,  -0.60)   Error: 1.41
Last SG, Last State: ( -1.98,  -1.91), ( -0.48,  -0.60)  SG Improvement:0.28897 

Goal, Curr: (-1.12,  0.78), ( -0.73,  -0.60)   Error: 1.43
Last SG, Last State: ( -1.70,  -1.20), ( -0.18,  -0.60)  SG Improvement:0.39248 

Goal, Curr: (-0.80,  1.04), ( -1.10,  -0.60)   Error: 1.67
Last SG, Last State: ( -2.34,  -1.62), ( -0.84,  -0.60)  SG Improvement:0.18356 

Goal, Curr: (-1.07,  0.76), ( -0.13,  -0.60)   Error: 1.65
Last SG, Last State: ( -1.69,  -0.69), (  0.33,  -0.60)  SG Improvement:-0.10562 

Goal, Curr: (-0.85,  1.23), ( -0.80,  -0.60)   Error: 1.84
Last SG, Last State: ( -1.79,  -1.45), ( -0.28,  -0.60)  SG Improvement:0.42242 

episode:00100, mean:-537.36, std:41.08, median:-535.20, success:0.00
Goal, Curr: (-0.83,  0.88), ( -1.26,  -0.60)   Error: 1.54
Last SG, Last State: ( -3.29,  -0.04), ( -1.32,  -0.60)  SG Improvement:-0.13433 

Goal, Curr: (-0.89,  1.20), ( -0.89,  -0.60)   Error: 1.80
Last SG, Last State: ( -2.90,  -0.59), ( -1.03,  -0.60)  SG Improvement:-0.48120 

Goal, Curr: (-0.89,  0.98), ( -0.91,  -0.60)   Error: 1.58
Last SG, Last State: ( -2.99,  -0.27), ( -0.91,  -0.60)  SG Improvement:-0.03714 

Goal, Curr: (-0.84,  0.84), ( -1.30,  -0.60)   Error: 1.51
Last SG, Last State: ( -3.32,  -0.14), ( -1.36,  -0.60)  SG Improvement:-0.21686 

Goal, Curr: (-1.23,  0.91), ( -1.32,  -0.60)   Error: 1.52
Last SG, Last State: ( -3.32,   1.18), ( -1.40,  -0.60)  SG Improvement:-0.74038 

Goal, Curr: (-1.02,  1.15), ( -0.97,  -0.60)   Error: 1.75
Last SG, Last State: ( -2.95,   0.16), ( -0.82,  -0.60)  SG Improvement:0.07609 

Goal, Curr: (-0.94,  0.89), ( -1.31,  -0.60)   Error: 1.54
Last SG, Last State: ( -3.34,   0.43), ( -1.29,  -0.60)  SG Improvement:0.08567 

Goal, Curr: (-0.81,  1.13), ( -1.31,  -0.60)   Error: 1.80
Last SG, Last State: ( -3.32,  -0.01), ( -1.36,  -0.60)  SG Improvement:-0.13362 

Goal, Curr: (-0.84,  1.19), ( -1.16,  -0.60)   Error: 1.82
Last SG, Last State: ( -3.20,  -0.23), ( -1.25,  -0.60)  SG Improvement:-0.22591 

Goal, Curr: (-0.77,  1.01), ( -1.23,  -0.60)   Error: 1.67
Last SG, Last State: ( -3.26,  -0.15), ( -1.30,  -0.60)  SG Improvement:-0.18062 

episode:00200, mean:-502.94, std:40.35, median:-496.04, success:0.00
Goal, Curr: (-1.04,  0.92), ( -0.10,  -0.60)   Error: 1.79
Last SG, Last State: ( -2.27,  -1.04), ( -0.25,  -0.60)  SG Improvement:-0.20399 

Goal, Curr: (-0.94,  0.84), (  0.15,  -0.60)   Error: 1.81
Last SG, Last State: ( -2.12,  -1.06), ( -0.08,  -0.60)  SG Improvement:-0.15751 

Goal, Curr: (-1.21,  1.04), ( -0.08,  -0.60)   Error: 1.99
Last SG, Last State: ( -2.29,  -0.83), ( -0.28,  -0.60)  SG Improvement:-0.20698 

Goal, Curr: (-1.24,  1.09), ( -0.04,  -0.60)   Error: 2.07
Last SG, Last State: ( -2.29,  -0.82), ( -0.28,  -0.60)  SG Improvement:-0.21930 

Goal, Curr: (-0.94,  1.23), ( -0.16,  -0.60)   Error: 1.99
Last SG, Last State: ( -2.34,  -0.89), ( -0.34,  -0.60)  SG Improvement:-0.22735 

Goal, Curr: (-1.11,  1.16), ( -0.11,  -0.60)   Error: 2.02
Last SG, Last State: ( -2.30,  -0.69), ( -0.29,  -0.60)  SG Improvement:-0.14983 

Goal, Curr: (-1.08,  1.24), ( -0.18,  -0.60)   Error: 2.05
Last SG, Last State: ( -2.35,  -0.66), ( -0.34,  -0.60)  SG Improvement:-0.15677 

Goal, Curr: (-1.18,  0.92), ( -0.09,  -0.60)   Error: 1.88
Last SG, Last State: ( -2.28,  -0.95), ( -0.26,  -0.60)  SG Improvement:-0.21991 

Goal, Curr: (-1.04,  0.78), ( -0.14,  -0.60)   Error: 1.65
Last SG, Last State: ( -2.30,  -1.00), ( -0.28,  -0.60)  SG Improvement:-0.19099 

Goal, Curr: (-1.06,  0.89), ( -0.31,  -0.60)   Error: 1.67
Last SG, Last State: ( -2.45,  -0.80), ( -0.44,  -0.60)  SG Improvement:-0.18153 

episode:00300, mean:-518.58, std:44.92, median:-521.96, success:0.00
Goal, Curr: (-1.00,  1.05), ( -0.08,  -0.60)   Error: 1.89
Last SG, Last State: ( -2.15,   1.33), ( -0.13,  -0.60)  SG Improvement:-0.04147 

Goal, Curr: (-1.16,  1.14), ( -0.01,  -0.60)   Error: 2.08
Last SG, Last State: ( -2.21,   1.33), ( -0.15,  -0.60)  SG Improvement:-0.07015 

Goal, Curr: (-1.00,  1.19), ( -0.06,  -0.60)   Error: 2.03
Last SG, Last State: ( -2.22,   1.32), ( -0.17,  -0.60)  SG Improvement:-0.09099 

Goal, Curr: (-0.81,  1.21), ( -0.14,  -0.60)   Error: 1.93
Last SG, Last State: ( -2.24,   1.30), ( -0.18,  -0.60)  SG Improvement:-0.10864 

Goal, Curr: (-1.00,  1.21), ( -0.27,  -0.60)   Error: 1.95
Last SG, Last State: ( -2.41,   1.33), ( -0.35,  -0.60)  SG Improvement:-0.02422 

Goal, Curr: (-0.94,  1.08), ( -0.30,  -0.60)   Error: 1.80
Last SG, Last State: ( -2.15,   1.33), ( -0.13,  -0.60)  SG Improvement:-0.04044 

Goal, Curr: (-1.12,  1.00), ( -0.16,  -0.60)   Error: 1.87
Last SG, Last State: ( -2.28,   1.28), ( -0.22,  -0.60)  SG Improvement:-0.06972 

Goal, Curr: (-0.82,  1.02), (  0.01,  -0.60)   Error: 1.82
Last SG, Last State: ( -2.15,   1.31), ( -0.10,  -0.60)  SG Improvement:-0.05694 

Goal, Curr: (-1.15,  1.07), ( -0.13,  -0.60)   Error: 1.96
Last SG, Last State: ( -2.25,   1.31), ( -0.19,  -0.60)  SG Improvement:-0.10054 

Goal, Curr: (-0.88,  0.90), ( -0.06,  -0.60)   Error: 1.71
Last SG, Last State: ( -2.10,   1.32), ( -0.08,  -0.60)  SG Improvement:-0.02355 

episode:00400, mean:-540.31, std:26.97, median:-545.23, success:0.00
Goal, Curr: (-0.96,  1.10), ( -0.93,  -0.60)   Error: 1.70
Last SG, Last State: ( -1.43,  -0.06), ( -0.59,  -0.60)  SG Improvement:0.80871 

Goal, Curr: (-1.00,  0.83), ( -0.00,  -0.60)   Error: 1.74
Last SG, Last State: ( -1.84,   0.72), ( -0.03,  -0.60)  SG Improvement:-0.05939 

Goal, Curr: (-0.96,  0.77), ( -0.06,  -0.60)   Error: 1.64
Last SG, Last State: ( -1.97,   1.20), (  0.02,  -0.60)  SG Improvement:0.00921 

Goal, Curr: (-0.90,  0.82), ( -0.98,  -0.60)   Error: 1.43
Last SG, Last State: ( -1.06,  -0.23), ( -0.60,  -0.60)  SG Improvement:1.41134 

Goal, Curr: (-0.88,  1.20), (  0.20,  -0.60)   Error: 2.10
Last SG, Last State: ( -2.18,   1.07), ( -0.04,  -0.60)  SG Improvement:-0.08572 

Goal, Curr: (-1.10,  0.93), (  0.08,  -0.60)   Error: 1.93
Last SG, Last State: ( -1.98,   1.22), (  0.07,  -0.60)  SG Improvement:-0.08357 

Goal, Curr: (-0.75,  0.86), ( -0.49,  -0.60)   Error: 1.48
Last SG, Last State: ( -2.62,   0.62), ( -0.57,  -0.60)  SG Improvement:-0.03082 

Goal, Curr: (-0.86,  1.00), (  0.05,  -0.63)   Error: 1.87
Last SG, Last State: ( -1.72,   0.99), (  0.11,  -0.60)  SG Improvement:-0.15696 

Goal, Curr: (-0.81,  1.02), (  0.09,  -0.60)   Error: 1.86
Last SG, Last State: ( -2.25,   1.02), ( -0.06,  -0.60)  SG Improvement:-0.05234 

Goal, Curr: (-1.09,  0.78), ( -0.05,  -0.61)   Error: 1.73
Last SG, Last State: ( -2.04,   0.87), ( -0.05,  -0.60)  SG Improvement:-0.16894 

episode:00500, mean:-503.34, std:38.26, median:-503.64, success:0.00
Goal, Curr: (-0.86,  1.04), (  0.60,  -0.15)   Error: 1.88
Last SG, Last State: ( -0.92,  -0.09), (  0.60,  -0.07)  SG Improvement:-0.03199 

Goal, Curr: (-1.24,  1.16), (  0.60,   0.19)   Error: 2.08
Last SG, Last State: ( -0.98,  -0.38), (  0.60,   0.19)  SG Improvement:0.23631 

Goal, Curr: (-0.89,  0.81), (  0.66,  -0.30)   Error: 1.90
Last SG, Last State: ( -0.42,   0.37), (  0.52,  -0.60)  SG Improvement:0.12942 

Goal, Curr: (-1.22,  1.01), (  0.60,   0.01)   Error: 2.08
Last SG, Last State: ( -0.78,  -0.22), (  0.60,   0.19)  SG Improvement:0.00584 

Goal, Curr: (-1.09,  1.07), (  0.60,   0.26)   Error: 1.88
Last SG, Last State: ( -0.76,  -0.69), (  0.60,   0.26)  SG Improvement:0.05480 

Goal, Curr: (-0.94,  0.93), (  0.60,   0.34)   Error: 1.65
Last SG, Last State: ( -0.59,  -0.86), (  0.60,   0.35)  SG Improvement:0.01006 

Goal, Curr: (-1.11,  0.78), (  0.60,   0.31)   Error: 1.78
Last SG, Last State: ( -0.72,  -0.95), (  0.60,   0.33)  SG Improvement:0.01546 

Goal, Curr: (-1.23,  0.81), (  0.60,   0.20)   Error: 1.93
Last SG, Last State: ( -0.90,  -0.79), (  0.60,   0.21)  SG Improvement:0.00781 

Goal, Curr: (-0.88,  1.04), (  0.60,   0.28)   Error: 1.67
Last SG, Last State: ( -0.64,  -0.71), (  0.60,   0.28)  SG Improvement:0.00800 

Goal, Curr: (-0.79,  0.86), (  0.60,   0.22)   Error: 1.53
Last SG, Last State: ( -0.72,  -0.79), (  0.60,   0.23)  SG Improvement:0.01187 

episode:00600, mean:-558.11, std:42.89, median:-552.11, success:0.00
Goal, Curr: (-0.85,  0.86), (  0.60,   0.00)   Error: 1.69
Last SG, Last State: ( -1.06,  -0.51), (  0.60,  -0.05)  SG Improvement:0.06568 

Goal, Curr: (-1.01,  1.25), (  0.60,   0.10)   Error: 1.98
Last SG, Last State: ( -0.89,  -0.58), (  0.60,   0.11)  SG Improvement:0.05477 

Goal, Curr: (-0.96,  0.93), (  0.60,   0.15)   Error: 1.74
Last SG, Last State: ( -1.04,  -0.70), (  0.60,  -0.02)  SG Improvement:0.45122 

Goal, Curr: (-0.92,  1.08), (  0.60,   0.17)   Error: 1.78
Last SG, Last State: ( -0.89,   0.43), (  0.60,   0.23)  SG Improvement:-0.15379 

Goal, Curr: (-0.80,  1.04), (  0.60,   0.10)   Error: 1.69
Last SG, Last State: ( -0.68,  -1.01), (  0.60,   0.12)  SG Improvement:0.05737 

Goal, Curr: (-1.19,  1.23), (  0.60,   0.14)   Error: 2.09
Last SG, Last State: ( -0.46,  -0.61), (  0.60,   0.19)  SG Improvement:-0.23864 

Goal, Curr: (-1.21,  0.79), (  0.60,   0.07)   Error: 1.94
Last SG, Last State: ( -1.18,  -0.50), (  0.60,  -0.04)  SG Improvement:0.39138 

Goal, Curr: (-0.90,  0.85), (  0.60,   0.23)   Error: 1.63
Last SG, Last State: ( -1.15,   0.83), (  0.60,   0.22)  SG Improvement:0.04513 

Goal, Curr: (-1.08,  1.13), (  0.60,   0.10)   Error: 1.97
Last SG, Last State: ( -1.17,   0.37), (  0.60,   0.06)  SG Improvement:0.02688 

Goal, Curr: (-0.96,  0.90), (  0.60,   0.10)   Error: 1.76
Last SG, Last State: ( -1.18,   0.47), (  0.60,   0.09)  SG Improvement:-0.01278 

episode:00700, mean:-628.06, std:41.10, median:-630.33, success:0.00
Goal, Curr: (-0.93,  0.77), (  0.60,   0.04)   Error: 1.70
Last SG, Last State: ( -1.20,  -1.33), (  0.60,   0.07)  SG Improvement:0.08180 

Goal, Curr: (-1.13,  0.99), ( -0.66,   0.62)   Error: 0.60
Last SG, Last State: ( -1.51,   0.68), ( -0.19,   0.60)  SG Improvement:0.19611 

Goal, Curr: (-0.83,  1.05), (  0.28,   0.60)   Error: 1.19
Last SG, Last State: ( -1.24,   0.91), (  0.60,   0.47)  SG Improvement:0.01460 

Goal, Curr: (-1.11,  0.99), (  0.16,   0.60)   Error: 1.33
Last SG, Last State: ( -1.00,   0.62), (  0.60,   0.51)  SG Improvement:-0.01937 

Goal, Curr: (-0.86,  0.97), ( -0.61,   0.60)   Error: 0.45
Last SG, Last State: ( -1.42,   0.61), ( -0.09,   0.60)  SG Improvement:0.18529 

Goal, Curr: (-1.18,  1.14), ( -0.37,   0.60)   Error: 0.97
Last SG, Last State: ( -1.07,   0.92), (  0.19,   0.60)  SG Improvement:0.87801 

Goal, Curr: (-1.21,  0.98), ( -0.81,   0.79)   Error: 0.45
Last SG, Last State: ( -1.64,  -0.94), ( -0.40,   0.60)  SG Improvement:0.50994 

Goal, Curr: (-1.02,  1.13), (  0.03,   0.77)   Error: 1.12
Last SG, Last State: ( -1.24,   1.16), (  0.58,   0.55)  SG Improvement:0.28166 

Goal, Curr: (-0.77,  1.24), (  0.60,   0.49)   Error: 1.56
Last SG, Last State: ( -1.34,   1.27), (  0.60,   0.19)  SG Improvement:0.07916 

Goal, Curr: (-1.19,  1.05), ( -0.84,   0.77)   Error: 0.45
Last SG, Last State: ( -1.98,  -0.86), ( -0.64,   0.60)  SG Improvement:0.37139 

episode:00800, mean:-566.44, std:44.77, median:-568.07, success:0.30
Goal, Curr: (-1.18,  0.91), ( -0.66,   0.60)   Error: 0.60
Last SG, Last State: ( -2.52,  -0.83), ( -0.27,   0.78)  SG Improvement:0.35663 

Goal, Curr: (-1.10,  1.00), ( -0.75,   0.73)   Error: 0.44
Last SG, Last State: ( -1.92,   0.24), ( -0.65,   0.67)  SG Improvement:0.04511 

Goal, Curr: (-1.07,  1.05), ( -0.74,   0.74)   Error: 0.45
Last SG, Last State: ( -1.87,   0.41), ( -0.65,   0.69)  SG Improvement:-0.00088 

Goal, Curr: (-1.08,  1.13), ( -0.23,   0.60)   Error: 1.00
Last SG, Last State: ( -1.17,   1.18), (  0.33,   0.60)  SG Improvement:1.05262 

Goal, Curr: (-1.25,  0.98), ( -0.34,   0.60)   Error: 0.98
Last SG, Last State: ( -1.45,   0.10), ( -0.01,   0.60)  SG Improvement:-0.46646 

Goal, Curr: (-0.85,  0.85), ( -0.49,   0.60)   Error: 0.44
Last SG, Last State: ( -1.39,   1.61), ( -0.01,   0.62)  SG Improvement:1.10163 

Goal, Curr: (-1.09,  1.09), ( -0.58,   0.69)   Error: 0.64
Last SG, Last State: ( -1.64,   1.15), ( -0.25,   0.69)  SG Improvement:0.73075 

Goal, Curr: (-1.25,  1.09), ( -0.68,   0.81)   Error: 0.63
Last SG, Last State: ( -1.94,   0.87), ( -0.46,   0.83)  SG Improvement:0.33045 

Goal, Curr: (-1.00,  1.23), ( -0.57,   0.97)   Error: 0.50
Last SG, Last State: ( -0.53,  -0.73), ( -0.49,   0.95)  SG Improvement:-0.09813 

Goal, Curr: (-1.13,  0.90), ( -0.75,   0.65)   Error: 0.45
Last SG, Last State: ( -2.00,   0.42), ( -0.49,   0.60)  SG Improvement:-0.51894 

episode:00900, mean:-517.57, std:50.08, median:-509.19, success:0.40
Goal, Curr: (-1.13,  0.82), ( -0.81,   1.11)   Error: 0.44
Last SG, Last State: ( -1.68,   2.20), ( -0.27,   1.03)  SG Improvement:0.88962 

Goal, Curr: (-0.88,  1.10), ( -0.63,   0.73)   Error: 0.45
Last SG, Last State: ( -2.27,   1.36), ( -0.51,   0.66)  SG Improvement:0.33434 

Goal, Curr: (-0.98,  0.84), ( -0.55,   0.93)   Error: 0.43
Last SG, Last State: ( -1.48,   2.73), ( -0.06,   0.92)  SG Improvement:1.06724 

Goal, Curr: (-1.23,  1.20), ( -0.57,   0.71)   Error: 0.82
Last SG, Last State: ( -1.94,  -0.79), ( -0.52,   0.70)  SG Improvement:0.38383 

Goal, Curr: (-0.81,  0.92), ( -0.44,   0.69)   Error: 0.44
Last SG, Last State: ( -2.10,   0.68), ( -0.35,   0.64)  SG Improvement:0.34204 

Goal, Curr: (-0.92,  0.91), ( -0.56,   0.66)   Error: 0.43
Last SG, Last State: ( -1.67,   1.39), ( -0.27,   0.60)  SG Improvement:0.51332 

Goal, Curr: (-0.77,  1.20), ( -0.35,   1.04)   Error: 0.45
Last SG, Last State: ( -1.50,   2.81), ( -0.10,   1.03)  SG Improvement:1.12155 

Goal, Curr: (-0.86,  0.81), ( -0.43,   0.80)   Error: 0.43
Last SG, Last State: ( -1.30,   1.78), (  0.06,   0.73)  SG Improvement:1.13723 

Goal, Curr: (-1.10,  1.25), ( -0.81,   0.91)   Error: 0.44
Last SG, Last State: ( -1.82,   2.04), ( -0.41,   0.83)  SG Improvement:0.74253 

Goal, Curr: (-0.87,  1.13), ( -0.54,   0.83)   Error: 0.45
Last SG, Last State: ( -1.74,  -0.96), ( -0.32,   0.69)  SG Improvement:0.33711 

episode:01000, mean:-476.72, std:65.44, median:-454.04, success:0.90
Goal, Curr: (-1.04,  1.05), (  0.17,   0.91)   Error: 1.22
Last SG, Last State: ( -1.29,   1.90), (  0.60,   0.51)  SG Improvement:0.06204 

Goal, Curr: (-0.98,  0.83), ( -0.60,   0.60)   Error: 0.44
Last SG, Last State: ( -1.60,   0.86), ( -0.13,   0.60)  SG Improvement:0.46785 

Goal, Curr: (-0.77,  1.24), (  0.35,   0.76)   Error: 1.22
Last SG, Last State: ( -1.27,   1.87), (  0.60,   0.30)  SG Improvement:0.05245 

Goal, Curr: (-1.20,  1.11), ( -1.04,   0.67)   Error: 0.47
Last SG, Last State: ( -2.21,   0.36), ( -0.86,   0.73)  SG Improvement:0.09425 

Goal, Curr: (-0.75,  1.11), (  0.38,   0.77)   Error: 1.18
Last SG, Last State: ( -1.31,   1.83), (  0.60,   0.29)  SG Improvement:0.09302 

Goal, Curr: (-0.75,  1.18), ( -0.67,   0.60)   Error: 0.58
Last SG, Last State: ( -1.78,   0.87), ( -0.34,   0.60)  SG Improvement:0.14851 

Goal, Curr: (-0.76,  1.18), ( -0.60,   0.67)   Error: 0.53
Last SG, Last State: ( -2.13,  -0.11), ( -0.71,   0.70)  SG Improvement:0.11427 

Goal, Curr: (-0.76,  0.78), ( -0.36,   0.60)   Error: 0.44
Last SG, Last State: ( -1.77,   0.98), ( -0.32,   0.60)  SG Improvement:0.62323 

Goal, Curr: (-1.14,  1.14), ( -0.63,   0.69)   Error: 0.69
Last SG, Last State: ( -2.33,   0.19), ( -0.73,   0.70)  SG Improvement:0.75470 

Goal, Curr: (-0.94,  0.76), ( -0.51,   0.67)   Error: 0.44
Last SG, Last State: ( -1.91,   1.45), ( -0.47,   0.68)  SG Improvement:0.64782 

episode:01100, mean:-507.80, std:65.26, median:-507.46, success:0.30
Goal, Curr: (-1.20,  0.84), ( -0.76,   0.61)   Error: 0.50
Last SG, Last State: ( -2.07,   1.29), ( -0.63,   0.60)  SG Improvement:0.37786 

Goal, Curr: (-0.82,  1.19), ( -0.45,   0.61)   Error: 0.69
Last SG, Last State: ( -1.71,   1.40), ( -0.29,   0.63)  SG Improvement:0.78568 

Goal, Curr: (-0.91,  1.16), ( -0.50,   0.81)   Error: 0.54
Last SG, Last State: ( -1.88,   1.63), ( -0.47,   0.82)  SG Improvement:0.86886 

Goal, Curr: (-0.76,  0.96), ( -0.51,   0.60)   Error: 0.44
Last SG, Last State: ( -1.91,   1.17), ( -0.49,   0.60)  SG Improvement:0.25062 

Goal, Curr: (-0.94,  1.18), ( -0.72,   0.72)   Error: 0.51
Last SG, Last State: ( -2.04,   0.18), ( -0.53,   0.70)  SG Improvement:0.06478 

Goal, Curr: (-1.19,  0.82), ( -0.54,   0.60)   Error: 0.69
Last SG, Last State: ( -2.13,  -0.01), ( -0.43,   0.60)  SG Improvement:0.16294 

Goal, Curr: (-0.78,  0.90), (  0.18,   0.70)   Error: 0.98
Last SG, Last State: ( -0.52,   1.71), (  0.60,   0.47)  SG Improvement:0.10307 

Goal, Curr: (-1.09,  1.00), ( -0.80,   0.66)   Error: 0.45
Last SG, Last State: ( -2.19,   1.54), ( -0.76,   0.66)  SG Improvement:0.65296 

Goal, Curr: (-0.87,  1.04), ( -0.60,   0.60)   Error: 0.51
Last SG, Last State: ( -1.88,   1.32), ( -0.44,   0.60)  SG Improvement:0.60792 

Goal, Curr: (-0.87,  1.15), ( -0.71,   0.70)   Error: 0.48
Last SG, Last State: ( -2.01,   0.24), ( -0.62,   0.70)  SG Improvement:0.27674 

episode:01200, mean:-501.62, std:32.85, median:-503.21, success:0.20
Goal, Curr: (-1.23,  0.97), ( -0.59,   1.33)   Error: 0.73
Last SG, Last State: ( -2.20,   1.74), ( -0.62,   1.33)  SG Improvement:-0.16046 

Goal, Curr: (-0.95,  1.14), ( -0.56,   1.34)   Error: 0.44
Last SG, Last State: ( -1.58,   2.60), ( -0.10,   1.40)  SG Improvement:1.15946 

Goal, Curr: (-0.88,  0.90), ( -0.62,   1.29)   Error: 0.47
Last SG, Last State: ( -1.69,   1.46), ( -0.26,   1.27)  SG Improvement:0.65036 

Goal, Curr: (-1.13,  1.02), ( -0.45,   1.39)   Error: 0.77
Last SG, Last State: ( -1.92,   1.38), ( -0.33,   1.39)  SG Improvement:0.02346 

Goal, Curr: (-0.92,  0.97), ( -0.62,   1.33)   Error: 0.47
Last SG, Last State: ( -1.84,   1.31), ( -0.36,   1.30)  SG Improvement:0.37192 

Goal, Curr: (-1.24,  1.17), ( -0.55,   1.40)   Error: 0.73
Last SG, Last State: ( -1.83,   1.73), ( -0.36,   1.40)  SG Improvement:0.51944 

Goal, Curr: (-0.81,  1.15), ( -0.29,   1.40)   Error: 0.58
Last SG, Last State: ( -1.37,   2.62), (  0.25,   1.32)  SG Improvement:1.17496 

Goal, Curr: (-1.00,  0.98), ( -0.47,   1.40)   Error: 0.68
Last SG, Last State: ( -1.94,   1.32), ( -0.36,   1.40)  SG Improvement:0.02470 

Goal, Curr: (-0.91,  1.16), ( -0.52,   1.37)   Error: 0.44
Last SG, Last State: ( -1.69,   2.12), ( -0.26,   1.40)  SG Improvement:1.11630 

Goal, Curr: (-0.87,  0.83), ( -0.47,   1.40)   Error: 0.70
Last SG, Last State: ( -1.58,   2.15), ( -0.13,   1.40)  SG Improvement:0.96681 

episode:01300, mean:-489.08, std:29.45, median:-489.80, success:0.20
Goal, Curr: (-0.77,  1.14), ( -0.49,   0.79)   Error: 0.45
Last SG, Last State: ( -2.16,   0.80), ( -0.28,   0.67)  SG Improvement:0.78818 

Goal, Curr: (-0.94,  0.99), ( -0.64,   0.67)   Error: 0.44
Last SG, Last State: ( -2.28,   0.62), ( -0.39,   0.61)  SG Improvement:0.85353 

Goal, Curr: (-1.12,  1.19), ( -0.64,   0.71)   Error: 0.68
Last SG, Last State: ( -2.29,   1.03), ( -0.41,   0.61)  SG Improvement:0.89443 

Goal, Curr: (-0.94,  1.17), ( -0.17,   0.62)   Error: 0.94
Last SG, Last State: ( -1.48,   1.05), ( -0.10,   0.60)  SG Improvement:0.36849 

Goal, Curr: (-0.88,  1.05), ( -0.61,   0.69)   Error: 0.45
Last SG, Last State: ( -2.26,   0.23), ( -0.40,   0.62)  SG Improvement:0.88364 

Goal, Curr: (-0.79,  0.82), ( -0.40,   0.62)   Error: 0.44
Last SG, Last State: ( -2.20,   0.44), ( -0.31,   0.60)  SG Improvement:0.82438 

Goal, Curr: (-0.89,  1.13), ( -0.59,   0.80)   Error: 0.45
Last SG, Last State: ( -2.25,   0.78), ( -0.40,   0.63)  SG Improvement:0.82532 

Goal, Curr: (-0.91,  1.04), ( -0.60,   0.74)   Error: 0.43
Last SG, Last State: ( -2.26,   0.56), ( -0.40,   0.62)  SG Improvement:0.85820 

Goal, Curr: (-1.18,  0.98), ( -0.78,   0.78)   Error: 0.45
Last SG, Last State: ( -0.70,   1.35), ( -0.76,   0.77)  SG Improvement:1.18607 

Goal, Curr: (-0.79,  0.83), ( -0.41,   0.60)   Error: 0.45
Last SG, Last State: ( -0.52,   1.57), (  0.18,   0.62)  SG Improvement:1.26415 

episode:01400, mean:-453.82, std:44.35, median:-446.06, success:0.80
Goal, Curr: (-1.25,  0.79), ( -0.75,   0.87)   Error: 0.51
Last SG, Last State: ( -2.06,   0.96), ( -0.64,   0.89)  SG Improvement:0.51344 

Goal, Curr: (-1.07,  0.85), ( -0.63,   0.92)   Error: 0.45
Last SG, Last State: ( -1.44,   2.26), ( -0.07,   1.12)  SG Improvement:1.31324 

Goal, Curr: (-0.79,  0.85), ( -0.37,   0.71)   Error: 0.45
Last SG, Last State: ( -0.64,   2.18), (  0.17,   0.63)  SG Improvement:1.11847 

Goal, Curr: (-1.21,  0.79), ( -0.78,   0.82)   Error: 0.43
Last SG, Last State: ( -1.68,   1.23), ( -0.30,   0.96)  SG Improvement:0.90171 

Goal, Curr: (-0.95,  1.14), ( -0.53,   0.97)   Error: 0.45
Last SG, Last State: ( -2.39,   1.11), ( -0.50,   0.86)  SG Improvement:0.59699 

Goal, Curr: (-0.96,  1.18), ( -0.58,   0.94)   Error: 0.45
Last SG, Last State: ( -2.47,   1.27), ( -0.57,   0.76)  SG Improvement:0.60981 

Goal, Curr: (-1.25,  0.90), ( -0.80,   0.83)   Error: 0.45
Last SG, Last State: ( -2.06,   1.21), ( -0.45,   0.75)  SG Improvement:0.32059 

Goal, Curr: (-1.17,  0.80), ( -0.67,   0.77)   Error: 0.50
Last SG, Last State: ( -1.46,   1.24), ( -0.08,   0.87)  SG Improvement:0.78693 

Goal, Curr: (-0.80,  1.24), ( -0.56,   0.87)   Error: 0.44
Last SG, Last State: ( -2.42,   1.28), ( -0.54,   0.83)  SG Improvement:0.59457 

Goal, Curr: (-1.11,  0.92), ( -0.66,   0.93)   Error: 0.45
Last SG, Last State: ( -2.36,   1.03), ( -0.54,   0.88)  SG Improvement:0.50528 

episode:01500, mean:-462.86, std:28.52, median:-448.55, success:0.80
Goal, Curr: (-0.85,  0.97), ( -0.44,   0.81)   Error: 0.44
Last SG, Last State: ( -1.53,   0.94), ( -0.24,   0.80)  SG Improvement:0.34130 

Goal, Curr: (-0.90,  0.76), (  0.23,   0.75)   Error: 1.13
Last SG, Last State: ( -0.98,  -0.56), (  0.60,   0.42)  SG Improvement:-0.07234 

Goal, Curr: (-0.81,  1.07), ( -0.44,   0.84)   Error: 0.44
Last SG, Last State: ( -1.58,   0.88), ( -0.28,   0.84)  SG Improvement:0.28029 

Goal, Curr: (-0.80,  1.02), ( -0.36,   0.93)   Error: 0.45
Last SG, Last State: ( -1.50,   0.98), ( -0.22,   0.94)  SG Improvement:0.32239 

Goal, Curr: (-0.93,  1.23), ( -0.64,   0.80)   Error: 0.52
Last SG, Last State: ( -1.31,   1.87), ( -0.05,   0.82)  SG Improvement:1.01628 

Goal, Curr: (-0.99,  0.91), ( -0.55,   0.83)   Error: 0.44
Last SG, Last State: ( -1.65,   0.75), ( -0.32,   0.83)  SG Improvement:0.26006 

Goal, Curr: (-1.17,  1.10), ( -0.86,   0.77)   Error: 0.45
Last SG, Last State: ( -2.26,   0.93), ( -0.73,   0.84)  SG Improvement:-0.18002 

Goal, Curr: (-0.90,  0.76), ( -0.47,   0.86)   Error: 0.45
Last SG, Last State: ( -1.53,   0.81), ( -0.23,   0.86)  SG Improvement:0.31505 

Goal, Curr: (-0.85,  1.12), ( -0.53,   0.82)   Error: 0.45
Last SG, Last State: ( -1.82,   0.85), ( -0.50,   0.82)  SG Improvement:0.09806 

Goal, Curr: (-1.21,  1.16), ( -0.69,   0.90)   Error: 0.58
Last SG, Last State: ( -1.51,   1.18), ( -0.11,   0.99)  SG Improvement:0.41842 

episode:01600, mean:-477.19, std:58.50, median:-471.81, success:0.70
Goal, Curr: (-1.11,  0.98), ( -0.71,   0.63)   Error: 0.53
Last SG, Last State: ( -1.23,   0.84), ( -0.38,   0.60)  SG Improvement:0.43314 

Goal, Curr: (-0.86,  0.86), ( -0.25,   0.60)   Error: 0.67
Last SG, Last State: ( -0.52,   2.28), (  0.33,   0.64)  SG Improvement:1.20530 

Goal, Curr: (-0.79,  1.14), ( -0.30,   0.67)   Error: 0.67
Last SG, Last State: ( -0.41,   2.16), (  0.28,   0.69)  SG Improvement:1.22522 

Goal, Curr: (-1.03,  0.88), ( -0.47,   0.60)   Error: 0.63
Last SG, Last State: ( -0.76,   1.82), (  0.10,   0.71)  SG Improvement:1.12982 

Goal, Curr: (-1.16,  1.07), ( -0.51,   0.66)   Error: 0.76
Last SG, Last State: ( -1.47,   1.15), ( -0.39,   0.63)  SG Improvement:-0.01471 

Goal, Curr: (-1.11,  0.80), ( -0.70,   0.63)   Error: 0.45
Last SG, Last State: ( -1.70,   0.62), ( -0.50,   0.60)  SG Improvement:0.27697 

Goal, Curr: (-0.92,  0.75), ( -0.52,   0.60)   Error: 0.43
Last SG, Last State: ( -1.28,   0.83), ( -0.26,   0.60)  SG Improvement:0.29032 

Goal, Curr: (-1.25,  0.79), ( -0.40,   0.90)   Error: 0.86
Last SG, Last State: ( -2.35,  -0.28), ( -0.81,   0.64)  SG Improvement:0.80243 

Goal, Curr: (-1.02,  0.84), ( -0.65,   0.60)   Error: 0.44
Last SG, Last State: ( -1.81,   0.64), ( -0.63,   0.60)  SG Improvement:0.17514 

Goal, Curr: (-0.79,  1.17), ( -0.61,   0.66)   Error: 0.55
Last SG, Last State: ( -1.70,   1.11), ( -0.46,   0.69)  SG Improvement:0.56989 

episode:01700, mean:-495.18, std:47.42, median:-493.34, success:0.30
Goal, Curr: (-1.15,  1.17), ( -0.86,   0.84)   Error: 0.44
Last SG, Last State: ( -2.02,   0.83), ( -0.49,   0.68)  SG Improvement:1.10296 

Goal, Curr: (-1.08,  1.20), ( -0.69,   0.67)   Error: 0.66
Last SG, Last State: ( -2.41,  -0.01), ( -0.62,   0.61)  SG Improvement:0.86102 

Goal, Curr: (-0.99,  1.01), ( -0.64,   0.74)   Error: 0.44
Last SG, Last State: ( -1.32,   1.14), ( -0.13,   0.60)  SG Improvement:0.15335 

Goal, Curr: (-0.86,  1.15), ( -0.61,   0.78)   Error: 0.45
Last SG, Last State: ( -1.39,   1.38), ( -0.21,   0.64)  SG Improvement:0.33673 

Goal, Curr: (-0.79,  1.12), ( -0.60,   0.72)   Error: 0.44
Last SG, Last State: ( -1.96,   0.67), ( -0.51,   0.69)  SG Improvement:1.02584 

Goal, Curr: (-1.21,  1.02), ( -0.80,   0.83)   Error: 0.45
Last SG, Last State: ( -2.27,   1.37), ( -0.52,   0.74)  SG Improvement:0.70856 

Goal, Curr: (-1.08,  1.00), ( -0.57,   0.73)   Error: 0.58
Last SG, Last State: ( -1.47,   0.99), ( -0.26,   0.63)  SG Improvement:-0.10673 

Goal, Curr: (-1.01,  0.92), ( -0.70,   0.60)   Error: 0.44
Last SG, Last State: ( -1.48,   0.80), ( -0.30,   0.64)  SG Improvement:0.46865 

Goal, Curr: (-0.92,  1.14), ( -0.56,   0.63)   Error: 0.62
Last SG, Last State: ( -2.45,  -0.64), ( -0.53,   0.64)  SG Improvement:0.70123 

Goal, Curr: (-0.95,  0.93), ( -0.55,   0.60)   Error: 0.52
Last SG, Last State: ( -1.64,  -0.04), ( -0.52,   0.60)  SG Improvement:0.28396 

episode:01800, mean:-459.08, std:42.67, median:-457.27, success:0.60
Goal, Curr: (-0.80,  1.03), ( -0.43,   0.78)   Error: 0.45
Last SG, Last State: ( -1.20,   1.16), ( -0.18,   0.60)  SG Improvement:0.11158 

Goal, Curr: (-0.78,  1.14), ( -0.50,   0.79)   Error: 0.45
Last SG, Last State: ( -1.13,   1.36), ( -0.09,   0.61)  SG Improvement:0.20095 

Goal, Curr: (-0.80,  0.77), ( -0.40,   0.60)   Error: 0.43
Last SG, Last State: ( -0.29,   2.35), (  0.11,   0.68)  SG Improvement:1.35950 

Goal, Curr: (-0.97,  1.24), ( -0.70,   0.86)   Error: 0.47
Last SG, Last State: ( -1.56,   1.11), ( -0.43,   0.73)  SG Improvement:-0.12629 

Goal, Curr: (-0.99,  0.81), ( -0.44,   0.94)   Error: 0.57
Last SG, Last State: ( -1.13,   1.69), (  0.13,   0.85)  SG Improvement:1.26336 

Goal, Curr: (-0.88,  0.81), ( -0.46,   0.92)   Error: 0.44
Last SG, Last State: ( -0.87,   0.75), (  0.12,   0.93)  SG Improvement:-0.00847 

Goal, Curr: (-0.90,  0.91), ( -0.58,   0.60)   Error: 0.45
Last SG, Last State: ( -1.18,   1.34), ( -0.05,   0.65)  SG Improvement:0.53637 

Goal, Curr: (-0.81,  0.82), ( -0.38,   0.92)   Error: 0.44
Last SG, Last State: ( -0.79,   0.78), (  0.12,   0.91)  SG Improvement:-0.00565 

Goal, Curr: (-1.15,  0.84), ( -0.53,   0.60)   Error: 0.66
Last SG, Last State: ( -0.88,   2.31), (  0.05,   0.60)  SG Improvement:1.18660 

Goal, Curr: (-1.16,  1.11), ( -0.76,   0.92)   Error: 0.45
Last SG, Last State: ( -1.53,   1.24), ( -0.43,   0.92)  SG Improvement:0.31574 

episode:01900, mean:-460.34, std:57.97, median:-455.75, success:0.70
Goal, Curr: (-1.23,  0.85), ( -0.36,   0.76)   Error: 0.87
Last SG, Last State: ( -1.73,   0.94), ( -0.48,   0.60)  SG Improvement:-0.04274 

Goal, Curr: (-0.79,  1.07), ( -0.56,   0.69)   Error: 0.44
Last SG, Last State: ( -1.69,   1.05), ( -0.49,   0.66)  SG Improvement:-0.45825 

Goal, Curr: (-0.90,  0.87), ( -0.54,   0.61)   Error: 0.45
Last SG, Last State: ( -1.38,   0.40), ( -0.46,   0.60)  SG Improvement:0.12406 

Goal, Curr: (-0.99,  0.75), ( -0.54,   0.73)   Error: 0.45
Last SG, Last State: ( -1.51,   0.92), ( -0.39,   0.66)  SG Improvement:-0.21095 

Goal, Curr: (-0.87,  0.84), ( -0.43,   0.83)   Error: 0.44
Last SG, Last State: ( -1.63,   0.86), ( -0.39,   0.84)  SG Improvement:0.59303 

Goal, Curr: (-1.16,  0.81), ( -0.72,   0.83)   Error: 0.44
Last SG, Last State: ( -1.65,   0.95), ( -0.38,   0.67)  SG Improvement:-0.40333 

Goal, Curr: (-0.98,  1.04), ( -0.74,   0.67)   Error: 0.44
Last SG, Last State: ( -1.79,   0.01), ( -0.69,   0.65)  SG Improvement:0.11741 

Goal, Curr: (-0.88,  0.81), ( -0.45,   0.73)   Error: 0.44
Last SG, Last State: ( -0.96,   1.37), ( -0.20,   0.62)  SG Improvement:0.65591 

Goal, Curr: (-1.10,  1.06), ( -0.99,   0.63)   Error: 0.44
Last SG, Last State: ( -2.10,   1.32), ( -0.87,   0.63)  SG Improvement:-0.82885 

Goal, Curr: (-0.96,  1.24), ( -0.84,   0.82)   Error: 0.44
Last SG, Last State: ( -1.86,   0.23), ( -0.71,   0.74)  SG Improvement:0.40471 

episode:02000, mean:-438.81, std:50.64, median:-443.52, success:0.90
Goal, Curr: (-1.00,  0.94), ( -0.61,   0.72)   Error: 0.45
Last SG, Last State: ( -1.44,   0.94), ( -0.23,   0.60)  SG Improvement:-0.28044 

Goal, Curr: (-0.80,  1.18), ( -0.40,   0.99)   Error: 0.44
Last SG, Last State: ( -1.23,   1.34), ( -0.35,   0.97)  SG Improvement:0.28997 

Goal, Curr: (-1.16,  0.89), (  0.42,   0.62)   Error: 1.61
Last SG, Last State: ( -1.10,   1.65), (  0.60,   0.37)  SG Improvement:-1.29350 

Goal, Curr: (-1.11,  0.82), ( -0.56,   0.88)   Error: 0.55
Last SG, Last State: ( -1.31,   0.30), (  0.00,   0.78)  SG Improvement:0.44667 

Goal, Curr: (-0.87,  1.04), ( -0.50,   0.80)   Error: 0.44
Last SG, Last State: ( -1.13,   0.28), ( -0.03,   0.72)  SG Improvement:0.10444 

Goal, Curr: (-1.24,  1.16), ( -0.36,   1.05)   Error: 0.89
Last SG, Last State: ( -1.30,   2.27), (  0.18,   0.83)  SG Improvement:1.17626 

Goal, Curr: (-0.86,  0.85), ( -0.42,   0.86)   Error: 0.44
Last SG, Last State: ( -1.16,   1.87), (  0.15,   0.77)  SG Improvement:1.28270 

Goal, Curr: (-0.96,  1.05), ( -0.11,   0.60)   Error: 0.95
Last SG, Last State: ( -1.39,  -1.20), (  0.35,   0.69)  SG Improvement:0.30055 

Goal, Curr: (-0.83,  1.00), ( -0.44,   0.80)   Error: 0.44
Last SG, Last State: ( -0.59,   1.04), (  0.12,   0.93)  SG Improvement:0.30585 

Goal, Curr: (-0.94,  1.01), (  0.42,   0.62)   Error: 1.41
Last SG, Last State: ( -0.93,   1.80), (  0.60,   0.33)  SG Improvement:-1.22818 

episode:02100, mean:-535.72, std:51.84, median:-508.68, success:0.50
Goal, Curr: (-0.87,  0.85), ( -0.46,   0.69)   Error: 0.44
Last SG, Last State: ( -1.16,   0.93), ( -0.33,   0.70)  SG Improvement:0.37712 

Goal, Curr: (-0.99,  1.04), ( -0.57,   0.90)   Error: 0.45
Last SG, Last State: ( -1.33,   1.08), ( -0.19,   0.75)  SG Improvement:0.15111 

Goal, Curr: (-1.09,  0.84), ( -0.68,   0.71)   Error: 0.43
Last SG, Last State: ( -1.32,  -0.01), ( -0.16,   0.60)  SG Improvement:0.13073 

Goal, Curr: (-1.22,  0.96), ( -0.46,   0.60)   Error: 0.84
Last SG, Last State: ( -1.31,   2.23), (  0.01,   0.77)  SG Improvement:0.60785 

Goal, Curr: (-1.14,  0.89), ( -0.48,   0.96)   Error: 0.67
Last SG, Last State: ( -2.08,   1.75), ( -0.70,   0.73)  SG Improvement:0.40846 

Goal, Curr: (-0.90,  1.00), ( -0.62,   0.65)   Error: 0.45
Last SG, Last State: ( -1.17,   1.93), ( -0.08,   0.60)  SG Improvement:0.79254 

Goal, Curr: (-1.02,  1.01), ( -0.71,   0.60)   Error: 0.51
Last SG, Last State: ( -1.44,   1.11), ( -0.13,   0.60)  SG Improvement:-0.51255 

Goal, Curr: (-0.95,  0.77), ( -0.52,   0.63)   Error: 0.44
Last SG, Last State: ( -1.03,   0.63), ( -0.28,   0.64)  SG Improvement:0.52030 

Goal, Curr: (-0.99,  1.19), ( -0.61,   0.94)   Error: 0.45
Last SG, Last State: ( -2.26,   2.14), ( -0.50,   0.87)  SG Improvement:0.51266 

Goal, Curr: (-1.23,  0.88), ( -0.81,   0.75)   Error: 0.44
Last SG, Last State: ( -2.15,  -1.12), ( -0.78,   0.75)  SG Improvement:0.10765 

episode:02200, mean:-488.41, std:52.46, median:-467.80, success:0.70
Goal, Curr: (-0.79,  0.84), ( -0.40,   0.63)   Error: 0.44
Last SG, Last State: ( -1.21,   1.18), ( -0.18,   0.64)  SG Improvement:0.03102 

Goal, Curr: (-0.99,  0.92), ( -0.43,   0.60)   Error: 0.64
Last SG, Last State: ( -1.22,   2.36), (  0.14,   0.63)  SG Improvement:1.02933 

Goal, Curr: (-1.08,  0.97), ( -0.68,   0.60)   Error: 0.54
Last SG, Last State: ( -1.85,   1.52), ( -0.63,   0.60)  SG Improvement:0.38061 

Goal, Curr: (-0.91,  1.18), ( -0.20,   0.71)   Error: 0.85
Last SG, Last State: ( -2.24,   0.90), ( -0.72,   0.73)  SG Improvement:0.87358 

Goal, Curr: (-0.83,  1.13), ( -0.48,   0.85)   Error: 0.45
Last SG, Last State: ( -1.08,   1.09), ( -0.20,   0.66)  SG Improvement:0.16275 

Goal, Curr: (-1.01,  0.78), ( -0.36,   0.60)   Error: 0.67
Last SG, Last State: ( -1.20,   2.23), (  0.19,   0.66)  SG Improvement:1.03248 

Goal, Curr: (-0.93,  0.79), ( -0.04,   0.60)   Error: 0.91
Last SG, Last State: ( -1.13,   2.28), (  0.53,   0.60)  SG Improvement:0.50377 

Goal, Curr: (-1.21,  0.81), ( -0.02,   0.61)   Error: 1.20
Last SG, Last State: ( -1.29,   2.24), (  0.55,   0.58)  SG Improvement:0.57192 

Goal, Curr: (-0.88,  0.98), ( -0.36,   0.70)   Error: 0.59
Last SG, Last State: ( -1.10,   1.63), (  0.22,   0.69)  SG Improvement:1.16214 

Goal, Curr: (-0.95,  0.81), ( -0.56,   0.60)   Error: 0.44
Last SG, Last State: ( -1.15,   2.46), (  0.00,   0.65)  SG Improvement:0.88243 

episode:02300, mean:-520.31, std:43.10, median:-525.28, success:0.30
Goal, Curr: (-0.99,  0.94), ( -0.43,   0.60)   Error: 0.66
Last SG, Last State: ( -1.05,   2.38), (  0.14,   0.64)  SG Improvement:0.93726 

Goal, Curr: (-0.89,  0.85), ( -0.53,   0.60)   Error: 0.44
Last SG, Last State: ( -1.12,   2.29), ( -0.04,   0.61)  SG Improvement:0.93905 

Goal, Curr: (-1.05,  1.06), ( -0.81,   0.69)   Error: 0.44
Last SG, Last State: ( -1.71,   1.09), ( -0.63,   0.62)  SG Improvement:0.35335 

Goal, Curr: (-0.77,  0.78), (  0.03,   0.67)   Error: 0.81
Last SG, Last State: ( -1.19,   2.09), (  0.59,   0.54)  SG Improvement:-0.32340 

Goal, Curr: (-1.02,  1.17), ( -0.51,   1.13)   Error: 0.51
Last SG, Last State: ( -1.28,   0.07), ( -0.24,   0.66)  SG Improvement:0.09873 

Goal, Curr: (-0.90,  0.81), (  0.23,   0.67)   Error: 1.13
Last SG, Last State: ( -1.08,   2.06), (  0.60,   0.42)  SG Improvement:0.31285 

Goal, Curr: (-0.92,  0.82), ( -0.53,   0.64)   Error: 0.43
Last SG, Last State: ( -1.53,   0.65), ( -0.25,   0.68)  SG Improvement:0.60069 

Goal, Curr: (-1.20,  0.82), (  0.03,   0.74)   Error: 1.23
Last SG, Last State: ( -1.32,   2.21), (  0.58,   0.55)  SG Improvement:0.48381 

Goal, Curr: (-1.16,  0.77), ( -0.75,   0.61)   Error: 0.44
Last SG, Last State: ( -1.92,   0.85), ( -0.71,   0.62)  SG Improvement:0.35798 

Goal, Curr: (-0.99,  0.97), ( -0.73,   0.61)   Error: 0.44
Last SG, Last State: ( -1.69,   0.89), ( -0.60,   0.60)  SG Improvement:0.27350 

episode:02400, mean:-504.89, std:52.83, median:-498.37, success:0.50
Goal, Curr: (-0.77,  0.83), ( -0.39,   0.60)   Error: 0.44
Last SG, Last State: ( -1.35,   0.49), ( -0.30,   0.60)  SG Improvement:0.43101 

Goal, Curr: (-1.23,  0.99), ( -0.41,   0.81)   Error: 0.84
Last SG, Last State: ( -1.94,  -0.84), ( -0.00,   1.20)  SG Improvement:-0.43385 

Goal, Curr: (-0.88,  1.19), ( -0.40,   0.72)   Error: 0.67
Last SG, Last State: ( -1.52,  -1.23), (  0.17,   0.62)  SG Improvement:1.01759 

Goal, Curr: (-1.13,  1.05), ( -0.75,   1.29)   Error: 0.45
Last SG, Last State: ( -2.47,  -0.18), ( -0.69,   1.37)  SG Improvement:-0.04795 

Goal, Curr: (-0.98,  1.05), ( -0.91,   0.60)   Error: 0.45
Last SG, Last State: ( -1.00,  -0.42), ( -0.75,   0.60)  SG Improvement:0.88573 

Goal, Curr: (-1.14,  1.03), ( -0.35,   0.99)   Error: 0.79
Last SG, Last State: ( -2.10,  -0.76), ( -0.54,   1.02)  SG Improvement:0.71258 

Goal, Curr: (-0.82,  1.15), ( -0.32,   0.85)   Error: 0.59
Last SG, Last State: ( -1.88,  -0.84), (  0.07,   1.23)  SG Improvement:-0.60303 

Goal, Curr: (-0.97,  0.83), (  0.56,   0.58)   Error: 1.55
Last SG, Last State: ( -1.18,  -1.26), (  0.60,   0.25)  SG Improvement:-0.01621 

Goal, Curr: (-0.82,  1.04), ( -0.35,   0.64)   Error: 0.62
Last SG, Last State: ( -1.50,  -1.25), (  0.23,   0.60)  SG Improvement:0.32089 

Goal, Curr: (-1.07,  1.13), ( -0.64,   1.03)   Error: 0.44
Last SG, Last State: ( -2.10,  -0.33), ( -0.41,   1.21)  SG Improvement:-1.06845 

episode:02500, mean:-497.48, std:42.57, median:-501.37, success:0.40
Goal, Curr: (-0.81,  0.84), ( -0.58,   1.21)   Error: 0.43
Last SG, Last State: ( -2.19,  -0.35), ( -0.56,   1.32)  SG Improvement:-0.98383 

Goal, Curr: (-1.21,  0.95), ( -0.77,   1.05)   Error: 0.45
Last SG, Last State: ( -2.30,  -0.48), ( -0.63,   1.40)  SG Improvement:-0.32987 

Goal, Curr: (-1.22,  0.90), ( -0.89,   0.60)   Error: 0.44
Last SG, Last State: ( -2.45,   0.78), ( -0.88,   0.60)  SG Improvement:0.46363 

Goal, Curr: (-1.13,  0.87), ( -0.45,   0.94)   Error: 0.68
Last SG, Last State: ( -1.62,  -1.13), ( -0.11,   1.09)  SG Improvement:0.07534 

Goal, Curr: (-1.02,  1.21), ( -0.62,   1.40)   Error: 0.44
Last SG, Last State: ( -1.77,  -1.08), ( -0.31,   1.13)  SG Improvement:0.55789 

Goal, Curr: (-1.18,  0.96), ( -1.08,   1.40)   Error: 0.45
Last SG, Last State: ( -2.33,  -0.62), ( -0.65,   1.40)  SG Improvement:-0.76588 

Goal, Curr: (-0.81,  1.03), ( -0.37,   0.98)   Error: 0.44
Last SG, Last State: ( -1.58,  -1.17), ( -0.14,   0.86)  SG Improvement:0.53896 

Goal, Curr: (-0.89,  0.97), ( -0.60,   1.31)   Error: 0.45
Last SG, Last State: ( -2.08,  -0.38), ( -0.46,   1.38)  SG Improvement:-0.88731 

Goal, Curr: (-1.08,  0.92), ( -0.46,   0.60)   Error: 0.70
Last SG, Last State: ( -2.07,   0.51), ( -0.17,   0.86)  SG Improvement:0.35260 

Goal, Curr: (-0.81,  1.01), ( -0.26,   0.60)   Error: 0.68
Last SG, Last State: ( -2.00,  -1.00), ( -0.10,   1.00)  SG Improvement:-1.10810 

episode:02600, mean:-441.35, std:53.87, median:-454.70, success:0.70
Goal, Curr: (-1.17,  1.18), ( -0.79,   0.96)   Error: 0.44
Last SG, Last State: ( -2.24,   1.86), ( -0.58,   0.92)  SG Improvement:0.36073 

Goal, Curr: (-1.02,  1.11), ( -0.63,   0.89)   Error: 0.45
Last SG, Last State: ( -1.87,  -0.51), ( -0.41,   1.04)  SG Improvement:0.18834 

Goal, Curr: (-1.00,  0.97), ( -0.57,   0.86)   Error: 0.44
Last SG, Last State: ( -1.72,   1.01), ( -0.35,   0.76)  SG Improvement:0.01323 

Goal, Curr: (-0.85,  0.90), (  0.60,   0.10)   Error: 1.66
Last SG, Last State: (  0.08,  -1.43), (  0.63,   0.41)  SG Improvement:0.34015 

Goal, Curr: (-1.12,  0.86), ( -0.38,   0.83)   Error: 0.74
Last SG, Last State: ( -1.29,   2.40), (  0.20,   0.85)  SG Improvement:1.12213 

Goal, Curr: (-0.94,  1.12), ( -0.62,   0.80)   Error: 0.45
Last SG, Last State: ( -1.57,   1.02), ( -0.35,   0.71)  SG Improvement:0.24129 

Goal, Curr: (-0.97,  0.97), (  0.29,   0.60)   Error: 1.32
Last SG, Last State: ( -1.00,   1.37), (  0.60,   0.51)  SG Improvement:0.34551 

Goal, Curr: (-1.12,  0.76), ( -0.70,   0.89)   Error: 0.44
Last SG, Last State: ( -1.66,   0.82), ( -0.26,   0.80)  SG Improvement:-0.11174 

Goal, Curr: (-1.11,  0.99), ( -0.88,   0.60)   Error: 0.45
Last SG, Last State: ( -1.94,  -0.45), ( -0.52,   0.62)  SG Improvement:-0.37853 

Goal, Curr: (-1.15,  1.02), ( -0.36,   0.88)   Error: 0.80
Last SG, Last State: ( -1.77,   1.19), ( -0.37,   0.73)  SG Improvement:-0.44600 

episode:02700, mean:-512.13, std:27.69, median:-505.58, success:0.60
Goal, Curr: (-1.07,  1.07), ( -0.74,   0.76)   Error: 0.45
Last SG, Last State: ( -1.64,   1.01), ( -0.27,   0.93)  SG Improvement:0.34196 

Goal, Curr: (-0.81,  0.95), ( -0.39,   0.80)   Error: 0.44
Last SG, Last State: ( -1.54,   0.80), ( -0.31,   0.78)  SG Improvement:0.12418 

Goal, Curr: (-1.10,  1.00), (  0.29,   0.81)   Error: 1.41
Last SG, Last State: ( -0.97,   1.95), (  0.60,   0.39)  SG Improvement:0.74750 

Goal, Curr: (-0.89,  1.09), (  0.60,   0.30)   Error: 1.69
Last SG, Last State: ( -0.75,   1.29), (  0.64,  -0.15)  SG Improvement:1.06189 

Goal, Curr: (-0.79,  1.18), (  0.19,   0.67)   Error: 1.10
Last SG, Last State: ( -1.22,  -0.93), (  0.60,   0.48)  SG Improvement:-0.08016 

Goal, Curr: (-1.10,  1.08), ( -0.03,   0.60)   Error: 1.18
Last SG, Last State: ( -1.46,  -1.12), (  0.27,   0.94)  SG Improvement:-1.25420 

Goal, Curr: (-0.86,  1.09), (  0.49,   0.63)   Error: 1.43
Last SG, Last State: ( -0.75,   1.90), (  0.60,   0.21)  SG Improvement:0.97109 

Goal, Curr: (-0.88,  1.21), (  0.60,   0.49)   Error: 1.65
Last SG, Last State: (  1.36,   1.91), (  0.60,   0.26)  SG Improvement:0.35033 

Goal, Curr: (-0.80,  0.95), ( -0.44,   0.65)   Error: 0.47
Last SG, Last State: ( -1.18,   1.42), (  0.15,   0.71)  SG Improvement:1.04749 

Goal, Curr: (-0.86,  1.00), (  0.67,  -0.08)   Error: 1.87
Last SG, Last State: (  1.70,   1.52), (  0.60,  -0.13)  SG Improvement:0.69841 

episode:02800, mean:-575.37, std:69.56, median:-597.05, success:0.20
Goal, Curr: (-0.87,  1.17), ( -0.17,   1.05)   Error: 0.71
Last SG, Last State: ( -0.95,   2.42), (  0.41,   0.98)  SG Improvement:0.57308 

Goal, Curr: (-0.79,  1.07), ( -0.37,   0.95)   Error: 0.44
Last SG, Last State: ( -1.37,   1.55), ( -0.21,   0.93)  SG Improvement:0.46087 

Goal, Curr: (-1.06,  1.06), ( -0.63,   1.09)   Error: 0.43
Last SG, Last State: ( -1.41,   1.71), ( -0.08,   0.97)  SG Improvement:0.29837 

Goal, Curr: (-1.18,  0.98), ( -0.70,   1.09)   Error: 0.50
Last SG, Last State: ( -1.52,   2.18), ( -0.11,   1.04)  SG Improvement:0.45042 

Goal, Curr: (-0.96,  1.14), (  0.09,   0.93)   Error: 1.07
Last SG, Last State: ( -1.21,  -1.01), (  0.55,   0.59)  SG Improvement:1.01752 

Goal, Curr: (-0.83,  0.81), ( -0.45,   1.02)   Error: 0.44
Last SG, Last State: ( -0.98,   1.24), (  0.12,   0.88)  SG Improvement:0.14245 

Goal, Curr: (-1.17,  1.12), ( -0.34,   1.23)   Error: 0.84
Last SG, Last State: ( -1.27,   1.74), (  0.20,   1.00)  SG Improvement:0.11887 

Goal, Curr: (-0.87,  1.13), ( -0.47,   0.97)   Error: 0.44
Last SG, Last State: ( -1.25,   2.54), ( -0.04,   0.91)  SG Improvement:0.83713 

Goal, Curr: (-1.08,  0.89), ( -0.69,   1.09)   Error: 0.44
Last SG, Last State: ( -1.49,   1.43), ( -0.15,   1.05)  SG Improvement:0.60021 

Goal, Curr: (-1.17,  0.87), ( -0.31,   0.82)   Error: 0.87
Last SG, Last State: ( -1.47,  -1.28), (  0.16,   0.91)  SG Improvement:-0.17959 

episode:02900, mean:-528.87, std:41.77, median:-540.90, success:0.50
Goal, Curr: (-0.92,  1.03), ( -0.50,   1.07)   Error: 0.43
Last SG, Last State: ( -1.65,   1.96), ( -0.28,   1.11)  SG Improvement:0.56446 

Goal, Curr: (-1.14,  1.11), ( -0.77,   1.40)   Error: 0.47
Last SG, Last State: ( -1.90,   1.37), ( -0.54,   0.92)  SG Improvement:-0.02527 

Goal, Curr: (-0.81,  0.78), (  0.48,   0.66)   Error: 1.29
Last SG, Last State: (  1.92,   1.69), (  0.60,   0.27)  SG Improvement:1.15541 

Goal, Curr: (-0.94,  1.11), ( -0.50,   1.06)   Error: 0.44
Last SG, Last State: ( -1.77,   2.01), ( -0.40,   1.07)  SG Improvement:0.26623 

Goal, Curr: (-1.23,  0.76), ( -0.84,   0.96)   Error: 0.44
Last SG, Last State: ( -1.86,   0.99), ( -0.47,   1.00)  SG Improvement:0.33230 

Goal, Curr: (-1.18,  1.09), ( -0.86,   1.40)   Error: 0.45
Last SG, Last State: ( -2.55,   2.52), ( -0.82,   1.40)  SG Improvement:0.26173 

Goal, Curr: (-1.24,  0.97), ( -0.84,   1.13)   Error: 0.43
Last SG, Last State: ( -1.71,   1.52), ( -0.28,   1.22)  SG Improvement:0.37424 

Goal, Curr: (-0.92,  1.24), ( -0.55,   1.01)   Error: 0.44
Last SG, Last State: ( -1.68,  -0.90), ( -0.07,   0.93)  SG Improvement:-0.43811 

Goal, Curr: (-0.77,  1.16), (  0.60,   0.47)   Error: 1.54
Last SG, Last State: ( -0.93,   1.95), (  0.62,   0.14)  SG Improvement:-2.20675 

Goal, Curr: (-1.21,  0.88), ( -0.77,   0.87)   Error: 0.44
Last SG, Last State: ( -2.02,   1.42), ( -0.67,   0.81)  SG Improvement:0.32957 

episode:03000, mean:-490.46, std:42.52, median:-490.11, success:0.70
