Using device: cpu
gc-1.0-fff-buff10-0.5expl
Goal, Curr: (-0.82,  1.17), ( -1.40,  -0.60)   Error: 1.86
Last SG, Last State: ( -3.39,  -1.99), ( -1.40,  -0.60)  SG Improvement:-0.00000 

Goal, Curr: (-0.91,  0.87), ( -1.40,  -0.60)   Error: 1.55
Last SG, Last State: ( -3.39,  -1.97), ( -1.40,  -0.60)  SG Improvement:0.00000 

Goal, Curr: (-0.76,  0.85), ( -1.40,  -0.60)   Error: 1.58
Last SG, Last State: ( -3.39,  -1.94), ( -1.40,  -0.60)  SG Improvement:0.00000 

Goal, Curr: (-0.94,  0.94), ( -1.40,  -0.60)   Error: 1.61
Last SG, Last State: ( -3.39,  -1.98), ( -1.40,  -0.60)  SG Improvement:0.00000 

Goal, Curr: (-1.21,  0.95), ( -1.40,  -0.60)   Error: 1.56
Last SG, Last State: ( -3.39,  -2.02), ( -1.40,  -0.60)  SG Improvement:0.00015 

Goal, Curr: (-1.18,  0.77), ( -1.40,  -0.60)   Error: 1.39
Last SG, Last State: ( -3.39,  -1.99), ( -1.40,  -0.60)  SG Improvement:-0.00000 

Goal, Curr: (-1.03,  0.80), ( -1.40,  -0.60)   Error: 1.45
Last SG, Last State: ( -3.39,  -1.97), ( -1.40,  -0.60)  SG Improvement:-0.00020 

Goal, Curr: (-0.85,  0.86), ( -1.40,  -0.60)   Error: 1.56
Last SG, Last State: ( -3.39,  -1.96), ( -1.40,  -0.60)  SG Improvement:0.00000 

Goal, Curr: (-0.90,  0.98), ( -1.40,  -0.60)   Error: 1.66
Last SG, Last State: ( -3.39,  -1.98), ( -1.40,  -0.60)  SG Improvement:0.00000 

Goal, Curr: (-1.00,  0.90), ( -1.40,  -0.60)   Error: 1.55
Last SG, Last State: ( -3.39,  -1.98), ( -1.40,  -0.60)  SG Improvement:0.00010 

episode:00100, mean:0.35, std:0.13, median:0.33, success:0.00
Goal, Curr: (-1.05,  0.83), ( -1.40,  -0.60)   Error: 1.48
Last SG, Last State: ( -1.32,  -1.18), ( -1.40,  -0.60)  SG Improvement:-0.00000 

Goal, Curr: (-0.82,  0.75), ( -1.40,  -0.60)   Error: 1.47
Last SG, Last State: ( -1.36,  -1.13), ( -1.40,  -0.60)  SG Improvement:-0.00000 

Goal, Curr: (-0.99,  1.10), ( -1.40,  -0.60)   Error: 1.75
Last SG, Last State: ( -1.69,  -1.99), ( -1.40,  -0.60)  SG Improvement:0.00003 

Goal, Curr: (-0.97,  0.95), ( -1.40,  -0.60)   Error: 1.61
Last SG, Last State: ( -1.36,  -1.20), ( -1.40,  -0.60)  SG Improvement:-0.00000 

Goal, Curr: (-1.25,  0.95), ( -1.40,  -0.60)   Error: 1.56
Last SG, Last State: ( -2.03,  -1.99), ( -1.40,  -0.60)  SG Improvement:0.00001 

Goal, Curr: (-0.96,  0.79), ( -1.40,  -0.60)   Error: 1.46
Last SG, Last State: ( -1.26,  -1.90), ( -1.40,  -0.60)  SG Improvement:0.00000 

Goal, Curr: (-1.01,  0.78), ( -1.40,  -0.60)   Error: 1.43
Last SG, Last State: ( -1.48,  -1.90), ( -1.40,  -0.60)  SG Improvement:0.00001 

Goal, Curr: (-1.11,  0.94), ( -1.40,  -0.60)   Error: 1.57
Last SG, Last State: ( -1.74,  -1.97), ( -1.40,  -0.60)  SG Improvement:0.00000 

Goal, Curr: (-0.79,  1.20), ( -1.40,  -0.61)   Error: 1.90
Last SG, Last State: ( -1.58,  -1.99), ( -1.40,  -0.60)  SG Improvement:-0.00018 

Goal, Curr: (-1.02,  0.99), ( -1.40,  -0.60)   Error: 1.64
Last SG, Last State: ( -1.67,  -1.97), ( -1.40,  -0.60)  SG Improvement:0.00001 

episode:00200, mean:0.33, std:0.15, median:0.34, success:0.00
Goal, Curr: (-1.01,  1.02), ( -1.39,  -0.96)   Error: 2.02
Last SG, Last State: ( -2.18,  -2.71), ( -1.39,  -0.96)  SG Improvement:0.00000 

Goal, Curr: (-1.00,  1.22), ( -1.40,  -0.63)   Error: 1.90
Last SG, Last State: ( -1.46,  -1.82), ( -1.38,  -0.71)  SG Improvement:-0.02501 

Goal, Curr: (-0.78,  1.13), ( -1.39,  -0.85)   Error: 2.07
Last SG, Last State: ( -2.12,  -2.56), ( -1.39,  -0.85)  SG Improvement:-0.00194 

Goal, Curr: (-1.15,  0.79), ( -1.38,  -0.70)   Error: 1.50
Last SG, Last State: ( -2.05,  -2.14), ( -1.40,  -0.62)  SG Improvement:-0.14756 

Goal, Curr: (-0.77,  1.03), ( -1.40,  -0.60)   Error: 1.75
Last SG, Last State: ( -1.33,  -1.66), ( -1.40,  -0.60)  SG Improvement:-0.00015 

Goal, Curr: (-0.89,  0.86), ( -1.40,  -0.60)   Error: 1.55
Last SG, Last State: ( -1.22,  -1.57), ( -1.40,  -0.60)  SG Improvement:0.00000 

Goal, Curr: (-1.20,  1.10), ( -1.40,  -0.83)   Error: 1.93
Last SG, Last State: ( -2.29,  -2.53), ( -1.40,  -0.83)  SG Improvement:-0.00513 

Goal, Curr: (-0.89,  0.79), ( -1.40,  -0.60)   Error: 1.48
Last SG, Last State: ( -1.18,  -1.55), ( -1.40,  -0.60)  SG Improvement:-0.00000 

Goal, Curr: (-1.00,  1.10), ( -1.39,  -0.89)   Error: 2.03
Last SG, Last State: ( -2.22,  -2.61), ( -1.39,  -0.88)  SG Improvement:-0.00297 

Goal, Curr: (-1.23,  1.10), ( -1.40,  -0.60)   Error: 1.71
Last SG, Last State: ( -2.22,  -2.14), ( -1.40,  -0.60)  SG Improvement:0.01046 

episode:00300, mean:0.28, std:0.09, median:0.25, success:0.00
Goal, Curr: (-1.08,  1.22), ( -1.27,  -0.60)   Error: 1.83
Last SG, Last State: ( -1.27,   1.40), ( -1.33,  -0.60)  SG Improvement:0.07663 

Goal, Curr: (-1.25,  1.21), (  0.05,  -0.60)   Error: 2.22
Last SG, Last State: (  0.71,  -0.65), ( -0.00,  -0.60)  SG Improvement:0.13251 

Goal, Curr: (-1.09,  0.78), ( -0.14,  -0.60)   Error: 1.67
Last SG, Last State: (  0.98,  -0.39), ( -0.11,  -0.60)  SG Improvement:-0.11327 

Goal, Curr: (-0.77,  0.86), (  0.15,  -0.60)   Error: 1.73
Last SG, Last State: (  1.09,  -1.47), (  0.09,  -0.60)  SG Improvement:-0.23480 

Goal, Curr: (-1.24,  1.12), ( -0.02,  -0.60)   Error: 2.12
Last SG, Last State: (  0.99,  -0.49), ( -0.04,  -0.60)  SG Improvement:-0.22436 

Goal, Curr: (-0.91,  0.84), (  0.13,  -0.60)   Error: 1.78
Last SG, Last State: (  1.12,  -1.47), (  0.09,  -0.60)  SG Improvement:-0.26338 

Goal, Curr: (-0.86,  0.98), (  0.01,  -0.60)   Error: 1.81
Last SG, Last State: (  0.82,  -1.09), ( -0.04,  -0.60)  SG Improvement:0.10357 

Goal, Curr: (-1.11,  1.12), (  0.27,  -0.60)   Error: 2.20
Last SG, Last State: (  1.30,  -2.44), (  0.22,  -0.60)  SG Improvement:0.14094 

Goal, Curr: (-1.01,  0.79), (  0.18,  -0.60)   Error: 1.83
Last SG, Last State: (  1.12,  -2.30), (  0.14,  -0.60)  SG Improvement:0.21167 

Goal, Curr: (-1.24,  0.75), (  0.08,  -0.60)   Error: 1.89
Last SG, Last State: (  1.17,  -1.87), (  0.07,  -0.60)  SG Improvement:0.00039 

episode:00400, mean:0.09, std:0.17, median:0.13, success:0.00
Goal, Curr: (-1.05,  0.98), (  0.17,  -0.60)   Error: 2.00
Last SG, Last State: ( -0.35,   0.08), (  0.13,  -0.60)  SG Improvement:0.37783 

Goal, Curr: (-1.01,  1.18), (  0.21,  -0.60)   Error: 2.16
Last SG, Last State: (  1.02,  -1.56), (  0.17,  -0.60)  SG Improvement:-0.03928 

Goal, Curr: (-0.86,  1.14), (  0.34,  -0.60)   Error: 2.12
Last SG, Last State: (  1.45,  -1.65), (  0.31,  -0.60)  SG Improvement:0.02017 

Goal, Curr: (-1.15,  0.75), (  0.48,  -0.60)   Error: 2.12
Last SG, Last State: (  1.64,  -1.41), (  0.45,  -0.60)  SG Improvement:0.00466 

Goal, Curr: (-1.15,  1.04), (  0.51,  -0.60)   Error: 2.33
Last SG, Last State: (  1.61,  -0.76), (  0.54,  -0.59)  SG Improvement:-0.16332 

Goal, Curr: (-1.20,  0.75), (  0.33,  -0.60)   Error: 2.04
Last SG, Last State: (  1.27,  -1.83), (  0.29,  -0.60)  SG Improvement:0.00647 

Goal, Curr: (-1.19,  0.99), (  0.51,  -0.60)   Error: 2.32
Last SG, Last State: (  1.74,  -1.14), (  0.49,  -0.60)  SG Improvement:0.00379 

Goal, Curr: (-0.94,  0.93), (  0.39,  -0.60)   Error: 2.02
Last SG, Last State: (  1.47,  -1.50), (  0.36,  -0.60)  SG Improvement:0.00325 

Goal, Curr: (-1.20,  0.87), (  0.56,  -0.56)   Error: 2.26
Last SG, Last State: (  1.65,  -1.03), (  0.52,  -0.60)  SG Improvement:-0.06186 

Goal, Curr: (-0.75,  1.13), (  0.40,  -0.60)   Error: 2.08
Last SG, Last State: (  1.56,  -1.26), (  0.38,  -0.60)  SG Improvement:0.00415 

episode:00500, mean:-0.12, std:0.22, median:-0.19, success:0.00
Goal, Curr: (-1.17,  1.15), (  0.06,  -0.60)   Error: 2.14
Last SG, Last State: ( -1.86,   0.68), (  0.09,  -0.60)  SG Improvement:0.52344 

Goal, Curr: (-1.07,  1.14), (  0.29,  -0.60)   Error: 2.21
Last SG, Last State: (  0.84,   1.35), (  0.23,  -0.60)  SG Improvement:0.40682 

Goal, Curr: (-1.19,  0.88), (  0.36,  -1.40)   Error: 2.76
Last SG, Last State: ( -0.46,  -2.19), (  0.32,  -1.37)  SG Improvement:0.73203 

Goal, Curr: (-0.76,  1.18), (  0.25,  -0.60)   Error: 2.05
Last SG, Last State: (  0.96,   1.36), (  0.20,  -0.60)  SG Improvement:0.44978 

Goal, Curr: (-0.96,  1.18), (  0.20,  -0.60)   Error: 2.12
Last SG, Last State: ( -1.76,   0.71), (  0.24,  -0.60)  SG Improvement:0.51081 

Goal, Curr: (-0.83,  1.24), (  0.23,  -0.60)   Error: 2.12
Last SG, Last State: ( -1.73,   0.72), (  0.27,  -0.60)  SG Improvement:0.50219 

Goal, Curr: (-0.95,  1.02), (  0.29,  -0.60)   Error: 2.04
Last SG, Last State: (  0.94,   1.36), (  0.24,  -0.60)  SG Improvement:0.44316 

Goal, Curr: (-0.75,  0.99), (  0.32,  -0.60)   Error: 1.91
Last SG, Last State: (  1.01,   1.34), (  0.27,  -0.60)  SG Improvement:0.43155 

Goal, Curr: (-1.03,  1.01), (  0.33,  -0.60)   Error: 2.11
Last SG, Last State: (  0.99,   1.37), (  0.28,  -0.60)  SG Improvement:0.42258 

Goal, Curr: (-0.89,  1.11), (  0.06,  -0.60)   Error: 1.96
Last SG, Last State: (  0.49,   1.33), (  0.00,  -0.60)  SG Improvement:0.50196 

episode:00600, mean:-0.06, std:0.21, median:-0.02, success:0.00
Log radii:  [0. 0. 0. 0. 0. 0.]
Adjusted log radii:  [1.19000006 1.49000001 1.49000001 2.38999987 0.89000005 1.49000001]
Goal, Curr: (-0.79,  0.81), ( -0.44,  -1.40)   Error: 2.24
Last SG, Last State: ( -2.44,  -1.54), ( -0.48,  -1.40)  SG Improvement:-0.03389 

Goal, Curr: (-1.11,  0.81), ( -0.43,  -1.40)   Error: 2.31
Last SG, Last State: ( -2.43,  -1.56), ( -0.48,  -1.40)  SG Improvement:-0.09155 

Goal, Curr: (-1.03,  0.92), ( -0.51,  -1.40)   Error: 2.38
Last SG, Last State: ( -2.52,  -1.13), ( -0.47,  -1.40)  SG Improvement:0.07942 

Goal, Curr: (-0.92,  1.02), ( -0.04,  -1.35)   Error: 2.52
Last SG, Last State: ( -2.14,  -0.82), ( -0.07,  -1.35)  SG Improvement:0.69134 

Goal, Curr: (-0.87,  1.06), (  0.41,  -0.66)   Error: 2.14
Last SG, Last State: ( -1.69,  -0.53), (  0.27,  -0.63)  SG Improvement:0.18785 

Goal, Curr: (-0.80,  1.01), (  0.51,  -0.61)   Error: 2.09
Last SG, Last State: ( -1.56,  -0.45), (  0.38,  -0.61)  SG Improvement:0.69045 

Goal, Curr: (-1.21,  1.20), ( -0.57,  -1.40)   Error: 2.68
Last SG, Last State: ( -2.58,  -1.21), ( -0.53,  -1.40)  SG Improvement:0.13385 

Goal, Curr: (-1.02,  1.13), ( -0.65,  -1.40)   Error: 2.55
Last SG, Last State: ( -2.66,  -1.07), ( -0.61,  -1.40)  SG Improvement:0.12766 

Goal, Curr: (-1.13,  1.08), ( -0.49,  -1.40)   Error: 2.57
Last SG, Last State: ( -2.49,  -1.68), ( -0.53,  -1.40)  SG Improvement:-0.16390 

Goal, Curr: (-1.16,  0.79), ( -0.59,  -1.40)   Error: 2.26
Last SG, Last State: ( -2.60,  -1.05), ( -0.55,  -1.40)  SG Improvement:0.13125 

episode:00700, mean:-0.26, std:0.16, median:-0.29, success:0.00
Log radii:  [0. 0. 0. 0. 0. 0.]
Adjusted log radii:  [-0.          2.08999991  2.38999987  2.08999991 -0.          1.19000006]
Goal, Curr: (-0.83,  1.23), (  0.60,  -0.17)   Error: 2.00
Last SG, Last State: ( -0.59,  -2.10), (  0.60,  -0.27)  SG Improvement:-0.00375 

Goal, Curr: (-1.13,  0.75), (  0.60,   0.36)   Error: 1.77
Last SG, Last State: (  0.11,  -1.61), (  0.60,   0.25)  SG Improvement:0.07424 

Goal, Curr: (-0.77,  0.86), (  0.60,   0.01)   Error: 1.61
Last SG, Last State: (  1.64,  -1.15), (  0.60,  -0.07)  SG Improvement:0.02281 

Goal, Curr: (-1.15,  1.09), (  0.59,  -0.16)   Error: 2.14
Last SG, Last State: (  1.82,  -1.55), (  0.74,  -0.29)  SG Improvement:0.50963 

Goal, Curr: (-1.15,  1.03), (  1.19,   1.40)   Error: 2.37
Last SG, Last State: ( -0.36,   1.46), (  1.14,   1.37)  SG Improvement:0.14181 

Goal, Curr: (-1.20,  1.24), (  0.72,  -0.11)   Error: 2.35
Last SG, Last State: (  1.86,  -1.73), (  0.82,  -0.28)  SG Improvement:0.54901 

Goal, Curr: (-0.79,  1.11), (  0.60,  -0.34)   Error: 2.01
Last SG, Last State: (  2.16,  -1.52), (  0.63,  -0.47)  SG Improvement:0.40969 

Goal, Curr: (-0.89,  1.03), (  0.76,   1.10)   Error: 1.66
Last SG, Last State: ( -0.74,  -1.11), (  0.84,   0.92)  SG Improvement:-0.32857 

Goal, Curr: (-1.04,  0.76), (  0.60,  -0.40)   Error: 2.00
Last SG, Last State: (  1.28,  -1.42), (  0.68,  -0.46)  SG Improvement:0.66920 

Goal, Curr: (-1.16,  0.94), (  0.60,   0.17)   Error: 1.92
Last SG, Last State: (  1.37,  -1.10), (  0.60,   0.08)  SG Improvement:-0.00015 

episode:00800, mean:0.07, std:0.21, median:0.04, success:0.00
Log radii:  [0. 0. 0. 0. 0. 0.]
Adjusted log radii:  [2.38999987 2.38999987 2.38999987 2.38999987 1.19000006 2.38999987]
Goal, Curr: (-1.17,  0.76), (  1.39,   0.61)   Error: 2.57
Last SG, Last State: (  3.03,   2.07), (  1.32,   0.75)  SG Improvement:-0.42866 

Goal, Curr: (-1.14,  0.93), (  1.40,   0.00)   Error: 2.70
Last SG, Last State: (  3.38,  -0.03), (  1.40,   0.04)  SG Improvement:0.02837 

Goal, Curr: (-0.98,  1.11), (  1.40,  -0.43)   Error: 2.84
Last SG, Last State: (  1.76,  -1.73), (  1.40,  -0.41)  SG Improvement:0.01298 

Goal, Curr: (-0.98,  1.11), (  1.40,   0.80)   Error: 2.40
Last SG, Last State: (  3.39,   2.27), (  1.40,   0.91)  SG Improvement:-0.02667 

Goal, Curr: (-1.20,  1.23), (  1.40,   0.61)   Error: 2.67
Last SG, Last State: (  3.39,   1.90), (  1.40,   0.71)  SG Improvement:-0.01822 

Goal, Curr: (-1.21,  1.21), (  1.40,  -0.38)   Error: 3.06
Last SG, Last State: (  1.87,  -1.92), (  1.40,  -0.36)  SG Improvement:0.01011 

Goal, Curr: (-0.77,  0.84), (  1.22,   0.81)   Error: 1.99
Last SG, Last State: (  3.13,   2.05), (  1.21,   0.88)  SG Improvement:-0.17084 

Goal, Curr: (-0.82,  0.94), (  1.22,   0.95)   Error: 2.04
Last SG, Last State: (  3.12,   2.73), (  1.19,   1.09)  SG Improvement:-0.36852 

Goal, Curr: (-1.10,  0.76), (  1.40,  -0.05)   Error: 2.63
Last SG, Last State: (  3.39,   0.24), (  1.40,   0.01)  SG Improvement:-0.01669 

Goal, Curr: (-1.19,  0.80), (  1.40,   0.24)   Error: 2.64
Last SG, Last State: (  2.07,  -0.24), (  1.40,   0.22)  SG Improvement:-0.39562 

episode:00900, mean:-0.60, std:0.36, median:-0.73, success:0.00
Goal, Curr: (-0.86,  0.89), (  1.06,  -0.57)   Error: 2.42
Last SG, Last State: (  0.22,  -1.29), (  0.94,  -0.73)  SG Improvement:0.39564 

Goal, Curr: (-0.80,  1.00), (  1.29,  -1.40)   Error: 3.19
Last SG, Last State: (  2.77,   0.76), (  1.38,  -1.31)  SG Improvement:0.41440 

Goal, Curr: (-1.13,  1.10), (  1.29,   0.20)   Error: 2.58
Last SG, Last State: (  1.21,  -1.96), (  1.36,   0.03)  SG Improvement:0.08585 

Goal, Curr: (-1.01,  1.00), (  1.40,  -0.51)   Error: 2.84
Last SG, Last State: (  2.15,   1.52), (  1.40,  -0.45)  SG Improvement:-0.00864 

Goal, Curr: (-1.01,  1.15), (  1.38,  -0.14)   Error: 2.71
Last SG, Last State: (  2.86,  -0.49), (  1.18,  -0.15)  SG Improvement:0.24187 

Goal, Curr: (-0.86,  1.11), (  0.76,  -1.00)   Error: 2.66
Last SG, Last State: (  2.13,   1.24), (  0.86,  -0.94)  SG Improvement:0.78350 

Goal, Curr: (-1.14,  1.13), (  0.99,  -0.93)   Error: 2.96
Last SG, Last State: (  3.18,  -2.66), (  1.05,  -0.75)  SG Improvement:0.72233 

Goal, Curr: (-1.00,  0.80), (  0.32,  -1.36)   Error: 2.53
Last SG, Last State: (  1.96,   0.80), (  0.51,  -1.33)  SG Improvement:0.75623 

Goal, Curr: (-0.87,  1.01), (  0.43,  -1.13)   Error: 2.50
Last SG, Last State: (  2.16,   1.07), (  0.62,  -1.09)  SG Improvement:0.70149 

Goal, Curr: (-0.79,  0.88), (  1.40,  -1.20)   Error: 3.02
Last SG, Last State: (  2.85,  -1.24), (  1.40,  -1.08)  SG Improvement:0.00010 

episode:01000, mean:-0.71, std:0.27, median:-0.74, success:0.00
Goal, Curr: (-0.86,  0.99), ( -0.05,  -0.64)   Error: 1.82
Last SG, Last State: ( -0.45,  -0.57), ( -0.17,  -0.75)  SG Improvement:-0.02145 

Goal, Curr: (-0.89,  0.76), ( -0.08,  -0.67)   Error: 1.64
Last SG, Last State: ( -0.48,  -0.44), ( -0.26,  -0.75)  SG Improvement:-0.03557 

Goal, Curr: (-1.18,  0.95), ( -0.41,  -1.28)   Error: 2.36
Last SG, Last State: (  0.16,   1.00), ( -0.27,  -1.18)  SG Improvement:0.77756 

Goal, Curr: (-1.04,  1.04), (  1.03,   0.12)   Error: 2.26
Last SG, Last State: (  0.34,  -0.29), (  0.93,  -0.05)  SG Improvement:-0.04174 

Goal, Curr: (-0.87,  1.21), ( -0.32,  -0.89)   Error: 2.17
Last SG, Last State: ( -1.01,  -0.77), ( -0.48,  -1.01)  SG Improvement:-0.11824 

Goal, Curr: (-1.24,  1.11), ( -0.03,  -1.30)   Error: 2.70
Last SG, Last State: ( -1.81,   0.93), (  0.03,  -1.12)  SG Improvement:0.78263 

Goal, Curr: (-0.90,  1.09), (  0.05,  -0.60)   Error: 1.94
Last SG, Last State: (  0.03,  -1.16), (  0.03,  -0.60)  SG Improvement:-0.16081 

Goal, Curr: (-0.82,  1.11), (  0.57,  -0.57)   Error: 2.18
Last SG, Last State: ( -0.10,  -0.91), (  0.53,  -0.60)  SG Improvement:-0.62711 

Goal, Curr: (-1.03,  1.16), ( -0.42,  -1.08)   Error: 2.32
Last SG, Last State: ( -2.18,   1.14), ( -0.36,  -0.91)  SG Improvement:0.64787 

Goal, Curr: (-1.19,  0.86), (  0.24,  -0.63)   Error: 2.06
Last SG, Last State: ( -0.09,  -0.93), (  0.10,  -0.76)  SG Improvement:-0.14893 

episode:01100, mean:-0.12, std:0.30, median:-0.08, success:0.00
Goal, Curr: (-1.03,  0.88), ( -0.18,  -1.40)   Error: 2.42
Last SG, Last State: (  0.51,  -1.73), ( -0.18,  -1.40)  SG Improvement:-0.10615 

Goal, Curr: (-1.11,  1.04), ( -0.06,  -1.40)   Error: 2.65
Last SG, Last State: (  0.51,  -1.83), ( -0.05,  -1.40)  SG Improvement:-0.18924 

Goal, Curr: (-1.15,  0.85), ( -0.25,  -1.40)   Error: 2.42
Last SG, Last State: (  1.52,  -3.39), ( -0.37,  -1.40)  SG Improvement:-0.31844 

Goal, Curr: (-1.05,  0.91), ( -0.10,  -1.40)   Error: 2.50
Last SG, Last State: (  0.43,  -1.73), ( -0.08,  -1.40)  SG Improvement:-0.24289 

Goal, Curr: (-1.15,  0.80), ( -0.22,  -1.40)   Error: 2.38
Last SG, Last State: (  1.63,  -3.40), ( -0.35,  -1.39)  SG Improvement:0.13328 

Goal, Curr: (-0.93,  0.84), ( -0.19,  -1.40)   Error: 2.36
Last SG, Last State: ( -0.65,   0.27), ( -0.32,  -1.40)  SG Improvement:0.41709 

Goal, Curr: (-0.91,  1.09), ( -0.14,  -1.40)   Error: 2.61
Last SG, Last State: (  0.40,  -1.78), ( -0.13,  -1.40)  SG Improvement:0.02588 

Goal, Curr: (-1.04,  1.11), ( -0.10,  -1.40)   Error: 2.68
Last SG, Last State: (  1.92,  -3.40), ( -0.06,  -1.40)  SG Improvement:0.71951 

Goal, Curr: (-0.91,  1.09), ( -0.24,  -1.40)   Error: 2.58
Last SG, Last State: (  0.67,  -2.17), ( -0.38,  -1.40)  SG Improvement:-0.43379 

Goal, Curr: (-0.78,  1.14), ( -0.19,  -1.40)   Error: 2.60
Last SG, Last State: (  0.11,   0.41), ( -0.35,  -1.36)  SG Improvement:0.98607 

episode:01200, mean:-0.55, std:0.14, median:-0.58, success:0.00
Goal, Curr: (-1.25,  1.21), ( -0.83,  -1.14)   Error: 2.39
Last SG, Last State: (  0.91,  -3.06), ( -0.91,  -1.11)  SG Improvement:0.14075 

Goal, Curr: (-1.22,  0.97), ( -1.40,  -1.18)   Error: 2.15
Last SG, Last State: (  0.08,  -1.43), ( -1.40,  -1.16)  SG Improvement:-0.27134 

Goal, Curr: (-0.95,  1.23), ( -0.57,  -1.12)   Error: 2.37
Last SG, Last State: (  1.47,  -3.09), ( -0.57,  -1.12)  SG Improvement:0.13704 

Goal, Curr: (-0.77,  0.85), (  0.17,  -1.40)   Error: 2.44
Last SG, Last State: (  1.80,  -2.81), ( -0.01,  -1.37)  SG Improvement:0.32837 

Goal, Curr: (-0.75,  1.21), (  0.12,  -1.40)   Error: 2.75
Last SG, Last State: (  1.74,  -1.58), ( -0.07,  -1.40)  SG Improvement:0.07201 

Goal, Curr: (-0.94,  0.95), ( -0.93,  -1.08)   Error: 2.03
Last SG, Last State: ( -0.33,   0.87), ( -0.85,  -1.12)  SG Improvement:1.06356 

Goal, Curr: (-1.11,  0.92), ( -0.53,  -1.32)   Error: 2.31
Last SG, Last State: (  0.27,  -0.99), ( -0.41,  -1.34)  SG Improvement:0.48205 

Goal, Curr: (-0.83,  0.90), ( -0.40,  -1.32)   Error: 2.26
Last SG, Last State: ( -0.42,   0.61), ( -0.41,  -1.40)  SG Improvement:0.80541 

Goal, Curr: (-0.86,  0.95), ( -0.34,  -1.34)   Error: 2.35
Last SG, Last State: (  1.73,  -3.39), ( -0.35,  -1.34)  SG Improvement:0.19087 

Goal, Curr: (-1.17,  0.94), ( -0.08,  -1.34)   Error: 2.52
Last SG, Last State: ( -0.29,   0.32), ( -0.12,  -1.40)  SG Improvement:0.47314 

episode:01300, mean:-0.30, std:0.19, median:-0.30, success:0.00
Log radii:  [0. 0. 0. 0. 0. 0.]
Adjusted log radii:  [ 2.38999987  2.38999987  1.49000001  2.08999991  0.89000005 -0.        ]
Goal, Curr: (-0.98,  0.98), (  0.35,  -1.31)   Error: 2.65
Last SG, Last State: (  1.94,  -3.25), (  0.15,  -1.27)  SG Improvement:0.11725 

Goal, Curr: (-0.86,  1.09), (  0.26,  -1.36)   Error: 2.69
Last SG, Last State: (  1.86,  -3.31), (  0.06,  -1.34)  SG Improvement:0.11918 

Goal, Curr: (-1.10,  0.87), (  0.63,  -1.32)   Error: 2.79
Last SG, Last State: (  2.57,  -3.32), (  0.66,  -1.33)  SG Improvement:0.26080 

Goal, Curr: (-0.84,  0.95), (  0.51,  -1.34)   Error: 2.66
Last SG, Last State: (  2.74,  -3.23), (  0.69,  -1.39)  SG Improvement:0.30902 

Goal, Curr: (-0.98,  0.83), (  0.63,  -1.40)   Error: 2.75
Last SG, Last State: (  2.30,  -3.35), (  0.49,  -1.40)  SG Improvement:0.12800 

Goal, Curr: (-1.20,  1.22), (  0.59,  -1.35)   Error: 3.13
Last SG, Last State: (  2.84,  -3.12), (  0.77,  -1.39)  SG Improvement:0.49106 

Goal, Curr: (-0.83,  1.17), ( -0.33,  -1.22)   Error: 2.45
Last SG, Last State: (  1.03,  -0.63), ( -0.38,  -1.21)  SG Improvement:0.95898 

Goal, Curr: (-1.22,  0.86), (  0.30,  -1.40)   Error: 2.72
Last SG, Last State: (  1.85,  -3.40), (  0.11,  -1.40)  SG Improvement:0.08424 

Goal, Curr: (-0.75,  1.02), (  0.53,  -1.35)   Error: 2.69
Last SG, Last State: (  2.76,  -3.19), (  0.70,  -1.39)  SG Improvement:0.41843 

Goal, Curr: (-1.08,  0.76), (  0.81,  -1.40)   Error: 2.87
Last SG, Last State: (  2.53,  -3.40), (  0.71,  -1.40)  SG Improvement:-0.51094 

episode:01400, mean:-0.73, std:0.26, median:-0.76, success:0.00
Goal, Curr: (-0.79,  1.09), (  1.20,  -1.20)   Error: 3.04
Last SG, Last State: ( -0.02,  -0.52), (  1.13,  -1.35)  SG Improvement:-0.25791 

Goal, Curr: (-0.98,  1.11), (  0.74,  -1.30)   Error: 2.96
Last SG, Last State: (  2.66,  -2.57), (  0.67,  -1.40)  SG Improvement:-0.31165 

Goal, Curr: (-1.03,  0.82), (  0.57,  -1.09)   Error: 2.49
Last SG, Last State: (  2.76,  -1.73), (  0.75,  -1.12)  SG Improvement:0.28859 

Goal, Curr: (-0.80,  1.25), (  1.31,  -1.23)   Error: 3.25
Last SG, Last State: (  1.34,  -2.94), (  1.37,  -1.21)  SG Improvement:-0.41772 

Goal, Curr: (-0.88,  1.20), (  0.70,  -1.21)   Error: 2.88
Last SG, Last State: (  2.75,  -1.85), (  0.70,  -1.24)  SG Improvement:0.34753 

Goal, Curr: (-0.91,  1.13), (  0.80,  -1.40)   Error: 3.05
Last SG, Last State: (  2.43,  -2.75), (  0.61,  -1.40)  SG Improvement:0.08438 

Goal, Curr: (-1.03,  1.22), (  0.90,  -1.13)   Error: 3.05
Last SG, Last State: (  1.39,  -1.21), (  0.97,  -1.13)  SG Improvement:0.18251 

Goal, Curr: (-1.04,  1.15), (  0.77,  -1.24)   Error: 3.00
Last SG, Last State: (  2.46,  -1.82), (  0.77,  -1.25)  SG Improvement:0.20737 

Goal, Curr: (-0.84,  1.21), (  0.70,  -1.27)   Error: 2.93
Last SG, Last State: (  1.69,  -2.51), (  0.72,  -1.29)  SG Improvement:0.34360 

Goal, Curr: (-0.76,  1.02), (  0.51,  -1.23)   Error: 2.58
Last SG, Last State: ( -1.18,  -0.56), (  0.58,  -1.19)  SG Improvement:0.49285 

episode:01500, mean:-0.81, std:0.20, median:-0.88, success:0.00
Log radii:  [0. 0. 0. 0. 0. 0.]
Adjusted log radii:  [ 1.49000001  2.38999987  2.08999991 -0.          0.89000005  2.08999991]
Log radii:  [0. 0. 0. 0. 0. 0.]
Adjusted log radii:  [ 2.38999987  0.89000005  2.38999987  2.38999987 -0.          0.89000005]
Goal, Curr: (-1.13,  0.76), (  0.76,  -1.26)   Error: 2.76
Last SG, Last State: (  2.18,  -1.70), (  0.78,  -1.22)  SG Improvement:0.72913 

Goal, Curr: (-1.21,  1.22), (  0.95,  -1.14)   Error: 3.21
Last SG, Last State: (  0.37,  -1.46), (  0.90,  -1.17)  SG Improvement:0.15966 

Goal, Curr: (-1.23,  1.07), (  0.87,  -1.24)   Error: 3.12
Last SG, Last State: ( -0.26,   0.91), (  0.77,  -1.07)  SG Improvement:1.40358 

Goal, Curr: (-0.96,  1.15), (  0.64,  -1.07)   Error: 2.73
Last SG, Last State: ( -0.67,   0.81), (  0.69,  -1.01)  SG Improvement:0.31118 

Goal, Curr: (-1.17,  0.87), (  0.77,  -1.22)   Error: 2.85
Last SG, Last State: (  0.61,  -1.79), (  0.68,  -1.24)  SG Improvement:-0.10649 

Goal, Curr: (-0.87,  1.04), (  0.75,  -1.31)   Error: 2.86
Last SG, Last State: (  2.70,  -2.55), (  0.78,  -1.12)  SG Improvement:-0.01736 

Goal, Curr: (-0.95,  0.80), (  0.71,  -1.00)   Error: 2.45
Last SG, Last State: (  0.34,  -0.41), (  0.71,  -0.93)  SG Improvement:0.72744 

Goal, Curr: (-1.12,  1.17), (  0.64,  -1.21)   Error: 2.96
Last SG, Last State: ( -0.84,   0.34), (  0.64,  -1.21)  SG Improvement:0.83933 

Goal, Curr: (-0.95,  1.08), (  0.65,  -1.04)   Error: 2.66
Last SG, Last State: (  0.16,   1.19), (  0.50,  -0.91)  SG Improvement:1.51061 

Goal, Curr: (-0.90,  0.90), (  0.87,  -1.08)   Error: 2.66
Last SG, Last State: (  0.90,  -1.62), (  0.81,  -1.10)  SG Improvement:-0.04822 

episode:01600, mean:-0.76, std:0.22, median:-0.80, success:0.00
Goal, Curr: (-1.07,  1.22), (  1.16,  -1.40)   Error: 3.44
Last SG, Last State: (  1.83,  -2.25), (  1.32,  -1.40)  SG Improvement:0.71539 

Goal, Curr: (-0.77,  1.16), ( -0.02,  -1.40)   Error: 2.67
Last SG, Last State: ( -0.27,  -1.36), (  0.05,  -1.40)  SG Improvement:0.01724 

Goal, Curr: (-1.13,  1.09), (  0.12,  -1.40)   Error: 2.78
Last SG, Last State: ( -0.39,  -1.26), (  0.20,  -1.40)  SG Improvement:0.03549 

Goal, Curr: (-0.81,  1.09), (  0.05,  -1.40)   Error: 2.64
Last SG, Last State: ( -0.32,  -1.44), (  0.12,  -1.40)  SG Improvement:0.03868 

Goal, Curr: (-1.17,  0.99), (  0.02,  -1.40)   Error: 2.67
Last SG, Last State: ( -0.14,  -1.24), (  0.03,  -1.40)  SG Improvement:0.01390 

Goal, Curr: (-1.22,  0.75), (  1.00,  -1.39)   Error: 3.08
Last SG, Last State: (  3.07,   0.21), (  1.06,  -1.35)  SG Improvement:0.61019 

Goal, Curr: (-0.91,  1.19), (  0.96,  -1.40)   Error: 3.20
Last SG, Last State: (  0.11,  -1.66), (  1.05,  -1.40)  SG Improvement:-0.44009 

Goal, Curr: (-1.02,  1.06), (  1.11,  -1.35)   Error: 3.22
Last SG, Last State: ( -0.60,  -1.37), (  1.30,  -1.40)  SG Improvement:0.63408 

Goal, Curr: (-0.76,  1.17), ( -0.00,  -1.40)   Error: 2.68
Last SG, Last State: ( -0.27,  -1.39), (  0.06,  -1.40)  SG Improvement:0.02241 

Goal, Curr: (-0.89,  1.16), (  0.96,  -1.31)   Error: 3.09
Last SG, Last State: (  2.76,   0.31), (  0.88,  -1.30)  SG Improvement:0.69719 

episode:01700, mean:-0.80, std:0.35, median:-0.68, success:0.00
Log radii:  [0. 0. 0. 0. 0. 0.]
Adjusted log radii:  [2.38999987 2.38999987 2.08999991 1.49000001 0.59000003 1.78999996]
Goal, Curr: (-1.12,  0.95), ( -1.02,  -0.68)   Error: 1.63
Last SG, Last State: (  0.38,  -0.99), ( -0.89,  -0.72)  SG Improvement:-0.15576 

Goal, Curr: (-0.99,  1.10), ( -1.22,  -0.72)   Error: 1.84
Last SG, Last State: (  0.23,   0.17), ( -1.35,  -0.72)  SG Improvement:0.47894 

Goal, Curr: (-1.13,  0.81), ( -0.99,  -0.77)   Error: 1.59
Last SG, Last State: (  0.73,   0.21), ( -1.14,  -0.73)  SG Improvement:0.26005 

Goal, Curr: (-1.15,  0.90), ( -1.40,  -0.81)   Error: 1.72
Last SG, Last State: ( -1.11,  -1.44), ( -1.34,  -0.82)  SG Improvement:-0.00894 

Goal, Curr: (-1.23,  1.04), (  0.12,  -1.11)   Error: 2.53
Last SG, Last State: (  1.74,  -2.89), ( -0.07,  -1.04)  SG Improvement:0.14065 

Goal, Curr: (-0.79,  0.82), ( -0.57,  -0.92)   Error: 1.76
Last SG, Last State: (  1.04,   0.32), ( -0.64,  -0.91)  SG Improvement:-0.13189 

Goal, Curr: (-1.16,  1.14), (  0.75,  -1.25)   Error: 3.05
Last SG, Last State: (  2.61,  -1.19), (  0.84,  -1.28)  SG Improvement:-0.04976 

Goal, Curr: (-1.17,  0.78), (  0.62,  -1.18)   Error: 2.66
Last SG, Last State: ( -0.35,  -0.73), (  0.76,  -1.23)  SG Improvement:0.19665 

Goal, Curr: (-1.19,  0.83), (  0.44,  -1.39)   Error: 2.75
Last SG, Last State: (  0.20,  -2.35), (  0.44,  -1.39)  SG Improvement:0.21590 

Goal, Curr: (-1.14,  0.88), ( -0.15,  -0.94)   Error: 2.07
Last SG, Last State: (  0.14,  -1.05), (  0.00,  -1.02)  SG Improvement:-0.01886 

episode:01800, mean:-0.26, std:0.59, median:-0.14, success:0.00
Goal, Curr: (-1.13,  1.10), ( -1.35,  -0.86)   Error: 1.97
Last SG, Last State: ( -1.04,  -2.75), ( -1.35,  -0.86)  SG Improvement:0.18723 

Goal, Curr: (-0.96,  0.85), ( -1.40,  -0.97)   Error: 1.87
Last SG, Last State: ( -1.20,  -2.89), ( -1.38,  -0.97)  SG Improvement:0.87905 

Goal, Curr: (-1.20,  0.82), ( -1.24,  -0.81)   Error: 1.63
Last SG, Last State: ( -0.35,  -0.34), ( -1.27,  -0.83)  SG Improvement:0.12668 

Goal, Curr: (-1.20,  0.86), ( -1.39,  -0.93)   Error: 1.79
Last SG, Last State: ( -0.35,  -0.16), ( -1.38,  -0.93)  SG Improvement:-0.16746 

Goal, Curr: (-1.13,  1.03), ( -1.40,  -0.85)   Error: 1.90
Last SG, Last State: ( -1.16,  -2.77), ( -1.34,  -0.84)  SG Improvement:0.88984 

Goal, Curr: (-1.13,  0.81), ( -1.40,  -0.86)   Error: 1.69
Last SG, Last State: ( -0.30,  -0.07), ( -1.37,  -0.86)  SG Improvement:-0.28356 

Goal, Curr: (-1.08,  1.08), ( -1.11,  -0.79)   Error: 1.87
Last SG, Last State: ( -0.36,  -0.47), ( -1.11,  -0.79)  SG Improvement:0.00182 

Goal, Curr: (-1.16,  0.99), ( -1.38,  -0.71)   Error: 1.71
Last SG, Last State: (  0.50,  -0.34), ( -1.27,  -0.80)  SG Improvement:0.33385 

Goal, Curr: (-1.22,  0.83), ( -1.41,  -0.88)   Error: 1.71
Last SG, Last State: ( -0.50,  -0.22), ( -1.33,  -0.84)  SG Improvement:-0.71817 

Goal, Curr: (-1.06,  0.77), ( -1.40,  -0.89)   Error: 1.70
Last SG, Last State: ( -0.13,  -0.17), ( -1.34,  -0.86)  SG Improvement:-0.34989 

episode:01900, mean:0.04, std:0.12, median:-0.01, success:0.00
Goal, Curr: (-1.18,  0.96), ( -1.40,  -0.85)   Error: 1.83
Last SG, Last State: (  0.65,   0.50), ( -1.38,  -0.88)  SG Improvement:0.62195 

Goal, Curr: (-1.00,  1.18), ( -1.23,  -0.83)   Error: 2.02
Last SG, Last State: ( -1.31,  -2.83), ( -1.34,  -0.89)  SG Improvement:0.13515 

Goal, Curr: (-1.01,  0.98), ( -1.40,  -0.93)   Error: 1.95
Last SG, Last State: ( -0.61,  -0.01), ( -1.40,  -0.89)  SG Improvement:0.12663 

Goal, Curr: (-1.16,  0.90), ( -1.39,  -0.94)   Error: 1.85
Last SG, Last State: (  0.97,   0.70), ( -1.20,  -0.97)  SG Improvement:0.65191 

Goal, Curr: (-0.99,  1.04), ( -0.78,  -1.15)   Error: 2.20
Last SG, Last State: ( -0.66,  -1.01), ( -0.78,  -1.15)  SG Improvement:0.00018 

Goal, Curr: (-0.94,  0.96), ( -1.40,  -0.77)   Error: 1.79
Last SG, Last State: ( -0.67,   0.05), ( -1.40,  -0.79)  SG Improvement:0.01880 

Goal, Curr: (-1.15,  0.98), ( -0.83,  -1.16)   Error: 2.16
Last SG, Last State: ( -0.54,  -0.98), ( -0.82,  -1.16)  SG Improvement:0.00165 

Goal, Curr: (-1.14,  1.19), ( -1.40,  -0.85)   Error: 2.06
Last SG, Last State: ( -1.83,  -2.84), ( -1.40,  -0.87)  SG Improvement:0.49726 

Goal, Curr: (-1.05,  1.15), ( -1.15,  -0.91)   Error: 2.06
Last SG, Last State: ( -1.50,  -0.97), ( -1.30,  -0.81)  SG Improvement:-2.61648 

Goal, Curr: (-0.85,  0.95), ( -1.40,  -0.81)   Error: 1.85
Last SG, Last State: ( -0.44,   0.32), ( -1.40,  -0.79)  SG Improvement:0.19125 

episode:02000, mean:0.14, std:0.14, median:0.16, success:0.00
Log radii:  [0. 0. 0. 0. 0. 0.]
Adjusted log radii:  [ 1.78999996  2.08999991  0.29000002  1.78999996 -0.         -0.        ]
Log radii:  [0. 0. 0. 0. 0. 0.]
Adjusted log radii:  [ 1.49000001  2.38999987  0.89000005 -0.          0.89000005 -0.        ]
Goal, Curr: (-1.09,  1.17), ( -1.40,  -0.89)   Error: 2.08
Last SG, Last State: ( -0.34,  -0.01), ( -1.40,  -0.86)  SG Improvement:0.35526 

Goal, Curr: (-0.83,  1.21), ( -1.31,  -1.00)   Error: 2.25
Last SG, Last State: (  0.12,  -0.07), ( -1.40,  -1.02)  SG Improvement:0.10954 

Goal, Curr: (-0.80,  1.07), ( -1.27,  -0.92)   Error: 2.05
Last SG, Last State: ( -1.65,  -2.88), ( -1.28,  -0.92)  SG Improvement:0.50673 

Goal, Curr: (-0.79,  0.89), ( -1.40,  -0.84)   Error: 1.83
Last SG, Last State: ( -0.29,   0.17), ( -1.40,  -0.80)  SG Improvement:0.52800 

Goal, Curr: (-1.01,  1.04), ( -1.40,  -0.92)   Error: 1.99
Last SG, Last State: ( -0.60,  -0.69), ( -1.40,  -0.97)  SG Improvement:0.36665 

Goal, Curr: (-0.80,  0.91), ( -1.40,  -0.84)   Error: 1.84
Last SG, Last State: ( -0.29,   0.18), ( -1.40,  -0.80)  SG Improvement:0.51675 

Goal, Curr: (-1.07,  0.80), ( -1.40,  -0.87)   Error: 1.70
Last SG, Last State: ( -0.36,   0.15), ( -1.40,  -0.83)  SG Improvement:0.51931 

Goal, Curr: (-0.99,  0.80), ( -1.40,  -0.79)   Error: 1.64
Last SG, Last State: ( -0.37,  -0.03), ( -1.40,  -0.75)  SG Improvement:0.14339 

Goal, Curr: (-1.22,  0.84), ( -1.40,  -0.76)   Error: 1.62
Last SG, Last State: ( -1.18,  -0.38), ( -1.30,  -0.83)  SG Improvement:0.10494 

Goal, Curr: (-0.88,  1.18), ( -1.35,  -1.04)   Error: 2.27
Last SG, Last State: ( -0.58,  -0.32), ( -1.32,  -1.03)  SG Improvement:1.15674 

episode:02100, mean:0.04, std:0.19, median:0.05, success:0.00
Goal, Curr: (-0.85,  0.78), ( -0.51,  -0.66)   Error: 1.48
Last SG, Last State: ( -0.37,   0.78), ( -0.64,  -0.60)  SG Improvement:0.20963 

Goal, Curr: (-0.82,  1.14), ( -1.05,  -1.02)   Error: 2.17
Last SG, Last State: ( -0.89,   0.46), ( -0.89,  -1.05)  SG Improvement:-0.03002 

Goal, Curr: (-0.98,  0.95), ( -0.99,  -1.27)   Error: 2.22
Last SG, Last State: ( -0.13,  -0.46), ( -0.92,  -1.30)  SG Improvement:-0.11496 

Goal, Curr: (-0.95,  0.90), ( -1.34,  -1.26)   Error: 2.20
Last SG, Last State: ( -0.67,  -0.97), ( -1.40,  -1.26)  SG Improvement:0.25105 

Goal, Curr: (-1.05,  0.86), ( -1.03,  -1.19)   Error: 2.05
Last SG, Last State: ( -0.64,  -0.17), ( -1.02,  -1.20)  SG Improvement:-0.34502 

Goal, Curr: (-1.04,  1.07), ( -0.92,  -1.34)   Error: 2.41
Last SG, Last State: ( -1.41,  -3.08), ( -1.03,  -1.19)  SG Improvement:0.74067 

Goal, Curr: (-0.95,  0.83), ( -0.59,  -1.17)   Error: 2.04
Last SG, Last State: ( -0.99,  -2.12), ( -0.59,  -1.17)  SG Improvement:-0.00000 

Goal, Curr: (-1.06,  1.09), ( -0.98,  -1.26)   Error: 2.35
Last SG, Last State: ( -1.11,  -1.39), ( -1.03,  -1.20)  SG Improvement:-0.10834 

Goal, Curr: (-1.01,  0.87), ( -0.44,  -1.01)   Error: 1.97
Last SG, Last State: (  0.15,  -1.32), ( -0.43,  -1.01)  SG Improvement:0.35700 

Goal, Curr: (-1.02,  0.88), ( -0.67,  -1.40)   Error: 2.30
Last SG, Last State: ( -1.05,  -1.83), ( -0.71,  -1.40)  SG Improvement:-0.26275 

episode:02200, mean:-0.19, std:0.18, median:-0.27, success:0.00
Goal, Curr: (-0.94,  1.17), ( -1.40,  -1.06)   Error: 2.29
Last SG, Last State: ( -1.23,  -0.75), ( -1.32,  -1.09)  SG Improvement:0.51522 

Goal, Curr: (-1.20,  1.13), ( -1.29,  -1.21)   Error: 2.33
Last SG, Last State: ( -1.79,   0.11), ( -1.24,  -1.22)  SG Improvement:1.06364 

Goal, Curr: (-1.07,  1.01), ( -0.07,  -0.60)   Error: 1.90
Last SG, Last State: (  0.78,  -1.88), ( -0.12,  -0.60)  SG Improvement:-0.25181 

Goal, Curr: (-1.00,  1.04), ( -0.48,  -0.70)   Error: 1.82
Last SG, Last State: ( -1.65,   0.97), ( -0.50,  -0.68)  SG Improvement:0.11679 

Goal, Curr: (-1.03,  0.76), ( -0.99,  -1.05)   Error: 1.82
Last SG, Last State: ( -1.61,  -2.80), ( -1.05,  -1.08)  SG Improvement:-0.28415 

Goal, Curr: (-0.95,  1.09), ( -0.63,  -0.75)   Error: 1.87
Last SG, Last State: ( -0.16,   0.60), ( -0.61,  -0.77)  SG Improvement:-0.03707 

Goal, Curr: (-1.23,  1.22), ( -0.51,  -0.68)   Error: 2.03
Last SG, Last State: ( -2.56,   1.40), ( -0.49,  -0.68)  SG Improvement:0.90291 

Goal, Curr: (-1.02,  1.10), ( -1.40,  -1.20)   Error: 2.33
Last SG, Last State: ( -0.58,  -1.31), ( -1.40,  -1.20)  SG Improvement:0.25777 

Goal, Curr: (-0.94,  0.81), ( -1.40,  -1.07)   Error: 1.94
Last SG, Last State: ( -0.99,  -0.31), ( -1.39,  -1.09)  SG Improvement:0.51049 

Goal, Curr: (-1.08,  0.89), ( -0.98,  -1.06)   Error: 1.95
Last SG, Last State: ( -1.25,  -2.08), ( -0.97,  -1.07)  SG Improvement:1.29249 

episode:02300, mean:-0.03, std:0.22, median:-0.01, success:0.00
Goal, Curr: (-1.08,  1.08), (  1.30,   1.36)   Error: 2.40
Last SG, Last State: (  1.62,   2.66), (  1.30,   1.35)  SG Improvement:0.37011 

Goal, Curr: (-1.16,  1.13), (  1.40,   1.39)   Error: 2.57
Last SG, Last State: (  1.07,   3.13), (  1.40,   1.28)  SG Improvement:0.02785 

Goal, Curr: (-1.05,  0.82), (  1.40,   1.04)   Error: 2.46
Last SG, Last State: (  1.25,   2.78), (  1.40,   1.00)  SG Improvement:0.02721 

Goal, Curr: (-1.10,  1.02), (  1.40,   1.11)   Error: 2.50
Last SG, Last State: (  1.22,   2.85), (  1.40,   1.07)  SG Improvement:0.02517 

Goal, Curr: (-1.02,  1.13), (  1.25,   1.34)   Error: 2.28
Last SG, Last State: ( -0.76,   3.37), (  1.24,   1.36)  SG Improvement:-0.13653 

Goal, Curr: (-1.09,  0.90), (  1.40,   1.10)   Error: 2.50
Last SG, Last State: (  1.23,   2.82), (  1.40,   1.06)  SG Improvement:0.03260 

Goal, Curr: (-0.93,  1.21), (  1.27,   1.40)   Error: 2.20
Last SG, Last State: (  1.05,   1.07), (  1.34,   1.31)  SG Improvement:0.02382 

Goal, Curr: (-0.89,  0.84), (  1.40,   1.15)   Error: 2.31
Last SG, Last State: (  1.36,   1.36), (  1.40,   1.09)  SG Improvement:-1.16619 

Goal, Curr: (-1.01,  0.91), (  1.40,   1.10)   Error: 2.41
Last SG, Last State: (  1.33,   2.70), (  1.40,   1.04)  SG Improvement:0.42635 

Goal, Curr: (-1.23,  0.99), (  1.40,   1.40)   Error: 2.66
Last SG, Last State: (  1.11,   3.18), (  1.40,   1.34)  SG Improvement:0.05058 

episode:02400, mean:-0.48, std:0.21, median:-0.52, success:0.00
Log radii:  [0. 0. 0. 0. 0. 0.]
Adjusted log radii:  [0.59000003 2.38999987 1.49000001 1.49000001 1.49000001 0.59000003]
Goal, Curr: (-1.16,  1.09), (  0.20,   1.40)   Error: 1.40
Last SG, Last State: ( -0.49,  -0.31), (  0.30,   1.40)  SG Improvement:0.03039 

Goal, Curr: (-1.00,  1.12), (  0.17,  -0.60)   Error: 2.08
Last SG, Last State: (  0.67,   0.63), (  0.10,  -0.60)  SG Improvement:0.17316 

Goal, Curr: (-1.18,  1.08), (  0.30,   1.40)   Error: 1.51
Last SG, Last State: ( -0.37,  -0.33), (  0.40,   1.40)  SG Improvement:0.07708 

Goal, Curr: (-0.91,  1.14), (  0.25,   1.40)   Error: 1.18
Last SG, Last State: ( -0.36,  -0.45), (  0.36,   1.40)  SG Improvement:0.04269 

Goal, Curr: (-1.22,  0.80), (  0.12,   1.40)   Error: 1.47
Last SG, Last State: ( -0.62,  -0.14), (  0.21,   1.40)  SG Improvement:0.02874 

Goal, Curr: (-0.96,  0.87), (  0.29,   1.40)   Error: 1.36
Last SG, Last State: ( -0.44,  -0.43), (  0.39,   1.40)  SG Improvement:0.03524 

Goal, Curr: (-0.81,  1.17), (  0.33,   1.40)   Error: 1.16
Last SG, Last State: ( -0.23,  -0.46), (  0.45,   1.40)  SG Improvement:0.02797 

Goal, Curr: (-1.11,  1.23), (  0.27,   1.40)   Error: 1.39
Last SG, Last State: ( -0.35,  -0.36), (  0.38,   1.40)  SG Improvement:-0.03457 

Goal, Curr: (-1.25,  0.98), (  0.40,   1.40)   Error: 1.69
Last SG, Last State: ( -0.29,  -0.30), (  0.49,   1.40)  SG Improvement:0.02734 

Goal, Curr: (-0.81,  1.06), (  0.04,  -0.60)   Error: 1.86
Last SG, Last State: (  1.00,  -0.41), (  0.06,  -0.60)  SG Improvement:0.02926 

episode:02500, mean:0.51, std:0.28, median:0.42, success:0.00
Goal, Curr: (-0.76,  1.00), (  0.16,   1.40)   Error: 1.01
Last SG, Last State: ( -0.31,   1.76), (  0.30,   1.40)  SG Improvement:0.33222 

Goal, Curr: (-0.77,  0.96), ( -0.53,   1.40)   Error: 0.50
Last SG, Last State: ( -1.02,  -0.15), ( -0.46,   1.40)  SG Improvement:0.04012 

Goal, Curr: (-1.06,  0.97), ( -0.49,  -0.60)   Error: 1.67
Last SG, Last State: (  0.52,  -0.32), ( -0.45,  -0.60)  SG Improvement:-0.00093 

Goal, Curr: (-0.85,  0.98), ( -0.11,   1.40)   Error: 0.85
Last SG, Last State: ( -0.73,  -0.54), ( -0.05,   1.40)  SG Improvement:0.03237 

Goal, Curr: (-0.94,  0.77), ( -0.11,   1.40)   Error: 1.05
Last SG, Last State: ( -0.66,  -0.55), (  0.02,   1.40)  SG Improvement:0.04179 

Goal, Curr: (-0.92,  1.21), (  0.01,  -0.60)   Error: 2.04
Last SG, Last State: (  0.73,  -0.03), (  0.02,  -0.60)  SG Improvement:0.07043 

Goal, Curr: (-0.99,  1.17), ( -0.45,   1.39)   Error: 0.59
Last SG, Last State: ( -1.26,  -0.59), ( -0.45,   1.40)  SG Improvement:0.07655 

Goal, Curr: (-1.11,  0.75), ( -0.36,   1.40)   Error: 0.99
Last SG, Last State: ( -0.96,  -0.48), ( -0.26,   1.40)  SG Improvement:0.02816 

Goal, Curr: (-0.86,  0.75), ( -0.28,   1.40)   Error: 0.87
Last SG, Last State: ( -0.81,  -0.54), ( -0.17,   1.40)  SG Improvement:0.03162 

Goal, Curr: (-0.83,  0.94), (  0.17,   1.40)   Error: 1.10
Last SG, Last State: ( -0.33,   1.69), (  0.31,   1.40)  SG Improvement:0.40737 

episode:02600, mean:0.87, std:0.32, median:0.83, success:0.00
Goal, Curr: (-1.22,  1.02), (  0.42,   1.38)   Error: 1.68
Last SG, Last State: ( -0.60,   0.76), (  0.47,   1.30)  SG Improvement:-0.12042 

Goal, Curr: (-0.99,  0.98), (  0.44,   1.30)   Error: 1.47
Last SG, Last State: ( -0.52,   0.77), (  0.49,   1.22)  SG Improvement:-0.15494 

Goal, Curr: (-0.88,  1.19), (  0.54,   1.25)   Error: 1.42
Last SG, Last State: ( -0.42,   0.75), (  0.60,   1.15)  SG Improvement:-0.24343 

Goal, Curr: (-1.00,  1.01), ( -0.16,   1.40)   Error: 0.93
Last SG, Last State: ( -0.70,  -0.55), ( -0.05,   1.40)  SG Improvement:0.03198 

Goal, Curr: (-0.83,  0.86), ( -0.19,   1.40)   Error: 0.84
Last SG, Last State: ( -0.74,  -0.57), ( -0.09,   1.40)  SG Improvement:0.03350 

Goal, Curr: (-0.83,  1.05), ( -0.30,   1.40)   Error: 0.63
Last SG, Last State: ( -0.92,  -0.47), ( -0.23,   1.40)  SG Improvement:0.00905 

Goal, Curr: (-1.15,  0.98), (  0.42,   1.36)   Error: 1.61
Last SG, Last State: ( -0.59,   0.76), (  0.46,   1.29)  SG Improvement:-0.13088 

Goal, Curr: (-1.03,  0.92), (  0.40,   1.38)   Error: 1.50
Last SG, Last State: ( -0.58,   0.82), (  0.45,   1.31)  SG Improvement:-0.09793 

Goal, Curr: (-0.97,  1.22), (  0.34,   1.40)   Error: 1.32
Last SG, Last State: ( -0.66,   0.82), (  0.44,   1.40)  SG Improvement:-0.06116 

Goal, Curr: (-1.19,  1.16), (  0.50,   1.27)   Error: 1.69
Last SG, Last State: ( -0.44,   0.79), (  0.55,   1.19)  SG Improvement:-0.19380 

episode:02700, mean:0.83, std:0.34, median:0.71, success:0.00
Goal, Curr: (-1.06,  1.13), (  1.40,  -0.83)   Error: 3.15
Last SG, Last State: (  0.05,  -1.75), (  1.40,  -0.93)  SG Improvement:0.15205 

Goal, Curr: (-0.77,  0.75), (  0.56,  -0.94)   Error: 2.15
Last SG, Last State: ( -1.60,  -1.33), (  0.51,  -0.93)  SG Improvement:0.06442 

Goal, Curr: (-1.13,  0.91), (  1.39,  -1.32)   Error: 3.37
Last SG, Last State: (  1.28,  -0.93), (  1.37,  -1.32)  SG Improvement:-0.48684 

Goal, Curr: (-1.09,  1.03), (  0.39,  -0.97)   Error: 2.49
Last SG, Last State: (  0.11,   0.65), (  0.37,  -0.96)  SG Improvement:0.14867 

Goal, Curr: (-0.88,  1.18), (  0.59,   1.40)   Error: 1.49
Last SG, Last State: ( -0.35,   0.66), (  0.68,   1.32)  SG Improvement:-0.14963 

Goal, Curr: (-1.11,  0.84), (  1.40,  -1.08)   Error: 3.15
Last SG, Last State: (  0.28,  -1.50), (  1.40,  -1.05)  SG Improvement:-0.01195 

Goal, Curr: (-1.02,  0.84), (  0.29,   1.40)   Error: 1.42
Last SG, Last State: ( -0.33,  -0.58), (  0.41,   1.40)  SG Improvement:0.06222 

Goal, Curr: (-1.08,  1.17), (  0.93,   1.27)   Error: 2.01
Last SG, Last State: ( -0.10,   0.41), (  1.04,   1.12)  SG Improvement:-0.02899 

Goal, Curr: (-0.81,  1.05), (  1.11,   1.04)   Error: 1.92
Last SG, Last State: (  0.62,   0.59), (  1.21,   0.87)  SG Improvement:0.01325 

Goal, Curr: (-0.97,  1.18), (  0.97,   1.22)   Error: 1.94
Last SG, Last State: (  0.08,   0.54), (  1.09,   1.06)  SG Improvement:-0.04361 

episode:02800, mean:-0.21, std:0.74, median:-0.11, success:0.00
Goal, Curr: (-1.08,  0.85), (  0.38,  -0.63)   Error: 2.08
Last SG, Last State: ( -0.60,  -0.49), (  0.41,  -0.60)  SG Improvement:-0.29019 

Goal, Curr: (-1.07,  0.87), (  0.49,  -0.97)   Error: 2.41
Last SG, Last State: ( -1.21,  -1.36), (  0.51,  -0.95)  SG Improvement:-0.15635 

Goal, Curr: (-1.24,  1.03), ( -0.14,  -0.96)   Error: 2.28
Last SG, Last State: (  0.29,  -1.13), ( -0.14,  -0.96)  SG Improvement:0.00000 

Goal, Curr: (-1.02,  0.76), (  0.63,  -0.61)   Error: 2.15
Last SG, Last State: ( -1.36,  -2.46), (  0.63,  -0.61)  SG Improvement:0.77618 

Goal, Curr: (-0.92,  0.87), (  0.91,  -0.41)   Error: 2.23
Last SG, Last State: ( -0.28,   1.01), (  0.88,  -0.41)  SG Improvement:0.77946 

Goal, Curr: (-1.05,  0.93), (  1.10,  -0.42)   Error: 2.54
Last SG, Last State: ( -0.21,   1.06), (  0.91,  -0.44)  SG Improvement:0.66576 

Goal, Curr: (-1.07,  0.86), (  0.59,  -0.66)   Error: 2.25
Last SG, Last State: ( -0.73,  -1.64), (  0.58,  -0.68)  SG Improvement:-0.04890 

Goal, Curr: (-1.04,  1.12), (  0.76,  -0.51)   Error: 2.43
Last SG, Last State: ( -1.25,  -2.12), (  0.76,  -0.50)  SG Improvement:0.66571 

Goal, Curr: (-1.11,  1.19), (  0.40,  -0.63)   Error: 2.36
Last SG, Last State: (  0.12,  -0.84), (  0.40,  -0.63)  SG Improvement:0.09339 

Goal, Curr: (-1.19,  0.85), (  0.30,  -0.72)   Error: 2.16
Last SG, Last State: (  0.24,  -0.85), (  0.30,  -0.71)  SG Improvement:0.09414 

episode:02900, mean:-0.40, std:0.18, median:-0.36, success:0.00
Goal, Curr: (-0.86,  1.11), (  0.62,  -0.56)   Error: 2.23
Last SG, Last State: ( -0.64,  -0.87), (  0.61,  -0.56)  SG Improvement:-0.13266 

Goal, Curr: (-1.24,  1.18), (  0.57,  -0.59)   Error: 2.53
Last SG, Last State: ( -0.58,  -1.98), (  0.46,  -0.60)  SG Improvement:0.03239 

Goal, Curr: (-0.84,  1.16), (  0.40,  -0.60)   Error: 2.15
Last SG, Last State: ( -0.74,  -1.28), (  0.41,  -0.60)  SG Improvement:-0.01873 

Goal, Curr: (-1.09,  0.95), (  0.28,  -0.60)   Error: 2.07
Last SG, Last State: ( -0.76,  -1.42), (  0.23,  -0.60)  SG Improvement:-0.04862 

Goal, Curr: (-0.78,  0.78), (  0.30,  -0.60)   Error: 1.76
Last SG, Last State: ( -0.05,  -0.93), (  0.35,  -0.60)  SG Improvement:-0.17976 

Goal, Curr: (-0.95,  1.06), (  0.73,  -0.32)   Error: 2.17
Last SG, Last State: (  0.67,   1.21), (  0.74,  -0.34)  SG Improvement:0.18304 

Goal, Curr: (-1.03,  1.05), (  0.50,  -0.60)   Error: 2.26
Last SG, Last State: ( -0.02,   0.43), (  0.35,  -0.60)  SG Improvement:0.72765 

Goal, Curr: (-0.85,  1.18), (  1.07,  -0.34)   Error: 2.45
Last SG, Last State: ( -1.17,  -1.33), (  0.95,  -0.46)  SG Improvement:-0.77721 

Goal, Curr: (-1.16,  1.09), (  0.92,  -1.14)   Error: 3.04
Last SG, Last State: (  0.39,  -0.26), (  0.99,  -1.03)  SG Improvement:-0.06497 

Goal, Curr: (-1.23,  1.09), (  0.64,  -0.27)   Error: 2.31
Last SG, Last State: ( -0.70,  -0.98), (  0.60,  -0.34)  SG Improvement:0.72720 

episode:03000, mean:-0.22, std:0.32, median:-0.12, success:0.00
