Using device: cpu
gc-1.0-tg11-expl0.5
Goal, Curr: (-0.93,  1.12), ( -1.36,  -1.40)   Error: 2.55
Last SG, Last State: ( -2.12,  -0.02), ( -1.36,  -1.40)  SG Improvement:-0.00247 

Goal, Curr: (-1.20,  0.77), ( -0.96,  -1.40)   Error: 2.18
Last SG, Last State: ( -1.59,  -0.56), ( -0.94,  -1.40)  SG Improvement:0.00137 

Goal, Curr: (-1.12,  0.77), ( -1.09,  -1.40)   Error: 2.17
Last SG, Last State: ( -1.72,  -0.34), ( -1.07,  -1.40)  SG Improvement:0.00452 

Goal, Curr: (-1.00,  0.93), ( -1.00,  -1.40)   Error: 2.33
Last SG, Last State: ( -1.63,  -0.51), ( -0.99,  -1.40)  SG Improvement:0.00255 

Goal, Curr: (-0.79,  0.75), ( -0.75,  -1.40)   Error: 2.15
Last SG, Last State: ( -1.21,  -0.91), ( -0.75,  -1.40)  SG Improvement:-0.00163 

Goal, Curr: (-0.87,  0.77), ( -0.81,  -1.40)   Error: 2.16
Last SG, Last State: ( -1.31,  -0.80), ( -0.81,  -1.40)  SG Improvement:-0.00385 

Goal, Curr: (-1.16,  1.15), ( -1.32,  -1.40)   Error: 2.55
Last SG, Last State: ( -2.13,  -0.10), ( -1.31,  -1.40)  SG Improvement:0.00215 

Goal, Curr: (-0.98,  0.76), ( -1.14,  -1.40)   Error: 2.16
Last SG, Last State: ( -1.76,  -0.24), ( -1.13,  -1.40)  SG Improvement:0.00133 

Goal, Curr: (-1.18,  1.03), ( -1.33,  -1.40)   Error: 2.43
Last SG, Last State: ( -2.12,  -0.06), ( -1.32,  -1.40)  SG Improvement:0.00171 

Goal, Curr: (-0.87,  1.13), ( -0.92,  -1.40)   Error: 2.53
Last SG, Last State: ( -1.52,  -0.76), ( -0.90,  -1.40)  SG Improvement:-0.00395 

episode:00100, mean:-0.39, std:0.11, median:-0.37, success:0.00
Log radii:  [0. 0. 0. 0. 0. 0.]
Adjusted log radii:  [ 1.49000001  1.19000006  1.78999996  0.59000003 -0.          0.59000003]
Log radii:  [0. 0. 0. 0. 0. 0.]
Adjusted log radii:  [1.78999996 2.08999991 1.78999996 1.19000006 0.89000005 0.59000003]
Goal, Curr: (-1.23,  0.98), ( -0.10,  -0.60)   Error: 1.94
Last SG, Last State: ( -2.11,  -0.69), ( -0.15,  -0.60)  SG Improvement:-0.06516 

Goal, Curr: (-1.22,  1.19), ( -1.06,  -0.86)   Error: 2.06
Last SG, Last State: ( -2.89,  -0.13), ( -1.06,  -0.86)  SG Improvement:0.00005 

Goal, Curr: (-1.20,  1.23), ( -1.10,  -0.81)   Error: 2.04
Last SG, Last State: ( -2.93,  -0.06), ( -1.10,  -0.81)  SG Improvement:0.00018 

Goal, Curr: (-1.24,  0.87), ( -1.20,  -0.63)   Error: 1.49
Last SG, Last State: ( -2.96,   0.29), ( -1.20,  -0.63)  SG Improvement:0.00023 

Goal, Curr: (-0.98,  1.19), ( -0.09,  -0.60)   Error: 2.00
Last SG, Last State: ( -2.04,  -0.80), ( -0.12,  -0.60)  SG Improvement:-0.05989 

Goal, Curr: (-0.88,  0.78), ( -0.99,  -0.63)   Error: 1.41
Last SG, Last State: ( -2.68,   0.16), ( -0.99,  -0.63)  SG Improvement:0.00378 

Goal, Curr: (-0.80,  0.97), ( -0.08,  -0.60)   Error: 1.72
Last SG, Last State: ( -1.96,  -0.74), ( -0.08,  -0.60)  SG Improvement:-0.03823 

Goal, Curr: (-1.22,  1.16), ( -0.85,  -1.00)   Error: 2.19
Last SG, Last State: ( -2.70,  -0.40), ( -0.85,  -1.00)  SG Improvement:0.00000 

Goal, Curr: (-0.98,  1.08), ( -0.09,  -0.60)   Error: 1.90
Last SG, Last State: ( -2.05,  -0.74), ( -0.12,  -0.60)  SG Improvement:-0.04984 

Goal, Curr: (-0.79,  1.13), ( -0.94,  -0.83)   Error: 1.96
Last SG, Last State: ( -2.69,  -0.13), ( -0.94,  -0.83)  SG Improvement:0.00034 

episode:00200, mean:0.17, std:0.11, median:0.15, success:0.00
Log radii:  [0. 0. 0. 0. 0. 0.]
Adjusted log radii:  [ 2.38999987  1.19000006  0.29000002  2.08999991  1.19000006 -0.        ]
Log radii:  [0. 0. 0. 0. 0. 0.]
Adjusted log radii:  [-0.         -0.         -0.          1.49000001  1.78999996 -0.        ]
Goal, Curr: (-0.98,  1.15), (  0.20,  -0.60)   Error: 2.11
Last SG, Last State: ( -1.90,  -0.78), (  0.11,  -0.60)  SG Improvement:-0.09988 

Goal, Curr: (-1.09,  1.10), ( -0.22,  -0.60)   Error: 1.92
Last SG, Last State: ( -2.50,  -0.39), ( -0.40,  -0.60)  SG Improvement:-0.14836 

Goal, Curr: (-0.75,  1.19), ( -0.13,  -0.60)   Error: 1.90
Last SG, Last State: ( -2.24,  -0.34), ( -0.29,  -0.60)  SG Improvement:-0.12112 

Goal, Curr: (-0.91,  0.87), ( -1.22,  -0.60)   Error: 1.50
Last SG, Last State: ( -1.43,   0.51), ( -1.22,  -0.60)  SG Improvement:0.00057 

Goal, Curr: (-0.96,  0.86), ( -1.27,  -0.63)   Error: 1.52
Last SG, Last State: ( -1.58,   0.51), ( -1.27,  -0.63)  SG Improvement:-0.00016 

Goal, Curr: (-1.20,  1.07), (  0.10,  -0.60)   Error: 2.12
Last SG, Last State: ( -2.08,  -0.71), ( -0.02,  -0.60)  SG Improvement:-0.12132 

Goal, Curr: (-0.90,  0.78), (  0.30,  -0.60)   Error: 1.83
Last SG, Last State: ( -1.67,  -0.72), (  0.21,  -0.60)  SG Improvement:-0.08493 

Goal, Curr: (-1.14,  1.22), (  0.32,  -0.60)   Error: 2.33
Last SG, Last State: ( -1.68,  -0.89), (  0.26,  -0.60)  SG Improvement:-0.05739 

Goal, Curr: (-0.92,  0.77), (  0.02,  -0.60)   Error: 1.66
Last SG, Last State: ( -2.10,  -0.49), ( -0.12,  -0.60)  SG Improvement:-0.12897 

Goal, Curr: (-0.99,  1.21), (  0.11,  -0.60)   Error: 2.12
Last SG, Last State: ( -2.06,  -0.67), ( -0.01,  -0.60)  SG Improvement:-0.12393 

episode:00300, mean:0.07, std:0.27, median:0.00, success:0.00
Log radii:  [0. 0. 0. 0. 0. 0.]
Adjusted log radii:  [2.08999991 1.78999996 2.38999987 0.59000003 0.59000003 1.19000006]
Goal, Curr: (-0.99,  1.02), (  0.04,  -0.60)   Error: 1.92
Last SG, Last State: ( -1.01,   0.08), ( -0.20,  -0.60)  SG Improvement:-0.25685 

Goal, Curr: (-1.09,  0.94), (  0.54,  -0.59)   Error: 2.24
Last SG, Last State: ( -0.99,  -0.66), (  0.34,  -0.60)  SG Improvement:-0.17207 

Goal, Curr: (-1.15,  0.97), (  0.62,  -0.30)   Error: 2.18
Last SG, Last State: ( -0.92,  -0.99), (  0.61,  -0.28)  SG Improvement:-0.36032 

Goal, Curr: (-1.05,  0.95), (  0.42,  -0.60)   Error: 2.14
Last SG, Last State: ( -1.39,  -0.72), (  0.16,  -0.60)  SG Improvement:-0.18940 

Goal, Curr: (-1.09,  0.75), (  0.60,  -0.48)   Error: 2.09
Last SG, Last State: ( -0.58,  -0.71), (  0.59,  -0.52)  SG Improvement:-0.68757 

Goal, Curr: (-1.06,  1.14), (  0.60,  -0.48)   Error: 2.32
Last SG, Last State: ( -0.97,  -0.71), (  0.44,  -0.60)  SG Improvement:-0.18866 

Goal, Curr: (-1.10,  1.15), (  0.38,  -0.60)   Error: 2.29
Last SG, Last State: ( -1.54,  -0.73), (  0.10,  -0.60)  SG Improvement:-0.20091 

Goal, Curr: (-0.87,  0.96), (  0.52,  -0.60)   Error: 2.09
Last SG, Last State: ( -1.11,  -0.69), (  0.31,  -0.60)  SG Improvement:-0.18208 

Goal, Curr: (-1.08,  0.94), ( -0.27,  -0.60)   Error: 1.74
Last SG, Last State: ( -0.01,   0.97), ( -0.53,  -0.60)  SG Improvement:0.25684 

Goal, Curr: (-1.11,  0.82), ( -0.77,  -0.63)   Error: 1.49
Last SG, Last State: ( -1.91,   0.48), ( -0.76,  -0.63)  SG Improvement:0.06760 

episode:00400, mean:-0.14, std:0.28, median:-0.27, success:0.00
Goal, Curr: (-1.05,  0.85), ( -0.83,  -0.60)   Error: 1.47
Last SG, Last State: ( -1.30,   1.16), ( -1.01,  -0.67)  SG Improvement:-0.17599 

Goal, Curr: (-0.99,  1.24), ( -1.22,  -0.70)   Error: 1.95
Last SG, Last State: ( -2.51,   1.32), ( -1.30,  -0.60)  SG Improvement:0.39409 

Goal, Curr: (-0.85,  1.14), ( -0.44,  -0.60)   Error: 1.79
Last SG, Last State: ( -1.16,   1.28), ( -0.68,  -0.60)  SG Improvement:0.28967 

Goal, Curr: (-1.16,  0.94), ( -0.65,  -0.60)   Error: 1.63
Last SG, Last State: (  0.61,   1.38), ( -0.65,  -0.61)  SG Improvement:0.03409 

Goal, Curr: (-0.87,  0.96), ( -0.81,  -0.62)   Error: 1.58
Last SG, Last State: ( -0.22,   1.34), ( -0.81,  -0.64)  SG Improvement:-0.05785 

Goal, Curr: (-0.96,  1.22), ( -0.78,  -0.63)   Error: 1.86
Last SG, Last State: (  0.15,   1.37), ( -0.78,  -0.63)  SG Improvement:-0.11389 

Goal, Curr: (-1.15,  1.07), ( -0.73,  -0.63)   Error: 1.75
Last SG, Last State: (  0.16,   1.37), ( -0.73,  -0.63)  SG Improvement:-0.11261 

Goal, Curr: (-1.22,  0.77), ( -0.18,  -0.60)   Error: 1.72
Last SG, Last State: ( -0.11,   0.64), ( -0.36,  -0.60)  SG Improvement:-0.00911 

Goal, Curr: (-0.87,  1.07), (  0.24,  -0.60)   Error: 2.01
Last SG, Last State: (  0.39,  -0.68), (  0.04,  -0.60)  SG Improvement:-0.56460 

Goal, Curr: (-0.81,  0.83), ( -0.75,  -0.63)   Error: 1.46
Last SG, Last State: ( -0.15,   1.33), ( -0.75,  -0.63)  SG Improvement:-0.03006 

episode:00500, mean:0.29, std:0.22, median:0.40, success:0.00
Goal, Curr: (-1.12,  0.86), (  0.58,  -0.57)   Error: 2.22
Last SG, Last State: (  0.93,  -0.70), (  0.46,  -0.60)  SG Improvement:0.04679 

Goal, Curr: (-1.23,  1.16), (  0.59,  -0.55)   Error: 2.49
Last SG, Last State: (  0.86,  -0.68), (  0.50,  -0.60)  SG Improvement:0.04614 

Goal, Curr: (-0.78,  0.77), (  0.58,  -0.56)   Error: 1.90
Last SG, Last State: (  1.12,  -0.67), (  0.48,  -0.60)  SG Improvement:0.04136 

Goal, Curr: (-1.02,  1.03), (  0.21,  -0.60)   Error: 2.05
Last SG, Last State: (  1.00,  -0.80), (  0.19,  -0.60)  SG Improvement:-0.03060 

Goal, Curr: (-0.96,  1.15), (  0.19,  -0.60)   Error: 2.10
Last SG, Last State: (  0.97,  -0.64), (  0.14,  -0.60)  SG Improvement:-0.01737 

Goal, Curr: (-0.75,  0.81), (  0.45,  -0.60)   Error: 1.86
Last SG, Last State: (  1.13,  -0.37), (  0.34,  -0.60)  SG Improvement:0.02789 

Goal, Curr: (-1.18,  0.86), (  0.22,  -0.60)   Error: 2.02
Last SG, Last State: (  0.89,  -0.86), (  0.19,  -0.60)  SG Improvement:-0.01996 

Goal, Curr: (-1.13,  0.92), (  0.41,  -0.60)   Error: 2.16
Last SG, Last State: (  0.92,  -0.20), (  0.29,  -0.60)  SG Improvement:-0.00995 

Goal, Curr: (-1.05,  0.84), (  0.21,  -0.60)   Error: 1.91
Last SG, Last State: (  0.99,  -0.83), (  0.18,  -0.60)  SG Improvement:-0.01556 

Goal, Curr: (-1.09,  1.03), (  0.55,  -0.59)   Error: 2.30
Last SG, Last State: (  0.95,  -0.58), (  0.42,  -0.60)  SG Improvement:0.05493 

episode:00600, mean:-0.11, std:0.29, median:-0.08, success:0.00
Goal, Curr: (-1.05,  0.83), (  0.61,  -0.19)   Error: 1.95
Last SG, Last State: (  0.95,  -0.81), (  0.56,  -0.58)  SG Improvement:-0.30499 

Goal, Curr: (-0.84,  1.05), (  0.28,  -0.60)   Error: 1.99
Last SG, Last State: (  1.10,  -0.87), (  0.25,  -0.60)  SG Improvement:-0.00069 

Goal, Curr: (-1.01,  0.78), (  0.25,  -0.60)   Error: 1.87
Last SG, Last State: (  0.94,  -0.97), (  0.22,  -0.60)  SG Improvement:-0.01672 

Goal, Curr: (-0.82,  0.96), (  0.60,  -0.54)   Error: 2.06
Last SG, Last State: (  1.10,  -0.69), (  0.54,  -0.59)  SG Improvement:-0.09456 

Goal, Curr: (-1.00,  0.78), (  0.53,  -0.60)   Error: 2.06
Last SG, Last State: (  1.00,  -0.76), (  0.40,  -0.60)  SG Improvement:0.05655 

Goal, Curr: (-0.90,  0.75), (  0.49,  -0.60)   Error: 1.94
Last SG, Last State: (  1.05,  -0.73), (  0.35,  -0.60)  SG Improvement:0.06067 

Goal, Curr: (-0.80,  1.02), (  0.60,  -0.49)   Error: 2.06
Last SG, Last State: (  1.10,  -0.66), (  0.54,  -0.59)  SG Improvement:-0.15441 

Goal, Curr: (-1.09,  0.84), (  0.29,  -0.60)   Error: 2.00
Last SG, Last State: (  0.89,  -0.98), (  0.25,  -0.60)  SG Improvement:-0.02089 

Goal, Curr: (-1.24,  0.82), (  0.47,  -0.60)   Error: 2.22
Last SG, Last State: (  0.89,  -0.77), (  0.34,  -0.60)  SG Improvement:0.06286 

Goal, Curr: (-1.17,  1.25), (  0.47,  -0.60)   Error: 2.47
Last SG, Last State: (  0.96,  -0.58), (  0.35,  -0.60)  SG Improvement:0.04960 

episode:00700, mean:-0.11, std:0.17, median:-0.16, success:0.00
Goal, Curr: (-0.92,  1.12), (  0.60,  -0.17)   Error: 2.00
Last SG, Last State: (  0.98,  -0.93), (  0.58,  -0.56)  SG Improvement:-1.01263 

Goal, Curr: (-1.12,  1.05), (  0.60,  -0.49)   Error: 2.31
Last SG, Last State: (  0.71,  -1.05), (  0.51,  -0.60)  SG Improvement:-0.09998 

Goal, Curr: (-1.03,  1.05), (  0.63,   0.11)   Error: 1.91
Last SG, Last State: ( -0.34,  -0.37), (  0.65,  -0.06)  SG Improvement:0.07170 

Goal, Curr: (-0.83,  1.24), (  0.79,   0.20)   Error: 1.92
Last SG, Last State: ( -0.13,  -0.21), (  0.78,   0.09)  SG Improvement:0.01182 

Goal, Curr: (-0.76,  1.09), (  0.69,   0.02)   Error: 1.80
Last SG, Last State: ( -0.29,  -1.42), (  0.66,  -0.22)  SG Improvement:-0.52216 

Goal, Curr: (-1.10,  0.86), (  0.74,   0.19)   Error: 1.96
Last SG, Last State: ( -0.19,  -0.24), (  0.76,   0.09)  SG Improvement:-0.00375 

Goal, Curr: (-1.23,  0.77), (  0.60,  -0.11)   Error: 2.04
Last SG, Last State: (  0.67,  -1.09), (  0.58,  -0.56)  SG Improvement:-1.10215 

Goal, Curr: (-1.20,  0.84), (  0.60,   0.38)   Error: 1.87
Last SG, Last State: ( -0.33,  -0.41), (  0.60,   0.20)  SG Improvement:0.09713 

Goal, Curr: (-1.09,  1.05), (  0.77,   0.10)   Error: 2.09
Last SG, Last State: ( -0.13,  -0.65), (  0.75,  -0.14)  SG Improvement:-0.21996 

Goal, Curr: (-0.96,  0.80), (  0.60,  -0.46)   Error: 2.01
Last SG, Last State: (  0.77,  -1.11), (  0.51,  -0.60)  SG Improvement:-0.01550 

episode:00800, mean:-0.04, std:0.17, median:-0.05, success:0.00
Goal, Curr: (-1.18,  0.76), ( -0.53,  -0.60)   Error: 1.51
Last SG, Last State: ( -2.33,   1.21), ( -0.79,  -0.65)  SG Improvement:0.70774 

Goal, Curr: (-1.07,  1.07), ( -0.47,  -0.60)   Error: 1.78
Last SG, Last State: ( -2.23,   1.25), ( -0.71,  -0.62)  SG Improvement:0.57045 

Goal, Curr: (-0.82,  1.24), ( -0.82,  -0.66)   Error: 1.90
Last SG, Last State: ( -1.14,   1.34), ( -0.82,  -0.66)  SG Improvement:0.00022 

Goal, Curr: (-1.20,  1.09), (  1.14,   0.51)   Error: 2.41
Last SG, Last State: (  0.39,   0.42), (  1.03,   0.74)  SG Improvement:1.04030 

Goal, Curr: (-0.94,  1.14), ( -1.03,  -0.91)   Error: 2.05
Last SG, Last State: ( -1.71,   1.10), ( -1.03,  -0.90)  SG Improvement:0.00158 

Goal, Curr: (-0.96,  0.88), ( -0.93,  -0.80)   Error: 1.68
Last SG, Last State: ( -1.59,   1.20), ( -0.93,  -0.80)  SG Improvement:-0.00089 

Goal, Curr: (-0.85,  0.78), ( -1.00,  -0.82)   Error: 1.61
Last SG, Last State: ( -1.65,   1.18), ( -1.00,  -0.82)  SG Improvement:-0.00078 

Goal, Curr: (-0.80,  1.19), ( -1.23,  -1.05)   Error: 2.28
Last SG, Last State: ( -2.09,   0.95), ( -1.23,  -1.05)  SG Improvement:-0.00029 

Goal, Curr: (-1.14,  1.20), (  0.91,   0.64)   Error: 2.11
Last SG, Last State: (  0.12,  -0.10), (  0.92,   0.58)  SG Improvement:-0.58082 

Goal, Curr: (-0.94,  1.25), (  1.18,   0.65)   Error: 2.21
Last SG, Last State: (  0.30,   0.72), (  1.18,   0.71)  SG Improvement:-0.24786 

episode:00900, mean:0.14, std:0.20, median:0.12, success:0.00
Goal, Curr: (-0.93,  0.85), ( -0.03,  -0.60)   Error: 1.70
Last SG, Last State: ( -1.54,   1.39), ( -0.33,  -0.60)  SG Improvement:0.53319 

Goal, Curr: (-1.19,  1.02), (  1.11,   0.36)   Error: 2.39
Last SG, Last State: (  0.28,  -0.55), (  1.07,   0.17)  SG Improvement:-0.55861 

Goal, Curr: (-0.79,  1.24), (  1.07,   0.44)   Error: 2.03
Last SG, Last State: (  0.01,  -0.39), (  0.95,   0.09)  SG Improvement:0.71779 

Goal, Curr: (-1.24,  1.21), (  1.31,   0.65)   Error: 2.61
Last SG, Last State: (  0.83,   0.83), (  1.31,   0.61)  SG Improvement:0.90525 

Goal, Curr: (-1.24,  0.86), (  1.20,   0.55)   Error: 2.46
Last SG, Last State: (  0.19,  -0.65), (  1.07,   0.18)  SG Improvement:0.60369 

Goal, Curr: (-1.10,  1.23), (  1.26,   0.72)   Error: 2.42
Last SG, Last State: (  0.84,   0.72), (  1.27,   0.61)  SG Improvement:0.84013 

Goal, Curr: (-1.08,  0.83), (  1.30,   0.58)   Error: 2.39
Last SG, Last State: (  0.85,   0.50), (  1.30,   0.58)  SG Improvement:1.03502 

Goal, Curr: (-1.10,  1.07), (  1.33,   0.62)   Error: 2.48
Last SG, Last State: (  0.90,   0.65), (  1.34,   0.59)  SG Improvement:0.92475 

Goal, Curr: (-0.89,  1.12), (  1.40,   0.63)   Error: 2.34
Last SG, Last State: (  1.05,   0.89), (  1.40,   0.62)  SG Improvement:0.60939 

Goal, Curr: (-0.84,  1.20), (  1.40,   0.61)   Error: 2.32
Last SG, Last State: (  0.90,   0.30), (  1.36,   0.69)  SG Improvement:-0.64334 

episode:01000, mean:-0.30, std:0.32, median:-0.22, success:0.00
Log radii:  [0. 0. 0. 0. 0. 0.]
Adjusted log radii:  [1.78999996 1.49000001 1.78999996 1.49000001 1.19000006 2.08999991]
Goal, Curr: (-0.76,  0.85), (  1.08,   0.35)   Error: 1.90
Last SG, Last State: (  0.57,   0.75), (  1.07,   0.30)  SG Improvement:0.41187 

Goal, Curr: (-1.12,  0.80), (  1.06,   0.42)   Error: 2.21
Last SG, Last State: (  0.55,   0.55), (  1.06,   0.44)  SG Improvement:-0.00087 

Goal, Curr: (-1.25,  1.21), (  0.97,   0.19)   Error: 2.44
Last SG, Last State: (  0.05,   0.29), (  0.96,   0.08)  SG Improvement:-0.00924 

Goal, Curr: (-0.92,  1.15), (  1.19,   0.40)   Error: 2.23
Last SG, Last State: (  0.77,   0.27), (  1.19,   0.39)  SG Improvement:1.13827 

Goal, Curr: (-0.87,  0.94), (  1.12,   0.28)   Error: 2.09
Last SG, Last State: (  0.72,   0.55), (  1.12,   0.31)  SG Improvement:0.48673 

Goal, Curr: (-1.13,  0.90), (  1.09,   0.36)   Error: 2.28
Last SG, Last State: (  0.61,   0.51), (  1.08,   0.30)  SG Improvement:0.87991 

Goal, Curr: (-1.12,  1.17), (  1.08,   0.36)   Error: 2.34
Last SG, Last State: (  0.50,   0.82), (  1.08,   0.37)  SG Improvement:0.49577 

Goal, Curr: (-0.85,  0.90), (  0.94,   0.18)   Error: 1.93
Last SG, Last State: (  0.22,   0.03), (  0.93,   0.03)  SG Improvement:-0.05036 

Goal, Curr: (-1.18,  1.13), (  0.95,   0.16)   Error: 2.34
Last SG, Last State: (  0.15,   0.29), (  0.95,   0.02)  SG Improvement:0.32370 

Goal, Curr: (-1.17,  0.75), (  0.98,   0.34)   Error: 2.19
Last SG, Last State: (  0.11,   0.71), (  0.96,   0.42)  SG Improvement:-0.14983 

episode:01100, mean:-0.21, std:0.22, median:-0.19, success:0.00
Goal, Curr: (-1.03,  1.03), (  1.28,  -0.67)   Error: 2.86
Last SG, Last State: (  0.75,  -0.78), (  1.28,  -0.86)  SG Improvement:0.04087 

Goal, Curr: (-0.98,  0.92), ( -0.41,  -0.60)   Error: 1.63
Last SG, Last State: ( -1.23,   1.22), ( -0.74,  -0.67)  SG Improvement:0.30028 

Goal, Curr: (-1.00,  0.90), ( -0.08,  -0.60)   Error: 1.76
Last SG, Last State: ( -0.81,   1.29), ( -0.47,  -0.60)  SG Improvement:0.51380 

Goal, Curr: (-1.06,  1.14), (  1.10,   0.58)   Error: 2.23
Last SG, Last State: (  0.51,   0.07), (  1.05,   0.45)  SG Improvement:0.43324 

Goal, Curr: (-0.86,  0.87), (  1.03,   0.33)   Error: 1.96
Last SG, Last State: (  0.38,  -1.53), (  0.81,  -0.06)  SG Improvement:-0.40067 

Goal, Curr: (-1.22,  0.93), (  1.19,  -0.49)   Error: 2.80
Last SG, Last State: (  0.52,  -0.16), (  1.19,  -0.37)  SG Improvement:-0.01166 

Goal, Curr: (-0.87,  0.80), (  0.98,   0.36)   Error: 1.91
Last SG, Last State: (  0.43,   0.47), (  0.96,   0.26)  SG Improvement:0.26371 

Goal, Curr: (-1.05,  0.87), (  1.20,   0.45)   Error: 2.29
Last SG, Last State: (  0.93,   0.03), (  1.20,   0.36)  SG Improvement:0.24634 

Goal, Curr: (-1.23,  1.24), (  1.37,   0.42)   Error: 2.72
Last SG, Last State: (  0.38,  -0.31), (  1.37,   0.44)  SG Improvement:-0.53031 

Goal, Curr: (-0.95,  1.19), (  0.65,  -0.03)   Error: 2.01
Last SG, Last State: ( -0.07,   0.10), (  0.64,  -0.05)  SG Improvement:0.56838 

episode:01200, mean:-0.24, std:0.44, median:-0.27, success:0.00
Log radii:  [0. 0. 0. 0. 0. 0.]
Adjusted log radii:  [2.08999991 1.19000006 2.38999987 1.49000001 2.08999991 1.78999996]
Goal, Curr: (-0.76,  0.83), (  1.32,   0.52)   Error: 2.10
Last SG, Last State: (  0.64,   0.32), (  1.32,   0.60)  SG Improvement:-0.58105 

Goal, Curr: (-1.21,  0.99), (  1.28,  -0.50)   Error: 2.90
Last SG, Last State: (  0.86,  -0.54), (  1.26,  -0.71)  SG Improvement:0.03440 

Goal, Curr: (-0.80,  1.11), (  1.37,   0.66)   Error: 2.21
Last SG, Last State: (  0.99,   0.64), (  1.37,   0.62)  SG Improvement:0.03959 

Goal, Curr: (-1.24,  1.20), (  1.01,  -0.74)   Error: 2.96
Last SG, Last State: (  0.91,  -0.76), (  0.97,  -0.89)  SG Improvement:-0.34647 

Goal, Curr: (-1.00,  1.01), (  1.05,   0.35)   Error: 2.15
Last SG, Last State: (  0.24,  -0.53), (  1.00,   0.19)  SG Improvement:0.47411 

Goal, Curr: (-1.15,  0.78), (  0.99,   0.03)   Error: 2.28
Last SG, Last State: (  0.22,  -0.49), (  1.00,  -0.26)  SG Improvement:-0.58680 

Goal, Curr: (-1.05,  1.24), (  0.92,  -0.62)   Error: 2.71
Last SG, Last State: (  0.39,  -0.89), (  0.84,  -0.75)  SG Improvement:-0.02711 

Goal, Curr: (-0.81,  0.79), (  0.99,   0.21)   Error: 1.89
Last SG, Last State: (  0.27,   0.42), (  0.98,   0.13)  SG Improvement:-0.12179 

Goal, Curr: (-1.21,  0.80), (  1.08,  -0.13)   Error: 2.47
Last SG, Last State: (  0.68,  -0.50), (  1.04,  -0.07)  SG Improvement:0.46011 

Goal, Curr: (-1.09,  1.23), (  1.02,   0.29)   Error: 2.32
Last SG, Last State: (  0.04,  -1.01), (  0.89,  -0.03)  SG Improvement:-0.71337 

episode:01300, mean:-0.43, std:0.35, median:-0.30, success:0.00
Goal, Curr: (-0.90,  1.21), (  1.01,   0.20)   Error: 2.15
Last SG, Last State: (  0.09,  -0.56), (  0.90,   0.05)  SG Improvement:-0.33437 

Goal, Curr: (-0.86,  1.22), (  1.10,   0.38)   Error: 2.14
Last SG, Last State: (  0.11,  -0.49), (  0.91,   0.07)  SG Improvement:-0.23727 

Goal, Curr: (-1.12,  0.90), (  1.40,   0.72)   Error: 2.52
Last SG, Last State: (  0.46,  -0.97), (  1.26,   0.27)  SG Improvement:-0.50207 

Goal, Curr: (-0.97,  0.82), (  0.93,  -0.16)   Error: 2.14
Last SG, Last State: (  0.40,  -0.09), (  0.94,  -0.23)  SG Improvement:0.03115 

Goal, Curr: (-0.99,  0.77), ( -0.71,  -0.99)   Error: 1.79
Last SG, Last State: ( -1.37,   1.00), ( -0.71,  -0.99)  SG Improvement:0.04317 

Goal, Curr: (-0.79,  0.99), (  1.16,   0.24)   Error: 2.09
Last SG, Last State: (  0.18,  -0.77), (  1.00,   0.02)  SG Improvement:-0.35632 

Goal, Curr: (-1.22,  1.14), (  1.06,   0.24)   Error: 2.45
Last SG, Last State: (  0.31,   0.31), (  1.05,   0.15)  SG Improvement:0.13760 

Goal, Curr: (-1.10,  0.81), (  1.37,   0.65)   Error: 2.48
Last SG, Last State: (  0.67,  -0.38), (  1.30,   0.31)  SG Improvement:-0.76390 

Goal, Curr: (-0.89,  1.14), (  1.25,   0.56)   Error: 2.22
Last SG, Last State: (  0.47,   0.37), (  1.25,   0.59)  SG Improvement:-0.52392 

Goal, Curr: (-1.00,  0.90), (  0.55,  -0.59)   Error: 2.15
Last SG, Last State: (  0.97,  -0.33), (  0.47,  -0.60)  SG Improvement:0.14465 

episode:01400, mean:-0.12, std:0.27, median:-0.11, success:0.00
Log radii:  [0. 0. 0. 0. 0. 0.]
Adjusted log radii:  [2.08999991 0.59000003 1.49000001 1.19000006 1.19000006 1.49000001]
Goal, Curr: (-0.94,  1.18), (  1.26,  -0.52)   Error: 2.77
Last SG, Last State: (  0.66,  -0.93), (  1.24,  -0.72)  SG Improvement:0.08977 

Goal, Curr: (-0.87,  0.99), (  0.72,  -0.28)   Error: 2.03
Last SG, Last State: (  0.86,  -0.22), (  0.49,  -0.60)  SG Improvement:-0.16287 

Goal, Curr: (-1.16,  1.25), (  1.31,   0.65)   Error: 2.54
Last SG, Last State: (  0.36,   0.42), (  1.30,   0.66)  SG Improvement:-0.69252 

Goal, Curr: (-1.13,  1.20), (  1.40,  -0.31)   Error: 2.95
Last SG, Last State: (  1.61,  -0.27), (  1.38,  -0.67)  SG Improvement:0.03050 

Goal, Curr: (-0.86,  0.96), (  0.94,  -0.14)   Error: 2.11
Last SG, Last State: (  0.95,  -0.65), (  0.57,  -0.57)  SG Improvement:0.49720 

Goal, Curr: (-1.15,  0.77), (  1.21,  -0.28)   Error: 2.59
Last SG, Last State: (  0.83,  -1.08), (  1.29,  -0.55)  SG Improvement:0.77855 

Goal, Curr: (-1.13,  1.09), (  0.46,  -0.60)   Error: 2.32
Last SG, Last State: (  0.15,   0.42), (  0.07,  -0.60)  SG Improvement:0.33663 

Goal, Curr: (-1.09,  1.09), (  1.26,  -0.34)   Error: 2.76
Last SG, Last State: (  0.64,  -0.26), (  1.23,  -0.51)  SG Improvement:0.06464 

Goal, Curr: (-0.75,  1.01), (  0.63,  -0.49)   Error: 2.04
Last SG, Last State: (  0.84,  -0.18), (  0.33,  -0.60)  SG Improvement:-0.13066 

Goal, Curr: (-0.92,  0.95), (  1.09,   0.09)   Error: 2.19
Last SG, Last State: (  0.37,  -0.26), (  1.04,  -0.12)  SG Improvement:0.74354 

episode:01500, mean:-0.30, std:0.27, median:-0.34, success:0.00
Goal, Curr: (-0.95,  0.81), (  1.26,  -0.23)   Error: 2.45
Last SG, Last State: (  0.88,  -0.40), (  1.19,  -0.43)  SG Improvement:0.02361 

Goal, Curr: (-0.78,  0.99), (  0.51,  -0.60)   Error: 2.05
Last SG, Last State: (  0.49,   0.06), (  0.34,  -0.60)  SG Improvement:0.23956 

Goal, Curr: (-0.81,  0.81), (  1.32,  -0.32)   Error: 2.41
Last SG, Last State: (  0.99,  -0.37), (  1.27,  -0.50)  SG Improvement:0.03505 

Goal, Curr: (-1.15,  1.04), (  1.05,  -1.40)   Error: 3.28
Last SG, Last State: (  0.88,  -2.20), (  1.19,  -1.40)  SG Improvement:0.83502 

Goal, Curr: (-1.10,  0.94), (  1.36,  -0.21)   Error: 2.72
Last SG, Last State: (  0.91,  -0.22), (  1.30,  -0.40)  SG Improvement:0.06063 

Goal, Curr: (-1.03,  0.93), (  1.24,  -0.41)   Error: 2.64
Last SG, Last State: (  0.93,  -0.56), (  1.19,  -0.57)  SG Improvement:0.03231 

Goal, Curr: (-1.24,  0.76), (  1.35,  -0.33)   Error: 2.81
Last SG, Last State: (  0.70,  -0.15), (  1.32,  -0.55)  SG Improvement:0.12033 

Goal, Curr: (-0.84,  1.07), (  0.72,  -0.32)   Error: 2.09
Last SG, Last State: (  0.73,   0.11), (  0.48,  -0.60)  SG Improvement:0.18444 

Goal, Curr: (-0.80,  0.97), (  0.67,  -0.40)   Error: 2.01
Last SG, Last State: (  0.69,   0.06), (  0.44,  -0.60)  SG Improvement:0.19230 

Goal, Curr: (-1.03,  1.21), (  0.77,  -0.22)   Error: 2.30
Last SG, Last State: (  0.84,   0.10), (  0.51,  -0.60)  SG Improvement:0.23098 

episode:01600, mean:-0.43, std:0.50, median:-0.42, success:0.00
Goal, Curr: (-0.87,  1.16), ( -0.12,  -0.60)   Error: 1.92
Last SG, Last State: ( -1.09,   0.89), (  0.15,  -0.60)  SG Improvement:0.04494 

Goal, Curr: (-1.24,  1.12), (  0.10,  -0.60)   Error: 2.18
Last SG, Last State: (  0.42,   0.02), (  0.06,  -0.60)  SG Improvement:0.01595 

Goal, Curr: (-0.84,  1.07), (  0.06,  -0.60)   Error: 1.89
Last SG, Last State: (  0.37,  -0.16), (  0.04,  -0.60)  SG Improvement:0.03351 

Goal, Curr: (-1.22,  0.85), (  0.39,  -0.60)   Error: 2.17
Last SG, Last State: (  0.18,   0.02), (  0.02,  -0.60)  SG Improvement:0.21044 

Goal, Curr: (-0.82,  1.16), (  1.38,  -0.50)   Error: 2.76
Last SG, Last State: (  0.96,  -0.39), (  1.35,  -0.67)  SG Improvement:0.09027 

Goal, Curr: (-1.23,  0.76), (  0.95,   0.07)   Error: 2.28
Last SG, Last State: (  0.93,  -0.56), (  0.74,  -0.30)  SG Improvement:-0.00332 

Goal, Curr: (-1.07,  0.80), (  1.29,   0.12)   Error: 2.46
Last SG, Last State: (  0.81,   0.24), (  1.27,   0.02)  SG Improvement:0.21780 

Goal, Curr: (-1.16,  1.01), (  1.35,  -0.49)   Error: 2.93
Last SG, Last State: (  0.97,  -0.64), (  1.34,  -0.69)  SG Improvement:0.16769 

Goal, Curr: (-1.09,  1.21), (  1.33,  -0.56)   Error: 3.00
Last SG, Last State: (  1.58,  -1.50), (  1.36,  -1.03)  SG Improvement:-0.43277 

Goal, Curr: (-0.75,  1.03), (  1.18,  -0.75)   Error: 2.63
Last SG, Last State: (  0.84,  -2.22), (  1.25,  -1.18)  SG Improvement:0.48420 

episode:01700, mean:-0.37, std:0.43, median:-0.60, success:0.00
Goal, Curr: (-1.05,  0.82), (  1.04,  -1.40)   Error: 3.05
Last SG, Last State: (  1.33,  -1.93), (  0.80,  -1.40)  SG Improvement:-0.00043 

Goal, Curr: (-0.99,  0.90), ( -0.03,  -1.22)   Error: 2.32
Last SG, Last State: ( -0.73,   0.30), ( -0.32,  -0.88)  SG Improvement:-0.04314 

Goal, Curr: (-0.90,  0.98), (  1.40,   0.06)   Error: 2.48
Last SG, Last State: (  0.86,  -0.72), (  0.90,  -0.16)  SG Improvement:-0.16726 

Goal, Curr: (-1.02,  0.82), (  1.33,  -0.27)   Error: 2.59
Last SG, Last State: (  0.73,   0.15), (  1.35,  -0.21)  SG Improvement:0.12276 

Goal, Curr: (-0.87,  1.15), (  0.96,  -0.42)   Error: 2.41
Last SG, Last State: (  0.36,  -0.97), (  0.68,  -0.84)  SG Improvement:0.03889 

Goal, Curr: (-1.05,  1.13), (  0.45,  -1.40)   Error: 2.94
Last SG, Last State: (  0.71,  -1.40), (  0.28,  -1.40)  SG Improvement:0.04377 

Goal, Curr: (-1.18,  1.00), (  1.33,  -0.10)   Error: 2.74
Last SG, Last State: (  1.03,  -0.27), (  0.77,  -0.29)  SG Improvement:0.05744 

Goal, Curr: (-0.95,  1.01), (  0.74,  -0.09)   Error: 2.01
Last SG, Last State: (  0.96,  -0.04), (  0.61,  -0.50)  SG Improvement:-0.08465 

Goal, Curr: (-1.22,  1.08), ( -1.18,  -0.69)   Error: 1.77
Last SG, Last State: ( -1.48,  -1.17), ( -1.21,  -0.60)  SG Improvement:-0.35338 

Goal, Curr: (-1.04,  0.91), (  1.40,  -0.14)   Error: 2.66
Last SG, Last State: (  2.11,  -0.13), (  1.39,  -0.64)  SG Improvement:0.00710 

episode:01800, mean:-0.51, std:0.44, median:-0.64, success:0.00
Goal, Curr: (-1.04,  0.87), ( -1.07,  -0.64)   Error: 1.51
Last SG, Last State: ( -2.61,   0.39), ( -1.27,  -0.64)  SG Improvement:0.28585 

Goal, Curr: (-1.16,  1.05), ( -1.03,  -0.60)   Error: 1.65
Last SG, Last State: ( -1.17,  -1.91), ( -0.97,  -0.69)  SG Improvement:0.13609 

Goal, Curr: (-0.94,  0.93), ( -0.48,  -0.80)   Error: 1.79
Last SG, Last State: ( -0.80,   1.11), ( -0.50,  -0.81)  SG Improvement:0.05764 

Goal, Curr: (-0.98,  0.81), (  1.16,   0.30)   Error: 2.20
Last SG, Last State: (  0.54,  -1.08), (  0.83,  -0.17)  SG Improvement:-0.31763 

Goal, Curr: (-1.23,  1.18), ( -0.59,  -0.88)   Error: 2.16
Last SG, Last State: ( -0.98,   1.06), ( -0.57,  -0.88)  SG Improvement:0.00941 

Goal, Curr: (-1.08,  0.87), ( -0.78,  -0.74)   Error: 1.64
Last SG, Last State: ( -2.10,   1.40), ( -1.04,  -0.61)  SG Improvement:0.65486 

Goal, Curr: (-0.84,  0.98), ( -0.20,  -0.78)   Error: 1.88
Last SG, Last State: ( -1.04,   1.00), ( -0.26,  -0.81)  SG Improvement:0.04357 

Goal, Curr: (-1.16,  0.91), ( -0.55,  -0.89)   Error: 1.90
Last SG, Last State: ( -0.87,   1.06), ( -0.54,  -0.89)  SG Improvement:-0.00740 

Goal, Curr: (-1.08,  0.84), ( -0.27,  -1.00)   Error: 2.01
Last SG, Last State: ( -1.32,   0.71), ( -0.36,  -1.12)  SG Improvement:-0.22381 

Goal, Curr: (-1.15,  1.09), ( -0.87,  -0.61)   Error: 1.72
Last SG, Last State: ( -1.15,   0.82), ( -0.63,  -1.10)  SG Improvement:0.44009 

episode:01900, mean:0.14, std:0.35, median:0.05, success:0.00
Log radii:  [0. 0. 0. 0. 0. 0.]
Adjusted log radii:  [ 0.89000005  2.08999991  1.49000001  0.89000005  0.59000003 -0.        ]
Log radii:  [0. 0. 0. 0. 0. 0.]
Adjusted log radii:  [ 2.38999987  0.29000002 -0.          1.78999996  0.89000005  0.29000002]
Goal, Curr: (-1.14,  1.23), ( -0.56,  -0.82)   Error: 2.13
Last SG, Last State: ( -0.98,   1.13), ( -0.70,  -0.83)  SG Improvement:0.35566 

Goal, Curr: (-0.96,  0.87), (  0.54,  -0.59)   Error: 2.09
Last SG, Last State: (  0.99,  -0.34), (  0.48,  -0.60)  SG Improvement:-0.22926 

Goal, Curr: (-0.89,  1.16), (  0.16,  -1.40)   Error: 2.76
Last SG, Last State: ( -0.04,  -1.01), ( -0.20,  -1.34)  SG Improvement:0.23276 

Goal, Curr: (-0.87,  0.95), ( -0.35,  -1.16)   Error: 2.17
Last SG, Last State: ( -1.39,   0.80), ( -0.78,  -0.81)  SG Improvement:0.03017 

Goal, Curr: (-0.96,  1.02), ( -0.76,  -1.29)   Error: 2.32
Last SG, Last State: ( -0.89,   0.70), ( -0.60,  -1.28)  SG Improvement:-0.12415 

Goal, Curr: (-1.19,  1.15), ( -0.73,  -1.20)   Error: 2.40
Last SG, Last State: ( -0.96,   0.77), ( -0.63,  -1.20)  SG Improvement:0.03306 

Goal, Curr: (-1.14,  0.95), ( -0.65,  -1.00)   Error: 2.01
Last SG, Last State: ( -0.87,   0.90), ( -0.71,  -1.01)  SG Improvement:-0.41473 

Goal, Curr: (-0.82,  0.94), ( -1.40,  -0.65)   Error: 1.70
Last SG, Last State: ( -1.83,  -0.21), ( -1.36,  -0.63)  SG Improvement:0.25768 

Goal, Curr: (-1.24,  1.15), ( -0.92,  -1.40)   Error: 2.57
Last SG, Last State: ( -1.22,   0.59), ( -1.01,  -1.40)  SG Improvement:-0.21352 

Goal, Curr: (-0.76,  0.98), ( -0.54,  -0.82)   Error: 1.82
Last SG, Last State: ( -0.86,   1.14), ( -0.62,  -0.83)  SG Improvement:0.17514 

episode:02000, mean:-0.13, std:0.30, median:-0.06, success:0.00
Log radii:  [0. 0. 0. 0. 0. 0.]
Adjusted log radii:  [-0.          1.49000001  2.08999991 -0.          0.89000005 -0.        ]
Goal, Curr: (-1.08,  1.13), ( -0.74,  -0.86)   Error: 2.02
Last SG, Last State: ( -0.96,   1.06), ( -0.79,  -0.85)  SG Improvement:0.07627 

Goal, Curr: (-1.08,  0.99), ( -0.52,  -1.08)   Error: 2.15
Last SG, Last State: ( -1.09,   0.81), ( -0.61,  -1.08)  SG Improvement:-0.10317 

Goal, Curr: (-0.96,  0.87), (  0.14,  -1.40)   Error: 2.52
Last SG, Last State: ( -0.65,  -0.11), ( -0.04,  -1.02)  SG Improvement:-0.14733 

Goal, Curr: (-1.17,  0.76), ( -0.59,  -0.60)   Error: 1.48
Last SG, Last State: ( -0.14,  -1.56), ( -0.60,  -0.60)  SG Improvement:-0.19914 

Goal, Curr: (-1.14,  0.90), (  0.28,  -0.60)   Error: 2.07
Last SG, Last State: (  0.44,  -0.29), (  0.14,  -0.60)  SG Improvement:-0.05421 

Goal, Curr: (-0.91,  1.10), ( -0.74,  -0.83)   Error: 1.94
Last SG, Last State: ( -0.91,   1.09), ( -0.70,  -0.84)  SG Improvement:0.09983 

Goal, Curr: (-1.11,  0.87), ( -0.58,  -1.18)   Error: 2.12
Last SG, Last State: ( -1.20,   0.78), ( -0.67,  -1.19)  SG Improvement:0.25508 

Goal, Curr: (-0.88,  0.82), ( -0.63,  -1.00)   Error: 1.83
Last SG, Last State: ( -0.25,  -0.28), ( -0.64,  -0.98)  SG Improvement:-0.19971 

Goal, Curr: (-1.23,  0.79), (  0.91,  -0.21)   Error: 2.36
Last SG, Last State: (  0.49,  -0.44), (  0.82,  -0.43)  SG Improvement:-0.13414 

Goal, Curr: (-0.76,  1.01), ( -0.78,  -1.02)   Error: 2.02
Last SG, Last State: ( -1.45,   1.26), ( -1.08,  -0.78)  SG Improvement:0.10263 

episode:02100, mean:-0.14, std:0.30, median:-0.02, success:0.00
Goal, Curr: (-1.11,  1.16), ( -0.62,  -0.60)   Error: 1.83
Last SG, Last State: ( -0.71,   0.03), ( -0.27,  -0.65)  SG Improvement:0.63461 

Goal, Curr: (-1.15,  0.81), ( -0.46,  -1.16)   Error: 2.09
Last SG, Last State: ( -0.89,   0.76), ( -0.49,  -1.16)  SG Improvement:-0.01242 

Goal, Curr: (-0.77,  1.02), ( -0.02,  -0.60)   Error: 1.78
Last SG, Last State: ( -0.22,  -0.28), ( -0.17,  -0.60)  SG Improvement:-0.03144 

Goal, Curr: (-1.19,  1.21), ( -0.70,  -0.60)   Error: 1.88
Last SG, Last State: ( -1.08,   0.91), ( -0.73,  -0.60)  SG Improvement:0.90277 

Goal, Curr: (-1.11,  1.21), ( -0.44,  -0.60)   Error: 1.93
Last SG, Last State: ( -1.27,   0.77), ( -0.72,  -0.60)  SG Improvement:0.23440 

Goal, Curr: (-1.22,  0.79), ( -0.62,  -1.05)   Error: 1.94
Last SG, Last State: ( -0.80,   0.74), ( -0.50,  -1.08)  SG Improvement:-0.09004 

Goal, Curr: (-1.16,  1.14), (  1.40,  -0.45)   Error: 3.01
Last SG, Last State: (  1.07,  -0.11), (  1.39,  -0.51)  SG Improvement:0.18206 

Goal, Curr: (-1.08,  0.81), ( -0.49,  -1.17)   Error: 2.07
Last SG, Last State: ( -0.88,   0.73), ( -0.49,  -1.17)  SG Improvement:-0.05945 

Goal, Curr: (-1.13,  1.18), ( -0.13,  -0.60)   Error: 2.05
Last SG, Last State: (  0.02,  -0.63), ( -0.25,  -0.60)  SG Improvement:-0.37327 

Goal, Curr: (-1.12,  1.17), ( -0.76,  -1.22)   Error: 2.42
Last SG, Last State: ( -1.19,   0.77), ( -0.74,  -1.22)  SG Improvement:0.16159 

episode:02200, mean:-0.05, std:0.35, median:-0.01, success:0.00
Goal, Curr: (-0.85,  1.10), ( -0.69,  -0.94)   Error: 2.05
Last SG, Last State: ( -1.11,   0.60), ( -0.71,  -0.94)  SG Improvement:-0.04468 

Goal, Curr: (-0.99,  0.87), ( -0.36,  -0.60)   Error: 1.61
Last SG, Last State: ( -1.80,   1.25), ( -0.73,  -0.60)  SG Improvement:0.71240 

Goal, Curr: (-0.83,  1.01), ( -0.87,  -1.04)   Error: 2.05
Last SG, Last State: ( -1.25,   0.65), ( -0.88,  -1.04)  SG Improvement:-0.03857 

Goal, Curr: (-0.76,  1.17), ( -0.82,  -1.03)   Error: 2.21
Last SG, Last State: ( -1.28,   0.75), ( -0.81,  -1.04)  SG Improvement:0.06714 

Goal, Curr: (-0.80,  0.85), ( -0.93,  -1.12)   Error: 1.98
Last SG, Last State: ( -1.33,   0.74), ( -0.94,  -1.11)  SG Improvement:-0.09085 

Goal, Curr: (-0.99,  0.84), ( -0.85,  -1.08)   Error: 1.93
Last SG, Last State: ( -1.23,   0.76), ( -0.85,  -1.08)  SG Improvement:0.00329 

Goal, Curr: (-0.75,  1.25), ( -1.01,  -1.24)   Error: 2.50
Last SG, Last State: ( -1.59,   0.68), ( -1.00,  -1.24)  SG Improvement:0.00733 

Goal, Curr: (-0.98,  0.97), ( -0.93,  -1.22)   Error: 2.19
Last SG, Last State: ( -1.47,   0.73), ( -0.93,  -1.22)  SG Improvement:-0.01450 

Goal, Curr: (-0.90,  0.89), ( -0.95,  -1.19)   Error: 2.08
Last SG, Last State: ( -1.41,   0.72), ( -0.95,  -1.19)  SG Improvement:-0.02457 

Goal, Curr: (-1.04,  0.93), ( -0.77,  -0.99)   Error: 1.93
Last SG, Last State: ( -1.13,   0.64), ( -0.78,  -0.99)  SG Improvement:-0.06139 

episode:02300, mean:0.02, std:0.07, median:0.01, success:0.00
Goal, Curr: (-1.14,  1.01), ( -0.00,  -0.60)   Error: 1.97
Last SG, Last State: ( -0.41,   0.84), ( -0.00,  -0.60)  SG Improvement:0.06436 

Goal, Curr: (-1.09,  0.76), ( -0.44,  -0.93)   Error: 1.81
Last SG, Last State: ( -1.02,   0.98), ( -0.60,  -0.94)  SG Improvement:0.06228 

Goal, Curr: (-0.90,  1.16), ( -1.04,  -1.20)   Error: 2.36
Last SG, Last State: ( -1.38,   0.76), ( -1.04,  -1.20)  SG Improvement:0.00039 

Goal, Curr: (-1.08,  0.92), (  0.63,  -0.51)   Error: 2.23
Last SG, Last State: (  0.57,  -0.25), (  0.46,  -0.60)  SG Improvement:0.33015 

Goal, Curr: (-0.77,  1.11), ( -0.95,  -1.02)   Error: 2.14
Last SG, Last State: ( -1.15,   0.95), ( -0.96,  -1.02)  SG Improvement:-0.01051 

Goal, Curr: (-0.79,  0.89), ( -0.92,  -1.13)   Error: 2.02
Last SG, Last State: ( -1.28,   0.85), ( -0.95,  -1.14)  SG Improvement:-0.01451 

Goal, Curr: (-1.05,  1.12), ( -0.96,  -1.13)   Error: 2.25
Last SG, Last State: ( -1.24,   0.82), ( -0.96,  -1.13)  SG Improvement:-0.00263 

Goal, Curr: (-1.03,  0.80), (  1.30,  -0.57)   Error: 2.70
Last SG, Last State: (  1.49,  -0.26), (  1.39,  -0.52)  SG Improvement:0.55210 

Goal, Curr: (-0.99,  0.77), (  0.60,  -0.30)   Error: 1.92
Last SG, Last State: (  0.64,  -1.32), (  0.60,  -0.49)  SG Improvement:-0.27304 

Goal, Curr: (-0.86,  0.78), ( -0.70,  -0.96)   Error: 1.75
Last SG, Last State: ( -1.25,   0.96), ( -0.87,  -1.00)  SG Improvement:0.02847 

episode:02400, mean:-0.15, std:0.35, median:-0.02, success:0.00
Goal, Curr: (-1.15,  1.20), (  0.99,  -1.40)   Error: 3.36
Last SG, Last State: (  1.26,  -1.79), (  0.68,  -1.40)  SG Improvement:0.09858 

Goal, Curr: (-1.08,  0.85), ( -0.42,  -1.40)   Error: 2.34
Last SG, Last State: ( -1.37,   1.08), ( -0.71,  -1.06)  SG Improvement:-0.15993 

Goal, Curr: (-1.11,  1.03), ( -1.13,  -1.10)   Error: 2.13
Last SG, Last State: ( -1.65,   0.83), ( -1.14,  -1.09)  SG Improvement:-0.01296 

Goal, Curr: (-1.07,  0.78), ( -0.05,  -0.68)   Error: 1.79
Last SG, Last State: ( -0.61,   0.19), ( -0.08,  -0.68)  SG Improvement:-0.06978 

Goal, Curr: (-1.20,  1.25), ( -1.17,  -1.16)   Error: 2.40
Last SG, Last State: ( -1.76,   0.77), ( -1.17,  -1.16)  SG Improvement:-0.00231 

Goal, Curr: (-0.77,  0.87), (  1.00,  -0.95)   Error: 2.54
Last SG, Last State: (  1.20,  -1.31), (  0.94,  -1.04)  SG Improvement:0.01454 

Goal, Curr: (-1.02,  0.89), (  0.69,  -1.40)   Error: 2.86
Last SG, Last State: (  0.98,  -1.61), (  0.46,  -1.40)  SG Improvement:0.07488 

Goal, Curr: (-0.91,  1.01), ( -0.93,  -1.11)   Error: 2.12
Last SG, Last State: ( -1.47,   0.73), ( -0.93,  -1.11)  SG Improvement:-0.01277 

Goal, Curr: (-0.91,  0.79), (  0.45,  -0.60)   Error: 1.94
Last SG, Last State: (  0.54,  -0.42), (  0.32,  -0.60)  SG Improvement:0.02575 

Goal, Curr: (-0.79,  1.00), ( -0.95,  -0.89)   Error: 1.90
Last SG, Last State: ( -1.32,   1.08), ( -1.00,  -0.90)  SG Improvement:-0.01932 

episode:02500, mean:-0.33, std:0.43, median:-0.12, success:0.00
Goal, Curr: (-0.79,  1.04), (  0.51,  -1.40)   Error: 2.76
Last SG, Last State: ( -0.10,  -1.10), (  0.20,  -1.32)  SG Improvement:0.14778 

Goal, Curr: (-0.99,  1.21), ( -0.75,  -0.88)   Error: 2.10
Last SG, Last State: ( -1.16,   0.77), ( -0.75,  -0.88)  SG Improvement:-0.03623 

Goal, Curr: (-1.00,  0.81), (  1.40,  -1.11)   Error: 3.07
Last SG, Last State: (  1.58,  -2.02), (  1.40,  -1.38)  SG Improvement:-1.24899 

Goal, Curr: (-1.03,  1.21), (  1.40,  -1.09)   Error: 3.34
Last SG, Last State: (  1.62,  -1.94), (  1.40,  -1.40)  SG Improvement:-1.24572 

Goal, Curr: (-1.25,  1.11), ( -1.20,  -1.23)   Error: 2.34
Last SG, Last State: ( -1.73,   0.73), ( -1.20,  -1.23)  SG Improvement:-0.00703 

Goal, Curr: (-1.01,  1.07), ( -0.96,  -0.93)   Error: 2.00
Last SG, Last State: ( -1.24,   1.02), ( -0.96,  -0.93)  SG Improvement:-0.00193 

Goal, Curr: (-1.07,  1.24), ( -0.76,  -0.85)   Error: 2.10
Last SG, Last State: ( -1.08,   1.04), ( -0.76,  -0.84)  SG Improvement:-0.01769 

Goal, Curr: (-0.76,  1.09), ( -0.86,  -0.86)   Error: 1.95
Last SG, Last State: ( -1.30,   1.08), ( -0.92,  -0.87)  SG Improvement:0.01042 

Goal, Curr: (-1.18,  1.19), ( -0.86,  -0.96)   Error: 2.17
Last SG, Last State: ( -1.28,   0.88), ( -0.85,  -0.96)  SG Improvement:-0.09820 

Goal, Curr: (-1.06,  0.94), (  1.24,  -0.69)   Error: 2.82
Last SG, Last State: (  1.41,  -1.35), (  1.16,  -0.86)  SG Improvement:-0.04954 

episode:02600, mean:-0.38, std:0.58, median:-0.01, success:0.00
Goal, Curr: (-0.76,  0.82), ( -0.84,  -0.90)   Error: 1.73
Last SG, Last State: ( -1.07,   1.04), ( -0.82,  -0.90)  SG Improvement:0.01625 

Goal, Curr: (-0.91,  0.81), ( -1.23,  -1.04)   Error: 1.87
Last SG, Last State: ( -1.58,   0.95), ( -1.23,  -1.04)  SG Improvement:-0.00166 

Goal, Curr: (-1.02,  0.93), ( -0.93,  -1.04)   Error: 1.97
Last SG, Last State: ( -1.39,   0.87), ( -0.95,  -1.04)  SG Improvement:-0.01144 

Goal, Curr: (-1.14,  0.89), ( -1.01,  -0.93)   Error: 1.82
Last SG, Last State: ( -1.31,   1.02), ( -1.01,  -0.93)  SG Improvement:-0.00002 

Goal, Curr: (-0.92,  0.94), ( -0.77,  -0.88)   Error: 1.82
Last SG, Last State: ( -1.05,   1.01), ( -0.79,  -0.87)  SG Improvement:0.02531 

Goal, Curr: (-0.95,  0.92), ( -0.72,  -0.91)   Error: 1.85
Last SG, Last State: ( -1.19,   0.76), ( -0.72,  -0.91)  SG Improvement:-0.03628 

Goal, Curr: (-1.13,  0.89), ( -0.99,  -1.07)   Error: 1.96
Last SG, Last State: ( -1.47,   0.83), ( -0.99,  -1.07)  SG Improvement:-0.00852 

Goal, Curr: (-1.03,  0.95), ( -1.37,  -1.17)   Error: 2.15
Last SG, Last State: ( -1.95,   0.81), ( -1.37,  -1.17)  SG Improvement:0.00180 

Goal, Curr: (-1.18,  1.00), ( -0.63,  -0.60)   Error: 1.69
Last SG, Last State: ( -1.79,   1.09), ( -0.82,  -0.60)  SG Improvement:0.85304 

Goal, Curr: (-0.80,  1.17), ( -1.39,  -1.02)   Error: 2.26
Last SG, Last State: ( -1.89,   0.96), ( -1.40,  -1.01)  SG Improvement:0.01979 

episode:02700, mean:0.05, std:0.07, median:0.03, success:0.00
Log radii:  [0. 0. 0. 0. 0. 0.]
Adjusted log radii:  [ 2.08999991 -0.          0.59000003  2.08999991  1.49000001  0.89000005]
Goal, Curr: (-1.24,  0.94), (  1.25,  -0.29)   Error: 2.78
Last SG, Last State: (  0.32,  -0.93), (  0.93,  -0.66)  SG Improvement:-0.23644 

Goal, Curr: (-0.82,  0.91), ( -1.09,  -1.05)   Error: 1.98
Last SG, Last State: ( -1.61,   0.90), ( -1.09,  -1.05)  SG Improvement:-0.00001 

Goal, Curr: (-1.01,  1.14), (  0.76,  -1.40)   Error: 3.09
Last SG, Last State: (  1.45,  -1.92), (  0.48,  -1.40)  SG Improvement:0.14841 

Goal, Curr: (-1.11,  1.11), ( -0.97,  -0.91)   Error: 2.02
Last SG, Last State: ( -1.38,   1.01), ( -0.98,  -0.91)  SG Improvement:0.00763 

Goal, Curr: (-0.95,  0.75), (  1.40,  -1.06)   Error: 2.96
Last SG, Last State: (  1.38,  -2.18), (  1.40,  -1.40)  SG Improvement:-0.84691 

Goal, Curr: (-0.86,  0.90), (  1.25,  -0.53)   Error: 2.55
Last SG, Last State: (  1.25,  -1.10), (  1.18,  -0.67)  SG Improvement:-0.10038 

Goal, Curr: (-0.97,  1.07), ( -1.26,  -1.01)   Error: 2.10
Last SG, Last State: ( -1.73,   0.97), ( -1.26,  -1.01)  SG Improvement:-0.00128 

Goal, Curr: (-1.17,  0.99), ( -1.09,  -0.93)   Error: 1.93
Last SG, Last State: ( -1.46,   1.03), ( -1.09,  -0.93)  SG Improvement:0.00000 

Goal, Curr: (-0.93,  1.16), ( -1.20,  -1.08)   Error: 2.25
Last SG, Last State: ( -1.79,   0.88), ( -1.20,  -1.08)  SG Improvement:-0.00151 

Goal, Curr: (-1.09,  0.82), ( -1.01,  -0.91)   Error: 1.73
Last SG, Last State: ( -1.32,   1.06), ( -1.01,  -0.91)  SG Improvement:-0.00007 

episode:02800, mean:-0.41, std:0.58, median:-0.00, success:0.00
Log radii:  [0. 0. 0. 0. 0. 0.]
Adjusted log radii:  [ 2.38999987  1.49000001  0.29000002  2.08999991 -0.          2.38999987]
Log radii:  [0. 0. 0. 0. 0. 0.]
Adjusted log radii:  [1.78999996 2.08999991 0.29000002 1.49000001 1.19000006 2.08999991]
Goal, Curr: (-0.95,  1.21), ( -0.20,  -1.31)   Error: 2.63
Last SG, Last State: (  0.24,  -1.53), ( -0.33,  -1.40)  SG Improvement:-0.14920 

Goal, Curr: (-0.96,  0.77), ( -1.37,  -0.85)   Error: 1.67
Last SG, Last State: ( -1.71,   1.05), ( -1.37,  -0.85)  SG Improvement:-0.00017 

Goal, Curr: (-0.97,  1.17), ( -1.29,  -0.93)   Error: 2.12
Last SG, Last State: ( -1.74,   0.62), ( -1.29,  -0.93)  SG Improvement:0.00003 

Goal, Curr: (-1.02,  1.04), ( -1.40,  -1.40)   Error: 2.47
Last SG, Last State: ( -2.13,   0.56), ( -1.40,  -1.40)  SG Improvement:0.00284 

Goal, Curr: (-0.93,  1.22), ( -1.15,  -0.72)   Error: 1.95
Last SG, Last State: ( -1.37,   0.88), ( -1.15,  -0.72)  SG Improvement:0.00015 

Goal, Curr: (-0.98,  0.80), ( -1.37,  -0.87)   Error: 1.72
Last SG, Last State: ( -1.75,   1.00), ( -1.37,  -0.87)  SG Improvement:-0.00107 

Goal, Curr: (-1.00,  1.03), (  0.57,  -1.40)   Error: 2.90
Last SG, Last State: (  1.21,  -1.81), (  0.30,  -1.40)  SG Improvement:0.15318 

Goal, Curr: (-0.97,  1.08), ( -0.38,  -0.60)   Error: 1.79
Last SG, Last State: ( -1.24,   0.34), ( -0.65,  -0.60)  SG Improvement:0.06307 

Goal, Curr: (-0.89,  1.00), ( -1.39,  -1.02)   Error: 2.08
Last SG, Last State: ( -1.95,   0.66), ( -1.39,  -1.02)  SG Improvement:-0.00001 

Goal, Curr: (-0.99,  0.84), ( -1.36,  -0.82)   Error: 1.70
Last SG, Last State: ( -1.69,   1.06), ( -1.36,  -0.82)  SG Improvement:-0.00043 

episode:02900, mean:-0.00, std:0.32, median:0.09, success:0.00
Goal, Curr: (-0.84,  1.04), (  1.40,  -1.40)   Error: 3.31
Last SG, Last State: (  1.25,  -2.03), (  1.40,  -1.40)  SG Improvement:-0.62653 

Goal, Curr: (-0.94,  1.06), (  1.40,  -1.40)   Error: 3.39
Last SG, Last State: (  1.11,  -1.29), (  1.40,  -1.40)  SG Improvement:0.04764 

Goal, Curr: (-1.23,  0.85), (  1.38,  -1.40)   Error: 3.44
Last SG, Last State: (  1.21,  -1.93), (  1.38,  -1.37)  SG Improvement:-0.71357 

Goal, Curr: (-1.02,  0.90), (  1.38,  -1.36)   Error: 3.29
Last SG, Last State: (  1.31,  -1.93), (  1.38,  -1.33)  SG Improvement:-0.60806 

Goal, Curr: (-1.07,  0.93), (  1.36,  -1.40)   Error: 3.37
Last SG, Last State: (  0.78,  -2.41), (  0.97,  -1.26)  SG Improvement:0.15292 

Goal, Curr: (-1.04,  1.05), (  1.29,  -1.40)   Error: 3.39
Last SG, Last State: (  1.74,  -1.85), (  1.38,  -1.39)  SG Improvement:0.18264 

Goal, Curr: (-1.13,  0.95), (  1.38,  -1.28)   Error: 3.36
Last SG, Last State: (  1.04,  -2.16), (  1.30,  -1.40)  SG Improvement:0.05895 

Goal, Curr: (-1.03,  0.86), (  1.36,  -1.25)   Error: 3.18
Last SG, Last State: (  1.66,  -1.68), (  1.36,  -1.13)  SG Improvement:-0.10732 

Goal, Curr: (-0.95,  0.82), (  1.40,  -1.40)   Error: 3.23
Last SG, Last State: (  1.40,  -2.01), (  1.39,  -1.40)  SG Improvement:-0.00682 

Goal, Curr: (-0.96,  1.19), (  1.29,  -1.40)   Error: 3.43
Last SG, Last State: (  1.44,  -1.69), (  1.35,  -1.38)  SG Improvement:0.30382 

episode:03000, mean:-1.29, std:0.12, median:-1.28, success:0.00
