Using device: cpu
gc-1.0-ccc-buf30
Log radii:  [0. 0. 0. 0. 0. 0.]
Adjusted log radii:  [ 1.78999996  1.49000001  1.49000001  1.19000006  1.49000001 -0.        ]
Goal, Curr: (-0.77,  1.05), (  0.24,  -0.78)   Error: 2.09
Last SG, Last State: (  0.13,  -0.72), (  0.17,  -0.77)  SG Improvement:-0.00807 

Goal, Curr: (-1.13,  1.17), (  0.60,  -1.40)   Error: 3.10
Last SG, Last State: ( -0.71,  -1.90), (  0.39,  -1.40)  SG Improvement:-0.09566 

Goal, Curr: (-1.03,  0.87), (  0.52,  -1.07)   Error: 2.48
Last SG, Last State: (  0.29,  -0.94), (  0.45,  -1.09)  SG Improvement:-0.05585 

Goal, Curr: (-1.19,  1.22), (  0.08,  -1.40)   Error: 2.90
Last SG, Last State: ( -1.21,  -2.11), ( -0.16,  -1.40)  SG Improvement:-0.08963 

Goal, Curr: (-1.24,  1.03), (  0.52,  -0.83)   Error: 2.56
Last SG, Last State: ( -0.06,  -1.00), (  0.34,  -0.74)  SG Improvement:-0.06248 

Goal, Curr: (-0.83,  0.94), ( -0.02,  -1.40)   Error: 2.47
Last SG, Last State: ( -0.97,  -1.98), ( -0.13,  -1.37)  SG Improvement:-0.01979 

Goal, Curr: (-0.98,  0.91), (  0.42,  -0.90)   Error: 2.28
Last SG, Last State: (  0.22,  -0.76), (  0.32,  -0.91)  SG Improvement:0.01401 

Goal, Curr: (-0.87,  1.24), ( -0.27,  -1.40)   Error: 2.71
Last SG, Last State: ( -1.36,  -2.19), ( -0.51,  -1.40)  SG Improvement:0.06084 

Goal, Curr: (-0.84,  0.80), (  0.96,  -1.40)   Error: 2.84
Last SG, Last State: ( -0.46,  -1.78), (  0.65,  -1.40)  SG Improvement:-0.11190 

Goal, Curr: (-0.97,  0.96), (  0.99,  -1.40)   Error: 3.07
Last SG, Last State: ( -0.04,  -1.40), (  0.95,  -1.40)  SG Improvement:-0.10106 

episode:00100, mean:-0.54, std:0.30, median:-0.53, success:0.00
Goal, Curr: (-0.81,  0.95), (  0.48,  -0.60)   Error: 2.02
Last SG, Last State: (  0.19,  -0.54), (  0.40,  -0.60)  SG Improvement:-0.01087 

Goal, Curr: (-1.19,  1.07), ( -0.02,  -1.35)   Error: 2.69
Last SG, Last State: ( -0.63,  -2.08), ( -0.10,  -1.31)  SG Improvement:-0.00060 

Goal, Curr: (-1.23,  1.11), ( -0.17,  -0.60)   Error: 2.02
Last SG, Last State: ( -0.21,  -0.83), ( -0.10,  -0.60)  SG Improvement:-0.00460 

Goal, Curr: (-0.96,  0.80), (  0.82,  -1.40)   Error: 2.82
Last SG, Last State: ( -0.13,  -2.09), (  0.66,  -1.40)  SG Improvement:0.06915 

Goal, Curr: (-1.20,  1.19), (  0.56,  -0.58)   Error: 2.50
Last SG, Last State: (  0.31,  -0.56), (  0.57,  -0.57)  SG Improvement:0.51051 

Goal, Curr: (-1.08,  1.07), (  0.07,  -1.40)   Error: 2.72
Last SG, Last State: ( -0.60,  -2.21), ( -0.07,  -1.40)  SG Improvement:0.11864 

Goal, Curr: (-1.03,  0.99), (  0.63,  -0.71)   Error: 2.37
Last SG, Last State: (  0.43,  -1.48), (  0.49,  -0.92)  SG Improvement:0.47147 

Goal, Curr: (-1.09,  1.11), (  0.67,  -1.40)   Error: 3.07
Last SG, Last State: ( -0.22,  -2.08), (  0.38,  -1.40)  SG Improvement:-0.02884 

Goal, Curr: (-0.79,  1.01), ( -0.94,  -0.60)   Error: 1.62
Last SG, Last State: ( -0.82,  -0.97), ( -0.72,  -0.60)  SG Improvement:0.05681 

Goal, Curr: (-0.85,  0.83), (  0.90,  -0.44)   Error: 2.16
Last SG, Last State: (  0.52,  -0.17), (  0.87,  -0.53)  SG Improvement:0.02972 

episode:00200, mean:-0.35, std:0.40, median:-0.47, success:0.00
Goal, Curr: (-1.15,  0.84), (  0.17,  -0.67)   Error: 2.01
Last SG, Last State: ( -1.06,  -1.07), ( -0.23,  -0.60)  SG Improvement:0.18551 

Goal, Curr: (-1.15,  0.84), (  1.00,  -1.31)   Error: 3.04
Last SG, Last State: (  1.42,  -1.39), (  1.13,  -1.38)  SG Improvement:0.08829 

Goal, Curr: (-1.04,  1.10), (  0.40,  -0.60)   Error: 2.23
Last SG, Last State: ( -0.58,  -0.38), (  0.25,  -0.60)  SG Improvement:0.15880 

Goal, Curr: (-1.04,  1.01), ( -0.52,  -0.60)   Error: 1.70
Last SG, Last State: ( -0.67,  -2.22), ( -0.48,  -1.07)  SG Improvement:0.11786 

Goal, Curr: (-1.07,  0.76), ( -0.08,  -0.62)   Error: 1.69
Last SG, Last State: ( -0.61,  -1.70), ( -0.10,  -0.82)  SG Improvement:0.07697 

Goal, Curr: (-0.85,  1.23), ( -0.35,  -0.60)   Error: 1.89
Last SG, Last State: ( -0.89,  -1.64), ( -0.44,  -0.64)  SG Improvement:-0.16915 

Goal, Curr: (-1.11,  0.98), (  0.71,  -1.06)   Error: 2.73
Last SG, Last State: (  1.18,  -1.75), (  0.75,  -1.23)  SG Improvement:0.01228 

Goal, Curr: (-0.77,  0.78), ( -1.11,  -0.99)   Error: 1.80
Last SG, Last State: ( -1.92,  -1.72), ( -1.11,  -0.99)  SG Improvement:-0.00066 

Goal, Curr: (-0.93,  1.08), (  0.11,  -0.65)   Error: 2.02
Last SG, Last State: ( -0.27,  -1.42), (  0.13,  -0.71)  SG Improvement:0.06634 

Goal, Curr: (-1.17,  1.05), ( -0.05,  -0.75)   Error: 2.12
Last SG, Last State: ( -0.33,  -0.69), ( -0.10,  -0.60)  SG Improvement:0.07679 

episode:00300, mean:-0.15, std:0.38, median:-0.04, success:0.00
Goal, Curr: (-0.84,  1.09), ( -0.41,  -0.60)   Error: 1.75
Last SG, Last State: ( -0.38,  -1.14), ( -0.20,  -0.60)  SG Improvement:0.22532 

Goal, Curr: (-1.11,  1.19), (  0.73,  -0.41)   Error: 2.44
Last SG, Last State: (  0.90,  -1.30), (  0.69,  -0.55)  SG Improvement:-0.04186 

Goal, Curr: (-0.82,  1.08), (  0.06,  -0.60)   Error: 1.90
Last SG, Last State: ( -0.19,  -0.86), ( -0.05,  -0.60)  SG Improvement:-0.22484 

Goal, Curr: (-0.83,  1.11), ( -0.16,  -0.60)   Error: 1.84
Last SG, Last State: (  0.30,  -0.81), ( -0.00,  -0.60)  SG Improvement:-0.61394 

Goal, Curr: (-0.99,  1.13), ( -0.05,  -0.60)   Error: 1.97
Last SG, Last State: (  0.55,  -1.26), (  0.02,  -0.60)  SG Improvement:-0.36103 

Goal, Curr: (-1.14,  1.09), ( -0.16,  -0.60)   Error: 1.95
Last SG, Last State: (  0.67,  -1.36), ( -0.02,  -0.60)  SG Improvement:-0.31418 

Goal, Curr: (-0.91,  0.95), ( -0.27,  -0.60)   Error: 1.67
Last SG, Last State: ( -0.74,  -1.12), ( -0.57,  -0.60)  SG Improvement:-0.14216 

Goal, Curr: (-0.81,  1.25), ( -0.46,  -0.61)   Error: 1.89
Last SG, Last State: ( -0.57,  -1.09), ( -0.57,  -0.60)  SG Improvement:-0.33528 

Goal, Curr: (-1.00,  1.20), ( -0.32,  -0.60)   Error: 1.92
Last SG, Last State: (  0.22,  -1.26), (  0.11,  -0.60)  SG Improvement:0.24975 

Goal, Curr: (-1.09,  1.14), ( -0.41,  -0.60)   Error: 1.87
Last SG, Last State: ( -0.51,  -1.18), ( -0.30,  -0.60)  SG Improvement:-0.01637 

episode:00400, mean:0.19, std:0.18, median:0.19, success:0.00
Log radii:  [0. 0. 0. 0. 0. 0.]
Adjusted log radii:  [2.38999987 1.19000006 2.38999987 0.29000002 1.19000006 0.89000005]
Goal, Curr: (-1.03,  0.89), (  1.17,   0.25)   Error: 2.29
Last SG, Last State: (  1.11,  -0.38), (  1.05,  -0.11)  SG Improvement:-0.07433 

Goal, Curr: (-1.23,  1.06), (  0.17,  -1.40)   Error: 2.83
Last SG, Last State: ( -0.01,  -1.34), (  0.06,  -1.15)  SG Improvement:-1.14425 

Goal, Curr: (-1.21,  1.13), (  1.11,  -0.16)   Error: 2.65
Last SG, Last State: (  1.58,  -1.84), (  0.97,  -0.53)  SG Improvement:-0.17550 

Goal, Curr: (-1.23,  1.15), (  0.35,  -1.00)   Error: 2.67
Last SG, Last State: (  0.01,  -0.94), (  0.34,  -1.08)  SG Improvement:-0.52432 

Goal, Curr: (-0.83,  0.99), (  0.02,  -1.40)   Error: 2.54
Last SG, Last State: (  0.02,  -1.57), ( -0.05,  -1.23)  SG Improvement:-0.34798 

Goal, Curr: (-0.92,  1.18), (  0.52,  -1.27)   Error: 2.84
Last SG, Last State: (  0.24,  -1.72), (  0.19,  -1.13)  SG Improvement:-0.03090 

Goal, Curr: (-0.85,  1.12), (  0.29,  -0.81)   Error: 2.24
Last SG, Last State: (  0.15,  -0.97), (  0.30,  -0.86)  SG Improvement:-0.58401 

Goal, Curr: (-0.88,  1.22), (  0.62,  -0.47)   Error: 2.27
Last SG, Last State: (  0.77,  -0.93), (  0.61,  -0.50)  SG Improvement:-0.12904 

Goal, Curr: (-0.97,  0.92), (  0.72,  -0.44)   Error: 2.18
Last SG, Last State: (  0.35,  -0.49), (  0.74,  -0.58)  SG Improvement:0.05682 

Goal, Curr: (-0.76,  1.19), ( -0.00,  -1.13)   Error: 2.44
Last SG, Last State: ( -0.01,  -1.29), ( -0.03,  -1.06)  SG Improvement:-0.61694 

episode:00500, mean:-0.37, std:0.22, median:-0.39, success:0.00
Log radii:  [0. 0. 0. 0. 0. 0.]
Adjusted log radii:  [-0.          1.19000006  1.49000001  1.19000006  0.89000005  0.59000003]
Goal, Curr: (-0.96,  1.14), ( -0.44,  -1.00)   Error: 2.21
Last SG, Last State: ( -0.31,  -1.92), ( -0.35,  -1.14)  SG Improvement:-0.26220 

Goal, Curr: (-0.94,  0.95), ( -0.47,  -1.29)   Error: 2.29
Last SG, Last State: ( -0.61,  -2.02), ( -0.48,  -1.28)  SG Improvement:-0.16956 

Goal, Curr: (-1.24,  1.21), ( -0.68,  -0.60)   Error: 1.89
Last SG, Last State: ( -0.46,  -1.97), ( -0.59,  -0.82)  SG Improvement:-0.23136 

Goal, Curr: (-1.14,  0.87), ( -0.49,  -1.39)   Error: 2.35
Last SG, Last State: ( -0.93,  -1.99), ( -0.49,  -1.39)  SG Improvement:0.00062 

Goal, Curr: (-0.78,  0.99), ( -0.61,  -1.06)   Error: 2.05
Last SG, Last State: (  0.07,  -1.43), ( -0.50,  -1.24)  SG Improvement:0.02360 

Goal, Curr: (-0.76,  0.85), ( -0.76,  -1.20)   Error: 2.05
Last SG, Last State: ( -0.33,  -1.18), ( -0.72,  -1.26)  SG Improvement:0.65733 

Goal, Curr: (-1.05,  0.93), ( -0.42,  -1.12)   Error: 2.14
Last SG, Last State: ( -0.09,  -2.16), ( -0.35,  -1.26)  SG Improvement:-0.26532 

Goal, Curr: (-1.17,  1.25), ( -0.74,  -0.60)   Error: 1.90
Last SG, Last State: ( -0.52,  -1.94), ( -0.69,  -0.72)  SG Improvement:-0.12352 

Goal, Curr: (-0.87,  1.20), ( -0.63,  -1.06)   Error: 2.27
Last SG, Last State: ( -0.42,  -1.95), ( -0.58,  -1.17)  SG Improvement:-0.16148 

Goal, Curr: (-1.11,  1.24), ( -0.62,  -0.60)   Error: 1.91
Last SG, Last State: ( -0.51,  -1.46), ( -0.73,  -0.60)  SG Improvement:-0.64923 

episode:00600, mean:-0.11, std:0.25, median:-0.25, success:0.00
Log radii:  [0. 0. 0. 0. 0. 0.]
Adjusted log radii:  [ 2.08999991  0.29000002  0.89000005  0.89000005 -0.         -0.        ]
Goal, Curr: (-1.09,  1.08), (  0.14,  -1.40)   Error: 2.76
Last SG, Last State: ( -0.15,  -2.19), (  0.08,  -1.34)  SG Improvement:-0.24730 

Goal, Curr: (-0.93,  0.75), (  0.28,  -1.40)   Error: 2.47
Last SG, Last State: (  0.24,  -1.54), (  0.18,  -1.40)  SG Improvement:0.08063 

Goal, Curr: (-0.83,  1.05), (  0.10,  -1.39)   Error: 2.61
Last SG, Last State: ( -0.32,  -1.51), (  0.12,  -1.40)  SG Improvement:-0.30972 

Goal, Curr: (-1.18,  1.09), ( -0.13,  -0.95)   Error: 2.29
Last SG, Last State: ( -0.21,  -1.02), ( -0.13,  -0.95)  SG Improvement:0.00275 

Goal, Curr: (-1.20,  1.15), (  0.07,  -1.40)   Error: 2.85
Last SG, Last State: ( -0.13,  -1.83), (  0.05,  -1.10)  SG Improvement:0.07658 

Goal, Curr: (-0.78,  0.75), (  0.36,  -1.40)   Error: 2.43
Last SG, Last State: ( -0.08,  -2.34), (  0.13,  -1.40)  SG Improvement:-0.63464 

Goal, Curr: (-0.90,  0.81), (  0.02,  -1.13)   Error: 2.14
Last SG, Last State: ( -0.29,  -1.01), (  0.00,  -1.11)  SG Improvement:0.18663 

Goal, Curr: (-1.16,  0.80), ( -0.19,  -1.40)   Error: 2.40
Last SG, Last State: ( -0.68,  -2.71), ( -0.14,  -1.40)  SG Improvement:-0.35854 

Goal, Curr: (-1.05,  1.14), ( -0.08,  -1.18)   Error: 2.52
Last SG, Last State: (  0.45,  -1.58), ( -0.19,  -1.13)  SG Improvement:0.09039 

Goal, Curr: (-0.94,  0.81), (  0.39,  -1.40)   Error: 2.58
Last SG, Last State: ( -0.19,  -2.56), (  0.12,  -1.40)  SG Improvement:-0.17989 

episode:00700, mean:-0.54, std:0.22, median:-0.51, success:0.00
Goal, Curr: (-1.12,  1.20), (  0.84,  -1.08)   Error: 3.01
Last SG, Last State: (  0.32,  -0.63), (  0.66,  -0.81)  SG Improvement:-0.07310 

Goal, Curr: (-0.94,  0.82), ( -0.81,  -1.36)   Error: 2.18
Last SG, Last State: ( -1.56,  -2.17), ( -0.81,  -1.36)  SG Improvement:-0.02123 

Goal, Curr: (-0.85,  0.77), ( -0.35,  -1.00)   Error: 1.84
Last SG, Last State: ( -0.34,  -1.27), ( -0.41,  -0.78)  SG Improvement:-0.61094 

Goal, Curr: (-1.00,  1.00), ( -0.62,  -1.01)   Error: 2.05
Last SG, Last State: ( -1.66,   0.20), ( -0.62,  -1.01)  SG Improvement:-0.13659 

Goal, Curr: (-0.91,  0.82), ( -0.32,  -0.91)   Error: 1.83
Last SG, Last State: ( -1.23,  -0.60), ( -0.38,  -0.94)  SG Improvement:-0.05983 

Goal, Curr: (-1.01,  1.18), ( -0.41,  -0.81)   Error: 2.08
Last SG, Last State: ( -0.46,  -1.86), ( -0.37,  -0.86)  SG Improvement:-0.02910 

Goal, Curr: (-1.25,  0.91), ( -0.30,  -1.40)   Error: 2.50
Last SG, Last State: ( -0.75,  -2.59), ( -0.13,  -1.40)  SG Improvement:-0.34578 

Goal, Curr: (-1.13,  0.97), ( -0.60,  -0.89)   Error: 1.93
Last SG, Last State: ( -0.72,  -2.22), ( -0.58,  -0.92)  SG Improvement:-0.02787 

Goal, Curr: (-1.21,  0.78), ( -1.20,  -1.40)   Error: 2.18
Last SG, Last State: ( -1.39,  -2.95), ( -1.08,  -1.40)  SG Improvement:-0.02644 

Goal, Curr: (-0.93,  0.82), ( -0.71,  -1.24)   Error: 2.07
Last SG, Last State: ( -1.43,  -1.98), ( -0.73,  -1.22)  SG Improvement:-0.01691 

episode:00800, mean:-0.25, std:0.32, median:-0.31, success:0.00
Goal, Curr: (-1.22,  1.24), (  0.51,  -0.68)   Error: 2.59
Last SG, Last State: (  0.39,  -1.19), (  0.46,  -0.72)  SG Improvement:-0.05264 

Goal, Curr: (-1.11,  1.06), (  0.21,  -0.84)   Error: 2.32
Last SG, Last State: (  0.03,  -1.30), (  0.10,  -0.89)  SG Improvement:-0.00333 

Goal, Curr: (-1.11,  0.75), ( -0.75,  -1.41)   Error: 2.19
Last SG, Last State: ( -0.92,  -2.52), ( -0.61,  -0.92)  SG Improvement:-0.03198 

Goal, Curr: (-0.99,  0.94), ( -0.14,  -0.82)   Error: 1.95
Last SG, Last State: ( -0.26,  -1.22), (  0.00,  -0.89)  SG Improvement:0.03314 

Goal, Curr: (-1.01,  0.80), ( -0.55,  -1.00)   Error: 1.86
Last SG, Last State: ( -0.57,  -1.91), ( -0.45,  -0.85)  SG Improvement:0.02770 

Goal, Curr: (-1.16,  1.06), (  0.24,  -0.81)   Error: 2.33
Last SG, Last State: (  0.05,  -1.27), (  0.13,  -0.85)  SG Improvement:-0.00223 

Goal, Curr: (-0.95,  1.11), (  0.19,  -0.76)   Error: 2.19
Last SG, Last State: (  0.05,  -1.11), (  0.14,  -0.79)  SG Improvement:-0.01367 

Goal, Curr: (-0.81,  0.84), ( -0.62,  -1.09)   Error: 1.94
Last SG, Last State: ( -1.31,  -1.77), ( -0.82,  -1.13)  SG Improvement:-0.01718 

Goal, Curr: (-1.21,  1.08), (  0.32,  -0.60)   Error: 2.27
Last SG, Last State: (  0.25,  -1.02), (  0.16,  -0.69)  SG Improvement:0.36062 

Goal, Curr: (-0.87,  1.11), ( -0.08,  -0.68)   Error: 1.96
Last SG, Last State: (  0.12,  -1.10), (  0.01,  -0.85)  SG Improvement:0.30027 

episode:00900, mean:-0.13, std:0.26, median:-0.10, success:0.00
Goal, Curr: (-0.99,  0.80), (  0.14,  -1.18)   Error: 2.27
Last SG, Last State: ( -0.27,  -1.76), (  0.15,  -0.65)  SG Improvement:0.21759 

Goal, Curr: (-1.19,  1.25), (  0.49,  -0.60)   Error: 2.50
Last SG, Last State: (  0.55,  -0.79), (  0.73,  -0.70)  SG Improvement:0.03496 

Goal, Curr: (-0.81,  0.75), (  1.12,   0.45)   Error: 1.95
Last SG, Last State: (  1.15,   0.54), (  0.99,   0.07)  SG Improvement:0.22197 

Goal, Curr: (-1.07,  1.03), ( -0.14,  -0.96)   Error: 2.19
Last SG, Last State: ( -0.52,  -1.14), ( -0.21,  -0.97)  SG Improvement:0.40021 

Goal, Curr: (-0.83,  0.85), (  0.19,  -0.74)   Error: 1.90
Last SG, Last State: ( -0.02,  -0.88), (  0.13,  -0.77)  SG Improvement:0.03424 

Goal, Curr: (-1.08,  1.24), (  0.28,  -0.66)   Error: 2.33
Last SG, Last State: (  0.43,  -0.87), (  0.50,  -0.74)  SG Improvement:0.02314 

Goal, Curr: (-1.17,  1.09), (  0.03,  -1.35)   Error: 2.72
Last SG, Last State: ( -0.59,  -2.22), (  0.02,  -0.82)  SG Improvement:0.66223 

Goal, Curr: (-1.16,  0.88), (  0.37,  -0.75)   Error: 2.24
Last SG, Last State: (  0.54,  -0.79), (  0.65,  -0.86)  SG Improvement:0.06733 

Goal, Curr: (-0.76,  0.90), (  0.27,  -0.99)   Error: 2.16
Last SG, Last State: (  0.58,   0.52), (  0.21,  -1.05)  SG Improvement:0.35981 

Goal, Curr: (-1.07,  1.04), ( -0.09,  -0.95)   Error: 2.22
Last SG, Last State: ( -0.48,  -1.22), ( -0.22,  -0.99)  SG Improvement:0.34556 

episode:01000, mean:-0.23, std:0.18, median:-0.18, success:0.00
Log radii:  [0. 0. 0. 0. 0. 0.]
Adjusted log radii:  [ 0.29000002  0.29000002  1.19000006  2.08999991 -0.         -0.        ]
Goal, Curr: (-0.76,  0.92), (  1.31,  -0.80)   Error: 2.69
Last SG, Last State: (  0.74,  -0.95), (  1.20,  -0.75)  SG Improvement:-0.06381 

Goal, Curr: (-0.77,  0.77), (  0.50,  -0.79)   Error: 2.01
Last SG, Last State: (  0.47,  -1.20), (  0.46,  -0.79)  SG Improvement:-0.44114 

Goal, Curr: (-0.76,  1.22), (  0.82,  -0.72)   Error: 2.50
Last SG, Last State: (  0.51,  -0.31), (  0.71,  -0.67)  SG Improvement:0.17651 

Goal, Curr: (-0.80,  0.86), ( -0.22,  -0.60)   Error: 1.57
Last SG, Last State: (  0.17,  -1.14), ( -0.05,  -0.60)  SG Improvement:0.00583 

Goal, Curr: (-0.89,  0.88), (  0.11,  -0.72)   Error: 1.88
Last SG, Last State: ( -0.21,  -0.89), (  0.09,  -0.73)  SG Improvement:0.04510 

Goal, Curr: (-1.23,  1.07), (  0.77,  -0.59)   Error: 2.59
Last SG, Last State: (  0.18,  -0.79), (  0.44,  -0.60)  SG Improvement:0.44403 

Goal, Curr: (-0.98,  1.07), (  0.36,  -0.96)   Error: 2.43
Last SG, Last State: (  0.25,   0.37), (  0.38,  -0.60)  SG Improvement:-0.37115 

Goal, Curr: (-1.11,  0.83), (  0.17,  -0.67)   Error: 1.98
Last SG, Last State: (  0.07,  -0.38), (  0.45,  -0.72)  SG Improvement:0.32628 

Goal, Curr: (-1.18,  1.04), (  0.43,  -0.71)   Error: 2.38
Last SG, Last State: (  0.75,  -0.61), (  0.62,  -0.66)  SG Improvement:-0.26308 

Goal, Curr: (-0.76,  0.78), (  0.28,  -0.93)   Error: 2.00
Last SG, Last State: (  0.12,   0.14), (  0.32,  -0.60)  SG Improvement:-0.39893 

episode:01100, mean:-0.30, std:0.35, median:-0.37, success:0.00
Log radii:  [0. 0. 0. 0. 0. 0.]
Adjusted log radii:  [ 1.19000006  1.78999996  1.19000006  2.08999991 -0.          1.49000001]
Goal, Curr: (-1.07,  0.76), ( -0.32,  -0.75)   Error: 1.68
Last SG, Last State: ( -0.12,  -0.48), ( -0.08,  -0.80)  SG Improvement:0.09406 

Goal, Curr: (-1.15,  1.08), ( -0.08,  -1.02)   Error: 2.36
Last SG, Last State: ( -0.21,  -1.16), (  0.05,  -1.06)  SG Improvement:0.06199 

Goal, Curr: (-0.76,  0.99), (  1.14,  -1.40)   Error: 3.06
Last SG, Last State: (  1.60,  -2.45), (  1.24,  -1.40)  SG Improvement:0.50819 

Goal, Curr: (-0.88,  0.83), ( -0.80,  -1.38)   Error: 2.21
Last SG, Last State: ( -1.31,  -2.08), ( -0.80,  -1.38)  SG Improvement:0.02310 

Goal, Curr: (-0.87,  0.90), (  0.44,  -1.30)   Error: 2.57
Last SG, Last State: ( -0.21,  -1.21), (  0.03,  -1.33)  SG Improvement:0.93242 

Goal, Curr: (-0.84,  1.05), (  0.54,  -1.04)   Error: 2.50
Last SG, Last State: (  0.05,   0.28), (  0.41,  -0.60)  SG Improvement:0.18940 

Goal, Curr: (-1.20,  1.23), (  0.56,  -0.58)   Error: 2.52
Last SG, Last State: ( -0.22,  -0.21), (  0.26,  -0.63)  SG Improvement:0.71749 

Goal, Curr: (-0.88,  0.83), ( -0.08,  -1.32)   Error: 2.29
Last SG, Last State: ( -0.96,  -2.14), ( -0.14,  -1.29)  SG Improvement:-0.02414 

Goal, Curr: (-0.87,  0.92), ( -0.11,  -1.09)   Error: 2.15
Last SG, Last State: ( -0.15,  -0.95), (  0.29,  -1.30)  SG Improvement:-0.00244 

Goal, Curr: (-1.25,  1.16), ( -0.08,  -1.31)   Error: 2.73
Last SG, Last State: (  0.50,  -0.16), (  0.27,  -1.25)  SG Improvement:-0.71622 

episode:01200, mean:-0.40, std:0.33, median:-0.37, success:0.00
Goal, Curr: (-1.22,  0.86), ( -1.37,  -0.73)   Error: 1.60
Last SG, Last State: ( -1.14,  -1.75), ( -1.25,  -0.78)  SG Improvement:-0.08805 

Goal, Curr: (-0.91,  1.00), ( -1.04,  -0.63)   Error: 1.64
Last SG, Last State: ( -0.79,  -1.58), ( -0.95,  -0.67)  SG Improvement:-0.08074 

Goal, Curr: (-1.02,  1.20), ( -1.12,  -1.32)   Error: 2.52
Last SG, Last State: ( -0.85,  -0.76), ( -1.37,  -1.40)  SG Improvement:-0.38115 

Goal, Curr: (-0.87,  0.93), (  0.66,  -1.32)   Error: 2.71
Last SG, Last State: (  0.75,  -0.51), (  0.81,  -1.22)  SG Improvement:-0.47502 

Goal, Curr: (-1.08,  0.92), ( -1.08,  -0.64)   Error: 1.56
Last SG, Last State: ( -0.75,  -1.27), ( -0.92,  -0.60)  SG Improvement:0.20058 

Goal, Curr: (-0.96,  1.20), (  0.25,  -1.23)   Error: 2.71
Last SG, Last State: (  0.04,  -0.45), (  0.28,  -1.19)  SG Improvement:-0.35079 

Goal, Curr: (-1.07,  1.14), (  0.45,  -1.14)   Error: 2.73
Last SG, Last State: (  0.40,  -2.33), (  0.59,  -0.96)  SG Improvement:0.78452 

Goal, Curr: (-0.98,  1.03), (  0.25,  -1.17)   Error: 2.52
Last SG, Last State: (  0.26,  -2.37), (  0.35,  -1.00)  SG Improvement:0.72435 

Goal, Curr: (-0.78,  1.00), (  0.51,  -1.25)   Error: 2.60
Last SG, Last State: (  0.05,  -2.20), (  0.58,  -1.01)  SG Improvement:0.80085 

Goal, Curr: (-0.80,  1.23), ( -0.89,  -1.26)   Error: 2.50
Last SG, Last State: ( -0.63,  -0.34), ( -0.81,  -1.26)  SG Improvement:-0.00151 

episode:01300, mean:-0.33, std:0.41, median:-0.34, success:0.00
Goal, Curr: (-1.09,  1.06), (  0.52,  -1.19)   Error: 2.77
Last SG, Last State: (  0.88,  -0.26), (  0.67,  -1.13)  SG Improvement:0.09362 

Goal, Curr: (-1.21,  0.89), ( -0.60,  -1.27)   Error: 2.24
Last SG, Last State: ( -0.57,  -1.26), ( -0.60,  -1.27)  SG Improvement:-0.00002 

Goal, Curr: (-1.09,  1.18), ( -0.17,  -1.23)   Error: 2.58
Last SG, Last State: ( -0.25,  -0.55), (  0.05,  -1.22)  SG Improvement:0.14646 

Goal, Curr: (-1.02,  1.12), ( -0.38,  -0.82)   Error: 2.04
Last SG, Last State: ( -0.38,  -0.65), ( -0.20,  -0.89)  SG Improvement:0.35440 

Goal, Curr: (-1.02,  0.76), ( -0.13,  -1.05)   Error: 2.02
Last SG, Last State: ( -0.12,  -1.10), ( -0.18,  -1.05)  SG Improvement:0.04684 

Goal, Curr: (-1.24,  0.86), (  0.51,  -1.22)   Error: 2.72
Last SG, Last State: (  0.51,  -0.98), (  0.40,  -1.28)  SG Improvement:-0.46907 

Goal, Curr: (-1.08,  0.92), (  0.59,  -1.23)   Error: 2.72
Last SG, Last State: (  0.45,  -0.78), (  0.45,  -1.28)  SG Improvement:-0.49921 

Goal, Curr: (-0.95,  1.09), ( -0.18,  -0.60)   Error: 1.86
Last SG, Last State: ( -0.33,  -0.48), ( -0.21,  -0.68)  SG Improvement:0.62572 

Goal, Curr: (-0.92,  1.20), (  0.36,  -0.95)   Error: 2.51
Last SG, Last State: (  0.18,  -0.63), (  0.63,  -0.98)  SG Improvement:-0.62821 

Goal, Curr: (-1.16,  1.20), (  0.59,  -0.63)   Error: 2.53
Last SG, Last State: (  0.37,  -0.58), (  0.35,  -0.70)  SG Improvement:0.37140 

episode:01400, mean:-0.36, std:0.30, median:-0.38, success:0.00
Goal, Curr: (-1.09,  0.78), (  0.59,  -0.78)   Error: 2.29
Last SG, Last State: (  0.10,   0.06), (  0.49,  -0.74)  SG Improvement:-0.19923 

Goal, Curr: (-1.09,  1.04), ( -1.25,  -1.20)   Error: 2.24
Last SG, Last State: ( -1.10,  -2.59), ( -1.33,  -1.40)  SG Improvement:-0.46682 

Goal, Curr: (-1.10,  1.24), (  0.32,  -1.05)   Error: 2.70
Last SG, Last State: ( -0.19,  -0.36), (  0.44,  -1.04)  SG Improvement:-0.35401 

Goal, Curr: (-1.01,  0.99), ( -1.24,  -1.21)   Error: 2.20
Last SG, Last State: ( -1.03,  -2.52), ( -1.30,  -1.40)  SG Improvement:-0.46741 

Goal, Curr: (-1.19,  1.15), (  0.37,  -0.83)   Error: 2.52
Last SG, Last State: (  0.07,  -0.62), (  0.03,  -1.02)  SG Improvement:-0.43157 

Goal, Curr: (-1.15,  0.85), ( -0.06,  -1.15)   Error: 2.28
Last SG, Last State: ( -0.16,  -0.66), ( -0.17,  -1.22)  SG Improvement:-0.07829 

Goal, Curr: (-1.23,  0.90), ( -0.60,  -1.02)   Error: 2.02
Last SG, Last State: ( -0.56,  -0.34), ( -0.47,  -0.99)  SG Improvement:-0.00979 

Goal, Curr: (-0.81,  0.85), ( -1.28,  -1.40)   Error: 2.29
Last SG, Last State: ( -1.23,  -2.26), ( -1.14,  -1.22)  SG Improvement:0.39511 

Goal, Curr: (-0.93,  1.03), ( -0.15,  -1.33)   Error: 2.48
Last SG, Last State: ( -0.20,  -0.91), ( -0.20,  -1.40)  SG Improvement:0.02647 

Goal, Curr: (-1.13,  0.84), (  0.35,  -0.94)   Error: 2.31
Last SG, Last State: ( -0.30,  -0.28), (  0.37,  -0.94)  SG Improvement:-0.43199 

episode:01500, mean:-0.35, std:0.14, median:-0.34, success:0.00
Goal, Curr: (-0.97,  1.07), (  0.61,  -0.55)   Error: 2.26
Last SG, Last State: (  0.09,   0.24), (  0.58,  -0.57)  SG Improvement:-0.00740 

Goal, Curr: (-0.99,  1.21), ( -1.40,  -1.35)   Error: 2.59
Last SG, Last State: ( -0.96,  -1.82), ( -1.40,  -1.40)  SG Improvement:-0.14449 

Goal, Curr: (-0.86,  1.01), (  0.19,  -1.35)   Error: 2.58
Last SG, Last State: (  0.19,  -0.67), (  0.15,  -1.40)  SG Improvement:0.05152 

Goal, Curr: (-0.86,  0.89), (  0.10,  -1.15)   Error: 2.25
Last SG, Last State: ( -0.31,  -0.03), (  0.06,  -1.14)  SG Improvement:-0.78880 

Goal, Curr: (-0.79,  0.77), ( -0.42,  -1.31)   Error: 2.11
Last SG, Last State: ( -0.74,  -0.29), ( -0.25,  -1.26)  SG Improvement:-0.11627 

Goal, Curr: (-0.95,  0.78), ( -1.40,  -0.68)   Error: 1.52
Last SG, Last State: ( -1.27,  -1.34), ( -1.37,  -0.62)  SG Improvement:-0.14657 

Goal, Curr: (-0.86,  0.87), ( -0.89,  -1.37)   Error: 2.24
Last SG, Last State: ( -1.45,  -2.97), ( -0.88,  -1.40)  SG Improvement:-0.04029 

Goal, Curr: (-1.09,  0.90), (  0.31,  -0.84)   Error: 2.23
Last SG, Last State: ( -0.55,  -0.84), (  0.01,  -1.03)  SG Improvement:-0.07469 

Goal, Curr: (-1.17,  0.99), (  0.34,  -0.80)   Error: 2.35
Last SG, Last State: (  0.25,   0.22), (  0.56,  -0.64)  SG Improvement:-0.45815 

Goal, Curr: (-0.76,  1.19), (  0.37,  -0.60)   Error: 2.12
Last SG, Last State: ( -0.38,   0.04), (  0.26,  -0.60)  SG Improvement:-0.32106 

episode:01600, mean:-0.21, std:0.26, median:-0.29, success:0.00
Log radii:  [0. 0. 0. 0. 0. 0.]
Adjusted log radii:  [2.68999982 0.59000003 1.78999996 1.78999996 1.49000001 0.89000005]
Goal, Curr: (-1.19,  1.25), ( -1.24,  -1.37)   Error: 2.62
Last SG, Last State: ( -1.23,  -0.95), ( -1.18,  -1.39)  SG Improvement:0.04719 

Goal, Curr: (-1.14,  0.90), (  0.43,  -0.60)   Error: 2.17
Last SG, Last State: ( -0.42,  -0.05), (  0.34,  -0.60)  SG Improvement:-1.33958 

Goal, Curr: (-0.87,  1.07), (  0.29,  -0.64)   Error: 2.07
Last SG, Last State: (  0.23,  -0.48), (  0.33,  -0.60)  SG Improvement:0.66833 

Goal, Curr: (-1.18,  1.12), ( -0.73,  -1.40)   Error: 2.56
Last SG, Last State: ( -1.20,  -0.69), ( -0.94,  -1.40)  SG Improvement:-0.03958 

Goal, Curr: (-0.87,  1.24), (  0.87,  -0.53)   Error: 2.48
Last SG, Last State: ( -0.27,  -0.27), (  0.45,  -0.60)  SG Improvement:-0.66578 

Goal, Curr: (-0.86,  1.17), ( -1.26,  -0.98)   Error: 2.19
Last SG, Last State: ( -1.04,  -0.37), ( -0.96,  -1.10)  SG Improvement:-0.01116 

Goal, Curr: (-0.94,  0.82), ( -0.89,  -1.34)   Error: 2.16
Last SG, Last State: ( -1.04,  -0.68), ( -0.75,  -1.29)  SG Improvement:-0.40640 

Goal, Curr: (-0.87,  0.79), (  0.63,  -0.68)   Error: 2.10
Last SG, Last State: (  0.04,   0.11), (  0.55,  -0.77)  SG Improvement:0.07342 

Goal, Curr: (-1.22,  1.16), (  0.71,  -0.63)   Error: 2.63
Last SG, Last State: ( -0.09,  -0.00), (  0.66,  -0.71)  SG Improvement:-0.01386 

Goal, Curr: (-1.16,  1.07), (  0.25,  -0.66)   Error: 2.24
Last SG, Last State: ( -0.88,  -0.93), ( -0.11,  -0.83)  SG Improvement:-0.35685 

episode:01700, mean:-0.32, std:0.22, median:-0.33, success:0.00
Goal, Curr: (-1.01,  0.94), (  0.31,  -0.70)   Error: 2.11
Last SG, Last State: ( -0.18,  -0.32), (  0.06,  -0.80)  SG Improvement:-0.67566 

Goal, Curr: (-0.79,  0.81), ( -1.40,  -0.60)   Error: 1.54
Last SG, Last State: ( -1.06,  -1.22), ( -1.40,  -0.74)  SG Improvement:-0.13512 

Goal, Curr: (-1.08,  0.91), ( -0.98,  -1.04)   Error: 1.95
Last SG, Last State: ( -1.06,  -1.04), ( -1.17,  -1.09)  SG Improvement:-0.34784 

Goal, Curr: (-1.21,  1.08), ( -1.22,  -0.81)   Error: 1.89
Last SG, Last State: ( -1.44,  -0.98), ( -1.40,  -0.60)  SG Improvement:-1.06455 

Goal, Curr: (-1.24,  1.20), ( -0.68,  -1.05)   Error: 2.32
Last SG, Last State: ( -1.19,  -1.61), ( -0.84,  -1.09)  SG Improvement:-0.02756 

Goal, Curr: (-0.90,  0.97), ( -1.40,  -0.85)   Error: 1.89
Last SG, Last State: ( -1.17,  -1.00), ( -1.30,  -0.98)  SG Improvement:-0.66656 

Goal, Curr: (-1.04,  0.97), (  0.31,  -0.84)   Error: 2.26
Last SG, Last State: ( -0.41,  -0.62), (  0.02,  -0.96)  SG Improvement:-0.35023 

Goal, Curr: (-0.97,  1.17), ( -1.37,  -0.60)   Error: 1.81
Last SG, Last State: ( -0.95,  -1.85), ( -1.18,  -0.99)  SG Improvement:-0.35271 

Goal, Curr: (-1.16,  1.20), (  0.20,  -0.84)   Error: 2.45
Last SG, Last State: ( -0.13,  -0.44), (  0.00,  -0.87)  SG Improvement:-0.04577 

Goal, Curr: (-1.09,  0.82), ( -0.92,  -0.86)   Error: 1.69
Last SG, Last State: ( -1.38,  -1.61), ( -1.08,  -0.95)  SG Improvement:-0.06491 

episode:01800, mean:0.02, std:0.25, median:0.04, success:0.00
Goal, Curr: (-1.12,  0.92), ( -0.99,  -1.13)   Error: 2.06
Last SG, Last State: ( -1.42,  -1.98), ( -0.94,  -0.89)  SG Improvement:0.51836 

Goal, Curr: (-0.82,  0.78), ( -0.99,  -1.22)   Error: 2.01
Last SG, Last State: ( -0.92,  -1.70), ( -0.98,  -1.24)  SG Improvement:0.21016 

Goal, Curr: (-1.00,  1.23), ( -1.17,  -0.89)   Error: 2.13
Last SG, Last State: ( -1.15,  -0.82), ( -1.20,  -0.89)  SG Improvement:-0.61252 

Goal, Curr: (-1.07,  0.76), ( -1.05,  -1.04)   Error: 1.80
Last SG, Last State: ( -1.26,  -2.16), ( -1.05,  -1.03)  SG Improvement:1.06470 

Goal, Curr: (-0.94,  1.19), ( -0.71,  -0.99)   Error: 2.19
Last SG, Last State: ( -0.76,  -1.66), ( -0.72,  -1.01)  SG Improvement:0.23159 

Goal, Curr: (-1.14,  0.84), ( -1.00,  -1.25)   Error: 2.10
Last SG, Last State: ( -0.83,  -0.82), ( -1.21,  -0.99)  SG Improvement:-0.10468 

Goal, Curr: (-0.85,  1.01), ( -1.33,  -1.22)   Error: 2.28
Last SG, Last State: ( -1.30,  -2.10), ( -1.33,  -1.22)  SG Improvement:0.02269 

Goal, Curr: (-0.84,  0.79), (  0.52,  -0.89)   Error: 2.16
Last SG, Last State: ( -0.60,   0.11), (  0.41,  -0.99)  SG Improvement:-0.01933 

Goal, Curr: (-1.14,  1.17), ( -0.44,  -1.37)   Error: 2.63
Last SG, Last State: ( -0.93,  -0.70), ( -0.46,  -1.36)  SG Improvement:-0.47970 

Goal, Curr: (-1.06,  1.10), (  0.01,  -1.18)   Error: 2.51
Last SG, Last State: ( -0.13,  -0.34), ( -0.07,  -1.17)  SG Improvement:0.03341 

episode:01900, mean:-0.19, std:0.24, median:-0.25, success:0.00
Log radii:  [0. 0. 0. 0. 0. 0.]
Adjusted log radii:  [-0.          1.49000001  0.59000003 -0.         -0.          0.59000003]
Goal, Curr: (-0.82,  0.96), ( -0.66,  -0.98)   Error: 1.94
Last SG, Last State: ( -0.64,  -0.81), ( -0.48,  -1.01)  SG Improvement:-0.54201 

Goal, Curr: (-0.90,  1.14), ( -0.75,  -0.64)   Error: 1.78
Last SG, Last State: ( -0.42,  -0.65), ( -0.71,  -0.81)  SG Improvement:-0.05038 

Goal, Curr: (-1.12,  1.10), ( -0.08,  -1.01)   Error: 2.35
Last SG, Last State: ( -0.66,  -1.27), ( -0.30,  -1.00)  SG Improvement:-0.60122 

Goal, Curr: (-0.97,  0.84), ( -1.22,  -1.32)   Error: 2.17
Last SG, Last State: ( -1.26,  -1.53), ( -1.20,  -1.33)  SG Improvement:-0.58997 

Goal, Curr: (-1.15,  0.85), ( -0.09,  -0.60)   Error: 1.80
Last SG, Last State: ( -0.93,  -0.73), ( -0.36,  -0.62)  SG Improvement:-0.08823 

Goal, Curr: (-0.95,  0.90), ( -1.28,  -1.26)   Error: 2.18
Last SG, Last State: ( -0.87,  -0.69), ( -1.27,  -1.25)  SG Improvement:0.47117 

Goal, Curr: (-1.10,  0.91), ( -1.12,  -0.80)   Error: 1.71
Last SG, Last State: ( -0.74,  -0.10), ( -1.05,  -0.86)  SG Improvement:-0.08316 

Goal, Curr: (-0.81,  1.19), ( -1.16,  -1.31)   Error: 2.52
Last SG, Last State: ( -1.28,  -1.60), ( -1.16,  -1.30)  SG Improvement:-0.64438 

Goal, Curr: (-0.86,  1.14), (  0.48,  -1.11)   Error: 2.62
Last SG, Last State: ( -0.94,  -1.83), (  0.05,  -1.23)  SG Improvement:-0.48080 

Goal, Curr: (-1.13,  0.94), (  0.03,  -1.00)   Error: 2.27
Last SG, Last State: ( -0.78,  -0.59), ( -0.19,  -1.04)  SG Improvement:-0.13502 

episode:02000, mean:-0.11, std:0.32, median:-0.17, success:0.00
Goal, Curr: (-1.00,  1.22), ( -0.38,  -1.10)   Error: 2.41
Last SG, Last State: ( -0.77,  -0.52), ( -0.17,  -1.16)  SG Improvement:0.02137 

Goal, Curr: (-1.24,  0.84), (  0.23,  -0.89)   Error: 2.28
Last SG, Last State: ( -0.10,  -0.36), (  0.27,  -0.88)  SG Improvement:-0.09110 

Goal, Curr: (-0.88,  0.82), ( -0.64,  -1.04)   Error: 1.88
Last SG, Last State: ( -0.60,  -0.94), ( -0.67,  -1.02)  SG Improvement:-0.11528 

Goal, Curr: (-0.81,  1.16), (  0.17,  -0.95)   Error: 2.32
Last SG, Last State: ( -0.51,  -0.39), (  0.20,  -0.94)  SG Improvement:0.03642 

Goal, Curr: (-0.84,  0.79), ( -0.90,  -1.23)   Error: 2.02
Last SG, Last State: ( -0.85,  -0.62), ( -0.91,  -1.25)  SG Improvement:-0.84845 

Goal, Curr: (-0.89,  0.95), ( -0.70,  -1.18)   Error: 2.13
Last SG, Last State: ( -0.48,  -0.52), ( -0.89,  -1.15)  SG Improvement:-0.07576 

Goal, Curr: (-1.19,  1.12), ( -1.04,  -1.27)   Error: 2.39
Last SG, Last State: ( -0.75,  -1.43), ( -1.03,  -1.28)  SG Improvement:0.01138 

Goal, Curr: (-0.80,  0.89), ( -0.95,  -1.07)   Error: 1.97
Last SG, Last State: ( -0.85,  -0.90), ( -1.02,  -1.21)  SG Improvement:-0.47144 

Goal, Curr: (-0.93,  1.16), ( -0.93,  -0.79)   Error: 1.95
Last SG, Last State: ( -0.56,  -0.94), ( -0.91,  -0.87)  SG Improvement:-0.25068 

Goal, Curr: (-0.78,  1.18), (  0.50,  -0.84)   Error: 2.39
Last SG, Last State: ( -0.30,  -0.71), (  0.25,  -0.84)  SG Improvement:-1.05806 

episode:02100, mean:-0.12, std:0.22, median:-0.17, success:0.00
Goal, Curr: (-0.98,  0.94), (  0.58,  -0.99)   Error: 2.48
Last SG, Last State: ( -0.58,  -0.60), (  0.55,  -1.00)  SG Improvement:-0.29164 

Goal, Curr: (-0.82,  1.13), ( -0.89,  -0.69)   Error: 1.82
Last SG, Last State: ( -0.64,  -1.32), ( -0.87,  -0.61)  SG Improvement:-0.23908 

Goal, Curr: (-1.21,  0.78), ( -1.32,  -1.31)   Error: 2.10
Last SG, Last State: ( -0.84,  -2.47), ( -1.01,  -1.01)  SG Improvement:0.58707 

Goal, Curr: (-1.10,  1.14), ( -0.58,  -0.64)   Error: 1.85
Last SG, Last State: ( -0.83,  -0.50), ( -0.58,  -0.64)  SG Improvement:-0.00539 

Goal, Curr: (-0.84,  1.06), ( -0.68,  -0.88)   Error: 1.94
Last SG, Last State: ( -0.77,  -0.91), ( -0.97,  -0.93)  SG Improvement:0.33048 

Goal, Curr: (-0.95,  0.84), ( -0.18,  -1.10)   Error: 2.09
Last SG, Last State: ( -0.71,  -0.58), ( -0.33,  -1.09)  SG Improvement:-0.71582 

Goal, Curr: (-0.88,  0.92), (  0.06,  -0.94)   Error: 2.09
Last SG, Last State: ( -0.75,   0.02), ( -0.14,  -1.01)  SG Improvement:0.00670 

Goal, Curr: (-0.79,  0.76), ( -0.27,  -0.95)   Error: 1.79
Last SG, Last State: ( -0.33,  -0.63), ( -0.19,  -0.94)  SG Improvement:0.13325 

Goal, Curr: (-0.84,  1.20), ( -0.20,  -1.09)   Error: 2.38
Last SG, Last State: ( -0.88,  -0.85), ( -0.37,  -1.07)  SG Improvement:-0.45785 

Goal, Curr: (-1.24,  1.06), ( -1.22,  -1.29)   Error: 2.36
Last SG, Last State: ( -0.86,  -2.46), ( -0.88,  -1.00)  SG Improvement:0.74977 

episode:02200, mean:-0.12, std:0.28, median:-0.14, success:0.00
Goal, Curr: (-1.11,  0.81), ( -0.76,  -0.78)   Error: 1.63
Last SG, Last State: ( -0.39,   0.03), ( -0.83,  -0.60)  SG Improvement:-0.46442 

Goal, Curr: (-0.79,  1.14), ( -0.57,  -1.40)   Error: 2.55
Last SG, Last State: ( -0.62,  -0.14), ( -0.56,  -1.39)  SG Improvement:0.01795 

Goal, Curr: (-1.13,  1.23), ( -0.80,  -1.37)   Error: 2.62
Last SG, Last State: ( -1.18,  -1.55), ( -0.78,  -1.37)  SG Improvement:-0.14346 

Goal, Curr: (-1.19,  0.92), ( -0.71,  -0.85)   Error: 1.84
Last SG, Last State: ( -0.29,  -0.01), ( -0.72,  -0.60)  SG Improvement:-0.38699 

Goal, Curr: (-1.19,  1.10), ( -1.09,  -1.33)   Error: 2.43
Last SG, Last State: ( -0.31,  -0.22), ( -1.18,  -1.40)  SG Improvement:0.04302 

Goal, Curr: (-1.16,  1.17), ( -0.69,  -1.31)   Error: 2.53
Last SG, Last State: ( -0.92,  -1.09), ( -0.79,  -1.31)  SG Improvement:-0.58001 

Goal, Curr: (-0.95,  0.98), ( -0.62,  -1.40)   Error: 2.40
Last SG, Last State: (  0.06,  -1.15), ( -0.50,  -1.40)  SG Improvement:-0.29632 

Goal, Curr: (-1.19,  1.00), ( -0.89,  -0.87)   Error: 1.89
Last SG, Last State: ( -1.01,  -1.26), ( -0.82,  -0.89)  SG Improvement:-0.07957 

Goal, Curr: (-1.07,  0.92), ( -0.46,  -1.16)   Error: 2.17
Last SG, Last State: ( -0.85,  -0.09), ( -0.52,  -1.17)  SG Improvement:-0.02290 

Goal, Curr: (-1.21,  1.22), ( -0.59,  -1.38)   Error: 2.67
Last SG, Last State: ( -1.02,  -0.51), ( -0.67,  -1.39)  SG Improvement:0.02237 

episode:02300, mean:-0.13, std:0.10, median:-0.12, success:0.00
Goal, Curr: (-0.82,  0.94), ( -0.06,  -0.98)   Error: 2.07
Last SG, Last State: ( -0.59,  -0.17), ( -0.25,  -0.96)  SG Improvement:-0.08942 

Goal, Curr: (-0.78,  1.19), ( -0.19,  -0.91)   Error: 2.17
Last SG, Last State: ( -0.78,  -0.92), ( -0.26,  -0.89)  SG Improvement:-0.17319 

Goal, Curr: (-0.95,  1.14), ( -1.40,  -1.10)   Error: 2.29
Last SG, Last State: ( -1.17,   0.22), ( -1.29,  -1.08)  SG Improvement:-0.74430 

Goal, Curr: (-0.78,  1.23), ( -0.16,  -1.04)   Error: 2.35
Last SG, Last State: ( -0.88,  -0.66), ( -0.29,  -1.01)  SG Improvement:-0.20623 

Goal, Curr: (-0.93,  1.13), (  0.65,  -0.67)   Error: 2.40
Last SG, Last State: ( -0.25,  -0.50), (  0.57,  -0.68)  SG Improvement:-0.86564 

Goal, Curr: (-0.81,  1.14), (  0.50,  -0.98)   Error: 2.49
Last SG, Last State: ( -0.07,  -0.38), (  0.32,  -1.00)  SG Improvement:0.05479 

Goal, Curr: (-0.78,  0.78), (  0.07,  -0.96)   Error: 1.94
Last SG, Last State: ( -0.71,  -0.38), ( -0.11,  -0.93)  SG Improvement:-0.33382 

Goal, Curr: (-0.84,  1.01), (  0.09,  -0.68)   Error: 1.92
Last SG, Last State: ( -0.32,  -0.66), (  0.08,  -0.68)  SG Improvement:0.03422 

Goal, Curr: (-0.86,  0.91), (  0.03,  -1.04)   Error: 2.14
Last SG, Last State: ( -0.66,  -0.41), ( -0.19,  -1.00)  SG Improvement:-0.17506 

Goal, Curr: (-0.84,  1.08), ( -0.37,  -0.92)   Error: 2.05
Last SG, Last State: ( -0.82,  -0.57), ( -0.46,  -0.90)  SG Improvement:-0.08216 

episode:02400, mean:-0.09, std:0.16, median:-0.08, success:0.00
Log radii:  [0. 0. 0. 0. 0. 0.]
Adjusted log radii:  [ 1.78999996  1.78999996  2.08999991  1.19000006 -0.          2.08999991]
Goal, Curr: (-0.81,  1.15), ( -0.29,  -0.95)   Error: 2.17
Last SG, Last State: ( -0.92,   0.04), ( -0.73,  -0.89)  SG Improvement:0.02237 

Goal, Curr: (-0.96,  0.95), ( -1.16,  -0.91)   Error: 1.87
Last SG, Last State: ( -0.95,  -2.08), ( -1.16,  -0.91)  SG Improvement:0.00485 

Goal, Curr: (-0.81,  0.88), ( -1.17,  -1.05)   Error: 1.97
Last SG, Last State: ( -0.91,  -2.22), ( -1.17,  -1.05)  SG Improvement:-0.01274 

Goal, Curr: (-0.94,  1.24), ( -1.08,  -0.94)   Error: 2.18
Last SG, Last State: ( -0.92,  -2.32), ( -1.08,  -0.94)  SG Improvement:0.06392 

Goal, Curr: (-0.81,  0.91), ( -1.23,  -0.78)   Error: 1.74
Last SG, Last State: ( -1.02,  -1.79), ( -1.23,  -0.78)  SG Improvement:-0.01153 

Goal, Curr: (-0.96,  1.09), ( -1.19,  -1.04)   Error: 2.14
Last SG, Last State: ( -0.99,  -2.37), ( -1.20,  -1.25)  SG Improvement:0.39884 

Goal, Curr: (-0.78,  1.17), (  0.30,  -1.18)   Error: 2.58
Last SG, Last State: ( -0.15,  -2.00), (  0.42,  -1.09)  SG Improvement:0.16311 

Goal, Curr: (-0.89,  1.21), ( -0.52,  -0.90)   Error: 2.14
Last SG, Last State: ( -1.10,  -1.24), ( -0.69,  -0.85)  SG Improvement:-0.25627 

Goal, Curr: (-1.18,  0.95), (  0.62,  -1.03)   Error: 2.68
Last SG, Last State: ( -0.30,  -0.69), (  0.61,  -1.03)  SG Improvement:0.05685 

Goal, Curr: (-0.94,  0.79), ( -1.08,  -1.17)   Error: 1.96
Last SG, Last State: ( -1.04,  -0.32), ( -1.17,  -1.13)  SG Improvement:-0.30466 

episode:02500, mean:-0.10, std:0.27, median:-0.00, success:0.00
Goal, Curr: (-0.82,  0.80), ( -0.65,  -1.03)   Error: 1.84
Last SG, Last State: ( -1.01,  -0.23), ( -0.71,  -1.10)  SG Improvement:0.02101 

Goal, Curr: (-1.09,  0.76), ( -1.08,  -0.60)   Error: 1.36
Last SG, Last State: ( -1.21,  -0.17), ( -1.10,  -0.60)  SG Improvement:-0.03978 

Goal, Curr: (-0.96,  1.23), (  0.84,  -0.47)   Error: 2.48
Last SG, Last State: ( -0.73,  -0.77), (  0.34,  -0.76)  SG Improvement:-0.93877 

Goal, Curr: (-1.24,  1.02), (  0.48,  -0.68)   Error: 2.42
Last SG, Last State: (  0.00,  -0.24), (  0.51,  -0.67)  SG Improvement:0.00387 

Goal, Curr: (-1.01,  1.01), (  0.78,  -0.46)   Error: 2.32
Last SG, Last State: (  0.31,   0.40), (  0.77,  -0.46)  SG Improvement:0.15532 

Goal, Curr: (-1.11,  1.22), ( -0.93,  -0.96)   Error: 2.19
Last SG, Last State: ( -1.07,  -0.83), ( -0.93,  -0.96)  SG Improvement:-0.18176 

Goal, Curr: (-0.94,  0.99), (  0.29,  -0.66)   Error: 2.06
Last SG, Last State: ( -0.21,  -0.35), (  0.29,  -0.66)  SG Improvement:-0.27304 

Goal, Curr: (-0.96,  0.99), (  0.94,   0.26)   Error: 2.04
Last SG, Last State: (  0.14,   0.41), (  0.98,  -0.33)  SG Improvement:-0.17882 

Goal, Curr: (-1.04,  1.03), (  1.18,   0.45)   Error: 2.29
Last SG, Last State: (  0.14,   0.63), (  1.19,  -0.11)  SG Improvement:-0.14477 

Goal, Curr: (-1.09,  1.24), (  0.15,  -0.90)   Error: 2.47
Last SG, Last State: ( -0.29,  -0.25), (  0.24,  -0.86)  SG Improvement:0.23766 

episode:02600, mean:-0.19, std:0.25, median:-0.24, success:0.00
Goal, Curr: (-0.85,  0.84), ( -1.40,  -1.15)   Error: 2.07
Last SG, Last State: ( -1.00,  -0.20), ( -1.29,  -1.34)  SG Improvement:-0.10083 

Goal, Curr: (-0.97,  0.85), ( -0.88,  -0.70)   Error: 1.56
Last SG, Last State: ( -1.26,  -1.69), ( -0.81,  -0.68)  SG Improvement:0.40623 

Goal, Curr: (-0.75,  1.09), ( -1.00,  -0.60)   Error: 1.71
Last SG, Last State: ( -1.01,  -0.68), ( -1.21,  -0.60)  SG Improvement:0.30099 

Goal, Curr: (-1.00,  1.22), ( -0.38,  -1.23)   Error: 2.53
Last SG, Last State: ( -1.02,  -0.86), ( -0.40,  -1.22)  SG Improvement:-0.52446 

Goal, Curr: (-0.75,  0.89), ( -1.31,  -0.60)   Error: 1.59
Last SG, Last State: ( -1.17,  -0.70), ( -1.33,  -0.60)  SG Improvement:0.59961 

Goal, Curr: (-0.98,  1.00), ( -1.12,  -0.66)   Error: 1.67
Last SG, Last State: ( -1.45,  -1.68), ( -1.24,  -0.60)  SG Improvement:0.72281 

Goal, Curr: (-1.12,  0.95), ( -0.37,  -0.73)   Error: 1.84
Last SG, Last State: ( -0.86,  -0.08), ( -0.43,  -0.76)  SG Improvement:0.01586 

Goal, Curr: (-0.93,  1.10), (  0.61,  -1.01)   Error: 2.61
Last SG, Last State: ( -0.14,  -0.51), (  0.52,  -1.01)  SG Improvement:0.03976 

Goal, Curr: (-1.15,  0.94), ( -0.68,  -1.22)   Error: 2.21
Last SG, Last State: ( -1.16,  -0.95), ( -0.72,  -1.22)  SG Improvement:-0.53567 

Goal, Curr: (-1.23,  1.19), ( -0.18,  -0.73)   Error: 2.19
Last SG, Last State: ( -1.09,  -0.80), ( -0.59,  -0.70)  SG Improvement:-0.17598 

episode:02700, mean:-0.01, std:0.35, median:0.10, success:0.00
Goal, Curr: (-1.13,  0.86), ( -1.40,  -0.89)   Error: 1.77
Last SG, Last State: ( -0.87,  -1.34), ( -1.36,  -0.94)  SG Improvement:-0.07111 

Goal, Curr: (-1.00,  1.06), ( -0.37,  -1.19)   Error: 2.34
Last SG, Last State: ( -1.05,  -1.84), ( -0.79,  -1.12)  SG Improvement:-0.01923 

Goal, Curr: (-1.10,  1.11), ( -0.33,  -1.36)   Error: 2.59
Last SG, Last State: ( -1.38,  -1.88), ( -0.54,  -1.34)  SG Improvement:-0.26000 

Goal, Curr: (-0.82,  1.07), ( -0.71,  -1.29)   Error: 2.36
Last SG, Last State: ( -1.12,  -0.28), ( -0.68,  -1.28)  SG Improvement:-0.10705 

Goal, Curr: (-0.89,  0.88), ( -0.51,  -1.19)   Error: 2.11
Last SG, Last State: ( -1.04,  -0.35), ( -0.50,  -1.19)  SG Improvement:-0.41763 

Goal, Curr: (-1.19,  1.16), ( -1.33,  -0.74)   Error: 1.90
Last SG, Last State: ( -0.93,  -1.32), ( -1.26,  -0.99)  SG Improvement:-0.18597 

Goal, Curr: (-1.13,  1.12), ( -1.22,  -0.72)   Error: 1.84
Last SG, Last State: ( -1.00,  -1.70), ( -1.17,  -0.80)  SG Improvement:-0.27591 

Goal, Curr: (-1.19,  0.79), ( -0.62,  -1.31)   Error: 2.18
Last SG, Last State: ( -0.65,  -0.54), ( -0.70,  -1.34)  SG Improvement:-0.26570 

Goal, Curr: (-0.76,  1.24), ( -0.51,  -1.39)   Error: 2.64
Last SG, Last State: ( -1.16,  -0.84), ( -0.76,  -1.34)  SG Improvement:-0.50816 

Goal, Curr: (-0.84,  1.23), ( -1.29,  -0.60)   Error: 1.88
Last SG, Last State: ( -0.90,  -1.22), ( -1.22,  -0.60)  SG Improvement:-0.30565 

episode:02800, mean:-0.09, std:0.23, median:-0.16, success:0.00
Goal, Curr: (-0.92,  0.83), ( -1.21,  -1.21)   Error: 2.06
Last SG, Last State: ( -1.07,  -0.61), ( -1.18,  -1.22)  SG Improvement:0.00422 

Goal, Curr: (-0.79,  0.75), ( -0.73,  -1.14)   Error: 1.89
Last SG, Last State: ( -0.97,  -0.22), ( -0.77,  -1.16)  SG Improvement:-0.16404 

Goal, Curr: (-0.80,  1.19), ( -1.40,  -0.60)   Error: 1.89
Last SG, Last State: ( -1.22,  -1.04), ( -1.40,  -0.60)  SG Improvement:0.03536 

Goal, Curr: (-0.95,  1.01), ( -0.11,  -1.40)   Error: 2.54
Last SG, Last State: ( -0.79,  -0.59), ( -0.10,  -1.39)  SG Improvement:-0.14914 

Goal, Curr: (-0.97,  1.17), ( -1.28,  -1.11)   Error: 2.30
Last SG, Last State: ( -0.87,  -0.50), ( -1.37,  -0.97)  SG Improvement:-0.03850 

Goal, Curr: (-1.04,  1.22), ( -0.86,  -0.62)   Error: 1.85
Last SG, Last State: ( -1.73,  -0.53), ( -1.06,  -0.60)  SG Improvement:0.54057 

Goal, Curr: (-1.14,  1.05), ( -0.05,  -1.24)   Error: 2.53
Last SG, Last State: ( -0.82,  -0.59), ( -0.05,  -1.24)  SG Improvement:-0.00072 

Goal, Curr: (-0.76,  1.05), ( -1.26,  -1.03)   Error: 2.14
Last SG, Last State: ( -0.98,  -1.05), ( -1.20,  -1.04)  SG Improvement:-0.00285 

Goal, Curr: (-0.75,  1.23), ( -0.69,  -1.02)   Error: 2.25
Last SG, Last State: ( -0.79,  -0.14), ( -0.71,  -1.02)  SG Improvement:0.04587 

Goal, Curr: (-1.05,  0.79), ( -1.16,  -1.03)   Error: 1.82
Last SG, Last State: ( -0.93,  -1.27), ( -1.08,  -1.10)  SG Improvement:0.00378 

episode:02900, mean:-0.13, std:0.27, median:-0.22, success:0.00
Goal, Curr: (-1.03,  1.17), (  0.24,  -0.80)   Error: 2.35
Last SG, Last State: ( -0.96,  -1.33), (  0.05,  -0.87)  SG Improvement:-0.45813 

Goal, Curr: (-0.81,  1.15), ( -0.15,  -0.82)   Error: 2.08
Last SG, Last State: ( -0.18,  -0.40), (  0.05,  -0.80)  SG Improvement:-0.13204 

Goal, Curr: (-1.06,  1.20), ( -0.82,  -0.90)   Error: 2.11
Last SG, Last State: ( -0.75,  -0.19), ( -0.82,  -0.90)  SG Improvement:-0.30464 

Goal, Curr: (-1.01,  1.14), ( -0.96,  -0.75)   Error: 1.88
Last SG, Last State: ( -1.38,  -1.25), ( -0.96,  -0.74)  SG Improvement:0.00145 

Goal, Curr: (-0.84,  1.16), (  0.17,  -0.90)   Error: 2.29
Last SG, Last State: ( -0.32,  -0.89), (  0.23,  -0.86)  SG Improvement:-0.12343 

Goal, Curr: (-0.87,  0.89), ( -0.94,  -1.35)   Error: 2.24
Last SG, Last State: ( -1.09,  -0.39), ( -0.71,  -1.40)  SG Improvement:-0.12210 

Goal, Curr: (-0.76,  1.17), ( -1.20,  -0.83)   Error: 2.05
Last SG, Last State: ( -0.99,  -1.85), ( -1.20,  -0.83)  SG Improvement:0.00188 

Goal, Curr: (-0.80,  0.92), ( -0.56,  -0.61)   Error: 1.56
Last SG, Last State: ( -0.43,  -0.59), ( -0.21,  -0.68)  SG Improvement:0.09235 

Goal, Curr: (-1.09,  1.04), ( -0.36,  -1.14)   Error: 2.30
Last SG, Last State: ( -0.85,  -0.63), ( -0.47,  -1.24)  SG Improvement:-0.02830 

Goal, Curr: (-1.05,  0.83), ( -0.69,  -0.85)   Error: 1.71
Last SG, Last State: ( -0.91,  -0.47), ( -0.66,  -1.03)  SG Improvement:-0.06921 

episode:03000, mean:-0.00, std:0.31, median:0.01, success:0.00
