Using device: cpu
gc-1.0-lowscale-0.5
Log radii:  [0. 0. 0. 0. 0. 0.]
Adjusted log radii:  [1.78999996 1.19000006 1.78999996 2.38999987 1.49000001 1.49000001]
Goal, Curr: (-0.89,  0.88), (  0.60,   0.08)   Error: 1.69
Last SG, Last State: (  1.00,   1.25), (  0.60,  -0.26)  SG Improvement:0.27943 

Goal, Curr: (-0.81,  0.84), (  1.38,   0.60)   Error: 2.21
Last SG, Last State: (  2.28,  -1.16), (  1.40,   0.29)  SG Improvement:0.76310 

Goal, Curr: (-0.83,  0.81), (  0.60,  -0.13)   Error: 1.71
Last SG, Last State: (  0.72,   1.03), (  0.60,  -0.41)  SG Improvement:0.63688 

Goal, Curr: (-1.02,  1.00), (  0.60,   0.12)   Error: 1.84
Last SG, Last State: (  0.75,   1.11), (  0.60,  -0.17)  SG Improvement:0.58964 

Goal, Curr: (-1.08,  0.78), (  0.60,   0.00)   Error: 1.85
Last SG, Last State: (  1.03,   1.11), (  0.60,  -0.31)  SG Improvement:0.52201 

Goal, Curr: (-0.93,  1.10), (  0.60,   0.07)   Error: 1.85
Last SG, Last State: (  0.70,   1.02), (  0.60,  -0.23)  SG Improvement:0.66341 

Goal, Curr: (-1.01,  1.08), (  1.39,   0.83)   Error: 2.40
Last SG, Last State: (  2.48,  -1.65), (  1.36,   0.58)  SG Improvement:-0.40061 

Goal, Curr: (-1.17,  1.02), (  0.60,   0.14)   Error: 1.98
Last SG, Last State: (  0.78,   1.13), (  0.60,  -0.16)  SG Improvement:0.40076 

Goal, Curr: (-1.17,  1.08), (  0.60,  -0.33)   Error: 2.26
Last SG, Last State: (  0.80,   1.10), (  0.58,  -0.56)  SG Improvement:0.67117 

Goal, Curr: (-1.08,  1.11), (  0.60,  -0.32)   Error: 2.21
Last SG, Last State: (  1.19,   1.13), (  0.59,  -0.55)  SG Improvement:0.47873 

episode:00100, mean:-0.08, std:0.30, median:-0.07, success:0.00
Goal, Curr: (-1.03,  0.90), (  0.18,   1.01)   Error: 1.22
Last SG, Last State: ( -1.14,   1.70), (  0.50,   0.69)  SG Improvement:0.75380 

Goal, Curr: (-1.16,  0.80), (  1.08,  -1.40)   Error: 3.15
Last SG, Last State: ( -0.33,   0.67), (  0.94,  -1.36)  SG Improvement:-0.10637 

Goal, Curr: (-0.77,  0.78), (  0.60,  -0.37)   Error: 1.79
Last SG, Last State: (  0.71,  -1.21), (  0.61,  -0.40)  SG Improvement:0.84876 

Goal, Curr: (-1.03,  0.88), (  0.07,   1.26)   Error: 1.16
Last SG, Last State: ( -1.15,   1.76), (  0.12,   1.12)  SG Improvement:0.16014 

Goal, Curr: (-0.91,  1.11), (  0.60,  -0.32)   Error: 2.09
Last SG, Last State: ( -0.76,   0.96), (  0.60,  -0.34)  SG Improvement:0.45073 

Goal, Curr: (-1.12,  0.89), (  0.09,   1.08)   Error: 1.23
Last SG, Last State: ( -1.09,   1.66), (  0.43,   0.78)  SG Improvement:0.83044 

Goal, Curr: (-1.23,  0.86), (  0.53,  -0.73)   Error: 2.37
Last SG, Last State: ( -1.02,   1.22), (  0.54,  -0.78)  SG Improvement:0.00974 

Goal, Curr: (-1.11,  1.22), (  0.60,   0.39)   Error: 1.90
Last SG, Last State: (  0.26,  -0.05), (  0.60,  -0.03)  SG Improvement:0.84736 

Goal, Curr: (-1.14,  1.15), (  0.08,   1.26)   Error: 1.22
Last SG, Last State: ( -1.09,   1.64), (  0.33,   0.95)  SG Improvement:0.89642 

Goal, Curr: (-0.92,  1.02), (  0.82,  -0.13)   Error: 2.08
Last SG, Last State: ( -1.09,   1.26), (  0.79,  -0.15)  SG Improvement:0.02180 

episode:00200, mean:0.06, std:0.70, median:0.25, success:0.00
Goal, Curr: (-1.03,  1.00), ( -0.60,   1.10)   Error: 0.44
Last SG, Last State: ( -0.08,   1.43), ( -0.13,   1.12)  SG Improvement:0.22280 

Goal, Curr: (-1.21,  0.90), (  0.07,  -0.60)   Error: 1.97
Last SG, Last State: ( -0.53,   1.26), (  0.04,  -0.60)  SG Improvement:-0.00610 

Goal, Curr: (-0.97,  0.95), (  0.14,  -0.60)   Error: 1.91
Last SG, Last State: ( -0.43,   1.27), (  0.13,  -0.60)  SG Improvement:-0.00562 

Goal, Curr: (-1.24,  0.98), ( -0.85,   1.17)   Error: 0.44
Last SG, Last State: (  0.01,   2.16), ( -0.82,   1.18)  SG Improvement:-0.01473 

Goal, Curr: (-0.95,  0.76), ( -0.62,   1.06)   Error: 0.45
Last SG, Last State: (  0.04,   1.55), ( -0.29,   1.10)  SG Improvement:0.20910 

Goal, Curr: (-1.00,  1.03), ( -0.56,   1.04)   Error: 0.44
Last SG, Last State: ( -1.01,   1.47), ( -0.35,   1.09)  SG Improvement:0.29562 

Goal, Curr: (-1.12,  1.23), (  0.10,  -0.60)   Error: 2.20
Last SG, Last State: ( -0.40,   1.27), (  0.09,  -0.60)  SG Improvement:-0.00139 

Goal, Curr: (-1.15,  1.04), ( -0.72,   1.18)   Error: 0.45
Last SG, Last State: (  0.08,   1.49), ( -0.19,   1.21)  SG Improvement:0.15308 

Goal, Curr: (-0.99,  1.07), (  0.14,  -0.60)   Error: 2.02
Last SG, Last State: ( -0.41,   1.27), (  0.13,  -0.60)  SG Improvement:-0.00429 

Goal, Curr: (-1.02,  0.98), ( -0.58,   0.99)   Error: 0.44
Last SG, Last State: (  0.41,   1.86), ( -0.50,   1.01)  SG Improvement:-0.08764 

episode:00300, mean:60.27, std:49.20, median:100.19, success:0.60
Goal, Curr: (-0.78,  0.83), (  0.60,   0.40)   Error: 1.45
Last SG, Last State: ( -0.18,   1.45), (  0.60,  -0.01)  SG Improvement:0.90957 

Goal, Curr: (-0.90,  0.77), ( -0.43,   0.91)   Error: 0.48
Last SG, Last State: ( -0.53,   1.30), (  0.15,   0.90)  SG Improvement:1.37867 

Goal, Curr: (-1.01,  0.96), ( -0.04,   0.76)   Error: 0.99
Last SG, Last State: ( -1.33,   2.19), (  0.54,   0.60)  SG Improvement:0.56321 

Goal, Curr: (-1.17,  1.14), ( -0.11,   0.91)   Error: 1.08
Last SG, Last State: ( -0.93,   1.88), (  0.45,   0.68)  SG Improvement:0.99315 

Goal, Curr: (-0.92,  0.76), (  0.20,   0.92)   Error: 1.14
Last SG, Last State: ( -1.27,   2.04), (  0.60,   0.49)  SG Improvement:0.13750 

Goal, Curr: (-0.90,  1.05), ( -0.55,   0.77)   Error: 0.44
Last SG, Last State: (  0.94,   1.32), ( -0.17,   0.86)  SG Improvement:-0.29580 

Goal, Curr: (-0.98,  0.91), (  0.46,   0.67)   Error: 1.46
Last SG, Last State: (  1.29,   1.10), (  0.68,   0.23)  SG Improvement:1.32261 

Goal, Curr: (-0.88,  0.81), (  0.60,   0.25)   Error: 1.58
Last SG, Last State: ( -0.12,   1.34), (  0.60,  -0.22)  SG Improvement:0.86100 

Goal, Curr: (-0.96,  1.01), (  0.37,   0.78)   Error: 1.34
Last SG, Last State: ( -1.33,   1.84), (  0.60,   0.30)  SG Improvement:0.15196 

Goal, Curr: (-0.89,  1.21), ( -0.65,   0.75)   Error: 0.52
Last SG, Last State: (  0.70,   1.38), ( -0.06,   0.85)  SG Improvement:-0.21504 

episode:00400, mean:10.84, std:29.99, median:0.90, success:0.10
Goal, Curr: (-0.79,  0.91), (  0.28,   0.73)   Error: 1.08
Last SG, Last State: ( -1.11,   2.02), (  0.60,   0.37)  SG Improvement:-0.47758 

Goal, Curr: (-1.16,  0.82), (  0.20,   0.77)   Error: 1.36
Last SG, Last State: ( -0.93,   2.18), (  0.60,   0.44)  SG Improvement:-0.53754 

Goal, Curr: (-0.97,  1.15), (  0.19,   0.78)   Error: 1.21
Last SG, Last State: ( -1.26,   2.05), (  0.60,   0.45)  SG Improvement:-0.60903 

Goal, Curr: (-1.21,  1.23), ( -0.39,   0.94)   Error: 0.88
Last SG, Last State: ( -1.39,   2.44), (  0.20,   0.81)  SG Improvement:0.78716 

Goal, Curr: (-1.01,  0.86), ( -0.18,   0.78)   Error: 0.83
Last SG, Last State: ( -1.39,   2.26), (  0.40,   0.67)  SG Improvement:0.65800 

Goal, Curr: (-0.80,  1.01), ( -0.23,   0.78)   Error: 0.62
Last SG, Last State: ( -1.40,   2.31), (  0.36,   0.68)  SG Improvement:0.52592 

Goal, Curr: (-1.17,  1.16), (  0.60,   0.36)   Error: 1.94
Last SG, Last State: ( -0.77,   1.52), (  0.87,   0.01)  SG Improvement:0.48615 

Goal, Curr: (-1.24,  0.96), (  0.60,   0.36)   Error: 1.94
Last SG, Last State: ( -0.60,   1.57), (  1.08,   0.07)  SG Improvement:0.79862 

Goal, Curr: (-0.95,  0.84), (  0.63,   0.26)   Error: 1.69
Last SG, Last State: ( -0.60,   1.39), (  1.12,  -0.09)  SG Improvement:0.86885 

Goal, Curr: (-1.19,  0.80), (  0.40,   0.66)   Error: 1.59
Last SG, Last State: ( -1.02,   1.91), (  0.60,   0.28)  SG Improvement:-0.36575 

episode:00500, mean:0.60, std:0.46, median:0.55, success:0.00
Goal, Curr: (-0.82,  0.76), ( -0.06,   0.69)   Error: 0.76
Last SG, Last State: ( -1.39,   2.14), (  0.53,   0.60)  SG Improvement:0.74195 

Goal, Curr: (-1.25,  1.18), (  0.53,   0.60)   Error: 1.88
Last SG, Last State: ( -1.19,   1.76), (  0.66,   0.18)  SG Improvement:1.12913 

Goal, Curr: (-0.82,  1.03), (  0.08,  -0.60)   Error: 1.87
Last SG, Last State: ( -0.18,   1.40), (  0.40,  -0.60)  SG Improvement:-0.12552 

Goal, Curr: (-1.15,  0.79), ( -0.11,  -0.60)   Error: 1.74
Last SG, Last State: (  0.23,   1.40), (  0.00,  -0.60)  SG Improvement:-0.22962 

Goal, Curr: (-1.02,  1.10), (  0.14,  -0.60)   Error: 2.06
Last SG, Last State: ( -1.26,   1.40), (  0.27,  -0.60)  SG Improvement:0.00081 

Goal, Curr: (-1.10,  0.95), ( -0.13,  -0.66)   Error: 1.88
Last SG, Last State: ( -1.67,   1.40), ( -0.16,  -0.60)  SG Improvement:0.08563 

Goal, Curr: (-0.99,  1.12), (  0.26,  -0.60)   Error: 2.12
Last SG, Last State: ( -1.08,   1.40), (  0.17,  -0.60)  SG Improvement:0.06742 

Goal, Curr: (-0.83,  1.21), (  0.38,  -0.60)   Error: 2.18
Last SG, Last State: ( -1.20,   1.40), (  0.22,  -0.60)  SG Improvement:0.09849 

Goal, Curr: (-0.86,  1.21), (  0.60,  -0.10)   Error: 1.96
Last SG, Last State: ( -0.78,   1.40), (  0.59,  -0.56)  SG Improvement:0.18129 

Goal, Curr: (-0.88,  0.93), (  0.26,  -0.60)   Error: 1.90
Last SG, Last State: ( -0.60,   1.40), (  0.43,  -0.60)  SG Improvement:-0.10671 

episode:00600, mean:0.15, std:0.32, median:0.18, success:0.00
Goal, Curr: (-1.18,  1.00), ( -0.91,   0.64)   Error: 0.45
Last SG, Last State: ( -1.99,   0.56), ( -0.64,   0.67)  SG Improvement:0.22978 

Goal, Curr: (-0.97,  1.19), ( -0.71,   0.76)   Error: 0.50
Last SG, Last State: ( -1.68,   0.98), ( -0.23,   0.82)  SG Improvement:0.35146 

Goal, Curr: (-0.78,  0.83), ( -0.35,   0.69)   Error: 0.45
Last SG, Last State: ( -1.38,   1.90), (  0.13,   0.75)  SG Improvement:0.38178 

Goal, Curr: (-0.81,  0.96), ( -0.47,   0.68)   Error: 0.45
Last SG, Last State: ( -1.55,   1.05), ( -0.12,   0.76)  SG Improvement:0.49439 

Goal, Curr: (-0.89,  1.21), ( -0.59,   0.87)   Error: 0.45
Last SG, Last State: ( -1.81,   0.74), ( -0.36,   0.90)  SG Improvement:0.24796 

Goal, Curr: (-1.14,  1.18), ( -1.05,   0.72)   Error: 0.46
Last SG, Last State: ( -1.83,   0.65), ( -0.48,   0.78)  SG Improvement:0.38896 

Goal, Curr: (-0.97,  1.17), ( -0.92,   0.69)   Error: 0.48
Last SG, Last State: ( -1.78,   0.80), ( -0.34,   0.80)  SG Improvement:0.17324 

Goal, Curr: (-1.22,  1.03), ( -0.93,   0.68)   Error: 0.45
Last SG, Last State: ( -2.27,   0.47), ( -0.89,   0.69)  SG Improvement:-0.03460 

Goal, Curr: (-1.13,  1.10), ( -0.58,   0.75)   Error: 0.66
Last SG, Last State: ( -1.43,   1.57), (  0.00,   0.78)  SG Improvement:0.35813 

Goal, Curr: (-0.94,  0.79), ( -0.36,   0.69)   Error: 0.60
Last SG, Last State: ( -1.38,   2.49), (  0.12,   0.70)  SG Improvement:0.74628 

episode:00700, mean:51.12, std:49.56, median:51.07, success:0.50
Goal, Curr: (-1.11,  0.99), ( -0.70,   0.86)   Error: 0.44
Last SG, Last State: ( -1.05,  -0.38), ( -0.35,   0.95)  SG Improvement:0.92546 

Goal, Curr: (-0.91,  1.03), ( -0.48,   0.92)   Error: 0.44
Last SG, Last State: ( -0.65,  -0.10), ( -0.23,   0.98)  SG Improvement:0.83481 

Goal, Curr: (-1.00,  1.03), ( -0.57,   0.97)   Error: 0.44
Last SG, Last State: ( -0.89,  -0.30), ( -0.30,   1.02)  SG Improvement:0.75951 

Goal, Curr: (-0.82,  0.81), ( -0.38,   0.85)   Error: 0.44
Last SG, Last State: ( -0.81,  -0.04), ( -0.30,   0.87)  SG Improvement:0.54315 

Goal, Curr: (-0.99,  1.15), ( -0.58,   1.01)   Error: 0.44
Last SG, Last State: ( -0.93,  -0.26), ( -0.29,   1.09)  SG Improvement:0.88796 

Goal, Curr: (-1.19,  0.94), ( -0.75,   0.91)   Error: 0.45
Last SG, Last State: ( -1.04,  -0.14), ( -0.26,   1.02)  SG Improvement:1.28084 

Goal, Curr: (-0.97,  0.83), ( -0.53,   0.87)   Error: 0.44
Last SG, Last State: ( -0.86,  -0.41), ( -0.30,   0.92)  SG Improvement:0.71227 

Goal, Curr: (-0.91,  0.97), ( -0.28,   0.97)   Error: 0.63
Last SG, Last State: ( -0.84,   2.18), (  0.30,   0.99)  SG Improvement:1.01970 

Goal, Curr: (-0.75,  1.07), ( -0.13,   0.97)   Error: 0.63
Last SG, Last State: ( -0.68,   2.27), (  0.46,   1.01)  SG Improvement:0.93641 

Goal, Curr: (-0.87,  0.88), ( -0.43,   0.94)   Error: 0.45
Last SG, Last State: ( -1.02,  -0.31), ( -0.20,   0.99)  SG Improvement:1.01948 

episode:00800, mean:80.70, std:39.65, median:100.50, success:0.80
Goal, Curr: (-0.75,  0.80), ( -0.32,   0.76)   Error: 0.43
Last SG, Last State: ( -1.02,   1.44), (  0.03,   0.85)  SG Improvement:1.14008 

Goal, Curr: (-1.15,  1.14), ( -0.74,   0.96)   Error: 0.44
Last SG, Last State: ( -1.35,   0.61), ( -0.41,   1.02)  SG Improvement:1.43311 

Goal, Curr: (-0.93,  0.78), ( -0.49,   0.75)   Error: 0.44
Last SG, Last State: ( -1.05,   1.53), (  0.02,   0.87)  SG Improvement:1.13228 

Goal, Curr: (-0.78,  0.80), ( -0.34,   0.76)   Error: 0.44
Last SG, Last State: ( -0.95,   1.30), (  0.08,   0.85)  SG Improvement:1.23494 

Goal, Curr: (-1.12,  0.96), ( -0.68,   0.85)   Error: 0.45
Last SG, Last State: ( -1.14,   0.58), ( -0.45,   0.90)  SG Improvement:0.75467 

Goal, Curr: (-0.77,  1.12), ( -0.35,   0.98)   Error: 0.44
Last SG, Last State: ( -1.29,   0.70), ( -0.17,   1.04)  SG Improvement:1.09422 

Goal, Curr: (-0.80,  0.78), ( -0.36,   0.82)   Error: 0.45
Last SG, Last State: ( -1.04,   1.45), (  0.05,   0.88)  SG Improvement:1.02269 

Goal, Curr: (-0.78,  0.89), ( -0.34,   0.88)   Error: 0.44
Last SG, Last State: ( -1.04,   1.67), (  0.05,   0.93)  SG Improvement:1.03581 

Goal, Curr: (-1.21,  1.12), ( -0.78,   1.03)   Error: 0.44
Last SG, Last State: ( -1.16,   0.68), ( -0.28,   1.12)  SG Improvement:1.39984 

Goal, Curr: (-1.10,  0.85), ( -0.66,   0.83)   Error: 0.44
Last SG, Last State: ( -1.38,   0.42), ( -0.45,   0.88)  SG Improvement:1.38382 

episode:00900, mean:100.51, std:0.23, median:100.47, success:1.00
Goal, Curr: (-1.21,  1.10), ( -0.83,   0.87)   Error: 0.44
Last SG, Last State: ( -2.21,   2.43), ( -0.68,   0.81)  SG Improvement:-0.30838 

Goal, Curr: (-1.14,  0.89), ( -0.02,   0.60)   Error: 1.16
Last SG, Last State: (  0.72,  -0.97), (  0.52,   0.60)  SG Improvement:0.51243 

Goal, Curr: (-1.10,  0.78), ( -0.66,   0.85)   Error: 0.44
Last SG, Last State: ( -1.21,   1.73), ( -0.09,   0.79)  SG Improvement:0.67452 

Goal, Curr: (-0.84,  0.85), ( -0.42,   0.70)   Error: 0.44
Last SG, Last State: ( -1.53,   0.78), ( -0.27,   0.76)  SG Improvement:0.95856 

Goal, Curr: (-0.92,  0.79), (  0.61,   0.38)   Error: 1.59
Last SG, Last State: (  1.27,  -1.57), (  0.77,   0.24)  SG Improvement:0.01989 

Goal, Curr: (-1.10,  0.76), ( -0.01,   0.68)   Error: 1.09
Last SG, Last State: (  0.74,  -1.41), (  0.41,   0.60)  SG Improvement:0.10660 

Goal, Curr: (-1.10,  0.97), ( -0.85,   0.60)   Error: 0.44
Last SG, Last State: ( -1.86,   1.70), ( -0.53,   0.79)  SG Improvement:0.54821 

Goal, Curr: (-1.13,  1.10), ( -0.25,   0.84)   Error: 0.92
Last SG, Last State: (  0.25,  -1.18), ( -0.08,   0.80)  SG Improvement:0.18281 

Goal, Curr: (-0.99,  1.07), ( -0.59,   0.86)   Error: 0.44
Last SG, Last State: ( -1.51,   0.54), ( -0.26,   0.81)  SG Improvement:0.89059 

Goal, Curr: (-0.95,  1.17), ( -0.62,   0.88)   Error: 0.44
Last SG, Last State: ( -1.52,   0.46), ( -0.26,   0.85)  SG Improvement:0.91151 

episode:01000, mean:60.51, std:48.86, median:100.28, success:0.60
Goal, Curr: (-1.24,  1.12), (  0.60,  -0.40)   Error: 2.39
Last SG, Last State: ( -0.79,  -0.88), (  0.67,  -0.43)  SG Improvement:-1.26944 

Goal, Curr: (-1.13,  1.25), (  1.32,   1.35)   Error: 2.45
Last SG, Last State: ( -0.32,  -1.28), (  1.29,   1.06)  SG Improvement:-0.33993 

Goal, Curr: (-0.89,  1.00), (  1.40,   1.08)   Error: 2.29
Last SG, Last State: ( -0.50,  -1.51), (  1.38,   0.78)  SG Improvement:-0.22017 

Goal, Curr: (-0.99,  1.12), (  0.87,  -0.09)   Error: 2.22
Last SG, Last State: ( -1.39,  -1.80), (  0.85,  -0.14)  SG Improvement:0.16876 

Goal, Curr: (-1.10,  0.84), (  0.70,  -0.01)   Error: 2.00
Last SG, Last State: ( -1.47,  -1.75), (  0.70,  -0.36)  SG Improvement:0.34044 

Goal, Curr: (-1.05,  1.22), (  1.40,   1.34)   Error: 2.45
Last SG, Last State: ( -0.08,  -1.31), (  1.35,   1.00)  SG Improvement:-0.02508 

Goal, Curr: (-1.12,  1.03), (  1.16,   0.43)   Error: 2.35
Last SG, Last State: ( -0.46,  -0.39), (  0.78,   0.10)  SG Improvement:0.28748 

Goal, Curr: (-0.77,  0.75), (  0.87,   0.96)   Error: 1.65
Last SG, Last State: (  0.84,   0.95), (  0.78,   0.85)  SG Improvement:0.75446 

Goal, Curr: (-1.04,  1.09), (  0.97,   1.04)   Error: 2.01
Last SG, Last State: (  0.00,  -1.18), (  0.96,   0.99)  SG Improvement:-0.19475 

Goal, Curr: (-0.82,  1.05), (  1.38,   0.91)   Error: 2.20
Last SG, Last State: (  0.79,  -1.24), (  1.40,   0.77)  SG Improvement:-0.73022 

episode:01100, mean:-0.19, std:0.25, median:-0.25, success:0.00
Log radii:  [0. 0. 0. 0. 0. 0.]
Adjusted log radii:  [ 1.19000006  2.08999991 -0.          2.08999991  1.78999996  1.19000006]
Goal, Curr: (-1.24,  0.95), ( -0.81,   0.90)   Error: 0.43
Last SG, Last State: ( -2.04,   0.82), ( -0.61,   0.89)  SG Improvement:0.31508 

Goal, Curr: (-0.97,  0.92), ( -0.53,   0.97)   Error: 0.44
Last SG, Last State: ( -1.60,   0.22), ( -0.16,   0.92)  SG Improvement:0.44133 

Goal, Curr: (-1.12,  1.08), ( -0.71,   0.93)   Error: 0.45
Last SG, Last State: ( -1.99,   0.80), ( -0.55,   0.90)  SG Improvement:0.31537 

Goal, Curr: (-1.22,  1.19), ( -0.84,   0.98)   Error: 0.44
Last SG, Last State: ( -2.09,   1.00), ( -0.66,   0.96)  SG Improvement:0.33088 

Goal, Curr: (-0.83,  0.89), ( -0.41,   0.95)   Error: 0.43
Last SG, Last State: ( -1.48,   0.09), ( -0.02,   0.86)  SG Improvement:0.23876 

Goal, Curr: (-1.22,  0.94), ( -0.78,   0.94)   Error: 0.44
Last SG, Last State: ( -1.85,   0.60), ( -0.42,   0.92)  SG Improvement:0.31638 

Goal, Curr: (-1.10,  1.24), ( -0.70,   1.07)   Error: 0.45
Last SG, Last State: ( -1.77,   0.34), ( -0.34,   1.02)  SG Improvement:0.45111 

Goal, Curr: (-0.94,  0.90), (  0.60,   0.20)   Error: 1.70
Last SG, Last State: ( -1.39,  -0.86), (  0.60,   0.22)  SG Improvement:0.07876 

Goal, Curr: (-1.17,  1.04), ( -0.74,   0.93)   Error: 0.44
Last SG, Last State: ( -2.05,   0.97), ( -0.62,   0.92)  SG Improvement:0.32702 

Goal, Curr: (-1.13,  0.76), (  0.60,   0.29)   Error: 1.79
Last SG, Last State: ( -1.39,  -1.05), (  0.60,   0.28)  SG Improvement:0.02634 

episode:01200, mean:80.43, std:40.23, median:100.51, success:0.80
Goal, Curr: (-0.80,  0.84), ( -0.36,   0.90)   Error: 0.45
Last SG, Last State: ( -1.71,  -0.01), ( -0.25,   0.89)  SG Improvement:0.34307 

Goal, Curr: (-0.99,  1.03), (  1.28,   0.34)   Error: 2.37
Last SG, Last State: ( -0.81,   0.64), (  1.10,   0.24)  SG Improvement:0.81481 

Goal, Curr: (-1.12,  0.88), (  0.90,   0.84)   Error: 2.02
Last SG, Last State: ( -0.75,   1.16), (  0.60,   0.36)  SG Improvement:0.32556 

Goal, Curr: (-1.05,  1.14), ( -0.98,   0.64)   Error: 0.51
Last SG, Last State: ( -1.81,  -0.15), ( -0.40,   0.60)  SG Improvement:0.26716 

Goal, Curr: (-0.77,  0.99), (  0.78,   1.31)   Error: 1.58
Last SG, Last State: ( -1.33,  -0.68), (  0.80,   1.04)  SG Improvement:0.06720 

Goal, Curr: (-1.21,  0.84), (  1.26,   0.30)   Error: 2.53
Last SG, Last State: ( -0.90,   0.59), (  1.11,   0.22)  SG Improvement:0.63458 

Goal, Curr: (-0.88,  0.85), (  0.15,   1.40)   Error: 1.17
Last SG, Last State: ( -1.12,   1.22), (  0.43,   1.04)  SG Improvement:1.13434 

Goal, Curr: (-1.12,  1.13), ( -0.75,   0.91)   Error: 0.44
Last SG, Last State: ( -2.12,  -0.02), ( -0.69,   0.90)  SG Improvement:0.34341 

Goal, Curr: (-0.97,  0.89), (  0.48,   0.73)   Error: 1.46
Last SG, Last State: ( -1.27,   1.17), (  0.50,   0.68)  SG Improvement:0.81310 

Goal, Curr: (-1.02,  1.13), (  0.59,   1.13)   Error: 1.62
Last SG, Last State: ( -1.04,   1.17), (  0.59,   0.55)  SG Improvement:0.93903 

episode:01300, mean:20.39, std:39.99, median:0.62, success:0.20
Goal, Curr: (-0.86,  0.91), ( -0.43,   0.88)   Error: 0.44
Last SG, Last State: ( -1.79,   0.17), ( -0.39,   0.88)  SG Improvement:0.97190 

Goal, Curr: (-1.05,  1.14), ( -0.76,   0.80)   Error: 0.45
Last SG, Last State: ( -2.10,   0.47), ( -0.70,   0.79)  SG Improvement:0.25349 

Goal, Curr: (-1.03,  1.00), ( -0.69,   0.73)   Error: 0.44
Last SG, Last State: ( -2.05,   0.60), ( -0.65,   0.73)  SG Improvement:0.37469 

Goal, Curr: (-0.94,  0.92), ( -0.59,   0.66)   Error: 0.44
Last SG, Last State: ( -1.47,  -0.50), ( -0.12,   0.73)  SG Improvement:0.71571 

Goal, Curr: (-1.16,  1.14), ( -0.88,   0.79)   Error: 0.45
Last SG, Last State: ( -2.12,   0.46), ( -0.72,   0.81)  SG Improvement:0.35268 

Goal, Curr: (-0.77,  0.79), ( -0.34,   0.67)   Error: 0.44
Last SG, Last State: ( -1.45,  -0.38), ( -0.11,   0.69)  SG Improvement:0.82867 

Goal, Curr: (-1.01,  1.00), ( -0.67,   0.70)   Error: 0.45
Last SG, Last State: ( -2.06,   0.51), ( -0.65,   0.70)  SG Improvement:0.20254 

Goal, Curr: (-1.10,  0.80), ( -0.71,   0.60)   Error: 0.44
Last SG, Last State: ( -2.07,   0.61), ( -0.65,   0.60)  SG Improvement:0.45356 

Goal, Curr: (-0.77,  0.76), ( -0.34,   0.72)   Error: 0.44
Last SG, Last State: ( -0.64,  -0.20), (  0.14,   0.74)  SG Improvement:1.56177 

Goal, Curr: (-0.85,  0.83), ( -0.44,   0.68)   Error: 0.43
Last SG, Last State: ( -1.09,  -0.42), (  0.06,   0.70)  SG Improvement:1.08441 

episode:01400, mean:100.51, std:0.22, median:100.56, success:1.00
Goal, Curr: (-1.10,  0.83), ( -0.66,   0.90)   Error: 0.44
Last SG, Last State: ( -1.95,   0.73), ( -0.54,   0.91)  SG Improvement:0.81068 

Goal, Curr: (-0.81,  1.21), ( -0.37,   1.16)   Error: 0.45
Last SG, Last State: ( -1.43,  -0.33), (  0.08,   1.06)  SG Improvement:0.12357 

Goal, Curr: (-0.98,  1.15), ( -0.54,   1.10)   Error: 0.44
Last SG, Last State: ( -1.86,   0.07), ( -0.44,   1.10)  SG Improvement:1.07940 

Goal, Curr: (-0.82,  0.91), ( -0.39,   1.00)   Error: 0.44
Last SG, Last State: ( -1.47,   0.20), (  0.00,   0.95)  SG Improvement:0.19261 

Goal, Curr: (-0.95,  1.02), ( -0.51,   1.05)   Error: 0.44
Last SG, Last State: ( -1.60,   0.25), ( -0.12,   1.00)  SG Improvement:0.20847 

Goal, Curr: (-1.11,  0.80), ( -0.69,   0.91)   Error: 0.43
Last SG, Last State: ( -2.03,   0.81), ( -0.63,   0.90)  SG Improvement:0.87482 

Goal, Curr: (-1.02,  1.18), ( -0.57,   1.18)   Error: 0.45
Last SG, Last State: ( -1.63,   0.10), ( -0.12,   1.12)  SG Improvement:0.12745 

Goal, Curr: (-1.18,  1.20), ( -0.74,   1.16)   Error: 0.44
Last SG, Last State: ( -1.92,  -0.04), ( -0.51,   1.17)  SG Improvement:1.16240 

Goal, Curr: (-0.76,  0.97), ( -0.33,   1.04)   Error: 0.44
Last SG, Last State: ( -1.67,   0.02), ( -0.25,   1.04)  SG Improvement:0.94451 

Goal, Curr: (-0.87,  0.88), ( -0.46,   1.02)   Error: 0.44
Last SG, Last State: ( -1.46,  -0.22), ( -0.02,   0.98)  SG Improvement:0.56535 

episode:01500, mean:100.57, std:0.17, median:100.53, success:1.00
Goal, Curr: (-0.84,  1.23), ( -1.28,   1.14)   Error: 0.45
Last SG, Last State: ( -2.83,   0.67), ( -1.40,   0.60)  SG Improvement:-0.80117 

Goal, Curr: (-0.98,  0.83), ( -0.56,   0.97)   Error: 0.44
Last SG, Last State: ( -1.65,   0.45), ( -0.24,   1.06)  SG Improvement:1.03753 

Goal, Curr: (-0.89,  1.02), ( -0.74,   0.61)   Error: 0.44
Last SG, Last State: ( -2.10,   0.97), ( -0.70,   0.60)  SG Improvement:0.36437 

Goal, Curr: (-0.94,  0.85), ( -0.51,   0.88)   Error: 0.43
Last SG, Last State: ( -1.64,   0.08), ( -0.28,   0.95)  SG Improvement:1.79808 

Goal, Curr: (-1.14,  0.91), ( -0.83,   0.60)   Error: 0.44
Last SG, Last State: ( -1.71,   0.58), ( -0.32,   0.66)  SG Improvement:0.84668 

Goal, Curr: (-1.14,  1.19), ( -1.40,   0.60)   Error: 0.64
Last SG, Last State: ( -2.71,   0.22), ( -1.29,   0.60)  SG Improvement:0.57793 

Goal, Curr: (-1.11,  1.06), ( -1.40,   0.61)   Error: 0.53
Last SG, Last State: ( -2.59,   0.36), ( -1.18,   0.60)  SG Improvement:0.53778 

Goal, Curr: (-0.85,  0.93), ( -0.43,   0.80)   Error: 0.44
Last SG, Last State: ( -1.11,   0.39), (  0.09,   0.82)  SG Improvement:0.99424 

Goal, Curr: (-0.92,  1.00), ( -0.67,   0.63)   Error: 0.44
Last SG, Last State: ( -1.95,   0.88), ( -0.55,   0.60)  SG Improvement:0.37959 

Goal, Curr: (-1.23,  0.99), ( -0.83,   0.80)   Error: 0.44
Last SG, Last State: ( -1.77,   0.07), ( -0.38,   1.01)  SG Improvement:1.61853 

episode:01600, mean:80.70, std:39.61, median:100.47, success:0.80
Goal, Curr: (-1.05,  0.82), ( -0.66,   0.60)   Error: 0.44
Last SG, Last State: ( -1.51,   0.39), ( -0.10,   0.60)  SG Improvement:0.45800 

Goal, Curr: (-0.82,  1.15), ( -0.80,   0.72)   Error: 0.44
Last SG, Last State: ( -2.06,   0.70), ( -0.67,   0.60)  SG Improvement:0.33565 

Goal, Curr: (-1.04,  0.94), ( -0.74,   0.62)   Error: 0.44
Last SG, Last State: ( -1.98,   0.73), ( -0.56,   0.60)  SG Improvement:0.33999 

Goal, Curr: (-1.23,  0.98), ( -0.93,   0.65)   Error: 0.45
Last SG, Last State: ( -2.04,   0.70), ( -0.64,   0.60)  SG Improvement:0.33742 

Goal, Curr: (-1.23,  1.21), ( -1.12,   0.78)   Error: 0.44
Last SG, Last State: ( -2.21,   0.48), ( -0.84,   0.60)  SG Improvement:0.30197 

Goal, Curr: (-1.23,  0.84), ( -0.86,   0.60)   Error: 0.43
Last SG, Last State: ( -2.03,   0.88), ( -0.64,   0.60)  SG Improvement:0.34419 

Goal, Curr: (-0.87,  0.91), ( -0.55,   0.61)   Error: 0.44
Last SG, Last State: ( -1.84,   0.51), ( -0.45,   0.60)  SG Improvement:0.69517 

Goal, Curr: (-1.15,  1.00), ( -0.89,   0.65)   Error: 0.44
Last SG, Last State: ( -1.98,   0.64), ( -0.57,   0.60)  SG Improvement:0.35196 

Goal, Curr: (-1.00,  0.79), ( -0.61,   0.60)   Error: 0.44
Last SG, Last State: ( -1.65,   0.56), ( -0.21,   0.60)  SG Improvement:0.28212 

Goal, Curr: (-0.90,  0.96), ( -0.65,   0.60)   Error: 0.44
Last SG, Last State: ( -1.61,   0.44), ( -0.20,   0.60)  SG Improvement:0.77993 

episode:01700, mean:100.55, std:0.22, median:100.55, success:1.00
Log radii:  [0. 0. 0. 0. 0. 0.]
Adjusted log radii:  [ 1.78999996  2.08999991  0.89000005 -0.          1.19000006  1.49000001]
Goal, Curr: (-0.99,  0.91), ( -0.58,   0.73)   Error: 0.44
Last SG, Last State: ( -1.44,   1.97), ( -0.31,   0.62)  SG Improvement:0.28290 

Goal, Curr: (-0.88,  1.24), ( -0.33,   0.78)   Error: 0.72
Last SG, Last State: ( -0.69,   0.63), (  0.25,   0.64)  SG Improvement:1.47478 

Goal, Curr: (-1.07,  0.90), ( -0.32,   0.62)   Error: 0.80
Last SG, Last State: ( -0.21,   1.30), (  0.27,   0.60)  SG Improvement:1.46071 

Goal, Curr: (-1.14,  0.89), ( -0.66,   0.61)   Error: 0.56
Last SG, Last State: ( -1.34,   0.67), ( -0.07,   0.60)  SG Improvement:1.23319 

Goal, Curr: (-0.75,  0.83), (  0.37,   0.60)   Error: 1.15
Last SG, Last State: ( -0.46,   0.72), (  0.60,   0.44)  SG Improvement:-0.28894 

Goal, Curr: (-1.00,  1.20), ( -0.60,   0.75)   Error: 0.61
Last SG, Last State: ( -0.97,   0.66), ( -0.01,   0.66)  SG Improvement:1.17840 

Goal, Curr: (-0.77,  0.96), ( -0.42,   0.70)   Error: 0.44
Last SG, Last State: ( -0.73,   0.96), (  0.01,   0.60)  SG Improvement:1.47459 

Goal, Curr: (-0.75,  1.04), ( -0.43,   0.72)   Error: 0.45
Last SG, Last State: ( -0.45,   1.14), (  0.14,   0.65)  SG Improvement:1.38168 

Goal, Curr: (-1.18,  1.21), ( -0.71,   0.73)   Error: 0.68
Last SG, Last State: ( -1.25,   1.52), ( -0.12,   0.66)  SG Improvement:0.30331 

Goal, Curr: (-0.97,  0.83), (  0.43,   0.60)   Error: 1.42
Last SG, Last State: ( -0.34,   0.82), (  0.60,   0.44)  SG Improvement:-0.25492 

episode:01800, mean:30.98, std:45.50, median:1.51, success:0.30
Log radii:  [0. 0. 0. 0. 0. 0.]
Adjusted log radii:  [ 1.78999996  1.19000006  1.78999996  2.38999987  0.89000005 -0.        ]
Goal, Curr: (-1.00,  0.94), ( -0.57,   0.82)   Error: 0.44
Last SG, Last State: ( -1.55,   0.91), ( -0.33,   0.82)  SG Improvement:0.39991 

Goal, Curr: (-0.84,  0.97), ( -0.41,   0.87)   Error: 0.44
Last SG, Last State: ( -1.49,   1.13), ( -0.29,   0.86)  SG Improvement:0.22799 

Goal, Curr: (-1.20,  0.81), ( -0.78,   0.93)   Error: 0.44
Last SG, Last State: ( -1.91,   1.52), ( -0.72,   0.90)  SG Improvement:0.44035 

Goal, Curr: (-1.22,  0.75), ( -0.79,   0.88)   Error: 0.44
Last SG, Last State: ( -1.92,   1.63), ( -0.74,   0.86)  SG Improvement:0.43828 

Goal, Curr: (-0.78,  1.24), ( -0.35,   1.18)   Error: 0.43
Last SG, Last State: ( -1.23,   1.10), ( -0.07,   1.04)  SG Improvement:-0.12892 

Goal, Curr: (-1.03,  1.13), ( -0.60,   1.04)   Error: 0.45
Last SG, Last State: ( -1.66,   1.31), ( -0.48,   1.02)  SG Improvement:0.33207 

Goal, Curr: (-0.87,  0.95), ( -0.55,   0.63)   Error: 0.45
Last SG, Last State: ( -1.20,   0.37), ( -0.06,   0.61)  SG Improvement:0.88083 

Goal, Curr: (-0.89,  1.20), ( -0.52,   0.95)   Error: 0.44
Last SG, Last State: ( -1.27,   0.63), ( -0.11,   0.82)  SG Improvement:0.34442 

Goal, Curr: (-1.06,  0.91), ( -0.65,   1.07)   Error: 0.43
Last SG, Last State: ( -0.52,   0.85), ( -0.31,   0.96)  SG Improvement:0.10662 

Goal, Curr: (-1.08,  0.95), ( -0.67,   0.79)   Error: 0.44
Last SG, Last State: ( -1.40,   1.23), ( -0.49,   0.71)  SG Improvement:0.23823 

episode:01900, mean:100.53, std:0.25, median:100.57, success:1.00
Log radii:  [0. 0. 0. 0. 0. 0.]
Adjusted log radii:  [2.08999991 1.78999996 2.38999987 2.08999991 1.78999996 1.78999996]
Goal, Curr: (-0.77,  1.04), ( -0.33,   1.02)   Error: 0.44
Last SG, Last State: ( -1.45,   0.82), ( -0.18,   0.99)  SG Improvement:0.51444 

Goal, Curr: (-1.14,  0.87), ( -0.71,   0.85)   Error: 0.44
Last SG, Last State: ( -1.40,   1.23), ( -0.29,   0.82)  SG Improvement:0.13006 

Goal, Curr: (-0.81,  0.85), ( -0.45,   0.60)   Error: 0.44
Last SG, Last State: ( -1.02,   0.70), (  0.05,   0.61)  SG Improvement:1.53115 

Goal, Curr: (-1.14,  0.83), ( -0.71,   0.76)   Error: 0.43
Last SG, Last State: ( -1.50,   0.86), ( -0.29,   0.73)  SG Improvement:0.38439 

Goal, Curr: (-1.18,  1.01), ( -0.76,   0.88)   Error: 0.43
Last SG, Last State: ( -2.08,   1.58), ( -0.74,   0.88)  SG Improvement:0.55442 

Goal, Curr: (-1.12,  0.75), ( -0.67,   0.75)   Error: 0.44
Last SG, Last State: ( -0.98,   1.20), ( -0.12,   0.72)  SG Improvement:0.00361 

Goal, Curr: (-1.08,  0.92), ( -0.64,   1.00)   Error: 0.45
Last SG, Last State: ( -1.88,   0.51), ( -0.50,   1.00)  SG Improvement:0.74027 

Goal, Curr: (-0.91,  1.05), ( -0.46,   0.99)   Error: 0.45
Last SG, Last State: ( -1.53,   1.10), ( -0.23,   0.96)  SG Improvement:0.07527 

Goal, Curr: (-1.16,  0.79), (  0.06,   0.60)   Error: 1.24
Last SG, Last State: (  1.04,   2.12), (  0.59,   0.55)  SG Improvement:0.06120 

Goal, Curr: (-0.84,  1.22), ( -0.44,   1.03)   Error: 0.44
Last SG, Last State: ( -1.62,   1.00), ( -0.26,   0.99)  SG Improvement:0.28154 

episode:02000, mean:90.54, std:29.99, median:100.43, success:0.90
Goal, Curr: (-1.15,  1.01), ( -0.97,   0.60)   Error: 0.44
Last SG, Last State: ( -1.47,   0.02), ( -0.50,   0.60)  SG Improvement:0.68569 

Goal, Curr: (-0.95,  0.86), ( -0.59,   0.60)   Error: 0.45
Last SG, Last State: ( -1.38,  -0.42), ( -0.34,   0.60)  SG Improvement:0.84468 

Goal, Curr: (-1.06,  0.84), ( -0.68,   0.60)   Error: 0.45
Last SG, Last State: ( -1.22,  -0.76), ( -0.21,   0.60)  SG Improvement:1.07021 

Goal, Curr: (-1.24,  1.01), ( -1.05,   0.60)   Error: 0.45
Last SG, Last State: ( -0.89,   1.34), ( -0.88,   0.60)  SG Improvement:-0.11359 

Goal, Curr: (-0.99,  1.12), ( -1.13,   0.60)   Error: 0.53
Last SG, Last State: ( -1.16,   2.26), ( -1.11,   0.60)  SG Improvement:-0.14067 

Goal, Curr: (-1.23,  0.90), ( -0.90,   0.60)   Error: 0.44
Last SG, Last State: ( -0.88,   1.24), ( -0.82,   0.60)  SG Improvement:0.08383 

Goal, Curr: (-0.90,  1.11), ( -1.15,   0.60)   Error: 0.56
Last SG, Last State: ( -0.77,   1.36), ( -0.67,   0.60)  SG Improvement:-0.06573 

Goal, Curr: (-0.98,  1.08), ( -1.21,   0.60)   Error: 0.53
Last SG, Last State: ( -0.98,   1.40), ( -0.71,   0.60)  SG Improvement:0.00012 

Goal, Curr: (-1.13,  1.08), ( -1.35,   0.60)   Error: 0.53
Last SG, Last State: ( -1.07,   1.84), ( -1.00,   0.60)  SG Improvement:-0.15492 

Goal, Curr: (-0.89,  0.78), ( -0.48,   0.60)   Error: 0.45
Last SG, Last State: ( -1.39,  -0.48), ( -0.29,   0.62)  SG Improvement:1.08162 

episode:02100, mean:60.88, std:48.46, median:100.26, success:0.60
Goal, Curr: (-0.78,  1.03), ( -0.65,   0.60)   Error: 0.45
Last SG, Last State: ( -1.32,   0.97), ( -0.53,   0.59)  SG Improvement:0.37154 

Goal, Curr: (-1.00,  1.10), ( -1.00,   0.60)   Error: 0.50
Last SG, Last State: ( -0.86,   1.96), ( -0.82,   0.60)  SG Improvement:-0.07351 

Goal, Curr: (-1.05,  0.91), ( -0.73,   0.60)   Error: 0.44
Last SG, Last State: ( -0.93,   1.09), ( -0.57,   0.60)  SG Improvement:0.12902 

Goal, Curr: (-1.13,  0.87), ( -0.79,   0.60)   Error: 0.44
Last SG, Last State: ( -0.68,   0.61), ( -0.40,   0.60)  SG Improvement:0.16319 

Goal, Curr: (-0.99,  0.89), ( -0.65,   0.60)   Error: 0.45
Last SG, Last State: ( -0.86,   0.92), ( -0.49,   0.60)  SG Improvement:0.15114 

Goal, Curr: (-1.16,  0.80), ( -0.76,   0.60)   Error: 0.44
Last SG, Last State: ( -0.87,   0.17), ( -0.33,   0.60)  SG Improvement:0.28926 

Goal, Curr: (-1.01,  1.07), ( -0.92,   0.60)   Error: 0.48
Last SG, Last State: ( -0.63,   2.40), ( -0.97,   0.60)  SG Improvement:-0.30576 

Goal, Curr: (-1.00,  1.02), ( -0.84,   0.60)   Error: 0.45
Last SG, Last State: ( -0.66,   1.41), ( -0.62,   0.60)  SG Improvement:0.03018 

Goal, Curr: (-0.95,  0.86), ( -0.60,   0.60)   Error: 0.44
Last SG, Last State: ( -0.88,   0.94), ( -0.49,   0.60)  SG Improvement:0.14800 

Goal, Curr: (-1.08,  1.02), ( -0.82,   0.60)   Error: 0.49
Last SG, Last State: ( -0.61,   2.40), ( -0.82,   0.60)  SG Improvement:-0.94839 

episode:02200, mean:70.80, std:45.33, median:100.33, success:0.70
Goal, Curr: (-1.11,  1.17), ( -0.70,   0.60)   Error: 0.70
Last SG, Last State: ( -1.69,   1.55), ( -0.96,   0.60)  SG Improvement:0.39224 

Goal, Curr: (-0.98,  1.22), ( -1.03,   0.60)   Error: 0.62
Last SG, Last State: ( -0.65,   1.82), ( -0.73,   0.60)  SG Improvement:-0.31876 

Goal, Curr: (-1.23,  1.23), ( -0.90,   0.60)   Error: 0.71
Last SG, Last State: ( -1.72,   0.92), ( -0.89,   0.60)  SG Improvement:0.15521 

Goal, Curr: (-0.92,  1.24), ( -0.99,   0.60)   Error: 0.64
Last SG, Last State: ( -0.88,   1.88), ( -0.75,   0.60)  SG Improvement:-0.25081 

Goal, Curr: (-1.02,  0.96), ( -0.76,   0.60)   Error: 0.45
Last SG, Last State: ( -0.64,   0.31), ( -0.44,   0.60)  SG Improvement:0.36646 

Goal, Curr: (-0.96,  1.23), ( -1.02,   0.60)   Error: 0.63
Last SG, Last State: ( -0.57,   1.79), ( -0.73,   0.60)  SG Improvement:-0.23348 

Goal, Curr: (-1.23,  0.76), ( -0.82,   0.60)   Error: 0.44
Last SG, Last State: (  0.07,   1.15), ( -0.62,   0.60)  SG Improvement:-0.52228 

Goal, Curr: (-0.95,  1.11), ( -0.93,   0.60)   Error: 0.51
Last SG, Last State: ( -0.93,   1.76), ( -0.74,   0.60)  SG Improvement:-0.21322 

Goal, Curr: (-0.94,  1.10), ( -0.56,   0.60)   Error: 0.62
Last SG, Last State: ( -1.39,   1.53), ( -0.83,   0.60)  SG Improvement:0.38381 

Goal, Curr: (-1.24,  0.75), ( -0.51,   0.60)   Error: 0.74
Last SG, Last State: ( -1.37,   1.65), ( -0.78,   0.60)  SG Improvement:0.24452 

episode:02300, mean:21.29, std:39.55, median:1.74, success:0.20
Goal, Curr: (-0.99,  1.00), (  0.49,   0.69)   Error: 1.51
Last SG, Last State: ( -0.58,   0.94), (  1.03,   0.88)  SG Improvement:1.12841 

Goal, Curr: (-0.93,  0.83), (  0.21,   0.64)   Error: 1.15
Last SG, Last State: (  2.51,  -0.56), (  0.58,   0.56)  SG Improvement:0.52963 

Goal, Curr: (-0.98,  0.82), (  0.69,   0.65)   Error: 1.68
Last SG, Last State: (  1.86,   0.12), (  0.83,   0.30)  SG Improvement:0.94172 

Goal, Curr: (-0.99,  0.85), (  0.84,   0.30)   Error: 1.91
Last SG, Last State: (  2.22,  -0.58), (  0.60,  -0.03)  SG Improvement:-0.75798 

Goal, Curr: (-0.80,  1.23), (  0.84,   0.57)   Error: 1.77
Last SG, Last State: (  2.45,   1.33), (  1.07,   1.03)  SG Improvement:0.69583 

Goal, Curr: (-0.92,  0.79), (  0.65,   0.85)   Error: 1.58
Last SG, Last State: (  1.31,   0.28), (  0.74,   0.28)  SG Improvement:0.75200 

Goal, Curr: (-0.85,  0.97), (  0.46,   0.65)   Error: 1.35
Last SG, Last State: ( -0.17,   1.48), (  1.03,   0.77)  SG Improvement:1.17793 

Goal, Curr: (-1.08,  1.21), (  0.39,   0.83)   Error: 1.52
Last SG, Last State: ( -0.55,   1.27), (  0.95,   0.97)  SG Improvement:1.20166 

Goal, Curr: (-0.94,  0.92), (  0.50,   0.63)   Error: 1.47
Last SG, Last State: ( -0.46,   1.05), (  1.04,   0.79)  SG Improvement:1.07753 

Goal, Curr: (-1.24,  1.15), (  0.44,   0.78)   Error: 1.72
Last SG, Last State: ( -0.62,   0.95), (  0.98,   0.98)  SG Improvement:1.16332 

episode:02400, mean:0.47, std:0.25, median:0.39, success:0.00
Goal, Curr: (-0.97,  0.81), (  0.06,   1.10)   Error: 1.08
Last SG, Last State: ( -0.12,  -0.48), (  0.65,   1.19)  SG Improvement:0.89762 

Goal, Curr: (-0.81,  0.89), (  1.33,   1.40)   Error: 2.19
Last SG, Last State: ( -0.56,  -0.43), (  1.16,   1.40)  SG Improvement:-1.70616 

Goal, Curr: (-1.08,  0.82), ( -0.07,   1.09)   Error: 1.05
Last SG, Last State: (  0.50,   0.21), (  0.52,   1.19)  SG Improvement:0.46549 

Goal, Curr: (-0.82,  0.87), (  0.18,   0.90)   Error: 1.01
Last SG, Last State: (  1.13,  -0.56), (  0.71,   1.18)  SG Improvement:1.66998 

Goal, Curr: (-1.01,  0.92), (  0.72,   1.33)   Error: 1.78
Last SG, Last State: ( -0.75,  -0.54), (  1.19,   1.17)  SG Improvement:0.17812 

Goal, Curr: (-0.79,  0.96), (  0.11,   1.17)   Error: 0.92
Last SG, Last State: ( -0.69,  -0.35), (  0.69,   1.27)  SG Improvement:1.02178 

Goal, Curr: (-1.20,  0.82), (  1.15,   1.39)   Error: 2.42
Last SG, Last State: ( -0.89,  -0.93), (  1.33,   1.15)  SG Improvement:-0.48518 

Goal, Curr: (-0.79,  1.17), (  0.57,   1.40)   Error: 1.38
Last SG, Last State: ( -0.47,   0.23), (  1.15,   1.40)  SG Improvement:0.90834 

Goal, Curr: (-1.04,  0.84), (  0.67,   0.94)   Error: 1.72
Last SG, Last State: ( -0.80,   2.04), (  0.88,   0.94)  SG Improvement:0.74561 

Goal, Curr: (-1.00,  0.78), (  0.29,   0.81)   Error: 1.29
Last SG, Last State: (  1.60,  -0.63), (  0.80,   1.11)  SG Improvement:1.46857 

episode:02500, mean:0.38, std:0.47, median:0.48, success:0.00
Goal, Curr: (-0.81,  0.84), ( -0.04,   0.60)   Error: 0.81
Last SG, Last State: (  0.15,   0.50), (  0.46,   0.74)  SG Improvement:0.69019 

Goal, Curr: (-0.96,  1.09), ( -0.46,   0.60)   Error: 0.70
Last SG, Last State: ( -2.64,  -0.65), ( -0.73,   0.60)  SG Improvement:0.02656 

Goal, Curr: (-1.24,  0.75), ( -0.58,   0.60)   Error: 0.68
Last SG, Last State: (  0.84,   0.88), ( -0.03,   0.60)  SG Improvement:0.39947 

Goal, Curr: (-1.08,  0.79), (  0.14,   0.61)   Error: 1.23
Last SG, Last State: ( -1.22,  -0.79), (  0.32,   0.62)  SG Improvement:0.85775 

Goal, Curr: (-0.80,  1.07), ( -0.86,   0.60)   Error: 0.47
Last SG, Last State: ( -0.58,   2.11), ( -0.45,   0.60)  SG Improvement:-0.01769 

Goal, Curr: (-0.78,  0.81), (  0.51,   0.65)   Error: 1.29
Last SG, Last State: ( -1.31,  -0.72), (  0.41,   0.60)  SG Improvement:1.23938 

Goal, Curr: (-0.81,  0.96), ( -0.15,   0.60)   Error: 0.75
Last SG, Last State: (  0.48,   0.70), (  0.35,   0.74)  SG Improvement:0.73885 

Goal, Curr: (-1.22,  0.97), ( -0.51,   0.60)   Error: 0.80
Last SG, Last State: (  2.01,   1.36), (  0.08,   0.60)  SG Improvement:0.23329 

Goal, Curr: (-1.08,  0.93), ( -0.19,   0.60)   Error: 0.95
Last SG, Last State: (  0.02,   0.45), (  0.30,   0.73)  SG Improvement:0.87002 

Goal, Curr: (-1.17,  1.15), ( -0.67,   0.60)   Error: 0.74
Last SG, Last State: ( -2.83,  -0.39), ( -1.05,   0.60)  SG Improvement:0.29836 

episode:02600, mean:1.16, std:0.29, median:1.25, success:0.00
Goal, Curr: (-0.75,  1.17), ( -1.10,   0.60)   Error: 0.67
Last SG, Last State: ( -2.40,   1.26), ( -0.90,   0.60)  SG Improvement:0.29536 

Goal, Curr: (-1.12,  0.85), ( -0.75,   0.60)   Error: 0.45
Last SG, Last State: ( -2.27,   1.00), ( -0.73,   0.60)  SG Improvement:0.35178 

Goal, Curr: (-1.06,  1.04), ( -0.97,   0.60)   Error: 0.45
Last SG, Last State: ( -1.77,  -0.06), ( -0.50,   0.67)  SG Improvement:0.86043 

Goal, Curr: (-0.81,  1.21), ( -1.15,   0.60)   Error: 0.70
Last SG, Last State: ( -2.51,   1.69), ( -1.02,   0.60)  SG Improvement:0.04203 

Goal, Curr: (-0.97,  1.17), ( -1.00,   0.60)   Error: 0.57
Last SG, Last State: ( -2.05,   1.48), ( -0.55,   0.60)  SG Improvement:0.48962 

Goal, Curr: (-0.79,  0.79), ( -0.39,   0.60)   Error: 0.44
Last SG, Last State: ( -1.39,   1.20), ( -0.08,   0.60)  SG Improvement:0.38670 

Goal, Curr: (-0.77,  0.87), ( -0.38,   0.66)   Error: 0.44
Last SG, Last State: ( -1.22,   1.12), (  0.21,   0.72)  SG Improvement:1.13001 

Goal, Curr: (-0.93,  1.09), ( -0.88,   0.60)   Error: 0.49
Last SG, Last State: ( -1.75,   1.98), ( -0.37,   0.60)  SG Improvement:0.33051 

Goal, Curr: (-1.21,  1.05), ( -1.09,   0.60)   Error: 0.46
Last SG, Last State: ( -2.34,   1.61), ( -0.87,   0.60)  SG Improvement:0.27848 

Goal, Curr: (-1.09,  0.97), ( -0.84,   0.60)   Error: 0.44
Last SG, Last State: ( -1.78,   1.93), ( -0.39,   0.60)  SG Improvement:0.28052 

episode:02700, mean:50.98, std:49.43, median:50.98, success:0.50
Goal, Curr: (-0.80,  1.06), ( -0.38,   0.93)   Error: 0.44
Last SG, Last State: ( -0.35,   1.25), (  0.11,   0.91)  SG Improvement:0.80050 

Goal, Curr: (-1.03,  1.10), ( -0.81,   0.60)   Error: 0.55
Last SG, Last State: ( -1.89,   1.55), ( -0.47,   0.60)  SG Improvement:0.29173 

Goal, Curr: (-1.21,  0.82), ( -0.76,   0.60)   Error: 0.51
Last SG, Last State: ( -1.98,   1.33), ( -0.47,   0.60)  SG Improvement:0.30091 

Goal, Curr: (-0.94,  0.98), ( -0.07,   0.79)   Error: 0.89
Last SG, Last State: (  0.68,   2.15), (  0.50,   0.71)  SG Improvement:1.51689 

Goal, Curr: (-0.93,  1.23), ( -0.55,   1.02)   Error: 0.44
Last SG, Last State: (  0.59,   0.91), ( -0.15,   0.89)  SG Improvement:1.47153 

Goal, Curr: (-0.80,  1.16), ( -1.02,   0.60)   Error: 0.60
Last SG, Last State: ( -2.56,   0.46), ( -0.86,   0.60)  SG Improvement:0.35547 

Goal, Curr: (-0.90,  1.06), ( -1.17,   0.62)   Error: 0.52
Last SG, Last State: (  0.28,   0.91), ( -0.58,   0.60)  SG Improvement:-0.32299 

Goal, Curr: (-1.15,  1.05), ( -1.16,   0.60)   Error: 0.45
Last SG, Last State: ( -2.44,   0.86), ( -0.84,   0.60)  SG Improvement:0.33606 

Goal, Curr: (-0.77,  1.23), ( -1.20,   0.65)   Error: 0.73
Last SG, Last State: ( -2.85,  -0.13), ( -1.08,   0.60)  SG Improvement:0.11360 

Goal, Curr: (-1.20,  1.17), ( -1.40,   0.62)   Error: 0.59
Last SG, Last State: ( -2.90,  -0.00), ( -1.16,   0.60)  SG Improvement:0.18030 

episode:02800, mean:21.29, std:39.72, median:1.49, success:0.20
Goal, Curr: (-0.96,  1.14), (  1.01,   1.40)   Error: 1.99
Last SG, Last State: ( -0.26,   2.42), (  1.17,   1.40)  SG Improvement:0.18136 

Goal, Curr: (-1.02,  1.04), (  1.40,   1.40)   Error: 2.44
Last SG, Last State: (  0.43,  -0.20), (  1.14,   1.40)  SG Improvement:0.09533 

Goal, Curr: (-1.21,  0.85), (  1.15,   1.12)   Error: 2.37
Last SG, Last State: ( -0.08,   1.81), (  1.10,   1.40)  SG Improvement:0.73229 

Goal, Curr: (-0.97,  0.82), (  1.33,   1.40)   Error: 2.37
Last SG, Last State: ( -0.53,   2.79), (  1.12,   1.40)  SG Improvement:0.48853 

Goal, Curr: (-1.08,  0.87), (  1.18,   1.06)   Error: 2.27
Last SG, Last State: ( -0.10,  -0.53), (  1.16,   1.05)  SG Improvement:0.51929 

Goal, Curr: (-0.86,  0.95), (  1.17,   1.07)   Error: 2.04
Last SG, Last State: (  0.03,   1.89), (  1.12,   1.40)  SG Improvement:0.61291 

Goal, Curr: (-0.80,  0.89), (  1.13,   0.95)   Error: 1.92
Last SG, Last State: ( -0.23,  -0.52), (  1.17,   0.99)  SG Improvement:0.61400 

Goal, Curr: (-0.82,  1.13), (  1.11,   1.40)   Error: 1.95
Last SG, Last State: (  0.04,   2.42), (  1.14,   1.40)  SG Improvement:0.37851 

Goal, Curr: (-0.79,  1.23), (  1.04,   1.40)   Error: 1.83
Last SG, Last State: ( -0.14,   2.52), (  1.15,   1.40)  SG Improvement:0.23520 

Goal, Curr: (-0.93,  1.23), (  1.40,   1.40)   Error: 2.34
Last SG, Last State: ( -0.22,   2.39), (  1.28,   1.40)  SG Improvement:0.04661 

episode:02900, mean:-0.18, std:0.42, median:-0.17, success:0.00
Log radii:  [0. 0. 0. 0. 0. 0.]
Adjusted log radii:  [-0.          2.38999987  1.19000006  0.59000003 -0.          1.19000006]
Goal, Curr: (-1.23,  0.80), (  0.13,  -0.83)   Error: 2.13
Last SG, Last State: (  0.89,   1.09), (  0.47,  -0.85)  SG Improvement:0.18351 

Goal, Curr: (-1.20,  1.19), (  0.94,   0.12)   Error: 2.40
Last SG, Last State: ( -0.59,  -2.01), (  1.40,  -0.10)  SG Improvement:0.81532 

Goal, Curr: (-0.80,  0.97), ( -0.09,  -0.60)   Error: 1.72
Last SG, Last State: (  0.43,   1.24), (  0.47,  -0.66)  SG Improvement:0.31795 

Goal, Curr: (-1.21,  0.99), (  0.27,   1.00)   Error: 1.49
Last SG, Last State: ( -1.31,  -1.81), (  0.57,   0.57)  SG Improvement:-0.78693 

Goal, Curr: (-0.85,  0.77), (  1.29,   0.89)   Error: 2.14
Last SG, Last State: ( -0.93,  -1.54), (  1.40,   0.37)  SG Improvement:0.13619 

Goal, Curr: (-0.83,  0.85), (  0.44,   0.63)   Error: 1.29
Last SG, Last State: ( -1.39,  -1.79), (  0.58,   0.53)  SG Improvement:-0.77398 

Goal, Curr: (-0.97,  1.23), (  1.41,  -0.43)   Error: 2.90
Last SG, Last State: ( -1.36,  -1.14), (  0.91,  -0.50)  SG Improvement:-0.24987 

Goal, Curr: (-1.20,  1.15), (  0.69,  -0.11)   Error: 2.27
Last SG, Last State: ( -1.16,  -1.40), (  1.05,  -0.16)  SG Improvement:0.00589 

Goal, Curr: (-0.83,  1.24), (  0.54,   0.77)   Error: 1.44
Last SG, Last State: ( -1.40,  -1.84), (  0.60,   0.24)  SG Improvement:-1.08868 

Goal, Curr: (-0.98,  0.87), (  0.60,  -0.14)   Error: 1.88
Last SG, Last State: ( -1.10,  -0.29), (  0.74,  -0.67)  SG Improvement:0.45741 

episode:03000, mean:0.07, std:0.54, median:-0.22, success:0.00
