Using device: cpu
gc-2.0-noclip-nowall
Log radii:  [ 0.21404463  0.14207225  0.23709555 -0.15278521 -0.27610132 -0.22160478]
Adjusted log radii:  [ 2.0040445   0.43207228  1.4270957   2.2372146   1.5138988  -0.23160478]
Goal, Curr: (-1.22,  1.12), ( -1.40,   0.71)   Error: 0.44
Last SG, Last State: ( -3.40,   2.06), ( -1.40,   0.64)  SG Improvement:0.23536 

Goal, Curr: (-0.95,  1.06), ( -1.40,   1.05)   Error: 0.45
Last SG, Last State: ( -3.40,   2.03), ( -1.40,   0.61)  SG Improvement:0.14783 

Goal, Curr: (-1.09,  1.02), ( -1.40,   0.71)   Error: 0.44
Last SG, Last State: ( -3.40,   2.08), ( -1.40,   0.67)  SG Improvement:0.04885 

Goal, Curr: (-1.08,  1.19), ( -1.40,   0.88)   Error: 0.44
Last SG, Last State: ( -3.37,   1.97), ( -1.40,   0.52)  SG Improvement:-0.75568 

Goal, Curr: (-1.11,  0.96), ( -1.40,   0.63)   Error: 0.44
Last SG, Last State: ( -3.40,   1.91), ( -1.40,   0.49)  SG Improvement:0.22606 

Goal, Curr: (-1.24,  0.91), ( -1.40,   0.50)   Error: 0.43
Last SG, Last State: ( -3.40,   1.39), ( -1.40,  -0.04)  SG Improvement:0.52805 

Goal, Curr: (-1.22,  1.10), ( -1.40,   0.71)   Error: 0.43
Last SG, Last State: ( -3.40,   2.09), ( -1.40,   0.67)  SG Improvement:0.05773 

Goal, Curr: (-1.22,  0.81), ( -1.40,   0.41)   Error: 0.44
Last SG, Last State: ( -3.24,   1.37), ( -1.40,  -0.07)  SG Improvement:-0.97120 

Goal, Curr: (-1.07,  0.98), ( -1.40,   0.69)   Error: 0.44
Last SG, Last State: ( -3.40,   2.07), ( -1.40,   0.66)  SG Improvement:0.05511 

Goal, Curr: (-0.90,  1.20), ( -1.40,   1.40)   Error: 0.54
Last SG, Last State: ( -3.40,   3.40), ( -1.40,   1.40)  SG Improvement:-0.00000 

episode:00100, mean:-133.08, std:45.03, median:-118.09, success:0.90
Goal, Curr: (-0.94,  1.03), ( -1.40,   1.40)   Error: 0.59
Last SG, Last State: ( -3.40,   3.39), ( -1.40,   1.40)  SG Improvement:-0.00398 

Goal, Curr: (-0.95,  1.07), ( -1.40,   1.01)   Error: 0.45
Last SG, Last State: ( -3.40,   1.96), ( -1.40,   0.77)  SG Improvement:0.14151 

Goal, Curr: (-1.00,  1.04), ( -1.40,   0.84)   Error: 0.44
Last SG, Last State: ( -3.39,   1.07), ( -1.40,   0.41)  SG Improvement:-0.18692 

Goal, Curr: (-0.87,  0.85), ( -1.40,   1.40)   Error: 0.76
Last SG, Last State: ( -3.40,   3.39), ( -1.40,   1.40)  SG Improvement:-0.00552 

Goal, Curr: (-1.05,  0.81), ( -1.40,   0.53)   Error: 0.45
Last SG, Last State: ( -3.40,   1.42), ( -1.40,   0.48)  SG Improvement:0.10687 

Goal, Curr: (-1.05,  1.18), ( -1.40,   0.90)   Error: 0.44
Last SG, Last State: ( -3.40,   2.03), ( -1.40,   0.87)  SG Improvement:0.09837 

Goal, Curr: (-0.77,  0.75), ( -1.40,   1.40)   Error: 0.90
Last SG, Last State: ( -3.40,   3.38), ( -1.40,   1.40)  SG Improvement:-0.00601 

Goal, Curr: (-1.06,  0.86), ( -1.40,   0.58)   Error: 0.44
Last SG, Last State: ( -3.40,   1.55), ( -1.40,   0.49)  SG Improvement:0.14542 

Goal, Curr: (-1.15,  1.09), ( -1.40,   0.72)   Error: 0.44
Last SG, Last State: ( -3.33,   1.24), ( -1.40,   0.45)  SG Improvement:-0.17373 

Goal, Curr: (-1.19,  0.88), ( -1.40,   0.48)   Error: 0.45
Last SG, Last State: ( -3.30,   0.71), ( -1.40,   0.02)  SG Improvement:-0.26823 

episode:00200, mean:-171.90, std:73.19, median:-142.84, success:0.70
Goal, Curr: (-1.16,  0.96), ( -1.07,   0.54)   Error: 0.43
Last SG, Last State: ( -2.91,   1.05), ( -0.99,   0.14)  SG Improvement:0.06769 

Goal, Curr: (-1.04,  1.19), ( -1.40,   0.91)   Error: 0.45
Last SG, Last State: ( -3.40,   1.98), ( -1.40,   0.73)  SG Improvement:-0.08870 

Goal, Curr: (-0.97,  1.05), ( -1.40,   0.93)   Error: 0.45
Last SG, Last State: ( -3.33,   1.79), ( -1.40,   0.79)  SG Improvement:-0.27829 

Goal, Curr: (-1.13,  0.89), ( -1.13,   0.46)   Error: 0.43
Last SG, Last State: ( -3.00,   1.12), ( -1.07,   0.16)  SG Improvement:0.06408 

Goal, Curr: (-1.09,  1.04), ( -1.33,   0.66)   Error: 0.45
Last SG, Last State: ( -3.21,   1.61), ( -1.31,   0.60)  SG Improvement:0.11117 

Goal, Curr: (-1.02,  1.06), ( -1.23,   0.68)   Error: 0.44
Last SG, Last State: ( -3.09,   1.50), ( -1.18,   0.55)  SG Improvement:0.09770 

Goal, Curr: (-0.79,  0.93), ( -1.13,   0.64)   Error: 0.44
Last SG, Last State: ( -2.94,   1.12), ( -1.04,   0.31)  SG Improvement:0.05272 

Goal, Curr: (-0.78,  1.04), ( -1.05,   1.40)   Error: 0.45
Last SG, Last State: ( -3.17,   2.44), ( -1.07,   1.40)  SG Improvement:-0.12752 

Goal, Curr: (-0.96,  0.97), ( -1.40,   0.87)   Error: 0.45
Last SG, Last State: ( -3.33,   1.80), ( -1.40,   0.73)  SG Improvement:-0.20731 

Goal, Curr: (-0.90,  0.94), ( -0.97,   1.40)   Error: 0.46
Last SG, Last State: ( -3.05,   2.27), ( -0.99,   1.40)  SG Improvement:-0.06333 

episode:00300, mean:-125.62, std:42.67, median:-112.09, success:0.90
Goal, Curr: (-1.09,  0.84), ( -1.26,   0.43)   Error: 0.45
Last SG, Last State: ( -3.22,   1.24), ( -1.23,  -0.17)  SG Improvement:0.12640 

Goal, Curr: (-0.99,  0.79), ( -1.40,   0.61)   Error: 0.45
Last SG, Last State: ( -3.40,   1.92), ( -1.40,   0.38)  SG Improvement:0.05141 

Goal, Curr: (-0.86,  1.10), ( -1.40,   1.40)   Error: 0.61
Last SG, Last State: ( -3.40,   2.91), ( -1.40,   1.40)  SG Improvement:0.03056 

Goal, Curr: (-1.01,  0.76), ( -1.40,   0.55)   Error: 0.44
Last SG, Last State: ( -3.34,   1.57), ( -1.38,   0.16)  SG Improvement:0.11293 

Goal, Curr: (-0.97,  0.91), ( -1.40,   0.77)   Error: 0.45
Last SG, Last State: ( -3.40,   2.09), ( -1.40,   0.54)  SG Improvement:0.02081 

Goal, Curr: (-0.85,  0.85), ( -1.40,   1.40)   Error: 0.77
Last SG, Last State: ( -3.40,   2.87), ( -1.40,   1.40)  SG Improvement:0.02512 

Goal, Curr: (-1.15,  0.90), ( -1.35,   0.50)   Error: 0.45
Last SG, Last State: ( -3.29,   1.74), ( -1.32,   0.36)  SG Improvement:0.15557 

Goal, Curr: (-1.01,  1.00), ( -1.40,   0.77)   Error: 0.45
Last SG, Last State: ( -3.27,   1.84), ( -1.32,   0.48)  SG Improvement:0.13777 

Goal, Curr: (-0.78,  1.17), ( -1.40,   1.40)   Error: 0.66
Last SG, Last State: ( -3.40,   2.93), ( -1.40,   1.40)  SG Improvement:0.10766 

Goal, Curr: (-1.17,  1.07), ( -1.40,   0.68)   Error: 0.45
Last SG, Last State: ( -3.40,   1.68), ( -1.40,   0.29)  SG Improvement:0.12076 

episode:00400, mean:-176.46, std:79.86, median:-141.59, success:0.70
Log radii:  [ 0.3003874  -0.6931472   0.52436155 -0.15363783  0.6931472  -0.04255092]
Adjusted log radii:  [2.0903873  1.6968529  2.0143614  1.936362   1.5831473  0.24744909]
Goal, Curr: (-1.04,  0.90), ( -1.40,   0.62)   Error: 0.45
Last SG, Last State: ( -3.40,   1.86), ( -1.40,   0.45)  SG Improvement:0.12551 

Goal, Curr: (-1.24,  0.77), ( -1.40,   0.35)   Error: 0.45
Last SG, Last State: ( -3.40,   1.31), ( -1.40,  -0.11)  SG Improvement:0.44664 

Goal, Curr: (-0.89,  1.14), ( -1.40,   1.40)   Error: 0.57
Last SG, Last State: ( -3.40,   1.93), ( -1.40,   1.40)  SG Improvement:-0.00093 

Goal, Curr: (-1.05,  1.02), ( -1.40,   0.75)   Error: 0.44
Last SG, Last State: ( -3.40,   1.92), ( -1.40,   0.69)  SG Improvement:-0.09306 

Goal, Curr: (-1.14,  1.08), ( -1.40,   0.71)   Error: 0.45
Last SG, Last State: ( -3.40,   1.92), ( -1.40,   0.49)  SG Improvement:0.04913 

Goal, Curr: (-0.92,  1.06), ( -1.40,   1.40)   Error: 0.58
Last SG, Last State: ( -3.40,   1.83), ( -1.40,   1.40)  SG Improvement:-0.04863 

Goal, Curr: (-1.03,  1.16), ( -1.40,   0.91)   Error: 0.45
Last SG, Last State: ( -3.40,   1.86), ( -1.40,   0.66)  SG Improvement:-0.07916 

Goal, Curr: (-1.08,  0.86), ( -1.40,   0.54)   Error: 0.45
Last SG, Last State: ( -3.40,   1.91), ( -1.40,   0.50)  SG Improvement:0.09342 

Goal, Curr: (-1.12,  0.93), ( -1.40,   0.58)   Error: 0.45
Last SG, Last State: ( -3.40,   1.91), ( -1.40,   0.49)  SG Improvement:0.08178 

Goal, Curr: (-1.21,  1.17), ( -1.40,   0.77)   Error: 0.45
Last SG, Last State: ( -3.40,   1.80), ( -1.40,   0.66)  SG Improvement:-0.08081 

episode:00500, mean:-153.58, std:53.25, median:-135.71, success:0.80
Goal, Curr: (-0.91,  0.98), ( -1.40,   0.89)   Error: 0.50
Last SG, Last State: ( -3.40,   1.54), ( -1.37,   0.61)  SG Improvement:-0.38325 

Goal, Curr: (-1.24,  1.16), ( -1.40,   0.74)   Error: 0.45
Last SG, Last State: ( -3.40,   1.57), ( -1.39,   0.53)  SG Improvement:-0.13685 

Goal, Curr: (-0.77,  1.00), ( -1.37,   0.61)   Error: 0.72
Last SG, Last State: ( -3.40,   2.39), ( -1.40,   0.90)  SG Improvement:-0.73464 

Goal, Curr: (-0.99,  1.08), ( -1.40,   0.90)   Error: 0.45
Last SG, Last State: ( -3.38,   1.47), ( -1.39,   0.65)  SG Improvement:0.22993 

Goal, Curr: (-1.22,  0.88), ( -1.38,   0.47)   Error: 0.45
Last SG, Last State: ( -3.24,   1.26), ( -1.29,   0.09)  SG Improvement:0.40377 

Goal, Curr: (-1.16,  1.18), ( -1.41,   0.81)   Error: 0.45
Last SG, Last State: ( -3.31,   1.61), ( -1.39,   0.76)  SG Improvement:0.13212 

Goal, Curr: (-1.22,  0.84), ( -1.40,   0.43)   Error: 0.44
Last SG, Last State: ( -3.29,   1.67), ( -1.40,   0.40)  SG Improvement:0.22273 

Goal, Curr: (-0.81,  1.18), ( -1.40,   0.65)   Error: 0.78
Last SG, Last State: ( -3.40,   1.78), ( -1.40,   0.70)  SG Improvement:0.01225 

Goal, Curr: (-1.07,  1.02), ( -1.38,   0.70)   Error: 0.45
Last SG, Last State: ( -3.32,   1.51), ( -1.30,   0.47)  SG Improvement:-0.11553 

Goal, Curr: (-0.76,  1.11), ( -1.40,   0.95)   Error: 0.66
Last SG, Last State: ( -3.40,   1.65), ( -1.37,   0.64)  SG Improvement:0.09958 

episode:00600, mean:-190.44, std:71.61, median:-165.83, success:0.60
Log radii:  [ 0.6931472  -0.608869    0.6793674  -0.35293734 -0.6931472   0.6931472 ]
Adjusted log radii:  [1.8831472  1.781131   2.4693673  0.5370627  0.49685287 1.5831473 ]
Goal, Curr: (-0.77,  1.15), ( -1.40,   0.85)   Error: 0.70
Last SG, Last State: ( -3.40,   2.64), ( -1.40,   0.72)  SG Improvement:-0.07622 

Goal, Curr: (-0.82,  0.87), ( -1.40,   0.84)   Error: 0.58
Last SG, Last State: ( -3.40,   2.54), ( -1.40,   0.76)  SG Improvement:0.00032 

Goal, Curr: (-0.76,  0.76), ( -1.40,   0.81)   Error: 0.64
Last SG, Last State: ( -3.40,   2.50), ( -1.40,   0.65)  SG Improvement:-0.05934 

Goal, Curr: (-0.82,  1.18), ( -1.40,   0.90)   Error: 0.64
Last SG, Last State: ( -3.40,   2.64), ( -1.40,   0.75)  SG Improvement:-0.07803 

Goal, Curr: (-0.85,  0.82), ( -1.40,   0.83)   Error: 0.55
Last SG, Last State: ( -3.40,   2.53), ( -1.40,   0.67)  SG Improvement:-0.07438 

Goal, Curr: (-1.19,  1.13), ( -1.40,   0.74)   Error: 0.45
Last SG, Last State: ( -3.40,   1.82), ( -1.40,   0.41)  SG Improvement:0.52774 

Goal, Curr: (-0.93,  1.01), ( -1.40,   0.89)   Error: 0.48
Last SG, Last State: ( -3.40,   2.60), ( -1.40,   0.73)  SG Improvement:-0.09189 

Goal, Curr: (-1.24,  1.03), ( -1.40,   0.62)   Error: 0.44
Last SG, Last State: ( -3.40,   1.97), ( -1.40,   0.59)  SG Improvement:0.47468 

Goal, Curr: (-0.86,  0.91), ( -1.40,   0.88)   Error: 0.54
Last SG, Last State: ( -3.40,   2.55), ( -1.40,   0.70)  SG Improvement:-0.06614 

Goal, Curr: (-1.20,  1.22), ( -1.40,   0.82)   Error: 0.45
Last SG, Last State: ( -3.34,   1.83), ( -1.40,   0.47)  SG Improvement:0.52724 

episode:00700, mean:-209.49, std:47.07, median:-225.08, success:0.30
Goal, Curr: (-0.81,  1.00), ( -1.40,   1.40)   Error: 0.71
Last SG, Last State: ( -3.40,   3.37), ( -1.40,   1.40)  SG Improvement:0.00008 

Goal, Curr: (-1.21,  0.99), ( -1.21,   0.54)   Error: 0.45
Last SG, Last State: ( -3.17,   1.37), ( -1.17,  -0.03)  SG Improvement:0.66830 

Goal, Curr: (-1.20,  1.02), ( -1.23,   0.58)   Error: 0.44
Last SG, Last State: ( -3.18,   1.62), ( -1.20,   0.23)  SG Improvement:0.67611 

Goal, Curr: (-0.82,  0.92), ( -1.40,   1.40)   Error: 0.75
Last SG, Last State: ( -3.40,   3.37), ( -1.40,   1.40)  SG Improvement:0.00003 

Goal, Curr: (-1.16,  1.20), ( -1.36,   0.81)   Error: 0.44
Last SG, Last State: ( -3.31,   1.68), ( -1.31,   0.30)  SG Improvement:0.64317 

Goal, Curr: (-1.22,  1.24), ( -1.33,   0.80)   Error: 0.45
Last SG, Last State: ( -3.27,   2.03), ( -1.32,   0.65)  SG Improvement:0.63007 

Goal, Curr: (-0.94,  1.24), ( -1.32,   1.00)   Error: 0.45
Last SG, Last State: ( -3.21,   2.08), ( -1.27,   0.70)  SG Improvement:0.57967 

Goal, Curr: (-0.78,  1.18), ( -1.39,   1.40)   Error: 0.65
Last SG, Last State: ( -3.39,   3.38), ( -1.38,   1.40)  SG Improvement:0.00504 

Goal, Curr: (-1.01,  1.09), ( -1.10,   0.67)   Error: 0.43
Last SG, Last State: ( -3.09,   1.40), ( -1.07,   0.31)  SG Improvement:0.90616 

Goal, Curr: (-0.94,  1.00), ( -1.29,   0.73)   Error: 0.45
Last SG, Last State: ( -3.22,   1.92), ( -1.27,   0.55)  SG Improvement:0.62294 

episode:00800, mean:-158.37, std:68.06, median:-130.74, success:0.70
Log radii:  [ 0.08661473 -0.6931472   0.6931472   0.17880374 -0.6931472  -0.5199295 ]
Adjusted log radii:  [ 2.1766148  1.6968529  2.1831472  1.9688036 -0.7031472  1.2700706]
Goal, Curr: (-0.76,  1.17), ( -0.92,   0.75)   Error: 0.44
Last SG, Last State: ( -0.47,   2.14), ( -0.92,   0.72)  SG Improvement:0.76148 

Goal, Curr: (-0.87,  1.11), ( -0.83,   0.66)   Error: 0.45
Last SG, Last State: ( -0.58,   2.03), ( -0.83,   0.62)  SG Improvement:0.78768 

Goal, Curr: (-1.04,  0.93), ( -0.94,   0.50)   Error: 0.44
Last SG, Last State: ( -0.80,   1.33), ( -1.04,  -0.07)  SG Improvement:0.76980 

Goal, Curr: (-1.17,  1.13), ( -0.87,   0.81)   Error: 0.45
Last SG, Last State: ( -0.67,   2.10), ( -0.86,   0.69)  SG Improvement:0.79525 

Goal, Curr: (-1.18,  1.05), ( -0.90,   0.70)   Error: 0.44
Last SG, Last State: ( -0.64,   1.85), ( -0.92,   0.45)  SG Improvement:0.80252 

Goal, Curr: (-0.83,  0.88), ( -0.90,   0.45)   Error: 0.44
Last SG, Last State: ( -0.53,   1.64), ( -0.94,   0.23)  SG Improvement:0.79259 

Goal, Curr: (-0.86,  0.92), ( -0.92,   0.49)   Error: 0.43
Last SG, Last State: ( -0.51,   1.59), ( -0.98,   0.18)  SG Improvement:0.77085 

Goal, Curr: (-0.95,  0.88), ( -0.94,   0.43)   Error: 0.45
Last SG, Last State: ( -0.45,   1.75), ( -0.95,   0.35)  SG Improvement:0.79762 

Goal, Curr: (-0.93,  0.82), ( -1.03,   0.38)   Error: 0.45
Last SG, Last State: ( -0.50,   1.67), ( -1.05,   0.27)  SG Improvement:0.77631 

Goal, Curr: (-0.96,  1.06), ( -0.83,   0.63)   Error: 0.45
Last SG, Last State: ( -0.62,   2.02), ( -0.83,   0.61)  SG Improvement:0.79432 

episode:00900, mean:-105.85, std:24.60, median:-117.76, success:1.00
Log radii:  [-0.56978714 -0.6931472   0.4194065  -0.6931472   0.6931472  -0.62171274]
Adjusted log radii:  [1.8202128 1.9968529 2.5094063 1.0968529 1.5831473 1.4682872]
Goal, Curr: (-0.86,  1.08), ( -0.97,   0.65)   Error: 0.45
Last SG, Last State: ( -0.43,   1.80), ( -1.02,   0.36)  SG Improvement:0.65716 

Goal, Curr: (-0.82,  0.82), ( -0.95,   0.39)   Error: 0.45
Last SG, Last State: ( -0.96,   1.39), ( -1.04,  -0.02)  SG Improvement:0.76204 

Goal, Curr: (-0.94,  0.95), ( -0.93,   0.51)   Error: 0.44
Last SG, Last State: ( -0.54,   1.69), ( -0.95,   0.27)  SG Improvement:0.74183 

Goal, Curr: (-0.93,  0.94), ( -0.94,   0.50)   Error: 0.44
Last SG, Last State: ( -0.93,   1.42), ( -1.05,   0.01)  SG Improvement:0.75201 

Goal, Curr: (-1.20,  0.75), ( -0.99,   0.37)   Error: 0.44
Last SG, Last State: ( -0.65,   1.60), ( -1.00,   0.19)  SG Improvement:0.77177 

Goal, Curr: (-0.85,  0.75), ( -0.95,   0.32)   Error: 0.44
Last SG, Last State: ( -1.09,   1.28), ( -1.04,  -0.13)  SG Improvement:0.77683 

Goal, Curr: (-1.02,  0.95), ( -0.91,   0.52)   Error: 0.44
Last SG, Last State: ( -0.89,   1.47), ( -0.95,   0.06)  SG Improvement:0.78453 

Goal, Curr: (-0.77,  1.20), ( -0.89,   0.78)   Error: 0.43
Last SG, Last State: ( -0.57,   2.13), ( -0.89,   0.72)  SG Improvement:0.72132 

Goal, Curr: (-0.78,  0.80), ( -0.93,   0.39)   Error: 0.44
Last SG, Last State: ( -0.93,   1.37), ( -1.02,  -0.04)  SG Improvement:0.75277 

Goal, Curr: (-1.10,  0.96), ( -0.93,   0.54)   Error: 0.45
Last SG, Last State: ( -0.80,   1.52), ( -0.99,   0.11)  SG Improvement:0.76743 

episode:01000, mean:-98.32, std:13.40, median:-100.31, success:1.00
Log radii:  [ 0.6931472  -0.26300952  0.6931472  -0.6931472   0.6931472   0.6931472 ]
Adjusted log radii:  [0.9831472 2.1269906 2.1831472 1.396853  1.5831473 0.9831472]
Goal, Curr: (-0.78,  1.17), ( -0.51,   0.81)   Error: 0.45
Last SG, Last State: ( -0.58,   1.88), ( -0.61,   0.47)  SG Improvement:0.62799 

Goal, Curr: (-0.92,  0.76), ( -0.78,   0.35)   Error: 0.44
Last SG, Last State: ( -0.34,   1.70), ( -0.82,   0.26)  SG Improvement:0.61677 

Goal, Curr: (-0.88,  1.01), ( -0.74,   0.59)   Error: 0.44
Last SG, Last State: ( -0.38,   1.65), ( -0.89,   0.20)  SG Improvement:0.52601 

Goal, Curr: (-1.25,  0.98), ( -0.73,   1.40)   Error: 0.66
Last SG, Last State: ( -2.10,   3.40), ( -0.52,   1.40)  SG Improvement:0.27324 

Goal, Curr: (-1.07,  1.02), ( -0.83,   1.40)   Error: 0.45
Last SG, Last State: ( -2.19,   3.39), ( -0.69,   1.40)  SG Improvement:-0.35487 

Goal, Curr: (-1.01,  1.02), ( -0.78,   1.40)   Error: 0.45
Last SG, Last State: ( -2.18,   3.39), ( -0.67,   1.40)  SG Improvement:-0.36821 

Goal, Curr: (-1.25,  0.98), ( -0.54,   1.40)   Error: 0.81
Last SG, Last State: ( -1.84,   3.40), ( -0.75,   1.40)  SG Improvement:-0.19385 

Goal, Curr: (-1.06,  1.06), ( -0.57,   1.40)   Error: 0.60
Last SG, Last State: ( -2.13,   3.40), ( -0.54,   1.40)  SG Improvement:0.47493 

Goal, Curr: (-0.90,  1.13), ( -0.61,   0.79)   Error: 0.45
Last SG, Last State: ( -0.50,   2.04), ( -0.66,   0.62)  SG Improvement:0.60724 

Goal, Curr: (-0.82,  0.90), ( -0.57,   0.53)   Error: 0.44
Last SG, Last State: ( -0.39,   1.61), ( -0.68,   0.19)  SG Improvement:0.66119 

episode:01100, mean:-169.14, std:74.44, median:-161.85, success:0.70
Log radii:  [-0.4072544 -0.6931472 -0.3066006  0.6931472  0.6931472 -0.6931472]
Adjusted log radii:  [1.6827457 1.9968529 1.7833993 0.6831472 0.6831472 1.396853 ]
Log radii:  [ 0.6931472  0.6931472 -0.6931472  0.6931472 -0.6931472  0.6931472]
Adjusted log radii:  [ 2.1831472   1.2831472  -0.10314716  1.2831472   1.0968529   1.5831473 ]
Goal, Curr: (-0.96,  0.81), ( -1.40,   0.71)   Error: 0.45
Last SG, Last State: ( -2.31,   1.66), ( -1.39,   0.27)  SG Improvement:0.14617 

Goal, Curr: (-1.02,  1.17), ( -1.35,   0.87)   Error: 0.45
Last SG, Last State: ( -2.22,   1.89), ( -1.40,   0.70)  SG Improvement:0.13580 

Goal, Curr: (-1.08,  0.85), ( -1.40,   0.53)   Error: 0.44
Last SG, Last State: ( -2.20,   1.45), ( -1.34,   0.09)  SG Improvement:0.29208 

Goal, Curr: (-0.84,  0.99), ( -1.28,   1.05)   Error: 0.44
Last SG, Last State: ( -2.50,   2.03), ( -1.40,   1.05)  SG Improvement:0.42187 

Goal, Curr: (-0.82,  0.76), ( -1.41,   1.40)   Error: 0.87
Last SG, Last State: ( -2.72,   3.38), ( -0.95,   1.40)  SG Improvement:1.18038 

Goal, Curr: (-0.76,  0.95), ( -0.81,   1.40)   Error: 0.45
Last SG, Last State: ( -1.62,   3.40), ( -0.87,   1.40)  SG Improvement:-0.13028 

Goal, Curr: (-1.04,  0.87), ( -1.40,   0.61)   Error: 0.45
Last SG, Last State: ( -2.22,   1.62), ( -1.40,   0.26)  SG Improvement:0.26851 

Goal, Curr: (-0.98,  0.93), ( -1.37,   0.73)   Error: 0.44
Last SG, Last State: ( -2.25,   1.68), ( -1.40,   0.56)  SG Improvement:0.13321 

Goal, Curr: (-1.10,  0.89), ( -1.40,   0.55)   Error: 0.45
Last SG, Last State: ( -2.29,   1.61), ( -1.40,   0.46)  SG Improvement:0.17472 

Goal, Curr: (-1.21,  0.85), ( -1.40,   0.45)   Error: 0.45
Last SG, Last State: ( -2.15,   1.35), ( -1.26,  -0.03)  SG Improvement:0.43937 

episode:01200, mean:-126.07, std:42.03, median:-116.01, success:0.90
Log radii:  [-0.6931472  0.1915825  0.6931472  0.6931472  0.6931472 -0.6931472]
Adjusted log radii:  [-0.10314716  1.9815824   0.6831472   1.8831472   1.2831472   1.396853  ]
Goal, Curr: (-1.18,  0.96), ( -1.10,   0.52)   Error: 0.45
Last SG, Last State: ( -3.29,   1.28), ( -1.37,   0.46)  SG Improvement:0.06488 

Goal, Curr: (-1.04,  1.01), ( -1.40,   0.76)   Error: 0.44
Last SG, Last State: ( -3.27,   0.18), ( -1.30,   0.37)  SG Improvement:1.22574 

Goal, Curr: (-1.00,  1.14), ( -1.24,   0.76)   Error: 0.45
Last SG, Last State: ( -3.12,   0.11), ( -1.16,   0.32)  SG Improvement:1.16622 

Goal, Curr: (-0.90,  1.03), ( -1.21,   0.72)   Error: 0.44
Last SG, Last State: ( -3.00,   2.25), ( -1.40,   0.66)  SG Improvement:-0.27048 

Goal, Curr: (-0.82,  1.07), ( -1.25,   0.96)   Error: 0.44
Last SG, Last State: ( -3.03,   2.40), ( -1.40,   0.91)  SG Improvement:-0.62635 

Goal, Curr: (-0.96,  0.99), ( -1.34,   0.76)   Error: 0.45
Last SG, Last State: ( -3.10,   2.34), ( -1.40,   0.77)  SG Improvement:-0.92357 

Goal, Curr: (-0.95,  1.24), ( -1.22,   0.88)   Error: 0.44
Last SG, Last State: ( -3.13,   0.60), ( -1.05,   0.47)  SG Improvement:1.20280 

Goal, Curr: (-0.91,  1.21), ( -1.22,   0.89)   Error: 0.45
Last SG, Last State: ( -3.11,   0.15), ( -1.15,   0.35)  SG Improvement:1.14343 

Goal, Curr: (-1.10,  1.05), ( -0.85,   0.68)   Error: 0.44
Last SG, Last State: ( -2.88,   2.43), ( -0.74,   0.53)  SG Improvement:-1.16070 

Goal, Curr: (-1.21,  0.82), ( -1.40,   0.43)   Error: 0.44
Last SG, Last State: ( -2.74,   1.77), ( -1.40,   0.08)  SG Improvement:-0.40592 

episode:01300, mean:-226.33, std:59.09, median:-231.54, success:1.00
Goal, Curr: (-0.83,  1.18), ( -0.11,   0.94)   Error: 0.76
Last SG, Last State: ( -2.11,   2.89), ( -0.07,   0.95)  SG Improvement:0.03288 

Goal, Curr: (-0.97,  0.90), ( -0.97,   0.47)   Error: 0.44
Last SG, Last State: ( -2.70,   1.71), ( -0.99,   0.27)  SG Improvement:-2.37942 

Goal, Curr: (-0.89,  1.04), ( -0.54,   0.76)   Error: 0.44
Last SG, Last State: ( -2.29,   0.83), ( -0.64,   0.23)  SG Improvement:-0.07896 

Goal, Curr: (-1.21,  1.19), ( -0.78,   1.29)   Error: 0.43
Last SG, Last State: ( -2.28,   3.21), ( -0.68,   1.26)  SG Improvement:-0.07378 

Goal, Curr: (-0.95,  0.83), ( -0.13,   0.77)   Error: 0.82
Last SG, Last State: ( -2.28,   2.64), ( -0.20,   0.73)  SG Improvement:-0.06538 

Goal, Curr: (-1.23,  1.07), ( -0.86,   0.83)   Error: 0.44
Last SG, Last State: ( -0.45,   2.06), ( -0.46,   0.50)  SG Improvement:1.31642 

Goal, Curr: (-0.99,  1.24), ( -0.14,   0.58)   Error: 1.08
Last SG, Last State: ( -2.06,   2.51), ( -0.03,   0.58)  SG Improvement:0.00338 

Goal, Curr: (-1.08,  0.88), ( -0.16,   0.64)   Error: 0.95
Last SG, Last State: ( -2.13,   2.56), ( -0.09,   0.65)  SG Improvement:-0.00668 

Goal, Curr: (-1.24,  0.98), ( -0.81,   0.84)   Error: 0.45
Last SG, Last State: ( -0.26,   2.15), ( -0.67,   0.65)  SG Improvement:1.28805 

Goal, Curr: (-1.17,  1.09), ( -0.39,   1.05)   Error: 0.78
Last SG, Last State: ( -0.63,   2.60), ( -0.55,   1.18)  SG Improvement:1.21051 

episode:01400, mean:-265.73, std:86.91, median:-271.70, success:0.50
Goal, Curr: (-0.86,  0.83), ( -0.46,   0.64)   Error: 0.44
Last SG, Last State: ( -2.01,   2.43), ( -0.44,   0.60)  SG Improvement:-0.27824 

Goal, Curr: (-0.91,  0.96), ( -0.55,   0.70)   Error: 0.45
Last SG, Last State: ( -1.65,   2.04), ( -0.30,   0.60)  SG Improvement:-0.28676 

Goal, Curr: (-1.10,  0.92), ( -0.79,   1.24)   Error: 0.44
Last SG, Last State: ( -1.01,   2.61), ( -0.48,   1.17)  SG Improvement:0.45048 

Goal, Curr: (-1.08,  1.05), ( -0.65,   1.13)   Error: 0.44
Last SG, Last State: ( -1.38,   2.49), ( -0.36,   1.06)  SG Improvement:0.17633 

Goal, Curr: (-1.00,  0.83), ( -1.01,   1.38)   Error: 0.55
Last SG, Last State: ( -2.28,   2.95), ( -0.50,   1.12)  SG Improvement:-1.13278 

Goal, Curr: (-0.86,  0.87), ( -0.42,   0.82)   Error: 0.44
Last SG, Last State: ( -0.56,   2.22), ( -0.37,   0.74)  SG Improvement:0.99813 

Goal, Curr: (-0.95,  1.08), ( -0.55,   0.87)   Error: 0.45
Last SG, Last State: ( -2.08,   2.46), ( -0.31,   0.73)  SG Improvement:-0.71417 

Goal, Curr: (-0.87,  1.04), ( -0.05,  -0.04)   Error: 1.36
Last SG, Last State: ( -2.07,   2.03), ( -0.16,   0.07)  SG Improvement:0.53272 

Goal, Curr: (-1.09,  1.22), ( -0.67,   1.09)   Error: 0.44
Last SG, Last State: ( -2.31,   2.57), ( -0.43,   0.62)  SG Improvement:-0.92381 

Goal, Curr: (-1.12,  0.99), ( -0.74,   0.75)   Error: 0.44
Last SG, Last State: ( -1.82,   2.08), ( -0.37,   0.63)  SG Improvement:-0.68735 

episode:01500, mean:-278.81, std:49.44, median:-273.50, success:0.80
Goal, Curr: (-1.13,  1.21), ( -0.73,   1.40)   Error: 0.45
Last SG, Last State: ( -2.20,   3.40), ( -0.65,   1.40)  SG Improvement:-0.52992 

Goal, Curr: (-1.02,  0.79), ( -0.14,   1.37)   Error: 1.06
Last SG, Last State: ( -1.16,   3.40), ( -0.45,   1.40)  SG Improvement:1.10370 

Goal, Curr: (-1.12,  1.07), ( -0.83,   1.40)   Error: 0.44
Last SG, Last State: ( -2.17,   3.40), ( -0.63,   1.40)  SG Improvement:-0.65888 

Goal, Curr: (-1.08,  0.88), ( -1.25,   1.40)   Error: 0.55
Last SG, Last State: ( -1.33,   3.40), ( -0.81,   1.40)  SG Improvement:1.45552 

Goal, Curr: (-0.98,  0.87), ( -0.05,   1.36)   Error: 1.05
Last SG, Last State: ( -1.03,   3.40), ( -0.37,   1.40)  SG Improvement:1.07413 

Goal, Curr: (-0.90,  1.23), ( -0.49,   1.40)   Error: 0.44
Last SG, Last State: ( -2.06,   3.17), ( -0.26,   1.40)  SG Improvement:-0.53425 

Goal, Curr: (-1.10,  1.18), ( -0.72,   1.40)   Error: 0.44
Last SG, Last State: ( -2.23,   3.40), ( -0.67,   1.40)  SG Improvement:-0.09441 

Goal, Curr: (-1.02,  1.05), (  0.33,   1.40)   Error: 1.40
Last SG, Last State: ( -1.86,   2.62), ( -0.15,   1.11)  SG Improvement:0.40152 

Goal, Curr: (-0.81,  0.78), (  0.84,   1.14)   Error: 1.69
Last SG, Last State: ( -2.06,   2.35), (  0.38,   0.76)  SG Improvement:0.11644 

Goal, Curr: (-1.22,  1.16), (  0.15,   1.40)   Error: 1.39
Last SG, Last State: ( -1.67,   2.82), ( -0.32,   1.28)  SG Improvement:0.67069 

episode:01600, mean:-318.02, std:86.61, median:-345.99, success:0.40
Log radii:  [ 0.6931472  -0.6931472   0.6931472   0.55982363  0.6931472  -0.6107701 ]
Adjusted log radii:  [1.8831472 1.9968529 1.8831472 1.7498236 0.6831472 2.0792298]
Goal, Curr: (-1.06,  0.87), (  0.37,   1.40)   Error: 1.52
Last SG, Last State: ( -0.59,   2.63), (  0.08,   1.09)  SG Improvement:0.48103 

Goal, Curr: (-0.97,  1.06), (  0.37,   1.40)   Error: 1.38
Last SG, Last State: ( -0.36,   2.70), (  0.09,   1.16)  SG Improvement:0.47995 

Goal, Curr: (-1.25,  1.05), (  0.34,   1.40)   Error: 1.62
Last SG, Last State: ( -0.64,   2.72), (  0.03,   1.15)  SG Improvement:0.48653 

Goal, Curr: (-0.79,  0.98), (  0.41,   1.40)   Error: 1.27
Last SG, Last State: ( -0.54,   2.70), (  0.14,   1.15)  SG Improvement:0.23352 

Goal, Curr: (-0.94,  0.95), (  0.38,   1.40)   Error: 1.40
Last SG, Last State: ( -0.67,   2.70), (  0.09,   1.15)  SG Improvement:0.19363 

Goal, Curr: (-0.84,  1.21), (  0.42,   1.40)   Error: 1.27
Last SG, Last State: ( -0.58,   2.69), (  0.15,   1.14)  SG Improvement:-0.11051 

Goal, Curr: (-1.22,  1.01), (  0.07,   1.03)   Error: 1.29
Last SG, Last State: (  1.17,   2.22), ( -0.30,   0.56)  SG Improvement:1.66612 

Goal, Curr: (-1.11,  0.98), (  0.36,   1.40)   Error: 1.53
Last SG, Last State: ( -0.49,   2.63), (  0.06,   1.08)  SG Improvement:0.53433 

Goal, Curr: (-0.80,  0.84), (  0.05,   0.88)   Error: 0.85
Last SG, Last State: (  1.36,   2.10), ( -0.33,   0.42)  SG Improvement:1.63492 

Goal, Curr: (-0.94,  0.97), (  0.06,   1.24)   Error: 1.03
Last SG, Last State: (  1.29,   2.44), ( -0.34,   0.80)  SG Improvement:1.74687 

episode:01700, mean:-432.59, std:28.35, median:-430.25, success:0.00
Goal, Curr: (-0.95,  1.13), ( -0.60,   0.85)   Error: 0.45
Last SG, Last State: ( -2.27,  -0.40), ( -0.79,   0.47)  SG Improvement:0.72415 

Goal, Curr: (-0.95,  0.87), ( -0.95,   0.42)   Error: 0.45
Last SG, Last State: ( -2.48,   0.82), ( -0.97,   0.40)  SG Improvement:0.73694 

Goal, Curr: (-1.09,  0.92), ( -0.82,   0.56)   Error: 0.45
Last SG, Last State: ( -2.34,  -0.45), ( -0.84,   0.52)  SG Improvement:0.63520 

Goal, Curr: (-0.92,  1.03), ( -0.94,   0.59)   Error: 0.44
Last SG, Last State: ( -2.38,   0.60), ( -0.98,   0.53)  SG Improvement:0.70305 

Goal, Curr: (-0.86,  1.22), ( -0.92,   0.79)   Error: 0.44
Last SG, Last State: ( -1.83,   2.22), ( -1.14,   0.43)  SG Improvement:0.75822 

Goal, Curr: (-1.02,  1.04), ( -0.97,   0.60)   Error: 0.44
Last SG, Last State: ( -1.17,   2.22), ( -1.16,   0.42)  SG Improvement:1.08318 

Goal, Curr: (-1.11,  1.23), ( -0.34,   1.40)   Error: 0.79
Last SG, Last State: (  0.84,   2.57), ( -0.69,   1.01)  SG Improvement:1.76366 

Goal, Curr: (-0.83,  0.92), ( -0.39,   0.88)   Error: 0.44
Last SG, Last State: ( -1.55,   0.97), (  0.00,   1.15)  SG Improvement:0.63962 

Goal, Curr: (-1.22,  1.02), ( -0.28,   1.41)   Error: 1.02
Last SG, Last State: ( -0.53,   2.49), ( -0.60,   0.92)  SG Improvement:1.49023 

Goal, Curr: (-1.00,  0.92), ( -0.60,   0.71)   Error: 0.44
Last SG, Last State: ( -1.93,  -0.61), ( -0.42,   0.82)  SG Improvement:0.70280 

episode:01800, mean:-323.21, std:47.15, median:-323.36, success:0.80
Log radii:  [-0.45140055 -0.6931472   0.24056098 -0.3853714  -0.6931472  -0.6931472 ]
Adjusted log radii:  [1.9385993  1.6968529  1.130561   2.0046287  1.6968529  0.19685285]
Goal, Curr: (-0.78,  0.93), ( -1.40,   1.15)   Error: 0.66
Last SG, Last State: ( -3.39,   2.86), ( -1.40,   1.01)  SG Improvement:0.11068 

Goal, Curr: (-1.08,  1.24), ( -1.40,   0.92)   Error: 0.45
Last SG, Last State: ( -3.40,   2.76), ( -1.40,   0.91)  SG Improvement:0.11745 

Goal, Curr: (-0.99,  1.24), ( -1.40,   1.06)   Error: 0.45
Last SG, Last State: ( -3.40,   2.83), ( -1.40,   0.98)  SG Improvement:0.11390 

Goal, Curr: (-1.21,  0.95), ( -1.40,   0.54)   Error: 0.45
Last SG, Last State: ( -3.40,   2.29), ( -1.40,   0.49)  SG Improvement:0.15522 

Goal, Curr: (-1.12,  0.82), ( -1.40,   0.47)   Error: 0.45
Last SG, Last State: ( -3.40,   2.25), ( -1.40,   0.45)  SG Improvement:0.16142 

Goal, Curr: (-1.12,  1.21), ( -1.40,   0.86)   Error: 0.45
Last SG, Last State: ( -3.40,   2.61), ( -1.40,   0.77)  SG Improvement:0.12490 

Goal, Curr: (-1.12,  1.22), ( -1.40,   0.86)   Error: 0.45
Last SG, Last State: ( -3.40,   2.64), ( -1.40,   0.80)  SG Improvement:0.12324 

Goal, Curr: (-0.87,  1.08), ( -1.40,   1.30)   Error: 0.58
Last SG, Last State: ( -3.40,   3.04), ( -1.40,   1.17)  SG Improvement:0.10465 

Goal, Curr: (-1.22,  0.83), ( -1.40,   0.42)   Error: 0.45
Last SG, Last State: ( -3.40,   2.12), ( -1.40,   0.35)  SG Improvement:0.19037 

Goal, Curr: (-1.17,  1.25), ( -1.40,   0.86)   Error: 0.45
Last SG, Last State: ( -3.40,   2.55), ( -1.40,   0.71)  SG Improvement:0.12821 

episode:01900, mean:-244.40, std:62.17, median:-269.84, success:0.80
Log radii:  [-0.6931472  -0.56240875  0.49267524  0.6931472   0.5072596  -0.6931472 ]
Adjusted log radii:  [ 1.9968529   1.8275912   0.78267527  0.6831472   0.49725962 -0.7031472 ]
Goal, Curr: (-1.22,  1.10), ( -1.40,   0.69)   Error: 0.45
Last SG, Last State: ( -3.40,   2.20), ( -1.40,   0.48)  SG Improvement:0.19231 

Goal, Curr: (-1.23,  0.83), ( -1.40,   0.42)   Error: 0.44
Last SG, Last State: ( -3.40,   2.03), ( -1.40,   0.31)  SG Improvement:0.19958 

Goal, Curr: (-0.79,  1.14), ( -1.40,   1.40)   Error: 0.66
Last SG, Last State: ( -3.40,   3.17), ( -1.40,   1.38)  SG Improvement:0.15544 

Goal, Curr: (-1.05,  1.11), ( -1.40,   0.84)   Error: 0.45
Last SG, Last State: ( -3.40,   2.39), ( -1.40,   0.65)  SG Improvement:0.18149 

Goal, Curr: (-0.82,  0.90), ( -1.40,   1.40)   Error: 0.77
Last SG, Last State: ( -3.40,   2.97), ( -1.40,   1.20)  SG Improvement:0.15988 

Goal, Curr: (-0.82,  1.06), ( -1.40,   1.40)   Error: 0.67
Last SG, Last State: ( -3.40,   3.29), ( -1.40,   1.40)  SG Improvement:0.07597 

Goal, Curr: (-1.21,  0.95), ( -1.40,   0.55)   Error: 0.45
Last SG, Last State: ( -3.40,   2.04), ( -1.40,   0.33)  SG Improvement:0.19924 

Goal, Curr: (-0.88,  0.83), ( -1.40,   1.40)   Error: 0.77
Last SG, Last State: ( -3.40,   3.00), ( -1.40,   1.23)  SG Improvement:0.15916 

Goal, Curr: (-1.19,  1.07), ( -1.40,   0.68)   Error: 0.45
Last SG, Last State: ( -3.40,   2.20), ( -1.40,   0.48)  SG Improvement:0.19218 

Goal, Curr: (-0.91,  1.21), ( -1.40,   1.40)   Error: 0.53
Last SG, Last State: ( -3.40,   3.27), ( -1.40,   1.40)  SG Improvement:0.09093 

episode:02000, mean:-246.39, std:66.50, median:-251.77, success:0.50
Goal, Curr: (-0.75,  0.80), ( -1.40,   1.40)   Error: 0.88
Last SG, Last State: ( -3.40,   3.40), ( -1.40,   1.40)  SG Improvement:0.00038 

Goal, Curr: (-0.93,  1.12), ( -1.40,   1.40)   Error: 0.54
Last SG, Last State: ( -3.40,   3.40), ( -1.40,   1.40)  SG Improvement:0.00014 

Goal, Curr: (-1.12,  0.95), ( -1.40,   0.61)   Error: 0.44
Last SG, Last State: ( -3.40,   2.13), ( -1.40,   0.51)  SG Improvement:0.21116 

Goal, Curr: (-0.76,  1.04), ( -1.40,   1.40)   Error: 0.73
Last SG, Last State: ( -3.40,   3.40), ( -1.40,   1.40)  SG Improvement:0.00004 

Goal, Curr: (-1.17,  1.02), ( -1.40,   0.64)   Error: 0.45
Last SG, Last State: ( -3.40,   2.01), ( -1.40,   0.38)  SG Improvement:0.25948 

Goal, Curr: (-1.09,  1.15), ( -1.40,   0.82)   Error: 0.45
Last SG, Last State: ( -3.40,   2.13), ( -1.40,   0.50)  SG Improvement:0.20909 

Goal, Curr: (-0.95,  1.20), ( -1.40,   1.40)   Error: 0.49
Last SG, Last State: ( -3.40,   3.40), ( -1.40,   1.40)  SG Improvement:0.00003 

Goal, Curr: (-1.23,  1.21), ( -1.40,   0.81)   Error: 0.44
Last SG, Last State: ( -3.40,   2.38), ( -1.40,   0.76)  SG Improvement:0.25971 

Goal, Curr: (-0.99,  1.09), ( -1.40,   0.92)   Error: 0.45
Last SG, Last State: ( -3.40,   2.48), ( -1.40,   0.85)  SG Improvement:0.25920 

Goal, Curr: (-1.16,  0.89), ( -1.41,   0.53)   Error: 0.44
Last SG, Last State: ( -3.40,   1.92), ( -1.40,   0.29)  SG Improvement:0.26066 

episode:02100, mean:-199.75, std:61.34, median:-189.54, success:0.60
Goal, Curr: (-1.02,  0.87), ( -1.40,   0.63)   Error: 0.45
Last SG, Last State: ( -3.40,   2.15), ( -1.40,   0.45)  SG Improvement:0.20598 

Goal, Curr: (-0.87,  1.11), ( -1.40,   1.40)   Error: 0.60
Last SG, Last State: ( -3.40,   3.34), ( -1.40,   1.40)  SG Improvement:-0.02097 

Goal, Curr: (-1.08,  0.86), ( -1.40,   0.56)   Error: 0.44
Last SG, Last State: ( -3.40,   1.97), ( -1.40,   0.27)  SG Improvement:0.20756 

Goal, Curr: (-0.79,  0.94), ( -1.40,   1.40)   Error: 0.76
Last SG, Last State: ( -3.40,   3.31), ( -1.40,   1.40)  SG Improvement:0.01672 

Goal, Curr: (-1.09,  0.95), ( -1.40,   0.63)   Error: 0.44
Last SG, Last State: ( -3.40,   2.05), ( -1.40,   0.35)  SG Improvement:0.20651 

Goal, Curr: (-0.99,  0.84), ( -1.40,   0.66)   Error: 0.45
Last SG, Last State: ( -3.40,   2.18), ( -1.40,   0.48)  SG Improvement:0.20604 

Goal, Curr: (-1.16,  1.22), ( -1.40,   0.85)   Error: 0.45
Last SG, Last State: ( -3.40,   2.28), ( -1.40,   0.57)  SG Improvement:0.20380 

Goal, Curr: (-1.18,  1.15), ( -1.40,   0.76)   Error: 0.45
Last SG, Last State: ( -3.40,   2.35), ( -1.40,   0.64)  SG Improvement:0.20285 

Goal, Curr: (-1.10,  1.02), ( -1.40,   0.69)   Error: 0.45
Last SG, Last State: ( -3.40,   2.32), ( -1.40,   0.61)  SG Improvement:0.20262 

Goal, Curr: (-0.84,  0.79), ( -1.40,   1.40)   Error: 0.82
Last SG, Last State: ( -3.40,   3.19), ( -1.40,   1.40)  SG Improvement:0.06773 

episode:02200, mean:-235.78, std:50.91, median:-221.16, success:0.70
Goal, Curr: (-0.95,  1.06), ( -1.40,   1.03)   Error: 0.45
Last SG, Last State: ( -3.40,   2.01), ( -1.41,   0.53)  SG Improvement:1.03949 

Goal, Curr: (-0.93,  1.02), ( -1.40,   1.40)   Error: 0.60
Last SG, Last State: ( -3.40,   3.40), ( -1.40,   1.40)  SG Improvement:0.00001 

Goal, Curr: (-0.85,  1.08), ( -1.40,   1.40)   Error: 0.63
Last SG, Last State: ( -3.40,   3.40), ( -1.40,   1.40)  SG Improvement:0.00092 

Goal, Curr: (-0.82,  1.16), ( -1.40,   1.40)   Error: 0.62
Last SG, Last State: ( -3.40,   3.40), ( -1.40,   1.40)  SG Improvement:0.00091 

Goal, Curr: (-0.93,  0.93), ( -1.40,   1.40)   Error: 0.66
Last SG, Last State: ( -3.40,   3.40), ( -1.40,   1.40)  SG Improvement:0.00030 

Goal, Curr: (-1.17,  1.16), ( -1.40,   0.78)   Error: 0.45
Last SG, Last State: ( -3.40,   1.96), ( -1.40,   0.48)  SG Improvement:0.34613 

Goal, Curr: (-1.00,  1.03), ( -1.40,   0.83)   Error: 0.44
Last SG, Last State: ( -3.40,   2.15), ( -1.40,   0.67)  SG Improvement:0.35328 

Goal, Curr: (-1.20,  1.08), ( -1.40,   0.69)   Error: 0.44
Last SG, Last State: ( -3.40,   1.71), ( -1.40,   0.23)  SG Improvement:0.35220 

Goal, Curr: (-0.97,  0.97), ( -1.40,   0.85)   Error: 0.45
Last SG, Last State: ( -3.40,   2.02), ( -1.41,   0.54)  SG Improvement:0.10448 

Goal, Curr: (-1.01,  1.25), ( -1.40,   1.02)   Error: 0.45
Last SG, Last State: ( -3.40,   2.38), ( -1.40,   0.90)  SG Improvement:0.35131 

episode:02300, mean:-207.25, std:59.36, median:-191.81, success:0.60
Goal, Curr: (-0.84,  1.01), ( -1.40,  -0.86)   Error: 1.95
Last SG, Last State: ( -3.40,   1.15), ( -1.40,  -0.85)  SG Improvement:-0.00497 

Goal, Curr: (-0.90,  0.88), ( -1.40,  -0.78)   Error: 1.73
Last SG, Last State: ( -3.40,   1.24), ( -1.40,  -0.77)  SG Improvement:-0.00742 

Goal, Curr: (-0.94,  1.09), ( -1.40,  -0.74)   Error: 1.88
Last SG, Last State: ( -3.40,   1.29), ( -1.40,  -0.72)  SG Improvement:-0.01078 

Goal, Curr: (-0.93,  0.75), ( -1.40,  -0.96)   Error: 1.77
Last SG, Last State: ( -3.40,   1.05), ( -1.40,  -0.95)  SG Improvement:-0.00289 

Goal, Curr: (-0.91,  0.91), ( -1.40,  -1.08)   Error: 2.05
Last SG, Last State: ( -3.40,   0.93), ( -1.40,  -1.07)  SG Improvement:-0.00413 

Goal, Curr: (-1.22,  1.01), ( -1.40,  -0.93)   Error: 1.95
Last SG, Last State: ( -3.40,   1.07), ( -1.40,  -0.93)  SG Improvement:-0.00283 

Goal, Curr: (-0.76,  1.18), ( -1.40,  -0.93)   Error: 2.21
Last SG, Last State: ( -3.40,   1.07), ( -1.40,  -0.93)  SG Improvement:-0.00301 

Goal, Curr: (-0.93,  1.24), ( -1.40,  -0.56)   Error: 1.86
Last SG, Last State: ( -3.40,   1.49), ( -1.40,  -0.53)  SG Improvement:-0.08030 

Goal, Curr: (-1.11,  1.20), ( -1.40,  -1.07)   Error: 2.29
Last SG, Last State: ( -3.40,   0.95), ( -1.40,  -1.06)  SG Improvement:-0.00402 

Goal, Curr: (-1.23,  0.75), ( -1.40,  -1.15)   Error: 1.91
Last SG, Last State: ( -3.40,   0.87), ( -1.40,  -1.14)  SG Improvement:-0.00494 

episode:02400, mean:-579.73, std:51.50, median:-568.42, success:0.00
Goal, Curr: (-0.97,  1.21), ( -1.40,   1.08)   Error: 0.45
Last SG, Last State: ( -3.40,   2.03), ( -1.40,   0.59)  SG Improvement:0.28336 

Goal, Curr: (-0.96,  0.89), ( -1.40,   0.77)   Error: 0.45
Last SG, Last State: ( -3.40,   1.71), ( -1.40,   0.27)  SG Improvement:0.36737 

Goal, Curr: (-1.00,  0.79), ( -1.40,   0.60)   Error: 0.44
Last SG, Last State: ( -3.40,   1.83), ( -1.40,   0.39)  SG Improvement:0.35506 

Goal, Curr: (-0.87,  0.88), ( -1.40,   1.40)   Error: 0.74
Last SG, Last State: ( -3.40,   3.40), ( -1.40,   1.40)  SG Improvement:-0.00001 

Goal, Curr: (-1.16,  0.94), ( -1.40,   0.57)   Error: 0.43
Last SG, Last State: ( -3.40,   1.81), ( -1.40,   0.37)  SG Improvement:0.36004 

Goal, Curr: (-1.03,  0.95), ( -1.40,   0.70)   Error: 0.44
Last SG, Last State: ( -3.40,   1.78), ( -1.40,   0.33)  SG Improvement:0.46675 

Goal, Curr: (-0.98,  0.77), ( -1.40,   0.64)   Error: 0.44
Last SG, Last State: ( -3.40,   1.84), ( -1.40,   0.39)  SG Improvement:0.36005 

Goal, Curr: (-1.01,  0.88), ( -1.40,   0.67)   Error: 0.45
Last SG, Last State: ( -3.40,   2.03), ( -1.40,   0.59)  SG Improvement:0.35384 

Goal, Curr: (-0.77,  1.08), ( -1.40,   1.40)   Error: 0.71
Last SG, Last State: ( -3.40,   3.40), ( -1.40,   1.40)  SG Improvement:0.00000 

Goal, Curr: (-0.81,  0.80), ( -1.40,   1.40)   Error: 0.84
Last SG, Last State: ( -3.40,   3.40), ( -1.40,   1.40)  SG Improvement:0.00000 

episode:02500, mean:-174.71, std:70.09, median:-142.08, success:0.70
Goal, Curr: (-1.20,  1.17), ( -1.40,  -1.40)   Error: 2.58
Last SG, Last State: ( -3.40,   0.60), ( -1.40,  -1.40)  SG Improvement:0.00007 

Goal, Curr: (-1.18,  0.89), ( -1.40,  -1.40)   Error: 2.30
Last SG, Last State: ( -3.40,   0.60), ( -1.40,  -1.40)  SG Improvement:-0.00002 

Goal, Curr: (-0.76,  0.84), ( -1.40,  -1.40)   Error: 2.32
Last SG, Last State: ( -3.40,   0.60), ( -1.40,  -1.40)  SG Improvement:0.00001 

Goal, Curr: (-1.16,  1.12), ( -1.40,  -1.40)   Error: 2.53
Last SG, Last State: ( -3.40,   0.60), ( -1.40,  -1.40)  SG Improvement:-0.00003 

Goal, Curr: (-1.02,  1.10), ( -1.40,  -1.40)   Error: 2.52
Last SG, Last State: ( -3.40,   0.60), ( -1.40,  -1.40)  SG Improvement:-0.00005 

Goal, Curr: (-1.03,  0.75), ( -1.40,  -1.40)   Error: 2.18
Last SG, Last State: ( -3.40,   0.60), ( -1.40,  -1.40)  SG Improvement:0.00000 

Goal, Curr: (-1.05,  0.97), ( -1.40,  -1.40)   Error: 2.39
Last SG, Last State: ( -3.40,   0.60), ( -1.40,  -1.40)  SG Improvement:0.00001 

Goal, Curr: (-0.92,  0.83), ( -1.40,  -1.40)   Error: 2.28
Last SG, Last State: ( -3.40,   0.60), ( -1.40,  -1.40)  SG Improvement:-0.00001 

Goal, Curr: (-1.07,  0.97), ( -1.40,  -1.40)   Error: 2.39
Last SG, Last State: ( -3.40,   0.60), ( -1.40,  -1.40)  SG Improvement:0.00001 

Goal, Curr: (-1.23,  0.78), ( -1.40,  -1.40)   Error: 2.19
Last SG, Last State: ( -3.40,   0.60), ( -1.40,  -1.40)  SG Improvement:-0.00002 

episode:02600, mean:-685.73, std:36.30, median:-692.93, success:0.00
Log radii:  [-0.6931472  -0.6931472   0.6931472   0.6931472   0.01825288 -0.6931472 ]
Adjusted log radii:  [1.396853   1.9968529  1.5831473  1.2831472  2.4082527  0.19685285]
Goal, Curr: (-1.07,  0.82), ( -1.40,   0.51)   Error: 0.45
Last SG, Last State: ( -3.25,   1.58), ( -1.40,   0.06)  SG Improvement:-0.82821 

Goal, Curr: (-1.17,  0.79), ( -1.40,   0.41)   Error: 0.44
Last SG, Last State: ( -3.40,   1.29), ( -1.40,  -0.16)  SG Improvement:0.42877 

Goal, Curr: (-1.17,  0.79), ( -1.40,   0.42)   Error: 0.44
Last SG, Last State: ( -3.40,   1.47), ( -1.40,   0.02)  SG Improvement:0.47978 

Goal, Curr: (-0.98,  0.79), ( -1.40,   0.64)   Error: 0.44
Last SG, Last State: ( -3.40,   1.96), ( -1.40,   0.51)  SG Improvement:0.28147 

Goal, Curr: (-1.13,  0.92), ( -1.40,   0.56)   Error: 0.45
Last SG, Last State: ( -3.40,   1.89), ( -1.40,   0.45)  SG Improvement:0.32789 

Goal, Curr: (-1.17,  0.79), ( -1.40,   0.41)   Error: 0.45
Last SG, Last State: ( -3.40,   1.63), ( -1.40,   0.18)  SG Improvement:0.41193 

Goal, Curr: (-1.12,  1.09), ( -1.40,   0.74)   Error: 0.45
Last SG, Last State: ( -3.40,   1.70), ( -1.40,   0.26)  SG Improvement:0.40025 

Goal, Curr: (-1.06,  1.00), ( -1.40,   0.73)   Error: 0.44
Last SG, Last State: ( -3.40,   2.00), ( -1.40,   0.56)  SG Improvement:0.32568 

Goal, Curr: (-1.19,  1.00), ( -1.40,   0.62)   Error: 0.44
Last SG, Last State: ( -3.40,   1.76), ( -1.40,   0.32)  SG Improvement:0.32890 

Goal, Curr: (-1.06,  1.13), ( -1.40,   0.85)   Error: 0.44
Last SG, Last State: ( -3.40,   2.02), ( -1.40,   0.57)  SG Improvement:0.39183 

episode:02700, mean:-114.99, std:25.36, median:-115.06, success:1.00
Goal, Curr: (-0.87,  1.05), ( -1.40,   1.40)   Error: 0.63
Last SG, Last State: ( -3.40,   3.40), ( -1.40,   1.40)  SG Improvement:-0.00000 

Goal, Curr: (-0.92,  1.12), ( -1.40,   1.40)   Error: 0.55
Last SG, Last State: ( -3.40,   3.40), ( -1.40,   1.40)  SG Improvement:-0.00001 

Goal, Curr: (-0.99,  1.03), ( -1.40,   0.84)   Error: 0.45
Last SG, Last State: ( -3.40,   1.87), ( -1.40,   0.38)  SG Improvement:0.32155 

Goal, Curr: (-0.84,  1.18), ( -1.40,   1.40)   Error: 0.60
Last SG, Last State: ( -3.40,   3.40), ( -1.40,   1.40)  SG Improvement:-0.00000 

Goal, Curr: (-0.86,  0.96), ( -1.40,   1.40)   Error: 0.69
Last SG, Last State: ( -3.40,   3.40), ( -1.40,   1.40)  SG Improvement:-0.00000 

Goal, Curr: (-1.22,  0.93), ( -1.41,   0.52)   Error: 0.45
Last SG, Last State: ( -3.40,   1.80), ( -1.40,   0.30)  SG Improvement:0.37821 

Goal, Curr: (-0.84,  1.04), ( -1.40,   1.40)   Error: 0.67
Last SG, Last State: ( -3.40,   3.40), ( -1.40,   1.40)  SG Improvement:-0.00001 

Goal, Curr: (-0.81,  1.01), ( -1.40,   1.40)   Error: 0.71
Last SG, Last State: ( -3.40,   3.40), ( -1.40,   1.40)  SG Improvement:-0.00001 

Goal, Curr: (-1.06,  0.95), ( -1.40,   0.66)   Error: 0.45
Last SG, Last State: ( -3.40,   1.71), ( -1.40,   0.21)  SG Improvement:0.32284 

Goal, Curr: (-0.93,  0.75), ( -1.40,   1.40)   Error: 0.80
Last SG, Last State: ( -3.40,   3.40), ( -1.40,   1.40)  SG Improvement:-0.00001 

episode:02800, mean:-233.23, std:62.08, median:-255.08, success:0.30
Goal, Curr: (-0.95,  1.12), ( -1.40,   1.40)   Error: 0.53
Last SG, Last State: ( -3.40,   3.40), ( -1.40,   1.40)  SG Improvement:0.00002 

Goal, Curr: (-0.86,  0.77), ( -1.40,   1.40)   Error: 0.83
Last SG, Last State: ( -3.40,   3.40), ( -1.40,   1.40)  SG Improvement:-0.00000 

Goal, Curr: (-0.90,  0.80), ( -1.40,   1.40)   Error: 0.78
Last SG, Last State: ( -3.40,   3.40), ( -1.40,   1.40)  SG Improvement:0.00000 

Goal, Curr: (-1.16,  0.77), ( -1.40,   0.38)   Error: 0.45
Last SG, Last State: ( -3.40,   1.83), ( -1.40,   0.37)  SG Improvement:0.32584 

Goal, Curr: (-1.00,  1.05), ( -1.40,   0.84)   Error: 0.44
Last SG, Last State: ( -3.40,   1.90), ( -1.40,   0.43)  SG Improvement:0.38289 

Goal, Curr: (-0.97,  0.94), ( -1.40,   0.81)   Error: 0.45
Last SG, Last State: ( -3.40,   2.18), ( -1.40,   0.72)  SG Improvement:0.31511 

Goal, Curr: (-1.18,  0.82), ( -1.40,   0.45)   Error: 0.44
Last SG, Last State: ( -3.31,   1.52), ( -1.40,   0.01)  SG Improvement:-0.74792 

Goal, Curr: (-1.13,  1.10), ( -1.40,   0.75)   Error: 0.44
Last SG, Last State: ( -3.40,   1.94), ( -1.40,   0.48)  SG Improvement:0.31873 

Goal, Curr: (-1.05,  1.01), ( -1.40,   0.73)   Error: 0.45
Last SG, Last State: ( -3.40,   1.99), ( -1.41,   0.53)  SG Improvement:0.84889 

Goal, Curr: (-1.17,  0.77), ( -1.40,   0.40)   Error: 0.44
Last SG, Last State: ( -3.39,   1.53), ( -1.40,   0.01)  SG Improvement:-0.79211 

episode:02900, mean:-164.89, std:69.70, median:-137.82, success:0.70
Goal, Curr: (-1.16,  1.05), ( -1.40,   0.67)   Error: 0.45
Last SG, Last State: ( -3.40,   2.02), ( -1.41,   0.55)  SG Improvement:0.11277 

Goal, Curr: (-0.80,  0.78), ( -1.40,   1.40)   Error: 0.86
Last SG, Last State: ( -3.40,   3.40), ( -1.40,   1.40)  SG Improvement:0.00001 

Goal, Curr: (-1.12,  0.88), ( -1.41,   0.55)   Error: 0.44
Last SG, Last State: ( -3.40,   1.71), ( -1.40,   0.23)  SG Improvement:0.39627 

Goal, Curr: (-0.86,  1.14), ( -1.40,   1.40)   Error: 0.60
Last SG, Last State: ( -3.40,   3.40), ( -1.40,   1.40)  SG Improvement:0.00000 

Goal, Curr: (-1.00,  1.20), ( -1.40,   0.99)   Error: 0.45
Last SG, Last State: ( -3.40,   2.10), ( -1.40,   0.62)  SG Improvement:0.39109 

Goal, Curr: (-1.20,  0.90), ( -1.40,   0.51)   Error: 0.44
Last SG, Last State: ( -3.40,   1.64), ( -1.40,   0.16)  SG Improvement:0.37423 

Goal, Curr: (-0.84,  0.98), ( -1.40,   1.40)   Error: 0.70
Last SG, Last State: ( -3.40,   3.40), ( -1.40,   1.40)  SG Improvement:0.00000 

Goal, Curr: (-1.02,  0.88), ( -1.40,   0.65)   Error: 0.45
Last SG, Last State: ( -3.40,   1.86), ( -1.40,   0.39)  SG Improvement:0.30737 

Goal, Curr: (-1.01,  0.95), ( -1.40,   0.74)   Error: 0.45
Last SG, Last State: ( -3.40,   2.11), ( -1.40,   0.63)  SG Improvement:0.25909 

Goal, Curr: (-1.10,  0.89), ( -1.40,   0.56)   Error: 0.44
Last SG, Last State: ( -3.40,   1.67), ( -1.40,   0.19)  SG Improvement:0.42544 

episode:03000, mean:-167.36, std:71.23, median:-135.99, success:0.70
