Using device: cpu
gc-2.0-tg4-expl0.5
Goal, Curr: (-0.87,  0.99), ( -0.70,  -0.67)   Error: 1.66
Last SG, Last State: ( -2.24,   1.18), ( -0.78,  -0.71)  SG Improvement:0.18314 

Goal, Curr: (-0.76,  0.98), ( -0.92,  -1.18)   Error: 2.17
Last SG, Last State: ( -2.07,   0.82), ( -0.92,  -1.09)  SG Improvement:0.10029 

Goal, Curr: (-0.82,  0.78), ( -0.31,  -1.06)   Error: 1.91
Last SG, Last State: ( -1.05,   0.81), ( -0.36,  -1.09)  SG Improvement:-0.11890 

Goal, Curr: (-0.97,  1.10), ( -0.95,  -1.02)   Error: 2.12
Last SG, Last State: ( -2.99,   0.87), ( -1.01,  -1.06)  SG Improvement:0.00091 

Goal, Curr: (-0.92,  0.91), ( -0.57,  -1.23)   Error: 2.17
Last SG, Last State: ( -2.52,   0.83), ( -0.59,  -1.11)  SG Improvement:-0.40449 

Goal, Curr: (-0.84,  1.02), ( -0.50,  -1.13)   Error: 2.17
Last SG, Last State: ( -2.39,   0.86), ( -0.67,  -1.02)  SG Improvement:-0.00628 

Goal, Curr: (-1.01,  0.88), ( -0.96,  -0.71)   Error: 1.59
Last SG, Last State: ( -2.42,   1.24), ( -1.01,  -0.65)  SG Improvement:0.10472 

Goal, Curr: (-0.79,  1.20), ( -0.26,  -0.83)   Error: 2.10
Last SG, Last State: ( -2.27,   0.96), ( -0.33,  -0.97)  SG Improvement:0.26982 

Goal, Curr: (-0.81,  1.06), ( -1.03,  -0.96)   Error: 2.03
Last SG, Last State: ( -2.76,   0.99), ( -0.98,  -1.02)  SG Improvement:-1.34443 

Goal, Curr: (-1.02,  0.88), ( -0.94,  -0.89)   Error: 1.77
Last SG, Last State: ( -2.67,   1.10), ( -0.94,  -0.90)  SG Improvement:-0.67163 

episode:00100, mean:0.07, std:0.08, median:0.07, success:0.00
Goal, Curr: (-0.94,  1.14), ( -1.19,  -0.87)   Error: 2.02
Last SG, Last State: ( -3.19,  -1.63), ( -1.19,  -0.87)  SG Improvement:0.00280 

Goal, Curr: (-1.17,  1.07), ( -0.90,  -0.98)   Error: 2.07
Last SG, Last State: ( -2.89,  -1.77), ( -0.90,  -0.98)  SG Improvement:0.00310 

Goal, Curr: (-0.82,  0.90), ( -0.83,  -1.14)   Error: 2.04
Last SG, Last State: ( -2.83,  -1.76), ( -0.83,  -1.14)  SG Improvement:0.00100 

Goal, Curr: (-0.96,  1.25), ( -1.19,  -0.78)   Error: 2.04
Last SG, Last State: ( -3.18,  -1.56), ( -1.19,  -0.78)  SG Improvement:0.00149 

Goal, Curr: (-0.75,  1.02), ( -1.28,  -1.09)   Error: 2.18
Last SG, Last State: ( -3.28,  -1.77), ( -1.28,  -1.09)  SG Improvement:0.00502 

Goal, Curr: (-0.91,  0.76), ( -0.89,  -0.97)   Error: 1.73
Last SG, Last State: ( -2.89,  -1.65), ( -0.89,  -0.97)  SG Improvement:0.00204 

Goal, Curr: (-0.90,  1.00), ( -0.80,  -0.86)   Error: 1.87
Last SG, Last State: ( -2.80,  -1.53), ( -0.80,  -0.86)  SG Improvement:0.00211 

Goal, Curr: (-1.03,  1.17), ( -1.20,  -1.16)   Error: 2.34
Last SG, Last State: ( -3.20,  -1.95), ( -1.20,  -1.16)  SG Improvement:0.00582 

Goal, Curr: (-1.16,  1.22), ( -1.09,  -1.13)   Error: 2.36
Last SG, Last State: ( -3.09,  -1.95), ( -1.09,  -1.13)  SG Improvement:0.00372 

Goal, Curr: (-1.05,  0.91), ( -0.78,  -0.90)   Error: 1.83
Last SG, Last State: ( -2.78,  -1.62), ( -0.78,  -0.90)  SG Improvement:0.00265 

episode:00200, mean:0.01, std:0.01, median:0.01, success:0.00
Goal, Curr: (-0.76,  0.97), (  1.38,  -1.37)   Error: 3.17
Last SG, Last State: ( -0.62,   0.63), (  1.38,  -1.37)  SG Improvement:-0.01499 

Goal, Curr: (-1.20,  0.83), (  1.39,  -1.39)   Error: 3.41
Last SG, Last State: ( -0.60,   0.61), (  1.39,  -1.39)  SG Improvement:-0.01297 

Goal, Curr: (-0.87,  1.06), (  1.38,  -1.38)   Error: 3.32
Last SG, Last State: ( -0.64,   0.60), (  1.38,  -1.38)  SG Improvement:0.10913 

Goal, Curr: (-0.89,  1.03), (  1.40,  -1.40)   Error: 3.33
Last SG, Last State: ( -0.89,   0.60), (  1.29,  -1.40)  SG Improvement:-0.17349 

Goal, Curr: (-1.01,  0.97), (  1.39,  -1.38)   Error: 3.36
Last SG, Last State: ( -0.61,   0.62), (  1.39,  -1.38)  SG Improvement:0.00165 

Goal, Curr: (-1.09,  1.04), (  1.40,  -1.40)   Error: 3.49
Last SG, Last State: ( -0.87,   0.60), (  1.31,  -1.40)  SG Improvement:-0.17267 

Goal, Curr: (-0.84,  0.87), (  1.39,  -1.39)   Error: 3.17
Last SG, Last State: ( -0.60,   0.60), (  1.39,  -1.39)  SG Improvement:0.01969 

Goal, Curr: (-1.03,  0.85), (  1.40,  -1.40)   Error: 3.31
Last SG, Last State: ( -0.60,   0.60), (  1.38,  -1.38)  SG Improvement:0.07091 

Goal, Curr: (-0.80,  0.92), (  1.40,  -1.40)   Error: 3.19
Last SG, Last State: ( -0.87,   0.60), (  1.31,  -1.40)  SG Improvement:-0.17225 

Goal, Curr: (-0.76,  0.90), (  1.39,  -1.39)   Error: 3.15
Last SG, Last State: ( -0.60,   0.61), (  1.39,  -1.39)  SG Improvement:-0.00131 

episode:00300, mean:-1.40, std:0.18, median:-1.37, success:0.00
Goal, Curr: (-1.08,  0.80), (  0.11,  -1.27)   Error: 2.39
Last SG, Last State: (  0.95,   1.01), ( -0.47,  -1.14)  SG Improvement:0.51614 

Goal, Curr: (-1.21,  1.19), ( -0.25,  -1.40)   Error: 2.76
Last SG, Last State: (  2.17,   0.59), ( -0.06,  -1.40)  SG Improvement:-0.17479 

Goal, Curr: (-1.15,  0.90), ( -0.29,  -1.40)   Error: 2.46
Last SG, Last State: (  2.10,   0.58), ( -0.12,  -1.40)  SG Improvement:-0.18470 

Goal, Curr: (-1.12,  0.77), ( -0.57,  -1.21)   Error: 2.05
Last SG, Last State: (  1.75,   0.58), ( -0.37,  -1.40)  SG Improvement:-0.16737 

Goal, Curr: (-1.25,  1.05), ( -0.28,  -1.40)   Error: 2.63
Last SG, Last State: (  2.11,   0.59), ( -0.11,  -1.40)  SG Improvement:-0.18191 

Goal, Curr: (-1.24,  1.20), (  0.19,  -1.40)   Error: 2.97
Last SG, Last State: (  2.69,   0.60), (  0.44,  -1.40)  SG Improvement:-0.20434 

Goal, Curr: (-1.14,  0.87), ( -1.40,  -0.61)   Error: 1.50
Last SG, Last State: (  0.60,   1.29), ( -1.40,  -0.65)  SG Improvement:-0.00041 

Goal, Curr: (-1.16,  1.10), ( -1.40,  -0.68)   Error: 1.79
Last SG, Last State: (  0.60,   1.23), ( -1.40,  -0.72)  SG Improvement:0.00163 

Goal, Curr: (-1.20,  1.18), ( -0.42,  -1.27)   Error: 2.58
Last SG, Last State: (  1.94,   0.59), ( -0.23,  -1.40)  SG Improvement:-0.16678 

Goal, Curr: (-0.77,  1.17), ( -1.40,  -0.78)   Error: 2.04
Last SG, Last State: (  0.60,   1.14), ( -1.40,  -0.81)  SG Improvement:0.00223 

episode:00400, mean:-0.25, std:0.45, median:-0.30, success:0.00
Goal, Curr: (-0.84,  1.05), (  1.40,  -0.27)   Error: 2.60
Last SG, Last State: (  3.40,   1.52), (  1.40,  -0.35)  SG Improvement:0.01784 

Goal, Curr: (-1.21,  0.90), (  1.40,  -0.27)   Error: 2.85
Last SG, Last State: (  3.40,   1.54), (  1.40,  -0.34)  SG Improvement:0.01854 

Goal, Curr: (-0.77,  0.76), (  1.40,  -0.30)   Error: 2.41
Last SG, Last State: (  3.40,   1.46), (  1.40,  -0.39)  SG Improvement:0.01745 

Goal, Curr: (-0.84,  1.07), (  1.40,  -0.29)   Error: 2.62
Last SG, Last State: (  3.40,   1.47), (  1.40,  -0.39)  SG Improvement:0.01806 

Goal, Curr: (-0.91,  1.18), (  1.40,  -0.27)   Error: 2.73
Last SG, Last State: (  3.40,   1.52), (  1.40,  -0.35)  SG Improvement:0.01781 

Goal, Curr: (-1.02,  0.93), (  1.40,  -0.28)   Error: 2.71
Last SG, Last State: (  3.40,   1.50), (  1.40,  -0.37)  SG Improvement:0.01954 

Goal, Curr: (-1.22,  1.24), (  1.40,  -0.27)   Error: 3.02
Last SG, Last State: (  3.40,   1.53), (  1.40,  -0.35)  SG Improvement:0.01809 

Goal, Curr: (-0.97,  0.76), (  1.40,  -0.25)   Error: 2.58
Last SG, Last State: (  3.40,   1.57), (  1.40,  -0.32)  SG Improvement:0.01618 

Goal, Curr: (-0.81,  1.11), (  1.40,  -0.27)   Error: 2.60
Last SG, Last State: (  3.40,   1.53), (  1.40,  -0.35)  SG Improvement:0.01805 

Goal, Curr: (-0.99,  1.11), (  1.40,  -0.30)   Error: 2.78
Last SG, Last State: (  3.40,   1.47), (  1.40,  -0.39)  SG Improvement:0.01759 

episode:00500, mean:-0.76, std:0.23, median:-0.71, success:0.00
Goal, Curr: (-0.79,  0.87), (  1.40,  -0.76)   Error: 2.73
Last SG, Last State: (  3.40,   1.04), (  1.40,  -0.87)  SG Improvement:0.00592 

Goal, Curr: (-1.01,  0.84), (  1.40,  -0.75)   Error: 2.89
Last SG, Last State: (  3.40,   1.09), (  1.40,  -0.84)  SG Improvement:0.00385 

Goal, Curr: (-0.95,  0.79), (  1.40,  -0.75)   Error: 2.81
Last SG, Last State: (  3.40,   1.05), (  1.40,  -0.82)  SG Improvement:0.00639 

Goal, Curr: (-1.21,  1.17), (  1.40,  -0.73)   Error: 3.23
Last SG, Last State: (  3.40,   1.11), (  1.40,  -0.79)  SG Improvement:0.00551 

Goal, Curr: (-1.04,  1.24), (  1.40,  -0.72)   Error: 3.13
Last SG, Last State: (  3.40,   1.09), (  1.40,  -0.78)  SG Improvement:0.00651 

Goal, Curr: (-1.01,  1.02), (  1.40,  -0.77)   Error: 3.00
Last SG, Last State: (  3.40,   1.04), (  1.40,  -0.88)  SG Improvement:0.00588 

Goal, Curr: (-1.23,  0.78), (  1.40,  -0.81)   Error: 3.07
Last SG, Last State: (  3.40,   1.02), (  1.40,  -0.89)  SG Improvement:0.00441 

Goal, Curr: (-1.19,  0.93), (  1.40,  -0.78)   Error: 3.10
Last SG, Last State: (  3.40,   1.02), (  1.40,  -0.85)  SG Improvement:0.00641 

Goal, Curr: (-1.14,  1.04), (  1.40,  -0.76)   Error: 3.11
Last SG, Last State: (  3.40,   1.05), (  1.40,  -0.82)  SG Improvement:0.00644 

Goal, Curr: (-0.80,  1.08), (  1.40,  -0.72)   Error: 2.84
Last SG, Last State: (  3.40,   1.10), (  1.40,  -0.77)  SG Improvement:0.00641 

episode:00600, mean:-1.00, std:0.23, median:-0.94, success:0.00
Goal, Curr: (-0.93,  1.21), (  1.40,  -1.25)   Error: 3.39
Last SG, Last State: (  2.38,   0.81), (  1.37,  -1.22)  SG Improvement:-0.15768 

Goal, Curr: (-0.99,  0.95), (  1.35,  -1.28)   Error: 3.23
Last SG, Last State: (  2.43,   0.66), (  1.40,  -1.28)  SG Improvement:0.00513 

Goal, Curr: (-0.87,  0.92), (  1.40,  -1.33)   Error: 3.19
Last SG, Last State: (  2.20,   0.62), (  1.34,  -1.38)  SG Improvement:-0.05611 

Goal, Curr: (-0.93,  1.19), (  1.40,  -1.22)   Error: 3.35
Last SG, Last State: (  2.51,   0.70), (  1.40,  -1.25)  SG Improvement:-0.00879 

Goal, Curr: (-1.24,  0.88), (  1.40,  -1.27)   Error: 3.40
Last SG, Last State: (  2.44,   0.71), (  1.40,  -1.27)  SG Improvement:-0.00824 

Goal, Curr: (-0.90,  1.12), (  1.40,  -1.29)   Error: 3.33
Last SG, Last State: (  2.07,   0.64), (  1.40,  -1.33)  SG Improvement:0.03382 

Goal, Curr: (-0.87,  0.87), (  1.40,  -1.27)   Error: 3.11
Last SG, Last State: (  2.27,   0.71), (  1.35,  -1.28)  SG Improvement:-0.07742 

Goal, Curr: (-1.18,  1.06), (  1.40,  -1.20)   Error: 3.43
Last SG, Last State: (  2.52,   0.74), (  1.40,  -1.22)  SG Improvement:-0.00115 

Goal, Curr: (-1.02,  1.01), (  1.37,  -1.25)   Error: 3.29
Last SG, Last State: (  2.60,   0.77), (  1.40,  -1.26)  SG Improvement:0.03997 

Goal, Curr: (-0.75,  0.88), (  1.40,  -1.34)   Error: 3.09
Last SG, Last State: (  2.05,   0.63), (  1.33,  -1.36)  SG Improvement:-0.06829 

episode:00700, mean:-1.29, std:0.18, median:-1.31, success:0.00
Log radii:  [-0.53767335  0.6931472   0.6931472   0.6931472  -0.59204894  0.54081905]
Adjusted log radii:  [1.55232668 1.58314729 1.28314722 1.28314722 0.59795111 0.53081906]
Goal, Curr: (-0.88,  1.12), (  1.40,  -1.22)   Error: 3.27
Last SG, Last State: (  0.69,  -2.69), (  1.40,  -1.28)  SG Improvement:0.19148 

Goal, Curr: (-0.79,  1.09), (  1.40,  -0.98)   Error: 3.01
Last SG, Last State: ( -0.10,   0.15), (  1.40,  -0.98)  SG Improvement:-0.74917 

Goal, Curr: (-0.88,  1.13), (  1.40,  -1.09)   Error: 3.18
Last SG, Last State: ( -0.07,   0.63), (  1.40,  -0.96)  SG Improvement:-0.08471 

Goal, Curr: (-1.10,  1.12), (  1.40,  -1.26)   Error: 3.45
Last SG, Last State: ( -0.14,   0.37), (  1.40,  -1.26)  SG Improvement:-0.02592 

Goal, Curr: (-1.13,  1.01), (  1.40,  -1.02)   Error: 3.24
Last SG, Last State: (  0.39,  -2.84), (  1.40,  -1.20)  SG Improvement:-0.05779 

Goal, Curr: (-0.78,  0.85), (  1.40,  -1.00)   Error: 2.86
Last SG, Last State: ( -0.12,   0.73), (  1.40,  -1.16)  SG Improvement:0.04067 

Goal, Curr: (-0.99,  0.89), (  1.40,  -1.00)   Error: 3.05
Last SG, Last State: ( -0.12,   0.69), (  1.40,  -1.16)  SG Improvement:0.04061 

Goal, Curr: (-1.11,  0.75), (  1.40,  -1.02)   Error: 3.07
Last SG, Last State: ( -0.14,   0.67), (  1.40,  -1.22)  SG Improvement:0.03638 

Goal, Curr: (-0.76,  0.84), (  1.40,  -1.08)   Error: 2.89
Last SG, Last State: ( -0.13,   0.56), (  1.40,  -1.21)  SG Improvement:-0.00236 

Goal, Curr: (-1.13,  0.83), (  1.40,  -1.02)   Error: 3.13
Last SG, Last State: ( -0.13,   0.67), (  1.40,  -1.18)  SG Improvement:0.03821 

episode:00800, mean:-1.18, std:0.14, median:-1.20, success:0.00
Log radii:  [-0.6931472   0.6931472   0.6931472   0.27116215 -0.04948634  0.43355754]
Adjusted log radii:  [1.69685292 1.88314724 1.58314729 1.76116204 1.14051366 1.32355762]
Goal, Curr: (-0.94,  1.13), (  0.94,  -1.40)   Error: 3.16
Last SG, Last State: (  0.52,  -0.49), (  0.47,  -1.40)  SG Improvement:0.10043 

Goal, Curr: (-0.75,  1.03), (  0.55,  -1.40)   Error: 2.75
Last SG, Last State: (  0.01,  -0.70), (  0.08,  -1.40)  SG Improvement:0.19077 

Goal, Curr: (-0.92,  1.05), (  1.40,  -1.40)   Error: 3.37
Last SG, Last State: (  0.59,  -0.84), (  1.40,  -1.40)  SG Improvement:0.00253 

Goal, Curr: (-1.14,  0.81), (  1.40,  -1.40)   Error: 3.36
Last SG, Last State: (  0.61,  -0.81), (  1.40,  -1.40)  SG Improvement:-0.00004 

Goal, Curr: (-1.25,  1.13), (  1.40,  -1.34)   Error: 3.62
Last SG, Last State: (  0.44,  -1.07), (  1.40,  -1.36)  SG Improvement:-0.00140 

Goal, Curr: (-1.20,  0.89), (  1.40,  -1.37)   Error: 3.45
Last SG, Last State: (  0.55,  -0.86), (  1.40,  -1.38)  SG Improvement:0.00318 

Goal, Curr: (-0.99,  1.02), ( -0.48,  -1.39)   Error: 2.47
Last SG, Last State: ( -2.42,  -2.52), ( -0.95,  -1.40)  SG Improvement:-1.04939 

Goal, Curr: (-0.89,  0.90), ( -1.03,  -0.92)   Error: 1.83
Last SG, Last State: ( -2.49,  -2.68), ( -1.03,  -0.90)  SG Improvement:-0.00834 

Goal, Curr: (-1.04,  1.07), (  1.40,  -1.40)   Error: 3.47
Last SG, Last State: (  0.57,  -0.83), (  1.40,  -1.40)  SG Improvement:-0.00055 

Goal, Curr: (-0.94,  1.10), (  1.40,  -1.40)   Error: 3.42
Last SG, Last State: (  0.59,  -0.77), (  1.40,  -1.40)  SG Improvement:-0.00042 

episode:00900, mean:-1.08, std:0.56, median:-1.23, success:0.00
Goal, Curr: (-0.98,  1.24), (  1.40,  -1.40)   Error: 3.55
Last SG, Last State: (  0.29,  -0.38), (  1.40,  -1.40)  SG Improvement:0.08642 

Goal, Curr: (-0.84,  0.87), (  1.40,  -1.40)   Error: 3.19
Last SG, Last State: (  0.21,  -0.25), (  1.40,  -1.40)  SG Improvement:0.07687 

Goal, Curr: (-0.91,  1.21), (  1.40,  -1.40)   Error: 3.49
Last SG, Last State: (  0.28,  -0.35), (  1.40,  -1.40)  SG Improvement:0.08669 

Goal, Curr: (-1.21,  0.83), (  1.40,  -1.40)   Error: 3.43
Last SG, Last State: (  0.17,  -0.33), (  1.40,  -1.40)  SG Improvement:0.04341 

Goal, Curr: (-0.90,  1.17), (  1.40,  -1.40)   Error: 3.45
Last SG, Last State: (  0.27,  -0.33), (  1.40,  -1.40)  SG Improvement:0.08649 

Goal, Curr: (-0.95,  1.24), (  1.40,  -1.40)   Error: 3.53
Last SG, Last State: (  0.20,  -0.16), (  1.40,  -1.40)  SG Improvement:-0.01904 

Goal, Curr: (-0.89,  0.85), (  1.40,  -1.40)   Error: 3.20
Last SG, Last State: (  0.18,  -0.21), (  1.40,  -1.40)  SG Improvement:0.05662 

Goal, Curr: (-0.85,  1.16), (  1.40,  -1.40)   Error: 3.41
Last SG, Last State: (  0.15,   0.02), (  1.40,  -1.40)  SG Improvement:-0.10042 

Goal, Curr: (-1.04,  1.01), (  1.40,  -1.40)   Error: 3.43
Last SG, Last State: (  0.15,  -0.05), (  1.40,  -1.40)  SG Improvement:-0.07730 

Goal, Curr: (-0.82,  1.01), (  1.40,  -1.40)   Error: 3.27
Last SG, Last State: (  0.25,  -0.29), (  1.40,  -1.40)  SG Improvement:0.09017 

episode:01000, mean:-1.28, std:0.18, median:-1.29, success:0.00
Goal, Curr: (-0.83,  1.09), ( -1.40,  -0.78)   Error: 1.95
Last SG, Last State: ( -3.05,  -2.59), ( -1.36,  -0.65)  SG Improvement:-0.01451 

Goal, Curr: (-1.23,  1.08), ( -1.04,  -0.60)   Error: 1.69
Last SG, Last State: ( -3.03,  -2.67), ( -1.40,  -0.60)  SG Improvement:-0.40227 

Goal, Curr: (-0.84,  0.94), ( -1.39,  -0.60)   Error: 1.64
Last SG, Last State: ( -3.22,  -2.49), ( -1.40,  -0.66)  SG Improvement:-0.03343 

Goal, Curr: (-1.15,  1.13), ( -1.27,  -0.68)   Error: 1.82
Last SG, Last State: ( -3.09,  -2.53), ( -1.29,  -0.60)  SG Improvement:-1.45898 

Goal, Curr: (-1.15,  1.25), ( -0.93,  -0.66)   Error: 1.92
Last SG, Last State: ( -1.91,  -0.78), ( -0.94,  -0.61)  SG Improvement:-0.37534 

Goal, Curr: (-0.98,  1.16), ( -0.87,  -1.19)   Error: 2.36
Last SG, Last State: ( -2.54,  -2.73), ( -0.86,  -1.19)  SG Improvement:0.00236 

Goal, Curr: (-0.95,  1.07), ( -1.40,  -0.61)   Error: 1.73
Last SG, Last State: ( -3.20,  -2.56), ( -1.40,  -0.75)  SG Improvement:-0.04615 

Goal, Curr: (-1.07,  1.14), ( -1.40,  -0.60)   Error: 1.77
Last SG, Last State: ( -3.22,  -2.56), ( -1.40,  -0.70)  SG Improvement:-0.03174 

Goal, Curr: (-0.87,  1.12), ( -1.23,  -0.67)   Error: 1.83
Last SG, Last State: ( -2.97,  -2.55), ( -1.36,  -0.60)  SG Improvement:-1.28586 

Goal, Curr: (-0.93,  0.90), ( -0.99,  -0.60)   Error: 1.50
Last SG, Last State: ( -2.40,  -2.41), ( -0.81,  -0.60)  SG Improvement:-0.37019 

episode:01100, mean:0.31, std:0.18, median:0.25, success:0.00
Goal, Curr: (-1.11,  1.18), (  0.34,  -1.40)   Error: 2.96
Last SG, Last State: ( -0.07,  -0.91), (  0.39,  -1.40)  SG Improvement:-0.09021 

Goal, Curr: (-0.92,  1.18), (  0.32,  -1.40)   Error: 2.86
Last SG, Last State: ( -0.34,  -0.46), (  0.22,  -1.40)  SG Improvement:-0.04926 

Goal, Curr: (-0.85,  0.83), ( -1.40,  -1.18)   Error: 2.08
Last SG, Last State: ( -2.54,  -3.20), ( -1.32,  -1.18)  SG Improvement:0.07884 

Goal, Curr: (-0.95,  0.76), (  0.06,  -1.40)   Error: 2.38
Last SG, Last State: ( -0.58,  -1.27), (  0.12,  -1.40)  SG Improvement:-0.09512 

Goal, Curr: (-1.06,  1.19), (  0.39,  -1.40)   Error: 2.97
Last SG, Last State: ( -0.14,  -0.18), (  0.33,  -1.40)  SG Improvement:-0.10792 

Goal, Curr: (-1.14,  1.24), (  0.02,  -1.36)   Error: 2.85
Last SG, Last State: ( -0.23,  -2.45), (  0.17,  -1.40)  SG Improvement:-0.13196 

Goal, Curr: (-0.86,  0.95), (  0.15,  -1.40)   Error: 2.55
Last SG, Last State: ( -0.51,  -1.49), (  0.18,  -1.40)  SG Improvement:-0.07384 

Goal, Curr: (-1.21,  0.93), ( -1.35,  -1.00)   Error: 1.94
Last SG, Last State: ( -2.71,  -3.05), ( -1.24,  -1.00)  SG Improvement:0.44335 

Goal, Curr: (-1.07,  1.21), (  0.34,  -1.40)   Error: 2.97
Last SG, Last State: ( -0.09,  -0.93), (  0.36,  -1.40)  SG Improvement:-0.07744 

Goal, Curr: (-1.19,  1.24), ( -0.07,  -1.32)   Error: 2.79
Last SG, Last State: ( -0.83,  -3.33), (  0.04,  -1.35)  SG Improvement:0.31161 

episode:01200, mean:-0.50, std:0.21, median:-0.53, success:0.00
Goal, Curr: (-0.89,  1.12), (  1.40,  -1.29)   Error: 3.32
Last SG, Last State: (  1.57,   0.59), (  1.40,  -1.40)  SG Improvement:0.07686 

Goal, Curr: (-0.78,  1.19), (  1.40,  -1.23)   Error: 3.25
Last SG, Last State: (  3.12,   0.60), (  1.40,  -1.29)  SG Improvement:0.08502 

Goal, Curr: (-0.99,  0.87), (  1.40,  -1.22)   Error: 3.18
Last SG, Last State: (  3.11,   0.60), (  1.40,  -1.29)  SG Improvement:0.10556 

Goal, Curr: (-1.16,  1.04), (  1.40,  -1.29)   Error: 3.46
Last SG, Last State: (  2.01,   0.60), (  1.40,  -1.40)  SG Improvement:0.04024 

Goal, Curr: (-0.87,  1.10), (  1.40,  -1.29)   Error: 3.29
Last SG, Last State: (  1.76,   0.60), (  1.40,  -1.40)  SG Improvement:0.10255 

Goal, Curr: (-1.12,  1.18), (  1.40,  -1.23)   Error: 3.48
Last SG, Last State: (  3.18,   0.60), (  1.40,  -1.29)  SG Improvement:0.10426 

Goal, Curr: (-0.78,  0.84), (  1.40,  -1.28)   Error: 3.04
Last SG, Last State: (  1.55,   0.60), (  1.40,  -1.40)  SG Improvement:0.15638 

Goal, Curr: (-1.17,  1.04), (  1.40,  -1.18)   Error: 3.39
Last SG, Last State: (  3.22,   0.71), (  1.40,  -1.22)  SG Improvement:0.00132 

Goal, Curr: (-0.83,  0.80), (  1.40,  -1.28)   Error: 3.05
Last SG, Last State: (  1.66,   0.60), (  1.40,  -1.40)  SG Improvement:0.14493 

Goal, Curr: (-0.79,  0.81), (  1.40,  -1.28)   Error: 3.03
Last SG, Last State: (  1.56,   0.60), (  1.40,  -1.40)  SG Improvement:0.16010 

episode:01300, mean:-1.19, std:0.15, median:-1.16, success:0.00
Goal, Curr: (-1.09,  1.03), (  1.40,  -0.26)   Error: 2.80
Last SG, Last State: (  3.39,   1.72), (  1.40,  -0.27)  SG Improvement:0.00033 

Goal, Curr: (-0.90,  0.97), (  0.33,  -0.91)   Error: 2.25
Last SG, Last State: (  0.52,  -1.45), ( -0.18,  -0.63)  SG Improvement:-1.82260 

Goal, Curr: (-0.96,  0.84), (  1.40,  -0.60)   Error: 2.77
Last SG, Last State: (  3.40,   1.34), (  1.40,  -0.63)  SG Improvement:-0.00420 

Goal, Curr: (-0.97,  0.78), (  1.40,  -0.47)   Error: 2.68
Last SG, Last State: (  3.39,   1.49), (  1.40,  -0.49)  SG Improvement:0.00273 

Goal, Curr: (-0.98,  0.86), (  1.04,  -0.49)   Error: 2.43
Last SG, Last State: (  1.82,   1.33), (  0.50,  -0.60)  SG Improvement:0.16670 

Goal, Curr: (-0.86,  0.96), (  1.40,  -0.30)   Error: 2.58
Last SG, Last State: (  2.24,   1.66), (  1.40,  -0.30)  SG Improvement:-0.08716 

Goal, Curr: (-1.12,  0.89), (  1.40,  -0.17)   Error: 2.73
Last SG, Last State: (  3.39,   1.82), (  1.40,  -0.18)  SG Improvement:-0.00017 

Goal, Curr: (-1.02,  1.18), (  1.40,  -0.36)   Error: 2.87
Last SG, Last State: (  3.39,   1.62), (  1.40,  -0.37)  SG Improvement:0.00055 

Goal, Curr: (-1.11,  1.10), (  1.40,  -0.55)   Error: 3.00
Last SG, Last State: (  3.39,   1.40), (  1.40,  -0.57)  SG Improvement:0.00122 

Goal, Curr: (-0.90,  1.02), (  1.41,  -0.32)   Error: 2.67
Last SG, Last State: ( -0.65,   1.40), (  0.92,  -0.44)  SG Improvement:-0.29096 

episode:01400, mean:-0.67, std:0.23, median:-0.73, success:0.00
Goal, Curr: (-1.18,  0.92), (  1.40,  -0.83)   Error: 3.12
Last SG, Last State: (  3.40,   1.20), (  1.40,  -0.82)  SG Improvement:-0.00038 

Goal, Curr: (-1.25,  1.00), (  1.40,  -1.04)   Error: 3.34
Last SG, Last State: (  3.40,   0.93), (  1.40,  -1.05)  SG Improvement:0.00065 

Goal, Curr: (-1.23,  1.22), (  1.40,  -1.05)   Error: 3.47
Last SG, Last State: (  3.40,   0.92), (  1.40,  -1.06)  SG Improvement:0.00061 

Goal, Curr: (-0.81,  1.01), (  1.40,  -1.00)   Error: 2.98
Last SG, Last State: (  3.40,   0.99), (  1.40,  -1.00)  SG Improvement:0.00021 

Goal, Curr: (-0.98,  1.09), (  1.40,  -0.88)   Error: 3.08
Last SG, Last State: (  3.40,   1.14), (  1.40,  -0.87)  SG Improvement:-0.00465 

Goal, Curr: (-1.13,  0.78), (  1.40,  -0.97)   Error: 3.08
Last SG, Last State: (  3.40,   1.02), (  1.40,  -0.97)  SG Improvement:0.00009 

Goal, Curr: (-1.13,  1.04), (  1.40,  -0.91)   Error: 3.19
Last SG, Last State: (  3.40,   1.05), (  1.40,  -0.92)  SG Improvement:0.00108 

Goal, Curr: (-1.15,  1.15), (  1.40,  -1.04)   Error: 3.37
Last SG, Last State: (  3.40,   0.93), (  1.40,  -1.05)  SG Improvement:0.00062 

Goal, Curr: (-1.13,  1.18), (  1.40,  -0.95)   Error: 3.31
Last SG, Last State: (  3.40,   0.91), (  1.40,  -0.98)  SG Improvement:0.00122 

Goal, Curr: (-1.19,  0.93), (  1.40,  -0.93)   Error: 3.19
Last SG, Last State: (  3.40,   1.02), (  1.40,  -0.95)  SG Improvement:0.00063 

episode:01500, mean:-1.15, std:0.15, median:-1.20, success:0.00
Log radii:  [-0.6931472   0.25768325  0.6931472   0.6931472  -0.55895686  0.4537946 ]
Adjusted log radii:  [1.0968529  1.74768329 1.58314729 1.28314722 0.93104321 0.44379461]
Goal, Curr: (-0.92,  1.20), (  1.40,  -1.40)   Error: 3.48
Last SG, Last State: (  3.40,  -3.40), (  1.40,  -1.40)  SG Improvement:0.00000 

Goal, Curr: (-1.10,  0.79), (  1.40,  -1.40)   Error: 3.32
Last SG, Last State: (  3.40,  -3.40), (  1.40,  -1.40)  SG Improvement:0.00000 

Goal, Curr: (-0.97,  1.23), (  1.40,  -1.40)   Error: 3.54
Last SG, Last State: (  3.40,  -3.40), (  1.40,  -1.40)  SG Improvement:0.00001 

Goal, Curr: (-1.16,  1.02), (  1.40,  -1.40)   Error: 3.52
Last SG, Last State: (  3.40,  -3.40), (  1.40,  -1.40)  SG Improvement:0.00001 

Goal, Curr: (-1.03,  1.25), (  1.40,  -1.40)   Error: 3.59
Last SG, Last State: (  3.40,  -3.40), (  1.40,  -1.40)  SG Improvement:0.00001 

Goal, Curr: (-0.99,  1.11), (  1.40,  -1.40)   Error: 3.46
Last SG, Last State: (  3.40,  -3.40), (  1.40,  -1.40)  SG Improvement:0.00001 

Goal, Curr: (-0.86,  1.09), (  1.40,  -1.40)   Error: 3.36
Last SG, Last State: (  3.40,  -3.40), (  1.40,  -1.40)  SG Improvement:0.00001 

Goal, Curr: (-0.98,  0.98), (  1.40,  -1.40)   Error: 3.36
Last SG, Last State: (  3.40,  -3.40), (  1.40,  -1.40)  SG Improvement:0.00001 

Goal, Curr: (-1.16,  1.20), (  1.40,  -1.40)   Error: 3.64
Last SG, Last State: (  3.40,  -3.40), (  1.40,  -1.40)  SG Improvement:0.00001 

Goal, Curr: (-0.86,  1.09), (  1.40,  -1.40)   Error: 3.36
Last SG, Last State: (  3.40,  -3.40), (  1.40,  -1.40)  SG Improvement:0.00001 

episode:01600, mean:-1.37, std:0.14, median:-1.35, success:0.00
Goal, Curr: (-0.89,  1.13), (  1.40,  -1.14)   Error: 3.22
Last SG, Last State: (  3.40,  -3.17), (  1.40,  -1.15)  SG Improvement:-0.00081 

Goal, Curr: (-0.82,  0.81), (  1.40,  -1.12)   Error: 2.94
Last SG, Last State: (  3.40,  -3.15), (  1.40,  -1.14)  SG Improvement:-0.00100 

Goal, Curr: (-1.09,  1.12), (  1.40,  -1.16)   Error: 3.38
Last SG, Last State: (  3.40,  -3.16), (  1.40,  -1.16)  SG Improvement:0.00008 

Goal, Curr: (-0.76,  1.14), (  1.40,  -1.11)   Error: 3.11
Last SG, Last State: (  3.40,  -3.16), (  1.40,  -1.13)  SG Improvement:-0.00142 

Goal, Curr: (-1.17,  0.82), (  1.40,  -1.16)   Error: 3.25
Last SG, Last State: (  3.40,  -3.15), (  1.40,  -1.16)  SG Improvement:0.00043 

Goal, Curr: (-1.23,  0.87), (  1.40,  -1.21)   Error: 3.35
Last SG, Last State: (  3.40,  -3.22), (  1.40,  -1.22)  SG Improvement:-0.00037 

Goal, Curr: (-1.08,  1.05), (  1.40,  -1.19)   Error: 3.34
Last SG, Last State: (  3.40,  -3.20), (  1.40,  -1.20)  SG Improvement:-0.00060 

Goal, Curr: (-1.22,  0.87), (  1.40,  -1.24)   Error: 3.36
Last SG, Last State: (  3.40,  -3.27), (  1.40,  -1.25)  SG Improvement:-0.00135 

Goal, Curr: (-0.84,  0.85), (  1.40,  -1.18)   Error: 3.02
Last SG, Last State: (  3.40,  -3.22), (  1.40,  -1.20)  SG Improvement:-0.00121 

Goal, Curr: (-0.91,  0.99), (  1.40,  -1.19)   Error: 3.17
Last SG, Last State: (  3.40,  -3.22), (  1.40,  -1.20)  SG Improvement:-0.00116 

episode:01700, mean:-1.29, std:0.16, median:-1.28, success:0.00
Goal, Curr: (-0.92,  0.85), (  1.40,  -1.39)   Error: 3.23
Last SG, Last State: (  3.40,  -3.40), (  1.40,  -1.39)  SG Improvement:-0.00002 

Goal, Curr: (-0.92,  0.97), (  1.40,  -1.34)   Error: 3.27
Last SG, Last State: (  3.40,  -3.37), (  1.40,  -1.36)  SG Improvement:-0.00038 

Goal, Curr: (-1.17,  0.92), (  1.40,  -1.32)   Error: 3.40
Last SG, Last State: (  3.40,  -3.36), (  1.40,  -1.34)  SG Improvement:-0.00048 

Goal, Curr: (-1.07,  1.00), (  1.40,  -1.28)   Error: 3.35
Last SG, Last State: (  3.40,  -3.34), (  1.40,  -1.31)  SG Improvement:-0.00085 

Goal, Curr: (-0.82,  1.06), (  1.40,  -1.30)   Error: 3.24
Last SG, Last State: (  3.40,  -3.35), (  1.40,  -1.33)  SG Improvement:-0.00064 

Goal, Curr: (-1.25,  1.07), (  1.40,  -1.19)   Error: 3.48
Last SG, Last State: (  3.40,  -3.29), (  1.40,  -1.24)  SG Improvement:-0.00264 

Goal, Curr: (-1.17,  0.84), (  1.40,  -1.37)   Error: 3.39
Last SG, Last State: (  3.40,  -3.39), (  1.40,  -1.38)  SG Improvement:-0.00027 

Goal, Curr: (-1.20,  0.98), (  1.40,  -1.26)   Error: 3.44
Last SG, Last State: (  3.40,  -3.33), (  1.40,  -1.30)  SG Improvement:-0.00112 

Goal, Curr: (-0.79,  0.87), (  1.40,  -1.40)   Error: 3.15
Last SG, Last State: (  3.40,  -3.40), (  1.40,  -1.40)  SG Improvement:0.00003 

Goal, Curr: (-1.02,  0.85), (  1.40,  -1.38)   Error: 3.29
Last SG, Last State: (  3.40,  -3.39), (  1.40,  -1.39)  SG Improvement:-0.00013 

episode:01800, mean:-1.31, std:0.20, median:-1.27, success:0.00
Log radii:  [-0.39421347  0.25434795  0.19769156  0.6931472  -0.18326306  0.10777718]
Adjusted log radii:  [1.39578652 1.74434805 2.28769135 0.9831472  0.10673695 0.09777718]
Goal, Curr: (-1.13,  0.76), (  1.40,  -1.40)   Error: 3.32
Last SG, Last State: (  3.40,  -3.28), (  1.40,  -1.40)  SG Improvement:0.00717 

Goal, Curr: (-1.01,  0.78), (  1.40,  -1.40)   Error: 3.25
Last SG, Last State: (  3.40,  -3.24), (  1.40,  -1.40)  SG Improvement:0.00089 

Goal, Curr: (-0.76,  1.18), (  1.40,  -1.40)   Error: 3.36
Last SG, Last State: (  3.40,  -3.33), (  1.40,  -1.40)  SG Improvement:0.00026 

Goal, Curr: (-0.90,  1.01), (  1.40,  -1.40)   Error: 3.33
Last SG, Last State: (  3.40,  -3.29), (  1.40,  -1.40)  SG Improvement:0.00206 

Goal, Curr: (-0.99,  1.12), (  1.40,  -1.40)   Error: 3.47
Last SG, Last State: (  3.40,  -3.33), (  1.40,  -1.40)  SG Improvement:0.00218 

Goal, Curr: (-1.20,  0.83), (  1.40,  -1.40)   Error: 3.42
Last SG, Last State: (  3.40,  -3.29), (  1.40,  -1.40)  SG Improvement:0.00237 

Goal, Curr: (-1.01,  0.92), (  1.40,  -1.40)   Error: 3.34
Last SG, Last State: (  3.40,  -3.28), (  1.40,  -1.40)  SG Improvement:0.00076 

Goal, Curr: (-1.03,  0.79), (  1.40,  -1.40)   Error: 3.27
Last SG, Last State: (  3.40,  -3.25), (  1.40,  -1.40)  SG Improvement:0.00087 

Goal, Curr: (-1.04,  0.85), (  1.40,  -1.40)   Error: 3.31
Last SG, Last State: (  3.40,  -3.26), (  1.40,  -1.40)  SG Improvement:0.00063 

Goal, Curr: (-0.76,  1.25), (  1.40,  -1.40)   Error: 3.42
Last SG, Last State: (  3.40,  -3.34), (  1.40,  -1.40)  SG Improvement:0.00047 

episode:01900, mean:-1.46, std:0.22, median:-1.48, success:0.00
Goal, Curr: (-0.84,  1.14), (  1.39,  -1.37)   Error: 3.36
Last SG, Last State: (  3.10,  -2.79), (  1.40,  -1.40)  SG Improvement:0.18999 

Goal, Curr: (-1.03,  0.85), (  1.40,  -1.40)   Error: 3.32
Last SG, Last State: (  3.40,  -1.11), (  1.35,  -1.40)  SG Improvement:-0.05244 

Goal, Curr: (-1.24,  1.25), (  1.40,  -1.35)   Error: 3.71
Last SG, Last State: (  3.40,  -0.91), (  1.36,  -1.40)  SG Improvement:-0.09467 

Goal, Curr: (-1.21,  0.92), (  1.40,  -1.40)   Error: 3.49
Last SG, Last State: (  2.67,  -2.34), (  1.20,  -1.40)  SG Improvement:0.40396 

Goal, Curr: (-0.77,  1.09), (  1.40,  -1.40)   Error: 3.30
Last SG, Last State: (  2.69,  -2.51), (  1.22,  -1.40)  SG Improvement:0.40281 

Goal, Curr: (-0.96,  0.77), (  1.34,  -1.40)   Error: 3.16
Last SG, Last State: (  3.37,  -1.80), (  1.40,  -1.40)  SG Improvement:-0.02021 

Goal, Curr: (-0.96,  1.25), (  1.40,  -1.40)   Error: 3.54
Last SG, Last State: (  3.35,  -2.90), (  1.40,  -1.40)  SG Improvement:0.11144 

Goal, Curr: (-1.19,  1.22), (  1.40,  -1.36)   Error: 3.66
Last SG, Last State: (  3.40,  -0.87), (  1.36,  -1.40)  SG Improvement:-0.09620 

Goal, Curr: (-1.18,  1.23), (  1.40,  -1.40)   Error: 3.68
Last SG, Last State: (  3.40,  -1.03), (  1.36,  -1.40)  SG Improvement:-0.07669 

Goal, Curr: (-1.00,  0.81), (  1.34,  -1.40)   Error: 3.22
Last SG, Last State: (  3.34,  -2.56), (  1.40,  -1.40)  SG Improvement:0.05829 

episode:02000, mean:-1.42, std:0.21, median:-1.50, success:0.00
Goal, Curr: (-0.80,  1.18), (  1.40,  -1.33)   Error: 3.34
Last SG, Last State: (  3.40,  -3.16), (  1.40,  -1.40)  SG Improvement:-0.04559 

Goal, Curr: (-1.12,  0.83), (  1.40,  -1.40)   Error: 3.36
Last SG, Last State: (  3.34,  -2.07), (  1.40,  -1.37)  SG Improvement:0.08565 

Goal, Curr: (-0.92,  1.06), (  1.40,  -1.35)   Error: 3.34
Last SG, Last State: (  3.40,  -2.16), (  1.40,  -1.17)  SG Improvement:0.02907 

Goal, Curr: (-1.20,  1.12), (  1.40,  -1.27)   Error: 3.53
Last SG, Last State: (  3.40,  -2.98), (  1.40,  -1.37)  SG Improvement:0.02171 

Goal, Curr: (-0.80,  1.03), (  1.40,  -1.40)   Error: 3.28
Last SG, Last State: (  3.40,  -1.99), (  1.40,  -1.38)  SG Improvement:0.21926 

Goal, Curr: (-0.92,  0.99), (  1.39,  -1.40)   Error: 3.33
Last SG, Last State: (  3.32,  -2.31), (  1.40,  -1.35)  SG Improvement:-0.07589 

Goal, Curr: (-0.92,  0.87), (  0.80,  -1.09)   Error: 2.61
Last SG, Last State: (  1.78,  -2.57), (  0.30,  -0.76)  SG Improvement:0.32857 

Goal, Curr: (-1.13,  1.00), (  1.40,  -1.40)   Error: 3.49
Last SG, Last State: (  2.72,  -2.71), (  1.23,  -1.35)  SG Improvement:0.53544 

Goal, Curr: (-0.94,  0.95), (  1.40,  -1.40)   Error: 3.31
Last SG, Last State: (  3.31,  -2.31), (  1.40,  -1.34)  SG Improvement:-0.09818 

Goal, Curr: (-1.25,  0.92), (  1.40,  -1.40)   Error: 3.52
Last SG, Last State: (  3.34,  -2.15), (  1.40,  -1.37)  SG Improvement:0.09487 

episode:02100, mean:-1.29, std:0.26, median:-1.30, success:0.00
Goal, Curr: (-0.79,  0.87), ( -1.40,  -0.60)   Error: 1.59
Last SG, Last State: (  0.60,  -2.60), ( -1.40,  -0.60)  SG Improvement:0.02614 

Goal, Curr: (-1.12,  0.85), ( -1.40,  -1.29)   Error: 2.16
Last SG, Last State: (  0.60,  -2.73), ( -1.40,  -0.98)  SG Improvement:0.17460 

Goal, Curr: (-1.24,  1.13), ( -1.40,  -1.25)   Error: 2.39
Last SG, Last State: (  0.60,  -2.70), ( -1.40,  -0.95)  SG Improvement:0.16539 

Goal, Curr: (-0.97,  0.88), ( -1.40,  -0.60)   Error: 1.54
Last SG, Last State: (  0.60,  -2.60), ( -1.40,  -0.60)  SG Improvement:-0.00227 

Goal, Curr: (-1.16,  0.91), ( -1.39,  -1.24)   Error: 2.16
Last SG, Last State: (  0.60,  -3.28), ( -1.40,  -1.40)  SG Improvement:0.26105 

Goal, Curr: (-0.94,  0.94), ( -1.40,  -0.60)   Error: 1.61
Last SG, Last State: (  0.61,  -2.60), ( -1.40,  -0.60)  SG Improvement:0.10006 

Goal, Curr: (-1.17,  0.98), ( -1.38,  -1.28)   Error: 2.27
Last SG, Last State: (  0.60,  -3.25), ( -1.40,  -1.40)  SG Improvement:0.26787 

Goal, Curr: (-1.06,  1.15), ( -1.40,  -0.60)   Error: 1.78
Last SG, Last State: (  0.60,  -2.60), ( -1.40,  -0.60)  SG Improvement:0.00216 

Goal, Curr: (-1.03,  1.03), ( -1.40,  -1.39)   Error: 2.45
Last SG, Last State: (  0.60,  -2.98), ( -1.40,  -1.29)  SG Improvement:0.22982 

Goal, Curr: (-1.23,  1.01), ( -1.40,  -0.60)   Error: 1.62
Last SG, Last State: (  0.60,  -2.60), ( -1.40,  -0.60)  SG Improvement:0.05169 

episode:02200, mean:0.09, std:0.41, median:0.12, success:0.00
Log radii:  [-0.5639775   0.6931472   0.6931472   0.66780007 -0.08987284  0.62164056]
Adjusted log radii:  [1.82602262 1.58314729 1.58314729 1.2578001  1.10012722 0.91164058]
Goal, Curr: (-0.89,  0.77), ( -0.86,  -1.08)   Error: 1.85
Last SG, Last State: (  1.13,  -3.08), ( -0.86,  -1.08)  SG Improvement:0.00000 

Goal, Curr: (-0.95,  1.09), ( -1.21,  -1.17)   Error: 2.28
Last SG, Last State: (  0.79,  -3.13), ( -1.20,  -1.16)  SG Improvement:-0.20621 

Goal, Curr: (-0.97,  1.05), ( -1.15,  -1.20)   Error: 2.25
Last SG, Last State: (  0.84,  -3.08), ( -1.15,  -1.15)  SG Improvement:-0.00771 

Goal, Curr: (-1.02,  1.09), ( -1.13,  -1.11)   Error: 2.21
Last SG, Last State: (  0.87,  -3.11), ( -1.13,  -1.11)  SG Improvement:-0.00036 

Goal, Curr: (-0.79,  1.06), ( -0.53,  -0.60)   Error: 1.68
Last SG, Last State: (  1.17,  -2.60), ( -0.68,  -0.60)  SG Improvement:0.09365 

Goal, Curr: (-0.82,  0.75), ( -0.84,  -0.60)   Error: 1.36
Last SG, Last State: (  0.88,  -2.60), ( -0.99,  -0.60)  SG Improvement:0.06072 

Goal, Curr: (-0.97,  0.81), ( -0.25,  -0.60)   Error: 1.58
Last SG, Last State: (  1.64,  -2.59), ( -0.27,  -0.60)  SG Improvement:0.02241 

Goal, Curr: (-1.20,  1.04), ( -0.28,  -0.60)   Error: 1.89
Last SG, Last State: (  1.56,  -2.60), ( -0.31,  -0.60)  SG Improvement:0.08286 

Goal, Curr: (-0.93,  1.10), ( -1.14,  -1.23)   Error: 2.34
Last SG, Last State: (  0.86,  -3.23), ( -1.14,  -1.23)  SG Improvement:0.00314 

Goal, Curr: (-0.82,  1.05), ( -0.39,  -0.60)   Error: 1.71
Last SG, Last State: (  1.30,  -2.60), ( -0.50,  -0.60)  SG Improvement:0.12616 

episode:02300, mean:0.09, std:0.26, median:0.03, success:0.00
Goal, Curr: (-1.01,  1.10), ( -0.90,  -0.60)   Error: 1.70
Last SG, Last State: (  0.81,  -2.60), ( -0.88,  -0.60)  SG Improvement:-0.01698 

Goal, Curr: (-1.08,  1.16), ( -0.91,  -0.60)   Error: 1.77
Last SG, Last State: (  0.80,  -2.60), ( -0.89,  -0.60)  SG Improvement:-0.01866 

Goal, Curr: (-0.99,  1.24), ( -1.04,  -0.60)   Error: 1.85
Last SG, Last State: (  0.76,  -2.60), ( -1.02,  -0.60)  SG Improvement:-0.01305 

Goal, Curr: (-0.76,  0.84), ( -0.87,  -0.60)   Error: 1.44
Last SG, Last State: (  0.81,  -2.59), ( -0.87,  -0.60)  SG Improvement:-0.00535 

Goal, Curr: (-1.10,  0.90), ( -0.75,  -0.60)   Error: 1.54
Last SG, Last State: (  1.06,  -2.58), ( -0.67,  -0.60)  SG Improvement:-0.06036 

Goal, Curr: (-0.80,  0.88), ( -0.78,  -0.60)   Error: 1.48
Last SG, Last State: (  0.72,  -2.59), ( -0.76,  -0.60)  SG Improvement:0.00758 

Goal, Curr: (-1.06,  1.19), ( -0.99,  -0.60)   Error: 1.80
Last SG, Last State: (  0.77,  -2.60), ( -0.97,  -0.60)  SG Improvement:-0.01344 

Goal, Curr: (-0.91,  1.03), ( -0.84,  -0.60)   Error: 1.63
Last SG, Last State: (  0.81,  -2.59), ( -0.81,  -0.60)  SG Improvement:-0.01308 

Goal, Curr: (-1.02,  1.14), ( -1.02,  -0.60)   Error: 1.74
Last SG, Last State: (  0.77,  -2.60), ( -1.00,  -0.60)  SG Improvement:-0.01176 

Goal, Curr: (-1.05,  1.08), ( -0.94,  -0.60)   Error: 1.69
Last SG, Last State: (  0.78,  -2.60), ( -0.92,  -0.60)  SG Improvement:-0.01219 

episode:02400, mean:0.41, std:0.10, median:0.43, success:0.00
Goal, Curr: (-0.77,  0.79), ( -1.40,  -0.60)   Error: 1.52
Last SG, Last State: ( -0.51,  -2.58), ( -1.40,  -0.60)  SG Improvement:-0.00000 

Goal, Curr: (-1.04,  1.20), ( -1.40,  -0.60)   Error: 1.84
Last SG, Last State: ( -0.22,  -2.60), ( -1.40,  -0.60)  SG Improvement:-0.00015 

Goal, Curr: (-1.00,  1.24), ( -1.40,  -0.60)   Error: 1.88
Last SG, Last State: ( -0.23,  -2.60), ( -1.40,  -0.60)  SG Improvement:-0.00003 

Goal, Curr: (-1.05,  1.07), ( -1.40,  -0.60)   Error: 1.71
Last SG, Last State: ( -0.19,  -2.60), ( -1.40,  -0.60)  SG Improvement:-0.00010 

Goal, Curr: (-0.83,  0.87), ( -1.40,  -0.60)   Error: 1.58
Last SG, Last State: ( -0.10,  -2.60), ( -1.40,  -0.60)  SG Improvement:0.00064 

Goal, Curr: (-0.76,  0.82), ( -1.40,  -0.60)   Error: 1.56
Last SG, Last State: ( -0.08,  -2.60), ( -1.40,  -0.60)  SG Improvement:0.00000 

Goal, Curr: (-0.80,  0.82), ( -1.40,  -0.60)   Error: 1.54
Last SG, Last State: ( -0.09,  -2.60), ( -1.40,  -0.60)  SG Improvement:0.00000 

Goal, Curr: (-0.83,  1.22), ( -1.40,  -0.60)   Error: 1.91
Last SG, Last State: ( -0.19,  -2.60), ( -1.40,  -0.60)  SG Improvement:-0.00004 

Goal, Curr: (-0.85,  0.96), ( -1.40,  -0.60)   Error: 1.66
Last SG, Last State: ( -0.12,  -2.60), ( -1.40,  -0.60)  SG Improvement:0.00051 

Goal, Curr: (-1.13,  0.86), ( -1.40,  -0.60)   Error: 1.48
Last SG, Last State: ( -0.16,  -2.60), ( -1.40,  -0.60)  SG Improvement:0.00007 

episode:02500, mean:0.37, std:0.14, median:0.44, success:0.00
Goal, Curr: (-1.23,  0.83), ( -1.39,  -1.07)   Error: 1.91
Last SG, Last State: ( -3.37,  -3.07), ( -1.39,  -1.07)  SG Improvement:0.00024 

Goal, Curr: (-0.88,  0.90), ( -1.39,  -0.91)   Error: 1.88
Last SG, Last State: ( -3.35,  -2.90), ( -1.39,  -0.91)  SG Improvement:-0.00099 

Goal, Curr: (-1.09,  0.90), ( -1.40,  -1.23)   Error: 2.16
Last SG, Last State: ( -3.38,  -3.23), ( -1.40,  -1.23)  SG Improvement:-0.00081 

Goal, Curr: (-1.23,  1.16), ( -1.37,  -0.60)   Error: 1.77
Last SG, Last State: ( -3.39,  -2.66), ( -1.40,  -0.60)  SG Improvement:-0.03605 

Goal, Curr: (-1.23,  0.80), ( -1.39,  -1.25)   Error: 2.05
Last SG, Last State: ( -3.37,  -3.25), ( -1.39,  -1.25)  SG Improvement:-0.00163 

Goal, Curr: (-0.93,  1.14), ( -1.39,  -0.83)   Error: 2.02
Last SG, Last State: ( -3.37,  -2.83), ( -1.39,  -0.83)  SG Improvement:-0.00120 

Goal, Curr: (-1.20,  1.05), ( -1.39,  -1.09)   Error: 2.14
Last SG, Last State: ( -3.38,  -3.09), ( -1.39,  -1.09)  SG Improvement:-0.00047 

Goal, Curr: (-1.07,  1.03), ( -1.39,  -1.02)   Error: 2.07
Last SG, Last State: ( -3.37,  -3.02), ( -1.39,  -1.02)  SG Improvement:0.00063 

Goal, Curr: (-0.77,  1.09), ( -1.39,  -0.81)   Error: 2.01
Last SG, Last State: ( -3.36,  -2.82), ( -1.39,  -0.81)  SG Improvement:0.00595 

Goal, Curr: (-0.85,  1.19), ( -1.39,  -0.86)   Error: 2.12
Last SG, Last State: ( -3.38,  -2.92), ( -1.40,  -0.89)  SG Improvement:0.02440 

episode:02600, mean:0.06, std:0.27, median:0.05, success:0.00
Goal, Curr: (-1.23,  1.21), ( -1.40,  -1.30)   Error: 2.52
Last SG, Last State: ( -3.40,  -3.30), ( -1.40,  -1.40)  SG Improvement:0.08741 

Goal, Curr: (-1.11,  1.19), ( -1.40,  -1.40)   Error: 2.60
Last SG, Last State: ( -3.40,  -3.40), ( -1.40,  -1.30)  SG Improvement:-0.09175 

Goal, Curr: (-0.76,  0.94), ( -1.40,  -1.30)   Error: 2.33
Last SG, Last State: ( -3.40,  -3.30), ( -1.40,  -1.40)  SG Improvement:0.08765 

Goal, Curr: (-1.18,  1.09), ( -1.40,  -1.30)   Error: 2.40
Last SG, Last State: ( -3.40,  -3.30), ( -1.40,  -1.40)  SG Improvement:0.08827 

Goal, Curr: (-0.89,  1.17), ( -1.40,  -1.40)   Error: 2.62
Last SG, Last State: ( -3.40,  -3.40), ( -1.40,  -1.30)  SG Improvement:-0.09797 

Goal, Curr: (-1.07,  0.98), ( -1.40,  -1.40)   Error: 2.40
Last SG, Last State: ( -3.40,  -3.40), ( -1.40,  -1.30)  SG Improvement:-0.09806 

Goal, Curr: (-0.89,  0.75), ( -1.40,  -1.40)   Error: 2.21
Last SG, Last State: ( -3.40,  -3.40), ( -1.40,  -1.26)  SG Improvement:-0.19637 

Goal, Curr: (-0.96,  1.12), ( -1.40,  -1.25)   Error: 2.40
Last SG, Last State: ( -3.40,  -3.28), ( -1.40,  -1.40)  SG Improvement:0.10550 

Goal, Curr: (-0.84,  0.83), ( -1.40,  -1.40)   Error: 2.30
Last SG, Last State: ( -3.40,  -3.40), ( -1.40,  -1.30)  SG Improvement:-0.09842 

Goal, Curr: (-0.78,  0.83), ( -1.40,  -1.30)   Error: 2.22
Last SG, Last State: ( -3.40,  -3.30), ( -1.40,  -1.40)  SG Improvement:0.08645 

episode:02700, mean:-0.38, std:0.15, median:-0.40, success:0.00
Log radii:  [-0.6598041   0.6931472   0.40578714  0.6931472  -0.58911407  0.6931472 ]
Adjusted log radii:  [1.730196   1.58314729 0.99578714 1.58314729 0.60088599 0.68314719]
Goal, Curr: (-1.02,  1.25), ( -1.40,  -0.60)   Error: 1.89
Last SG, Last State: ( -3.40,  -2.53), ( -1.40,  -0.60)  SG Improvement:0.00009 

Goal, Curr: (-0.96,  1.23), ( -1.40,  -1.40)   Error: 2.66
Last SG, Last State: ( -3.40,  -3.40), ( -1.40,  -1.40)  SG Improvement:0.00002 

Goal, Curr: (-0.87,  1.18), ( -1.40,  -1.40)   Error: 2.63
Last SG, Last State: ( -3.40,  -3.39), ( -1.40,  -1.40)  SG Improvement:0.00000 

Goal, Curr: (-0.79,  0.76), ( -1.40,  -1.40)   Error: 2.24
Last SG, Last State: ( -3.40,  -3.39), ( -1.40,  -1.40)  SG Improvement:0.00002 

Goal, Curr: (-1.10,  0.77), ( -1.40,  -1.40)   Error: 2.19
Last SG, Last State: ( -3.40,  -3.39), ( -1.40,  -1.40)  SG Improvement:-0.00000 

Goal, Curr: (-0.78,  1.07), ( -1.40,  -1.40)   Error: 2.55
Last SG, Last State: ( -3.40,  -3.39), ( -1.40,  -1.40)  SG Improvement:-0.00000 

Goal, Curr: (-0.83,  0.77), ( -1.40,  -1.40)   Error: 2.24
Last SG, Last State: ( -3.40,  -3.39), ( -1.40,  -1.40)  SG Improvement:0.00000 

Goal, Curr: (-1.25,  1.02), ( -1.40,  -1.40)   Error: 2.42
Last SG, Last State: ( -3.40,  -3.39), ( -1.40,  -1.40)  SG Improvement:0.00003 

Goal, Curr: (-1.06,  0.75), ( -1.40,  -1.40)   Error: 2.18
Last SG, Last State: ( -3.40,  -3.39), ( -1.40,  -1.40)  SG Improvement:-0.00000 

Goal, Curr: (-1.02,  1.15), ( -1.40,  -0.60)   Error: 1.79
Last SG, Last State: ( -3.40,  -2.52), ( -1.40,  -0.60)  SG Improvement:-0.00007 

episode:02800, mean:-0.25, std:0.41, median:-0.39, success:0.00
Goal, Curr: (-1.05,  1.04), ( -1.40,  -0.60)   Error: 1.68
Last SG, Last State: ( -3.40,  -2.60), ( -1.40,  -0.60)  SG Improvement:-0.00054 

Goal, Curr: (-0.89,  1.06), ( -1.40,  -0.60)   Error: 1.73
Last SG, Last State: ( -3.40,  -2.60), ( -1.40,  -0.60)  SG Improvement:-0.00005 

Goal, Curr: (-0.80,  0.79), ( -1.40,  -0.60)   Error: 1.52
Last SG, Last State: ( -3.40,  -2.64), ( -1.40,  -0.60)  SG Improvement:-0.16914 

Goal, Curr: (-0.84,  1.17), ( -1.40,  -0.60)   Error: 1.86
Last SG, Last State: ( -3.40,  -2.60), ( -1.40,  -0.60)  SG Improvement:-0.00147 

Goal, Curr: (-0.81,  0.76), ( -1.40,  -0.60)   Error: 1.48
Last SG, Last State: ( -3.40,  -2.64), ( -1.40,  -0.60)  SG Improvement:-0.17104 

Goal, Curr: (-1.09,  1.12), ( -1.40,  -0.60)   Error: 1.75
Last SG, Last State: ( -3.40,  -2.59), ( -1.40,  -0.60)  SG Improvement:0.00748 

Goal, Curr: (-0.97,  0.77), ( -1.40,  -0.60)   Error: 1.44
Last SG, Last State: ( -3.40,  -2.59), ( -1.40,  -0.60)  SG Improvement:-0.00029 

Goal, Curr: (-0.92,  0.95), ( -1.40,  -0.60)   Error: 1.62
Last SG, Last State: ( -3.40,  -2.60), ( -1.40,  -0.60)  SG Improvement:-0.00047 

Goal, Curr: (-0.88,  0.86), ( -1.40,  -0.60)   Error: 1.55
Last SG, Last State: ( -3.40,  -2.60), ( -1.40,  -0.60)  SG Improvement:-0.18298 

Goal, Curr: (-0.98,  0.76), ( -1.40,  -0.60)   Error: 1.42
Last SG, Last State: ( -3.40,  -2.61), ( -1.40,  -0.60)  SG Improvement:-0.17366 

episode:02900, mean:0.26, std:0.15, median:0.22, success:0.00
Goal, Curr: (-1.06,  0.92), ( -1.40,  -0.60)   Error: 1.56
Last SG, Last State: ( -3.40,  -2.60), ( -1.40,  -0.60)  SG Improvement:-0.00175 

Goal, Curr: (-0.89,  1.18), ( -1.40,  -0.60)   Error: 1.86
Last SG, Last State: ( -3.40,  -2.60), ( -1.40,  -0.60)  SG Improvement:-0.00183 

Goal, Curr: (-0.79,  0.78), ( -1.40,  -0.60)   Error: 1.51
Last SG, Last State: ( -3.40,  -2.60), ( -1.40,  -0.60)  SG Improvement:-0.00179 

Goal, Curr: (-0.93,  0.80), ( -1.40,  -0.60)   Error: 1.48
Last SG, Last State: ( -3.40,  -2.60), ( -1.40,  -0.60)  SG Improvement:-0.00162 

Goal, Curr: (-1.07,  0.92), ( -1.40,  -0.60)   Error: 1.55
Last SG, Last State: ( -3.40,  -2.60), ( -1.40,  -0.60)  SG Improvement:-0.00172 

Goal, Curr: (-0.83,  0.76), ( -1.40,  -0.60)   Error: 1.48
Last SG, Last State: ( -3.40,  -2.60), ( -1.40,  -0.60)  SG Improvement:-0.00184 

Goal, Curr: (-0.80,  1.05), ( -1.40,  -0.60)   Error: 1.75
Last SG, Last State: ( -3.40,  -2.60), ( -1.40,  -0.60)  SG Improvement:-0.00170 

Goal, Curr: (-0.77,  0.83), ( -1.40,  -0.60)   Error: 1.57
Last SG, Last State: ( -3.40,  -2.60), ( -1.40,  -0.60)  SG Improvement:-0.00161 

Goal, Curr: (-0.94,  0.97), ( -1.40,  -0.60)   Error: 1.64
Last SG, Last State: ( -3.40,  -2.60), ( -1.40,  -0.60)  SG Improvement:-0.00165 

Goal, Curr: (-0.92,  0.78), ( -1.40,  -0.60)   Error: 1.47
Last SG, Last State: ( -3.40,  -2.60), ( -1.40,  -0.60)  SG Improvement:-0.00162 

episode:03000, mean:0.28, std:0.12, median:0.26, success:0.00
