Using device: cpu
gc-4.0-uuu
Goal, Curr: (-0.94,  0.76), ( -0.67,  -1.40)   Error: 2.18
Last SG, Last State: (  0.96,  -3.32), ( -0.71,  -1.40)  SG Improvement:0.00273 

Goal, Curr: (-0.79,  1.06), (  0.00,  -1.40)   Error: 2.59
Last SG, Last State: (  1.74,  -3.17), ( -0.03,  -1.40)  SG Improvement:-0.00227 

Goal, Curr: (-0.94,  1.03), ( -0.93,  -1.17)   Error: 2.20
Last SG, Last State: (  0.31,  -3.06), ( -0.93,  -1.17)  SG Improvement:-0.00080 

Goal, Curr: (-1.03,  1.03), ( -0.90,  -1.35)   Error: 2.38
Last SG, Last State: (  0.40,  -3.25), ( -0.90,  -1.35)  SG Improvement:0.00011 

Goal, Curr: (-1.17,  0.82), ( -0.61,  -1.40)   Error: 2.28
Last SG, Last State: (  1.06,  -3.30), ( -0.65,  -1.40)  SG Improvement:0.00278 

Goal, Curr: (-0.92,  1.12), ( -1.00,  -1.40)   Error: 2.52
Last SG, Last State: (  0.67,  -3.34), ( -1.03,  -1.40)  SG Improvement:0.00262 

Goal, Curr: (-0.82,  0.96), ( -1.16,  -1.40)   Error: 2.39
Last SG, Last State: (  0.45,  -3.36), ( -1.19,  -1.40)  SG Improvement:0.00283 

Goal, Curr: (-1.14,  0.97), ( -0.96,  -1.40)   Error: 2.38
Last SG, Last State: (  0.70,  -3.35), ( -0.99,  -1.40)  SG Improvement:0.00259 

Goal, Curr: (-0.90,  0.93), ( -0.84,  -1.40)   Error: 2.33
Last SG, Last State: (  0.81,  -3.33), ( -0.87,  -1.40)  SG Improvement:0.00273 

Goal, Curr: (-1.25,  0.85), ( -0.90,  -1.16)   Error: 2.04
Last SG, Last State: (  0.35,  -3.04), ( -0.90,  -1.16)  SG Improvement:0.00063 

episode:00100, mean:-0.34, std:0.10, median:-0.34, success:0.00
Goal, Curr: (-1.17,  1.22), ( -0.71,  -0.60)   Error: 1.88
Last SG, Last State: ( -2.66,  -0.95), ( -0.71,  -0.60)  SG Improvement:0.00018 

Goal, Curr: (-0.83,  0.85), ( -0.66,  -0.60)   Error: 1.46
Last SG, Last State: ( -2.62,  -1.05), ( -0.67,  -0.60)  SG Improvement:-0.00158 

Goal, Curr: (-0.81,  0.88), ( -0.63,  -0.60)   Error: 1.49
Last SG, Last State: ( -2.58,  -1.03), ( -0.63,  -0.60)  SG Improvement:0.00034 

Goal, Curr: (-1.18,  1.22), ( -1.40,  -0.60)   Error: 1.84
Last SG, Last State: ( -3.38,  -1.43), ( -1.40,  -0.60)  SG Improvement:-0.00000 

Goal, Curr: (-0.99,  1.21), ( -0.71,  -0.60)   Error: 1.83
Last SG, Last State: ( -2.67,  -0.97), ( -0.71,  -0.60)  SG Improvement:-0.00101 

Goal, Curr: (-0.91,  1.09), ( -1.40,  -0.60)   Error: 1.76
Last SG, Last State: ( -3.38,  -1.22), ( -1.40,  -0.60)  SG Improvement:-0.00000 

Goal, Curr: (-0.99,  0.94), ( -1.40,  -0.60)   Error: 1.60
Last SG, Last State: ( -3.38,  -1.25), ( -1.40,  -0.60)  SG Improvement:0.00000 

Goal, Curr: (-1.12,  1.24), ( -0.71,  -0.60)   Error: 1.89
Last SG, Last State: ( -2.66,  -0.95), ( -0.71,  -0.60)  SG Improvement:-0.00001 

Goal, Curr: (-1.23,  1.21), ( -1.40,  -0.60)   Error: 1.82
Last SG, Last State: ( -3.38,  -1.24), ( -1.40,  -0.60)  SG Improvement:-0.00000 

Goal, Curr: (-1.21,  0.81), ( -0.87,  -0.60)   Error: 1.45
Last SG, Last State: ( -2.87,  -1.13), ( -0.89,  -0.60)  SG Improvement:-0.00800 

episode:00200, mean:0.41, std:0.14, median:0.47, success:0.00
Goal, Curr: (-0.77,  1.19), ( -1.20,  -0.60)   Error: 1.84
Last SG, Last State: ( -2.52,  -1.93), ( -1.20,  -0.60)  SG Improvement:0.06689 

Goal, Curr: (-0.91,  1.17), ( -1.17,  -0.60)   Error: 1.79
Last SG, Last State: ( -2.50,  -1.99), ( -1.17,  -0.60)  SG Improvement:-0.01867 

Goal, Curr: (-0.89,  1.07), ( -1.26,  -0.60)   Error: 1.71
Last SG, Last State: ( -2.72,  -1.99), ( -1.26,  -0.60)  SG Improvement:0.00012 

Goal, Curr: (-0.78,  1.17), ( -1.29,  -0.60)   Error: 1.85
Last SG, Last State: ( -2.69,  -1.99), ( -1.29,  -0.60)  SG Improvement:0.00093 

Goal, Curr: (-0.76,  1.22), ( -1.40,  -0.60)   Error: 1.93
Last SG, Last State: ( -3.40,  -2.06), ( -1.40,  -0.60)  SG Improvement:0.07188 

Goal, Curr: (-0.87,  0.88), ( -1.27,  -0.60)   Error: 1.54
Last SG, Last State: ( -2.78,  -1.97), ( -1.27,  -0.60)  SG Improvement:0.00038 

Goal, Curr: (-1.07,  1.14), ( -1.07,  -0.60)   Error: 1.74
Last SG, Last State: ( -2.65,  -1.90), ( -1.08,  -0.60)  SG Improvement:-0.08232 

Goal, Curr: (-1.15,  1.21), ( -1.20,  -0.60)   Error: 1.82
Last SG, Last State: ( -2.65,  -2.08), ( -1.20,  -0.60)  SG Improvement:-0.03781 

Goal, Curr: (-1.03,  1.05), ( -1.05,  -0.60)   Error: 1.66
Last SG, Last State: ( -2.61,  -1.83), ( -1.04,  -0.60)  SG Improvement:-0.03723 

Goal, Curr: (-1.12,  0.86), ( -1.19,  -0.60)   Error: 1.46
Last SG, Last State: ( -2.73,  -2.02), ( -1.20,  -0.60)  SG Improvement:0.00074 

episode:00300, mean:0.41, std:0.17, median:0.45, success:0.00
Goal, Curr: (-1.10,  1.01), ( -1.26,  -0.60)   Error: 1.62
Last SG, Last State: ( -3.10,  -2.60), ( -1.18,  -0.60)  SG Improvement:-0.53352 

Goal, Curr: (-0.95,  1.02), (  0.49,  -0.60)   Error: 2.17
Last SG, Last State: ( -0.75,   1.40), (  0.48,  -0.60)  SG Improvement:-0.00098 

Goal, Curr: (-0.82,  0.94), (  0.31,  -0.60)   Error: 1.91
Last SG, Last State: ( -1.70,   1.40), (  0.30,  -0.60)  SG Improvement:-0.00665 

Goal, Curr: (-1.19,  1.10), ( -1.40,  -0.60)   Error: 1.71
Last SG, Last State: ( -3.40,  -2.60), ( -1.40,  -0.60)  SG Improvement:0.00000 

Goal, Curr: (-1.01,  0.99), ( -1.40,  -0.60)   Error: 1.64
Last SG, Last State: ( -3.40,  -2.60), ( -1.40,  -0.60)  SG Improvement:0.00000 

Goal, Curr: (-1.09,  0.94), ( -1.40,  -0.71)   Error: 1.68
Last SG, Last State: ( -3.40,  -2.68), ( -1.40,  -0.69)  SG Improvement:0.07838 

Goal, Curr: (-1.01,  0.94), ( -1.40,  -0.60)   Error: 1.59
Last SG, Last State: ( -3.40,  -2.60), ( -1.40,  -0.60)  SG Improvement:0.00000 

Goal, Curr: (-1.12,  1.22), (  0.35,  -0.60)   Error: 2.35
Last SG, Last State: ( -1.76,  -2.60), (  0.27,  -0.60)  SG Improvement:0.02282 

Goal, Curr: (-0.99,  1.06), (  0.41,  -0.60)   Error: 2.17
Last SG, Last State: ( -1.53,   1.40), (  0.39,  -0.60)  SG Improvement:-0.00074 

Goal, Curr: (-0.92,  1.17), ( -1.40,  -0.60)   Error: 1.83
Last SG, Last State: ( -3.40,  -2.60), ( -1.40,  -0.60)  SG Improvement:0.00000 

episode:00400, mean:0.16, std:0.29, median:0.22, success:0.00
Goal, Curr: (-1.03,  0.83), ( -1.40,  -0.60)   Error: 1.48
Last SG, Last State: ( -3.40,   1.40), ( -1.40,  -0.60)  SG Improvement:0.02647 

Goal, Curr: (-1.21,  1.18), ( -1.40,  -0.60)   Error: 1.79
Last SG, Last State: ( -3.40,  -2.60), ( -1.40,  -0.60)  SG Improvement:0.00000 

Goal, Curr: (-0.96,  1.08), ( -1.37,  -0.60)   Error: 1.73
Last SG, Last State: ( -3.37,  -2.60), ( -1.40,  -0.60)  SG Improvement:-0.00855 

Goal, Curr: (-1.15,  1.02), ( -1.30,  -0.60)   Error: 1.63
Last SG, Last State: ( -3.31,   1.40), ( -1.30,  -0.60)  SG Improvement:-0.00022 

Goal, Curr: (-0.92,  1.01), ( -1.36,  -0.60)   Error: 1.67
Last SG, Last State: ( -3.36,  -2.60), ( -1.40,  -0.60)  SG Improvement:-0.00260 

Goal, Curr: (-0.76,  1.12), ( -1.39,  -0.60)   Error: 1.84
Last SG, Last State: ( -3.39,   1.40), ( -1.39,  -0.60)  SG Improvement:-0.00003 

Goal, Curr: (-1.03,  0.82), ( -1.40,  -0.60)   Error: 1.47
Last SG, Last State: ( -3.40,  -2.60), ( -1.40,  -0.60)  SG Improvement:0.00000 

Goal, Curr: (-0.89,  1.20), ( -1.38,  -0.60)   Error: 1.87
Last SG, Last State: ( -3.40,   1.40), ( -1.39,  -0.60)  SG Improvement:0.02581 

Goal, Curr: (-0.96,  0.93), ( -0.33,  -0.60)   Error: 1.66
Last SG, Last State: ( -2.43,   1.40), ( -0.38,  -0.60)  SG Improvement:-0.00281 

Goal, Curr: (-1.07,  0.87), ( -1.13,  -0.60)   Error: 1.47
Last SG, Last State: ( -3.15,   1.40), ( -1.14,  -0.60)  SG Improvement:-0.00065 

episode:00500, mean:0.41, std:0.13, median:0.39, success:0.00
Goal, Curr: (-1.00,  1.10), ( -0.54,  -0.60)   Error: 1.76
Last SG, Last State: ( -2.53,  -2.60), ( -0.54,  -0.60)  SG Improvement:0.00022 

Goal, Curr: (-0.98,  1.02), (  0.21,  -0.60)   Error: 2.01
Last SG, Last State: (  2.09,  -2.60), (  0.15,  -0.60)  SG Improvement:0.00320 

Goal, Curr: (-0.95,  0.97), ( -0.29,  -0.60)   Error: 1.70
Last SG, Last State: ( -2.32,  -2.60), ( -0.35,  -0.60)  SG Improvement:0.07824 

Goal, Curr: (-0.93,  0.93), ( -0.11,  -0.60)   Error: 1.74
Last SG, Last State: ( -2.18,  -2.60), ( -0.15,  -0.60)  SG Improvement:-0.00197 

Goal, Curr: (-0.87,  1.25), (  0.22,  -0.60)   Error: 2.15
Last SG, Last State: (  2.09,  -2.60), (  0.16,  -0.60)  SG Improvement:0.00358 

Goal, Curr: (-0.82,  1.19), (  0.27,  -0.60)   Error: 2.10
Last SG, Last State: (  2.20,  -2.60), (  0.23,  -0.60)  SG Improvement:0.00200 

Goal, Curr: (-1.01,  1.08), ( -1.08,  -0.60)   Error: 1.68
Last SG, Last State: ( -3.10,   1.40), ( -1.09,  -0.60)  SG Improvement:-0.00074 

Goal, Curr: (-1.22,  0.95), (  0.25,  -0.60)   Error: 2.14
Last SG, Last State: (  2.12,  -2.60), (  0.18,  -0.60)  SG Improvement:0.00358 

Goal, Curr: (-0.98,  1.10), ( -0.95,  -0.60)   Error: 1.70
Last SG, Last State: ( -2.92,  -2.60), ( -0.94,  -0.60)  SG Improvement:0.00074 

Goal, Curr: (-1.05,  1.09), (  0.09,  -0.60)   Error: 2.04
Last SG, Last State: ( -2.04,  -2.60), (  0.02,  -0.60)  SG Improvement:-0.00367 

episode:00600, mean:0.18, std:0.24, median:0.18, success:0.00
Goal, Curr: (-0.96,  0.93), ( -1.40,  -0.60)   Error: 1.59
Last SG, Last State: ( -3.40,   1.40), ( -1.40,  -0.60)  SG Improvement:0.00000 

Goal, Curr: (-1.06,  1.23), ( -1.40,  -0.60)   Error: 1.86
Last SG, Last State: ( -3.40,   1.40), ( -1.40,  -0.60)  SG Improvement:0.00000 

Goal, Curr: (-0.95,  1.19), ( -1.40,  -0.60)   Error: 1.85
Last SG, Last State: ( -3.40,   1.40), ( -1.40,  -0.60)  SG Improvement:-0.00000 

Goal, Curr: (-1.19,  0.98), ( -1.40,  -0.60)   Error: 1.60
Last SG, Last State: ( -3.40,   1.40), ( -1.40,  -0.60)  SG Improvement:0.00000 

Goal, Curr: (-1.04,  1.04), ( -1.40,  -0.60)   Error: 1.68
Last SG, Last State: ( -3.40,   1.40), ( -1.40,  -0.60)  SG Improvement:0.00000 

Goal, Curr: (-1.09,  0.78), ( -1.40,  -0.60)   Error: 1.41
Last SG, Last State: ( -3.40,   1.40), ( -1.40,  -0.60)  SG Improvement:0.00000 

Goal, Curr: (-1.17,  0.95), ( -1.40,  -0.60)   Error: 1.57
Last SG, Last State: ( -3.40,   1.40), ( -1.40,  -0.60)  SG Improvement:0.00000 

Goal, Curr: (-0.94,  0.90), ( -1.40,  -0.60)   Error: 1.57
Last SG, Last State: ( -3.40,   1.40), ( -1.40,  -0.60)  SG Improvement:0.00000 

Goal, Curr: (-1.12,  1.07), ( -1.40,  -0.60)   Error: 1.70
Last SG, Last State: ( -3.40,   1.40), ( -1.40,  -0.60)  SG Improvement:0.00000 

Goal, Curr: (-1.21,  1.18), ( -1.40,  -0.60)   Error: 1.79
Last SG, Last State: ( -3.40,   1.40), ( -1.40,  -0.60)  SG Improvement:0.00000 

episode:00700, mean:0.34, std:0.13, median:0.32, success:0.00
Goal, Curr: (-0.79,  0.79), (  0.25,  -0.60)   Error: 1.74
Last SG, Last State: ( -1.83,   1.40), (  0.21,  -0.60)  SG Improvement:-0.00224 

Goal, Curr: (-1.19,  0.79), (  0.54,  -0.59)   Error: 2.21
Last SG, Last State: ( -1.59,   1.40), (  0.48,  -0.60)  SG Improvement:-0.00370 

Goal, Curr: (-0.99,  0.95), (  0.14,  -0.60)   Error: 1.92
Last SG, Last State: ( -1.94,   1.40), (  0.10,  -0.60)  SG Improvement:-0.00224 

Goal, Curr: (-1.09,  1.14), (  0.35,  -0.60)   Error: 2.26
Last SG, Last State: ( -1.78,   1.40), (  0.28,  -0.60)  SG Improvement:-0.00370 

Goal, Curr: (-0.80,  0.93), (  0.60,   0.25)   Error: 1.56
Last SG, Last State: ( -1.40,   1.87), (  0.60,   0.06)  SG Improvement:0.69686 

Goal, Curr: (-1.08,  1.12), (  1.18,   0.75)   Error: 2.30
Last SG, Last State: ( -0.98,   2.40), (  1.10,   0.57)  SG Improvement:0.00493 

Goal, Curr: (-1.10,  1.20), (  0.45,  -0.60)   Error: 2.37
Last SG, Last State: ( -1.65,   1.40), (  0.40,  -0.60)  SG Improvement:-0.00296 

Goal, Curr: (-1.09,  0.90), ( -1.05,  -0.60)   Error: 1.50
Last SG, Last State: ( -3.07,   1.40), ( -1.06,  -0.60)  SG Improvement:-0.00074 

Goal, Curr: (-1.17,  0.80), (  0.22,  -0.60)   Error: 1.97
Last SG, Last State: ( -1.86,   1.40), (  0.18,  -0.60)  SG Improvement:-0.00224 

Goal, Curr: (-1.09,  0.78), (  0.34,  -0.60)   Error: 1.99
Last SG, Last State: ( -1.79,   1.40), (  0.27,  -0.60)  SG Improvement:-0.00370 

episode:00800, mean:0.01, std:0.25, median:-0.04, success:0.00
Goal, Curr: (-0.88,  1.25), ( -1.40,  -0.60)   Error: 1.92
Last SG, Last State: ( -3.40,   1.40), ( -1.40,  -0.60)  SG Improvement:-0.00018 

Goal, Curr: (-1.17,  0.90), ( -0.98,  -0.60)   Error: 1.51
Last SG, Last State: ( -2.95,   1.40), ( -0.97,  -0.60)  SG Improvement:0.00074 

Goal, Curr: (-0.87,  0.92), ( -1.06,  -0.60)   Error: 1.53
Last SG, Last State: ( -3.03,   1.40), ( -1.04,  -0.60)  SG Improvement:0.00074 

Goal, Curr: (-0.87,  1.17), ( -1.16,  -0.60)   Error: 1.79
Last SG, Last State: ( -3.13,   1.40), ( -1.15,  -0.60)  SG Improvement:0.00074 

Goal, Curr: (-0.99,  1.14), ( -0.90,  -0.60)   Error: 1.74
Last SG, Last State: ( -2.89,   1.40), ( -0.89,  -0.60)  SG Improvement:0.00032 

Goal, Curr: (-1.08,  1.09), ( -0.67,  -0.60)   Error: 1.74
Last SG, Last State: ( -2.67,   1.40), ( -0.67,  -0.60)  SG Improvement:0.00002 

Goal, Curr: (-0.81,  1.12), ( -1.01,  -0.60)   Error: 1.74
Last SG, Last State: ( -2.99,   1.40), ( -1.00,  -0.60)  SG Improvement:0.00074 

Goal, Curr: (-1.19,  1.25), ( -1.24,  -0.60)   Error: 1.85
Last SG, Last State: ( -3.20,   1.40), ( -1.22,  -0.60)  SG Improvement:0.00126 

Goal, Curr: (-1.23,  0.96), ( -1.12,  -0.60)   Error: 1.57
Last SG, Last State: ( -3.08,   1.40), ( -1.10,  -0.60)  SG Improvement:0.00099 

Goal, Curr: (-1.08,  1.02), ( -1.02,  -0.60)   Error: 1.63
Last SG, Last State: ( -2.99,   1.40), ( -1.00,  -0.60)  SG Improvement:0.00074 

episode:00900, mean:0.39, std:0.14, median:0.40, success:0.00
Goal, Curr: (-0.86,  1.00), (  0.40,  -0.60)   Error: 2.04
Last SG, Last State: ( -1.68,   1.40), (  0.36,  -0.60)  SG Improvement:-0.00224 

Goal, Curr: (-1.03,  0.77), ( -0.81,  -0.60)   Error: 1.39
Last SG, Last State: ( -2.78,   1.40), ( -0.80,  -0.60)  SG Improvement:0.00074 

Goal, Curr: (-1.03,  0.80), ( -1.40,  -0.60)   Error: 1.45
Last SG, Last State: ( -3.40,   1.40), ( -1.40,  -0.60)  SG Improvement:0.00000 

Goal, Curr: (-0.95,  1.22), ( -0.25,  -0.60)   Error: 1.95
Last SG, Last State: ( -2.33,   1.40), ( -0.29,  -0.60)  SG Improvement:-0.00224 

Goal, Curr: (-1.05,  0.76), ( -1.40,  -0.60)   Error: 1.40
Last SG, Last State: ( -3.40,   1.40), ( -1.40,  -0.60)  SG Improvement:0.00000 

Goal, Curr: (-1.14,  1.02), ( -1.40,  -0.60)   Error: 1.64
Last SG, Last State: ( -3.40,   1.40), ( -1.40,  -0.60)  SG Improvement:-0.00000 

Goal, Curr: (-0.94,  0.83), ( -1.40,  -0.60)   Error: 1.51
Last SG, Last State: ( -3.40,   1.40), ( -1.40,  -0.60)  SG Improvement:0.00000 

Goal, Curr: (-0.83,  1.07), ( -0.27,  -0.60)   Error: 1.76
Last SG, Last State: ( -2.35,   1.40), ( -0.31,  -0.60)  SG Improvement:-0.00224 

Goal, Curr: (-1.15,  1.01), ( -1.40,  -0.60)   Error: 1.63
Last SG, Last State: ( -3.40,   1.40), ( -1.40,  -0.60)  SG Improvement:0.00000 

Goal, Curr: (-0.85,  1.15), ( -1.40,  -0.60)   Error: 1.83
Last SG, Last State: ( -3.40,   1.40), ( -1.40,  -0.60)  SG Improvement:0.00000 

episode:01000, mean:0.28, std:0.18, median:0.26, success:0.00
Goal, Curr: (-1.03,  0.77), ( -1.40,  -0.60)   Error: 1.42
Last SG, Last State: ( -3.40,   1.40), ( -1.40,  -0.60)  SG Improvement:0.00000 

Goal, Curr: (-0.90,  0.99), (  0.71,   1.12)   Error: 1.61
Last SG, Last State: ( -1.32,   2.74), (  0.70,   0.93)  SG Improvement:0.00961 

Goal, Curr: (-1.17,  0.78), (  0.78,   0.92)   Error: 1.96
Last SG, Last State: ( -1.25,   2.54), (  0.77,   0.73)  SG Improvement:0.00961 

Goal, Curr: (-1.19,  1.25), (  0.82,   1.33)   Error: 2.01
Last SG, Last State: ( -1.21,   2.95), (  0.81,   1.14)  SG Improvement:0.00961 

Goal, Curr: (-0.92,  1.03), (  0.81,   1.31)   Error: 1.75
Last SG, Last State: ( -1.22,   2.92), (  0.79,   1.12)  SG Improvement:0.00961 

Goal, Curr: (-1.20,  1.25), (  0.65,   1.40)   Error: 1.86
Last SG, Last State: (  2.81,   3.40), (  0.74,   1.40)  SG Improvement:0.02167 

Goal, Curr: (-0.95,  1.05), (  0.81,   1.15)   Error: 1.75
Last SG, Last State: ( -1.22,   2.77), (  0.79,   0.96)  SG Improvement:0.00964 

Goal, Curr: (-1.17,  1.11), (  0.79,   0.96)   Error: 1.96
Last SG, Last State: ( -1.24,   2.58), (  0.78,   0.77)  SG Improvement:0.00961 

Goal, Curr: (-0.86,  0.78), (  0.81,   1.31)   Error: 1.74
Last SG, Last State: ( -1.22,   2.93), (  0.79,   1.12)  SG Improvement:0.00961 

Goal, Curr: (-1.12,  1.12), (  0.66,   1.40)   Error: 1.80
Last SG, Last State: (  2.82,   3.40), (  0.75,   1.40)  SG Improvement:0.06538 

episode:01100, mean:0.19, std:0.19, median:0.19, success:0.00
Log radii:  [ 0.06017756  1.3862944   1.3862944  -1.3862944   1.3862944   1.2533716 ]
Adjusted log radii:  [2.15017748 2.27629423 1.37629437 1.30370569 1.67629433 1.24337161]
Goal, Curr: (-1.01,  1.15), (  0.84,  -0.26)   Error: 2.33
Last SG, Last State: ( -1.41,   1.45), (  0.71,  -0.41)  SG Improvement:0.00047 

Goal, Curr: (-1.15,  0.84), (  0.23,  -0.60)   Error: 2.00
Last SG, Last State: ( -1.84,   1.40), (  0.20,  -0.60)  SG Improvement:-0.00224 

Goal, Curr: (-1.00,  0.79), (  0.86,  -0.21)   Error: 2.11
Last SG, Last State: ( -1.34,   1.48), (  0.76,  -0.37)  SG Improvement:0.40136 

Goal, Curr: (-1.09,  0.84), ( -0.87,  -0.60)   Error: 1.46
Last SG, Last State: ( -3.01,   1.40), ( -0.94,  -0.60)  SG Improvement:-0.00407 

Goal, Curr: (-1.25,  1.06), (  0.30,  -0.60)   Error: 2.27
Last SG, Last State: ( -1.95,   1.40), (  0.18,  -0.60)  SG Improvement:-0.00739 

Goal, Curr: (-0.77,  1.15), (  0.10,   1.23)   Error: 0.88
Last SG, Last State: ( -1.67,  -1.08), (  0.22,   1.08)  SG Improvement:-0.00313 

Goal, Curr: (-0.97,  0.85), ( -0.79,  -0.60)   Error: 1.47
Last SG, Last State: ( -2.91,   1.40), ( -0.85,  -0.60)  SG Improvement:-0.00355 

Goal, Curr: (-1.19,  0.98), (  0.11,  -0.60)   Error: 2.04
Last SG, Last State: ( -1.97,   1.40), (  0.07,  -0.60)  SG Improvement:-0.00224 

Goal, Curr: (-1.21,  1.22), ( -0.70,  -0.60)   Error: 1.89
Last SG, Last State: ( -2.80,   1.40), ( -0.75,  -0.60)  SG Improvement:-0.00279 

Goal, Curr: (-0.94,  1.11), ( -0.00,  -0.60)   Error: 1.95
Last SG, Last State: ( -2.08,   1.40), ( -0.04,  -0.60)  SG Improvement:-0.00224 

episode:01200, mean:0.14, std:0.46, median:0.17, success:0.00
Goal, Curr: (-0.93,  0.91), (  1.40,   1.33)   Error: 2.36
Last SG, Last State: ( -0.61,  -1.01), (  1.40,   1.16)  SG Improvement:0.01061 

Goal, Curr: (-0.93,  0.93), (  1.40,   1.40)   Error: 2.37
Last SG, Last State: ( -0.60,  -0.60), (  1.40,   1.40)  SG Improvement:-1.88551 

Goal, Curr: (-1.15,  1.20), (  1.40,   1.35)   Error: 2.56
Last SG, Last State: ( -0.60,  -0.99), (  1.40,   1.18)  SG Improvement:0.01167 

Goal, Curr: (-0.86,  0.78), (  1.40,   1.40)   Error: 2.34
Last SG, Last State: (  3.40,   3.40), (  1.40,   1.40)  SG Improvement:0.00832 

Goal, Curr: (-0.77,  1.22), (  1.40,   1.40)   Error: 2.18
Last SG, Last State: (  3.40,   3.40), (  1.40,   1.40)  SG Improvement:0.00000 

Goal, Curr: (-0.90,  0.83), (  1.40,   1.40)   Error: 2.37
Last SG, Last State: ( -0.60,  -0.69), (  1.40,   1.40)  SG Improvement:-2.04995 

Goal, Curr: (-1.02,  0.88), (  1.40,   1.25)   Error: 2.45
Last SG, Last State: ( -0.65,  -1.09), (  1.40,   1.08)  SG Improvement:0.00947 

Goal, Curr: (-0.93,  0.82), (  1.40,   1.40)   Error: 2.40
Last SG, Last State: ( -0.60,  -0.80), (  1.40,   1.37)  SG Improvement:-0.01005 

Goal, Curr: (-0.92,  1.07), (  1.40,   1.40)   Error: 2.34
Last SG, Last State: ( -0.60,  -0.64), (  1.40,   1.40)  SG Improvement:-1.91164 

Goal, Curr: (-1.18,  1.18), (  1.40,   1.40)   Error: 2.59
Last SG, Last State: (  3.40,   3.40), (  1.40,   1.40)  SG Improvement:-0.00000 

episode:01300, mean:-0.34, std:0.24, median:-0.37, success:0.00
Goal, Curr: (-0.95,  1.06), ( -1.28,  -0.60)   Error: 1.70
Last SG, Last State: ( -3.26,   1.40), ( -1.27,  -0.60)  SG Improvement:0.00074 

Goal, Curr: (-1.22,  0.86), ( -1.40,  -0.60)   Error: 1.47
Last SG, Last State: ( -3.40,   1.40), ( -1.40,  -0.60)  SG Improvement:0.00207 

Goal, Curr: (-0.96,  0.92), ( -1.07,  -0.60)   Error: 1.52
Last SG, Last State: ( -3.09,   1.40), ( -1.08,  -0.60)  SG Improvement:-0.00074 

Goal, Curr: (-1.11,  1.23), ( -1.40,  -0.60)   Error: 1.86
Last SG, Last State: ( -3.40,   1.40), ( -1.40,  -0.60)  SG Improvement:0.01917 

Goal, Curr: (-0.99,  1.11), ( -1.40,  -0.60)   Error: 1.76
Last SG, Last State: ( -3.40,   1.40), ( -1.40,  -0.60)  SG Improvement:0.01831 

Goal, Curr: (-1.14,  0.81), ( -1.40,  -0.60)   Error: 1.44
Last SG, Last State: ( -3.40,   1.40), ( -1.40,  -0.60)  SG Improvement:-0.00012 

Goal, Curr: (-0.90,  0.83), ( -1.06,  -0.60)   Error: 1.44
Last SG, Last State: ( -3.08,   1.40), ( -1.07,  -0.60)  SG Improvement:-0.00074 

Goal, Curr: (-1.03,  1.08), ( -1.05,  -0.60)   Error: 1.68
Last SG, Last State: ( -3.07,   1.40), ( -1.06,  -0.60)  SG Improvement:-0.00074 

Goal, Curr: (-1.20,  1.18), ( -1.08,  -0.60)   Error: 1.79
Last SG, Last State: ( -3.10,   1.40), ( -1.09,  -0.60)  SG Improvement:-0.00074 

Goal, Curr: (-0.89,  1.16), ( -1.06,  -0.60)   Error: 1.77
Last SG, Last State: ( -3.09,   1.40), ( -1.07,  -0.60)  SG Improvement:-0.00074 

episode:01400, mean:0.35, std:0.13, median:0.32, success:0.00
Goal, Curr: (-1.22,  1.19), ( -1.40,  -0.60)   Error: 1.80
Last SG, Last State: ( -3.40,   1.40), ( -1.40,  -0.60)  SG Improvement:0.00000 

Goal, Curr: (-0.81,  0.93), ( -1.40,  -0.60)   Error: 1.64
Last SG, Last State: ( -3.40,   1.40), ( -1.40,  -0.60)  SG Improvement:0.00000 

Goal, Curr: (-0.90,  1.06), ( -1.06,  -0.60)   Error: 1.67
Last SG, Last State: ( -3.09,   1.40), ( -1.07,  -0.60)  SG Improvement:-0.00074 

Goal, Curr: (-0.79,  1.20), ( -1.05,  -0.60)   Error: 1.82
Last SG, Last State: ( -3.07,   1.40), ( -1.06,  -0.60)  SG Improvement:-0.00074 

Goal, Curr: (-0.95,  0.78), ( -1.40,  -0.60)   Error: 1.45
Last SG, Last State: ( -3.40,   1.40), ( -1.40,  -0.60)  SG Improvement:0.00000 

Goal, Curr: (-0.99,  0.94), ( -1.40,  -0.60)   Error: 1.60
Last SG, Last State: ( -3.40,   1.40), ( -1.40,  -0.60)  SG Improvement:0.00000 

Goal, Curr: (-1.01,  1.12), ( -1.40,  -0.60)   Error: 1.77
Last SG, Last State: ( -3.40,   1.40), ( -1.40,  -0.60)  SG Improvement:0.00000 

Goal, Curr: (-1.13,  1.02), ( -1.40,  -0.60)   Error: 1.64
Last SG, Last State: ( -3.40,   1.40), ( -1.40,  -0.60)  SG Improvement:0.00000 

Goal, Curr: (-0.80,  0.92), ( -1.40,  -0.60)   Error: 1.63
Last SG, Last State: ( -3.40,   1.40), ( -1.40,  -0.60)  SG Improvement:0.00000 

Goal, Curr: (-0.91,  1.22), ( -1.40,  -0.60)   Error: 1.89
Last SG, Last State: ( -3.40,   1.40), ( -1.40,  -0.60)  SG Improvement:0.00000 

episode:01500, mean:0.38, std:0.15, median:0.44, success:0.00
Log radii:  [-1.3862944  -0.35679317 -1.3862944   1.3862944   1.3862944   1.3862944 ]
Adjusted log radii:  [2.5037055  2.33320665 2.5037055  2.27629423 1.37629437 1.37629437]
Goal, Curr: (-1.24,  0.76), ( -0.65,  -0.60)   Error: 1.48
Last SG, Last State: ( -2.63,   1.40), ( -0.59,  -0.60)  SG Improvement:-0.15656 

Goal, Curr: (-0.80,  1.09), ( -0.66,  -0.60)   Error: 1.70
Last SG, Last State: (  1.36,   1.40), ( -0.60,  -0.60)  SG Improvement:0.00219 

Goal, Curr: (-0.93,  0.88), ( -0.63,  -0.60)   Error: 1.51
Last SG, Last State: ( -2.61,   1.40), ( -0.57,  -0.60)  SG Improvement:-0.15656 

Goal, Curr: (-1.04,  1.24), ( -1.27,  -0.60)   Error: 1.86
Last SG, Last State: ( -3.24,   1.40), ( -1.26,  -0.60)  SG Improvement:0.00074 

Goal, Curr: (-0.99,  1.13), (  1.40,   1.40)   Error: 2.40
Last SG, Last State: (  3.40,   3.40), (  1.40,   1.40)  SG Improvement:0.08326 

Goal, Curr: (-1.22,  1.22), ( -1.35,  -0.60)   Error: 1.83
Last SG, Last State: ( -3.32,   1.40), ( -1.34,  -0.60)  SG Improvement:0.00074 

Goal, Curr: (-0.90,  0.98), (  0.75,  -0.33)   Error: 2.10
Last SG, Last State: (  2.52,   1.40), (  0.64,  -0.48)  SG Improvement:1.32536 

Goal, Curr: (-1.15,  0.92), ( -0.64,  -0.60)   Error: 1.60
Last SG, Last State: (  1.39,   1.40), ( -0.68,  -0.60)  SG Improvement:0.04760 

Goal, Curr: (-0.90,  1.06), (  1.40,   1.27)   Error: 2.31
Last SG, Last State: (  3.40,   2.96), (  1.40,   1.11)  SG Improvement:0.00856 

Goal, Curr: (-0.86,  1.20), ( -1.24,  -0.60)   Error: 1.84
Last SG, Last State: ( -3.21,   1.40), ( -1.23,  -0.60)  SG Improvement:0.00074 

episode:01600, mean:0.17, std:0.39, median:0.30, success:0.00
Goal, Curr: (-1.09,  0.80), ( -1.40,  -0.60)   Error: 1.44
Last SG, Last State: ( -3.40,   1.40), ( -1.40,  -0.60)  SG Improvement:0.00000 

Goal, Curr: (-1.09,  0.80), ( -1.40,  -0.60)   Error: 1.43
Last SG, Last State: ( -3.40,   1.40), ( -1.40,  -0.60)  SG Improvement:-0.00000 

Goal, Curr: (-0.81,  1.03), ( -1.40,  -0.60)   Error: 1.73
Last SG, Last State: ( -3.40,   1.40), ( -1.40,  -0.60)  SG Improvement:0.00000 

Goal, Curr: (-0.92,  1.22), ( -1.40,  -0.60)   Error: 1.89
Last SG, Last State: ( -3.40,   1.40), ( -1.40,  -0.60)  SG Improvement:0.00000 

Goal, Curr: (-1.24,  1.08), ( -1.34,  -0.60)   Error: 1.68
Last SG, Last State: ( -3.31,   1.40), ( -1.33,  -0.60)  SG Improvement:0.00074 

Goal, Curr: (-0.82,  0.92), ( -1.40,  -0.60)   Error: 1.63
Last SG, Last State: ( -3.40,   1.40), ( -1.40,  -0.60)  SG Improvement:0.00000 

Goal, Curr: (-1.14,  1.24), ( -1.40,  -0.60)   Error: 1.86
Last SG, Last State: ( -3.40,   1.40), ( -1.40,  -0.60)  SG Improvement:0.00000 

Goal, Curr: (-1.22,  1.11), ( -0.18,  -0.60)   Error: 2.00
Last SG, Last State: ( -2.15,   1.40), ( -0.17,  -0.60)  SG Improvement:0.00074 

Goal, Curr: (-1.17,  1.11), ( -1.40,  -0.60)   Error: 1.72
Last SG, Last State: ( -3.40,   1.40), ( -1.40,  -0.60)  SG Improvement:0.00000 

Goal, Curr: (-1.00,  1.25), ( -1.40,  -0.60)   Error: 1.89
Last SG, Last State: ( -3.40,   1.40), ( -1.40,  -0.60)  SG Improvement:0.00000 

episode:01700, mean:0.35, std:0.11, median:0.34, success:0.00
Goal, Curr: (-1.08,  0.90), ( -1.40,  -0.60)   Error: 1.54
Last SG, Last State: ( -3.40,   1.40), ( -1.40,  -0.60)  SG Improvement:0.00000 

Goal, Curr: (-1.01,  0.96), ( -0.85,  -0.60)   Error: 1.57
Last SG, Last State: (  1.13,   1.40), ( -0.86,  -0.60)  SG Improvement:0.00074 

Goal, Curr: (-1.14,  0.88), ( -1.40,  -0.60)   Error: 1.50
Last SG, Last State: ( -3.40,   1.40), ( -1.40,  -0.60)  SG Improvement:-0.00000 

Goal, Curr: (-1.22,  0.79), ( -1.06,  -0.60)   Error: 1.40
Last SG, Last State: (  0.91,   1.40), ( -1.07,  -0.60)  SG Improvement:0.00074 

Goal, Curr: (-1.12,  0.83), ( -1.40,  -0.60)   Error: 1.46
Last SG, Last State: ( -3.40,   1.40), ( -1.40,  -0.60)  SG Improvement:-0.00000 

Goal, Curr: (-1.06,  1.05), ( -1.05,  -0.60)   Error: 1.65
Last SG, Last State: (  0.93,   1.40), ( -1.06,  -0.60)  SG Improvement:0.00074 

Goal, Curr: (-0.88,  1.17), ( -1.40,  -0.60)   Error: 1.84
Last SG, Last State: ( -3.40,   1.40), ( -1.40,  -0.60)  SG Improvement:-0.00000 

Goal, Curr: (-1.18,  1.23), ( -0.94,  -0.60)   Error: 1.84
Last SG, Last State: (  1.02,   1.40), ( -0.96,  -0.60)  SG Improvement:0.00104 

Goal, Curr: (-0.92,  1.17), ( -1.40,  -0.60)   Error: 1.83
Last SG, Last State: ( -3.40,   1.40), ( -1.40,  -0.60)  SG Improvement:0.00000 

Goal, Curr: (-0.90,  1.10), ( -1.07,  -0.60)   Error: 1.71
Last SG, Last State: (  0.91,   1.40), ( -1.08,  -0.60)  SG Improvement:0.00074 

episode:01800, mean:0.45, std:0.11, median:0.44, success:0.00
Log radii:  [ 1.3862944   1.1013758   1.3862944   1.3862944  -1.3862944   0.43509334]
Adjusted log radii:  [2.27629423 1.09137583 2.27629423 1.67629433 1.60370564 1.02509332]
Goal, Curr: (-0.91,  0.97), ( -1.40,  -0.60)   Error: 1.64
Last SG, Last State: (  0.60,   1.40), ( -1.40,  -0.60)  SG Improvement:0.00000 

Goal, Curr: (-1.24,  1.12), ( -1.40,  -0.84)   Error: 1.97
Last SG, Last State: (  0.60,   1.16), ( -1.40,  -0.84)  SG Improvement:0.00000 

Goal, Curr: (-1.20,  1.23), ( -1.40,  -0.77)   Error: 2.01
Last SG, Last State: (  0.60,   1.23), ( -1.40,  -0.77)  SG Improvement:0.00000 

Goal, Curr: (-1.24,  0.97), ( -1.40,  -0.83)   Error: 1.81
Last SG, Last State: (  0.60,   1.17), ( -1.40,  -0.83)  SG Improvement:0.00000 

Goal, Curr: (-0.99,  1.19), ( -1.40,  -1.08)   Error: 2.31
Last SG, Last State: (  0.60,   0.92), ( -1.40,  -1.08)  SG Improvement:0.00000 

Goal, Curr: (-0.93,  0.89), ( -1.40,  -0.99)   Error: 1.95
Last SG, Last State: (  0.60,   1.01), ( -1.40,  -0.99)  SG Improvement:0.00000 

Goal, Curr: (-0.98,  1.03), ( -1.40,  -1.10)   Error: 2.17
Last SG, Last State: (  0.60,   0.90), ( -1.40,  -1.10)  SG Improvement:0.00000 

Goal, Curr: (-1.21,  0.87), ( -1.40,  -1.02)   Error: 1.89
Last SG, Last State: (  0.60,   0.98), ( -1.40,  -1.02)  SG Improvement:0.00000 

Goal, Curr: (-1.24,  1.14), ( -1.40,  -0.88)   Error: 2.03
Last SG, Last State: (  0.60,   1.12), ( -1.40,  -0.88)  SG Improvement:0.00000 

Goal, Curr: (-0.98,  1.12), ( -1.40,  -1.22)   Error: 2.38
Last SG, Last State: (  0.60,   0.78), ( -1.40,  -1.22)  SG Improvement:0.00000 

episode:01900, mean:-0.02, std:0.06, median:-0.05, success:0.00
Goal, Curr: (-0.84,  1.09), ( -0.88,  -0.60)   Error: 1.69
Last SG, Last State: (  1.10,   1.40), ( -0.89,  -0.60)  SG Improvement:0.00074 

Goal, Curr: (-0.79,  0.81), ( -1.06,  -0.60)   Error: 1.44
Last SG, Last State: (  0.92,   1.40), ( -1.07,  -0.60)  SG Improvement:0.00074 

Goal, Curr: (-1.01,  1.05), ( -0.72,  -0.60)   Error: 1.68
Last SG, Last State: (  1.25,   1.40), ( -0.74,  -0.60)  SG Improvement:0.00074 

Goal, Curr: (-0.94,  1.00), ( -0.60,  -0.60)   Error: 1.63
Last SG, Last State: (  1.38,   1.40), ( -0.61,  -0.60)  SG Improvement:0.00074 

Goal, Curr: (-0.85,  0.82), ( -0.79,  -0.60)   Error: 1.42
Last SG, Last State: (  1.19,   1.40), ( -0.80,  -0.60)  SG Improvement:0.00074 

Goal, Curr: (-1.12,  0.92), ( -0.88,  -0.60)   Error: 1.54
Last SG, Last State: (  1.09,   1.40), ( -0.89,  -0.60)  SG Improvement:0.00074 

Goal, Curr: (-1.04,  1.12), ( -1.04,  -0.60)   Error: 1.72
Last SG, Last State: (  0.93,   1.40), ( -1.06,  -0.60)  SG Improvement:0.00074 

Goal, Curr: (-1.12,  0.89), ( -1.06,  -0.60)   Error: 1.49
Last SG, Last State: (  0.91,   1.40), ( -1.07,  -0.60)  SG Improvement:0.00074 

Goal, Curr: (-0.95,  0.94), ( -1.04,  -0.60)   Error: 1.55
Last SG, Last State: (  0.93,   1.40), ( -1.05,  -0.60)  SG Improvement:0.00074 

Goal, Curr: (-0.86,  1.06), ( -1.03,  -0.60)   Error: 1.67
Last SG, Last State: (  0.95,   1.40), ( -1.04,  -0.60)  SG Improvement:0.00074 

episode:02000, mean:0.42, std:0.14, median:0.40, success:0.00
Goal, Curr: (-0.98,  1.25), ( -1.05,  -0.60)   Error: 1.85
Last SG, Last State: ( -3.02,   1.40), ( -1.03,  -0.60)  SG Improvement:0.00074 

Goal, Curr: (-1.05,  1.16), ( -1.41,  -0.60)   Error: 1.80
Last SG, Last State: (  0.60,   1.40), ( -1.40,  -0.60)  SG Improvement:0.00324 

Goal, Curr: (-1.18,  0.76), ( -0.74,  -0.60)   Error: 1.44
Last SG, Last State: ( -2.71,   1.40), ( -0.73,  -0.60)  SG Improvement:0.00074 

Goal, Curr: (-0.76,  1.00), ( -1.40,  -0.60)   Error: 1.72
Last SG, Last State: (  0.60,   1.40), ( -1.40,  -0.60)  SG Improvement:-0.03298 

Goal, Curr: (-1.19,  1.19), ( -1.10,  -0.60)   Error: 1.80
Last SG, Last State: ( -3.07,   1.40), ( -1.09,  -0.60)  SG Improvement:0.00074 

Goal, Curr: (-0.87,  1.10), ( -1.40,  -0.60)   Error: 1.78
Last SG, Last State: ( -3.40,   1.40), ( -1.40,  -0.60)  SG Improvement:0.00208 

Goal, Curr: (-1.03,  0.92), ( -1.40,  -0.60)   Error: 1.57
Last SG, Last State: (  0.60,   1.40), ( -1.40,  -0.60)  SG Improvement:0.00000 

Goal, Curr: (-0.86,  0.80), ( -1.16,  -0.60)   Error: 1.43
Last SG, Last State: ( -3.14,   1.40), ( -1.15,  -0.60)  SG Improvement:0.00074 

Goal, Curr: (-0.79,  1.00), ( -1.40,  -0.60)   Error: 1.71
Last SG, Last State: (  0.60,   1.40), ( -1.40,  -0.60)  SG Improvement:-0.03298 

Goal, Curr: (-1.19,  0.92), ( -0.96,  -0.60)   Error: 1.54
Last SG, Last State: ( -2.93,   1.40), ( -0.94,  -0.60)  SG Improvement:0.00074 

episode:02100, mean:0.33, std:0.12, median:0.30, success:0.00
Log radii:  [ 1.3862944   0.8339407  -1.3862944  -1.3862944   0.07064748 -1.3862944 ]
Adjusted log radii:  [1.37629437 2.32394052 1.9037056  1.30370569 0.66064751 0.40370566]
Goal, Curr: (-0.89,  1.19), ( -1.40,  -0.60)   Error: 1.87
Last SG, Last State: (  0.60,   1.40), ( -1.40,  -0.60)  SG Improvement:0.00000 

Goal, Curr: (-0.82,  0.85), ( -1.40,  -0.60)   Error: 1.56
Last SG, Last State: (  0.60,   1.40), ( -1.40,  -0.60)  SG Improvement:0.00430 

Goal, Curr: (-1.04,  1.21), ( -1.40,  -0.60)   Error: 1.85
Last SG, Last State: (  0.60,   1.40), ( -1.40,  -0.60)  SG Improvement:0.00000 

Goal, Curr: (-1.19,  1.03), ( -1.40,  -0.60)   Error: 1.64
Last SG, Last State: (  0.60,   1.40), ( -1.40,  -0.60)  SG Improvement:0.00000 

Goal, Curr: (-0.79,  0.86), ( -1.40,  -0.60)   Error: 1.58
Last SG, Last State: (  0.60,   1.40), ( -1.40,  -0.60)  SG Improvement:0.00000 

Goal, Curr: (-0.77,  0.82), ( -1.40,  -0.60)   Error: 1.56
Last SG, Last State: (  0.60,   1.40), ( -1.40,  -0.60)  SG Improvement:0.00000 

Goal, Curr: (-1.13,  1.16), ( -1.40,  -0.60)   Error: 1.78
Last SG, Last State: (  0.60,   1.40), ( -1.40,  -0.60)  SG Improvement:0.00000 

Goal, Curr: (-1.15,  1.04), ( -1.40,  -0.60)   Error: 1.66
Last SG, Last State: (  0.59,   1.40), ( -1.40,  -0.60)  SG Improvement:-0.07637 

Goal, Curr: (-0.93,  1.17), ( -1.40,  -0.60)   Error: 1.84
Last SG, Last State: (  0.60,   1.40), ( -1.40,  -0.60)  SG Improvement:0.00430 

Goal, Curr: (-1.18,  1.09), ( -1.06,  -0.60)   Error: 1.69
Last SG, Last State: (  0.92,   1.40), ( -1.07,  -0.60)  SG Improvement:0.00074 

episode:02200, mean:0.32, std:0.10, median:0.36, success:0.00
Goal, Curr: (-0.98,  1.22), ( -1.40,  -0.60)   Error: 1.87
Last SG, Last State: (  0.60,   1.40), ( -1.40,  -0.60)  SG Improvement:-0.03288 

Goal, Curr: (-0.94,  1.25), ( -1.40,  -0.60)   Error: 1.90
Last SG, Last State: ( -1.71,   1.40), ( -1.40,  -0.60)  SG Improvement:0.00243 

Goal, Curr: (-0.87,  1.23), ( -1.40,  -0.60)   Error: 1.91
Last SG, Last State: (  0.60,   1.40), ( -1.40,  -0.60)  SG Improvement:-0.03288 

Goal, Curr: (-1.23,  0.93), ( -1.40,  -0.60)   Error: 1.54
Last SG, Last State: ( -3.40,   1.40), ( -1.40,  -0.60)  SG Improvement:0.00236 

Goal, Curr: (-0.95,  0.80), ( -1.40,  -0.60)   Error: 1.47
Last SG, Last State: (  0.60,   1.40), ( -1.40,  -0.60)  SG Improvement:-0.03288 

Goal, Curr: (-1.05,  0.96), ( -1.40,  -0.60)   Error: 1.60
Last SG, Last State: ( -3.40,   1.40), ( -1.40,  -0.60)  SG Improvement:0.00236 

Goal, Curr: (-0.96,  0.76), ( -1.40,  -0.60)   Error: 1.43
Last SG, Last State: ( -3.40,   1.40), ( -1.40,  -0.60)  SG Improvement:0.00236 

Goal, Curr: (-0.77,  0.96), ( -1.40,  -0.60)   Error: 1.68
Last SG, Last State: ( -3.40,   1.40), ( -1.40,  -0.60)  SG Improvement:0.00236 

Goal, Curr: (-0.81,  1.10), ( -1.40,  -0.60)   Error: 1.80
Last SG, Last State: ( -3.40,   1.40), ( -1.40,  -0.60)  SG Improvement:0.00236 

Goal, Curr: (-1.06,  0.75), ( -1.40,  -0.60)   Error: 1.40
Last SG, Last State: (  0.60,   1.40), ( -1.40,  -0.60)  SG Improvement:0.00000 

episode:02300, mean:0.31, std:0.13, median:0.29, success:0.00
Goal, Curr: (-0.91,  1.23), (  1.40,   1.01)   Error: 2.32
Last SG, Last State: (  3.40,   2.69), (  1.40,   0.85)  SG Improvement:0.00862 

Goal, Curr: (-1.08,  1.08), (  1.40,   1.40)   Error: 2.49
Last SG, Last State: (  3.40,   3.15), (  1.40,   1.33)  SG Improvement:0.00964 

Goal, Curr: (-1.17,  1.02), ( -1.40,  -0.60)   Error: 1.64
Last SG, Last State: ( -3.40,   1.40), ( -1.40,  -0.60)  SG Improvement:0.00000 

Goal, Curr: (-0.77,  1.06), ( -1.40,  -0.60)   Error: 1.78
Last SG, Last State: (  0.60,   1.40), ( -1.40,  -0.60)  SG Improvement:-0.02144 

Goal, Curr: (-1.10,  1.00), (  1.40,   1.34)   Error: 2.52
Last SG, Last State: (  3.40,   2.97), (  1.40,   1.16)  SG Improvement:0.00981 

Goal, Curr: (-0.83,  0.88), (  1.40,   0.95)   Error: 2.23
Last SG, Last State: (  3.40,   2.64), (  1.40,   0.79)  SG Improvement:-0.68268 

Goal, Curr: (-0.94,  0.92), ( -1.40,  -0.60)   Error: 1.59
Last SG, Last State: (  0.60,   1.40), ( -1.40,  -0.60)  SG Improvement:-0.02144 

Goal, Curr: (-1.25,  1.01), ( -1.40,  -0.60)   Error: 1.62
Last SG, Last State: ( -3.40,   1.40), ( -1.40,  -0.60)  SG Improvement:0.03921 

Goal, Curr: (-0.81,  0.87), (  1.40,   1.00)   Error: 2.21
Last SG, Last State: (  3.40,   2.63), (  1.40,   0.81)  SG Improvement:0.00982 

Goal, Curr: (-1.22,  1.08), (  1.40,   1.36)   Error: 2.63
Last SG, Last State: (  3.40,   3.01), (  1.40,   1.20)  SG Improvement:0.64891 

episode:02400, mean:-0.06, std:0.48, median:-0.07, success:0.00
Goal, Curr: (-1.13,  0.98), ( -1.40,  -0.60)   Error: 1.61
Last SG, Last State: (  0.60,   1.40), ( -1.40,  -0.60)  SG Improvement:0.00000 

Goal, Curr: (-0.76,  0.87), ( -1.40,  -0.60)   Error: 1.61
Last SG, Last State: (  0.60,   1.40), ( -1.40,  -0.60)  SG Improvement:0.00000 

Goal, Curr: (-0.77,  1.16), ( -1.40,  -0.60)   Error: 1.87
Last SG, Last State: (  0.60,   1.40), ( -1.40,  -0.60)  SG Improvement:0.00000 

Goal, Curr: (-0.78,  1.06), ( -1.40,  -0.60)   Error: 1.77
Last SG, Last State: (  0.60,   1.40), ( -1.40,  -0.60)  SG Improvement:0.00000 

Goal, Curr: (-1.08,  1.13), ( -1.40,  -0.60)   Error: 1.76
Last SG, Last State: (  0.60,   1.40), ( -1.40,  -0.60)  SG Improvement:0.00000 

Goal, Curr: (-1.12,  1.07), ( -1.40,  -0.60)   Error: 1.69
Last SG, Last State: (  0.60,   1.40), ( -1.40,  -0.60)  SG Improvement:0.00000 

Goal, Curr: (-1.24,  0.85), ( -1.40,  -0.60)   Error: 1.46
Last SG, Last State: (  0.60,   1.40), ( -1.40,  -0.60)  SG Improvement:0.00000 

Goal, Curr: (-1.15,  0.78), ( -1.40,  -0.60)   Error: 1.41
Last SG, Last State: (  0.60,   1.40), ( -1.40,  -0.60)  SG Improvement:0.00000 

Goal, Curr: (-1.00,  0.75), ( -1.40,  -0.60)   Error: 1.41
Last SG, Last State: (  0.60,   1.40), ( -1.40,  -0.60)  SG Improvement:0.00000 

Goal, Curr: (-1.07,  0.82), ( -1.40,  -0.60)   Error: 1.46
Last SG, Last State: (  0.60,   1.40), ( -1.40,  -0.60)  SG Improvement:0.00000 

episode:02500, mean:0.37, std:0.08, median:0.38, success:0.00
Goal, Curr: (-0.89,  1.03), ( -1.40,  -0.60)   Error: 1.71
Last SG, Last State: ( -3.40,   1.40), ( -1.40,  -0.60)  SG Improvement:0.00000 

Goal, Curr: (-0.79,  0.83), ( -1.34,  -0.60)   Error: 1.54
Last SG, Last State: (  0.60,   1.40), ( -1.41,  -0.60)  SG Improvement:0.04085 

Goal, Curr: (-1.11,  0.94), ( -1.40,  -0.60)   Error: 1.57
Last SG, Last State: ( -3.40,   1.40), ( -1.40,  -0.60)  SG Improvement:0.00000 

Goal, Curr: (-1.24,  1.19), ( -1.40,  -0.60)   Error: 1.80
Last SG, Last State: (  0.60,   1.40), ( -1.40,  -0.60)  SG Improvement:0.00482 

Goal, Curr: (-0.89,  1.03), ( -1.40,  -0.60)   Error: 1.71
Last SG, Last State: ( -3.40,   1.40), ( -1.40,  -0.60)  SG Improvement:0.00000 

Goal, Curr: (-1.07,  0.85), ( -1.40,  -0.60)   Error: 1.49
Last SG, Last State: ( -3.40,   1.40), ( -1.40,  -0.60)  SG Improvement:0.00000 

Goal, Curr: (-1.08,  0.90), ( -1.38,  -0.60)   Error: 1.53
Last SG, Last State: ( -3.41,   1.40), ( -1.34,  -0.60)  SG Improvement:-0.16116 

Goal, Curr: (-1.11,  1.23), ( -1.40,  -0.60)   Error: 1.85
Last SG, Last State: ( -3.40,   1.40), ( -1.40,  -0.60)  SG Improvement:0.00000 

Goal, Curr: (-1.06,  1.04), ( -1.40,  -0.60)   Error: 1.68
Last SG, Last State: ( -3.40,   1.40), ( -1.40,  -0.60)  SG Improvement:-0.00000 

Goal, Curr: (-0.98,  0.87), ( -1.40,  -0.60)   Error: 1.53
Last SG, Last State: ( -3.40,   1.40), ( -1.40,  -0.60)  SG Improvement:0.00000 

episode:02600, mean:0.32, std:0.16, median:0.37, success:0.00
Goal, Curr: (-1.10,  0.99), ( -1.40,  -0.60)   Error: 1.62
Last SG, Last State: (  0.60,   1.40), ( -1.40,  -0.60)  SG Improvement:0.00000 

Goal, Curr: (-0.77,  1.04), (  0.08,  -0.60)   Error: 1.85
Last SG, Last State: ( -2.00,   1.40), (  0.04,  -0.60)  SG Improvement:-0.00224 

Goal, Curr: (-0.90,  1.16), ( -0.64,  -0.60)   Error: 1.78
Last SG, Last State: ( -2.61,   1.40), ( -0.62,  -0.60)  SG Improvement:0.00074 

Goal, Curr: (-0.80,  1.13), (  0.51,  -0.60)   Error: 2.17
Last SG, Last State: ( -1.57,   1.40), (  0.47,  -0.60)  SG Improvement:-0.00224 

Goal, Curr: (-0.94,  1.16), ( -1.40,  -0.60)   Error: 1.82
Last SG, Last State: (  0.60,   1.40), ( -1.40,  -0.60)  SG Improvement:0.00000 

Goal, Curr: (-1.17,  0.81), (  0.43,  -0.60)   Error: 2.13
Last SG, Last State: ( -1.65,   1.40), (  0.39,  -0.60)  SG Improvement:-0.00224 

Goal, Curr: (-0.91,  1.24), (  0.52,  -0.60)   Error: 2.33
Last SG, Last State: ( -1.56,   1.40), (  0.48,  -0.60)  SG Improvement:-0.00224 

Goal, Curr: (-1.24,  0.92), ( -1.40,  -0.60)   Error: 1.53
Last SG, Last State: (  0.60,   1.40), ( -1.40,  -0.60)  SG Improvement:0.00000 

Goal, Curr: (-1.04,  1.05), (  0.53,  -0.60)   Error: 2.27
Last SG, Last State: ( -1.56,   1.40), (  0.48,  -0.60)  SG Improvement:-0.00224 

Goal, Curr: (-1.08,  1.03), ( -1.40,  -0.60)   Error: 1.66
Last SG, Last State: ( -3.40,   1.40), ( -1.40,  -0.60)  SG Improvement:0.00000 

episode:02700, mean:0.18, std:0.25, median:0.19, success:0.00
Log radii:  [ 1.3862944  -0.41627526  0.4822588  -1.3862944   1.3862944   1.3862944 ]
Adjusted log radii:  [1.67629433 2.57372451 1.97225881 2.80370545 2.27629423 1.67629433]
Goal, Curr: (-1.20,  1.23), ( -1.40,  -0.60)   Error: 1.84
Last SG, Last State: ( -3.40,   1.40), ( -1.40,  -0.60)  SG Improvement:0.00000 

Goal, Curr: (-1.23,  1.07), ( -1.40,  -0.60)   Error: 1.67
Last SG, Last State: ( -3.30,   1.40), ( -1.34,  -0.65)  SG Improvement:-0.40512 

Goal, Curr: (-0.85,  0.83), ( -1.34,  -0.65)   Error: 1.56
Last SG, Last State: ( -3.35,   1.34), ( -1.30,  -0.60)  SG Improvement:-0.28705 

Goal, Curr: (-0.90,  0.98), ( -1.40,  -0.60)   Error: 1.66
Last SG, Last State: ( -3.40,   1.40), ( -1.40,  -0.60)  SG Improvement:0.00000 

Goal, Curr: (-0.91,  1.00), ( -1.40,  -0.60)   Error: 1.68
Last SG, Last State: ( -3.30,   1.40), ( -1.34,  -0.65)  SG Improvement:-0.40512 

Goal, Curr: (-0.77,  1.21), ( -1.24,  -0.60)   Error: 1.87
Last SG, Last State: (  0.79,   1.40), ( -1.22,  -0.60)  SG Improvement:-0.00074 

Goal, Curr: (-0.92,  0.80), ( -1.40,  -0.60)   Error: 1.48
Last SG, Last State: ( -3.40,   1.40), ( -1.40,  -0.60)  SG Improvement:0.00000 

Goal, Curr: (-1.19,  0.81), ( -1.40,  -0.60)   Error: 1.42
Last SG, Last State: ( -3.40,   1.40), ( -1.40,  -0.60)  SG Improvement:0.00000 

Goal, Curr: (-1.16,  1.03), ( -1.40,  -0.60)   Error: 1.65
Last SG, Last State: ( -3.40,   1.40), ( -1.40,  -0.60)  SG Improvement:0.00000 

Goal, Curr: (-0.93,  0.94), ( -1.40,  -0.60)   Error: 1.61
Last SG, Last State: ( -3.40,   1.40), ( -1.40,  -0.60)  SG Improvement:0.00000 

episode:02800, mean:0.37, std:0.15, median:0.35, success:0.00
Goal, Curr: (-1.05,  0.81), (  0.82,  -0.14)   Error: 2.10
Last SG, Last State: (  2.64,   1.54), (  0.74,  -0.31)  SG Improvement:-0.29928 

Goal, Curr: (-0.86,  1.09), ( -1.40,  -0.60)   Error: 1.77
Last SG, Last State: ( -3.40,   1.40), ( -1.40,  -0.60)  SG Improvement:0.00000 

Goal, Curr: (-1.16,  0.98), (  0.59,  -0.53)   Error: 2.32
Last SG, Last State: ( -1.53,   1.40), (  0.51,  -0.60)  SG Improvement:0.05794 

Goal, Curr: (-0.85,  1.24), ( -1.40,  -0.60)   Error: 1.92
Last SG, Last State: (  0.60,   1.40), ( -1.40,  -0.60)  SG Improvement:0.00000 

Goal, Curr: (-1.22,  1.15), (  0.32,  -0.60)   Error: 2.33
Last SG, Last State: ( -1.68,   1.40), (  0.33,  -0.60)  SG Improvement:-0.03653 

Goal, Curr: (-0.80,  1.03), ( -1.40,  -0.60)   Error: 1.74
Last SG, Last State: ( -3.40,   1.40), ( -1.40,  -0.60)  SG Improvement:0.00207 

Goal, Curr: (-0.93,  0.86), (  0.16,  -0.60)   Error: 1.83
Last SG, Last State: ( -1.87,   1.40), (  0.15,  -0.60)  SG Improvement:-0.00089 

Goal, Curr: (-0.88,  0.78), (  0.69,  -0.27)   Error: 1.89
Last SG, Last State: ( -1.46,   1.41), (  0.65,  -0.46)  SG Improvement:0.52122 

Goal, Curr: (-0.78,  1.05), (  0.69,   1.40)   Error: 1.51
Last SG, Last State: ( -1.28,  -0.97), (  0.70,   1.23)  SG Improvement:-0.01061 

Goal, Curr: (-0.85,  1.19), (  0.68,  -0.23)   Error: 2.09
Last SG, Last State: ( -1.43,   1.43), (  0.64,  -0.42)  SG Improvement:1.01266 

episode:02900, mean:0.13, std:0.22, median:0.10, success:0.00
Goal, Curr: (-0.89,  0.96), ( -1.10,  -0.60)   Error: 1.57
Last SG, Last State: ( -3.18,   1.40), ( -1.14,  -0.60)  SG Improvement:-0.00224 

Goal, Curr: (-0.85,  0.95), (  0.05,  -0.60)   Error: 1.79
Last SG, Last State: ( -2.03,   1.40), (  0.01,  -0.60)  SG Improvement:-0.00224 

Goal, Curr: (-0.80,  1.07), ( -0.35,  -0.60)   Error: 1.73
Last SG, Last State: ( -2.43,   1.40), ( -0.39,  -0.60)  SG Improvement:-0.00224 

Goal, Curr: (-0.99,  1.03), (  0.13,  -0.60)   Error: 1.98
Last SG, Last State: ( -1.95,   1.40), (  0.09,  -0.60)  SG Improvement:-0.00224 

Goal, Curr: (-1.24,  1.17), ( -0.94,  -0.60)   Error: 1.79
Last SG, Last State: ( -3.02,   1.40), ( -0.98,  -0.60)  SG Improvement:-0.00224 

Goal, Curr: (-0.95,  1.05), ( -0.27,  -0.60)   Error: 1.78
Last SG, Last State: ( -2.35,   1.40), ( -0.31,  -0.60)  SG Improvement:-0.00224 

Goal, Curr: (-0.97,  0.94), (  0.04,  -0.60)   Error: 1.84
Last SG, Last State: ( -2.04,   1.40), (  0.00,  -0.60)  SG Improvement:-0.00224 

Goal, Curr: (-1.13,  1.22), ( -0.08,  -0.60)   Error: 2.10
Last SG, Last State: ( -2.16,   1.40), ( -0.12,  -0.60)  SG Improvement:-0.00224 

Goal, Curr: (-1.24,  0.98), ( -0.09,  -0.60)   Error: 1.96
Last SG, Last State: ( -2.17,   1.40), ( -0.13,  -0.60)  SG Improvement:-0.00224 

Goal, Curr: (-1.09,  0.92), (  0.25,  -0.60)   Error: 2.03
Last SG, Last State: ( -1.83,   1.40), (  0.21,  -0.60)  SG Improvement:-0.00224 

episode:03000, mean:0.24, std:0.23, median:0.26, success:0.00
