Using device: cpu
gc-4.0-ccc-buff20-0.5expl
Goal, Curr: (-1.20,  1.19), (  1.10,  -0.42)   Error: 2.81
Last SG, Last State: ( -1.45,  -2.68), (  0.80,  -0.57)  SG Improvement:-0.15368 

Goal, Curr: (-0.87,  1.02), (  1.40,   0.77)   Error: 2.28
Last SG, Last State: ( -0.60,  -1.51), (  1.40,   0.63)  SG Improvement:0.18382 

Goal, Curr: (-0.76,  1.01), (  0.33,  -0.83)   Error: 2.14
Last SG, Last State: ( -1.87,  -2.89), (  0.22,  -0.88)  SG Improvement:-0.13812 

Goal, Curr: (-0.76,  1.19), (  1.40,   0.33)   Error: 2.32
Last SG, Last State: ( -0.60,  -2.14), (  1.40,   0.10)  SG Improvement:-0.07522 

Goal, Curr: (-0.95,  0.93), (  0.50,  -0.74)   Error: 2.21
Last SG, Last State: ( -1.74,  -2.84), (  0.37,  -0.81)  SG Improvement:-0.14520 

Goal, Curr: (-1.12,  1.25), (  1.40,   0.57)   Error: 2.61
Last SG, Last State: ( -0.60,  -1.81), (  1.40,   0.40)  SG Improvement:0.22518 

Goal, Curr: (-0.96,  1.10), (  1.40,   0.49)   Error: 2.43
Last SG, Last State: ( -0.60,  -1.93), (  1.40,   0.29)  SG Improvement:0.14602 

Goal, Curr: (-1.08,  0.93), (  0.07,  -0.96)   Error: 2.21
Last SG, Last State: ( -2.06,  -2.98), (  0.00,  -0.98)  SG Improvement:-0.08894 

Goal, Curr: (-0.93,  0.97), (  0.57,  -0.70)   Error: 2.24
Last SG, Last State: ( -1.75,  -2.83), (  0.40,  -0.78)  SG Improvement:-0.19622 

Goal, Curr: (-1.11,  0.88), ( -1.34,  -1.27)   Error: 2.16
Last SG, Last State: ( -3.36,  -3.14), ( -1.40,  -1.28)  SG Improvement:0.54790 

episode:00100, mean:-0.23, std:0.20, median:-0.17, success:0.00
Goal, Curr: (-0.78,  0.97), ( -0.51,  -1.40)   Error: 2.38
Last SG, Last State: ( -2.85,  -3.40), ( -0.74,  -1.39)  SG Improvement:2.16798 

Goal, Curr: (-1.15,  0.97), ( -0.83,  -1.40)   Error: 2.39
Last SG, Last State: ( -2.70,  -3.39), ( -0.62,  -1.40)  SG Improvement:-3.54422 

Goal, Curr: (-1.15,  0.86), ( -0.48,  -1.40)   Error: 2.36
Last SG, Last State: ( -2.84,  -3.40), ( -0.74,  -1.39)  SG Improvement:2.17500 

Goal, Curr: (-1.04,  0.81), ( -0.69,  -1.40)   Error: 2.23
Last SG, Last State: ( -2.76,  -3.39), ( -0.47,  -1.40)  SG Improvement:-1.63986 

Goal, Curr: (-1.08,  0.85), ( -0.95,  -1.40)   Error: 2.25
Last SG, Last State: ( -2.91,  -3.40), ( -0.93,  -1.40)  SG Improvement:-0.33787 

Goal, Curr: (-1.17,  0.81), ( -0.76,  -1.40)   Error: 2.25
Last SG, Last State: ( -2.69,  -3.39), ( -0.53,  -1.40)  SG Improvement:-2.83463 

Goal, Curr: (-0.79,  0.91), ( -0.68,  -1.39)   Error: 2.30
Last SG, Last State: ( -2.46,  -3.40), ( -0.69,  -1.40)  SG Improvement:-3.27301 

Goal, Curr: (-1.17,  1.06), ( -0.52,  -1.40)   Error: 2.55
Last SG, Last State: ( -2.75,  -3.40), ( -0.70,  -1.39)  SG Improvement:2.19895 

Goal, Curr: (-0.85,  0.89), ( -0.80,  -1.40)   Error: 2.29
Last SG, Last State: ( -2.70,  -3.39), ( -0.58,  -1.40)  SG Improvement:-2.99207 

Goal, Curr: (-0.94,  1.07), ( -0.69,  -1.39)   Error: 2.48
Last SG, Last State: ( -2.51,  -3.40), ( -0.74,  -1.40)  SG Improvement:-2.65802 

episode:00200, mean:-0.47, std:0.12, median:-0.47, success:0.00
Goal, Curr: (-1.00,  1.02), (  1.40,  -1.40)   Error: 3.41
Last SG, Last State: ( -0.60,  -3.40), (  1.40,  -1.40)  SG Improvement:0.00296 

Goal, Curr: (-1.19,  0.91), (  1.40,  -1.40)   Error: 3.47
Last SG, Last State: ( -0.60,  -3.40), (  1.40,  -1.40)  SG Improvement:0.00009 

Goal, Curr: (-1.01,  0.84), (  1.40,  -1.40)   Error: 3.29
Last SG, Last State: ( -0.60,  -3.40), (  1.40,  -1.40)  SG Improvement:0.00045 

Goal, Curr: (-0.91,  0.87), (  1.40,  -1.40)   Error: 3.24
Last SG, Last State: ( -0.60,  -3.40), (  1.40,  -1.40)  SG Improvement:0.00000 

Goal, Curr: (-0.95,  1.01), (  1.40,  -1.40)   Error: 3.37
Last SG, Last State: ( -0.60,  -3.40), (  1.40,  -1.40)  SG Improvement:0.00036 

Goal, Curr: (-1.08,  0.95), (  1.40,  -1.40)   Error: 3.41
Last SG, Last State: ( -0.60,  -3.40), (  1.40,  -1.40)  SG Improvement:0.00004 

Goal, Curr: (-1.14,  1.14), (  1.40,  -1.40)   Error: 3.58
Last SG, Last State: ( -0.60,  -3.40), (  1.40,  -1.40)  SG Improvement:0.00008 

Goal, Curr: (-1.04,  0.97), (  1.40,  -1.40)   Error: 3.40
Last SG, Last State: ( -0.60,  -3.40), (  1.40,  -1.40)  SG Improvement:0.00001 

Goal, Curr: (-1.10,  1.17), (  1.40,  -1.40)   Error: 3.58
Last SG, Last State: ( -0.60,  -3.40), (  1.40,  -1.40)  SG Improvement:0.00012 

Goal, Curr: (-0.77,  0.91), (  1.40,  -1.40)   Error: 3.17
Last SG, Last State: ( -0.60,  -3.40), (  1.40,  -1.40)  SG Improvement:0.00009 

episode:00300, mean:-1.41, std:0.17, median:-1.44, success:0.00
Log radii:  [-0.6661236  1.3862944 -1.3862944 -1.3862944 -1.2621517  1.3862944]
Adjusted log radii:  [2.32387638 1.37629437 2.5037055  2.20370555 0.22784834 1.67629433]
Goal, Curr: (-0.96,  0.75), (  1.40,  -1.40)   Error: 3.20
Last SG, Last State: ( -0.60,  -3.40), (  1.40,  -1.40)  SG Improvement:0.00056 

Goal, Curr: (-0.77,  1.10), (  1.40,  -1.40)   Error: 3.31
Last SG, Last State: ( -0.60,  -3.40), (  1.40,  -1.40)  SG Improvement:0.00179 

Goal, Curr: (-0.91,  0.80), (  1.40,  -1.40)   Error: 3.19
Last SG, Last State: ( -0.60,  -3.40), (  1.40,  -1.40)  SG Improvement:0.00180 

Goal, Curr: (-1.16,  0.77), (  1.40,  -1.40)   Error: 3.35
Last SG, Last State: ( -0.60,  -3.40), (  1.40,  -1.40)  SG Improvement:0.00207 

Goal, Curr: (-0.79,  1.25), (  1.40,  -1.40)   Error: 3.43
Last SG, Last State: ( -0.60,  -3.40), (  1.40,  -1.40)  SG Improvement:0.00353 

Goal, Curr: (-0.76,  0.88), (  1.40,  -1.40)   Error: 3.14
Last SG, Last State: ( -0.60,  -3.40), (  1.40,  -1.40)  SG Improvement:-0.00214 

Goal, Curr: (-1.05,  1.22), (  1.40,  -1.40)   Error: 3.58
Last SG, Last State: ( -0.60,  -3.40), (  1.40,  -1.40)  SG Improvement:0.00008 

Goal, Curr: (-0.89,  1.14), (  1.40,  -1.40)   Error: 3.42
Last SG, Last State: ( -0.60,  -3.40), (  1.40,  -1.40)  SG Improvement:0.00208 

Goal, Curr: (-0.76,  0.79), (  1.40,  -1.40)   Error: 3.07
Last SG, Last State: ( -0.60,  -3.40), (  1.40,  -1.40)  SG Improvement:0.00008 

Goal, Curr: (-1.19,  1.17), (  1.40,  -1.40)   Error: 3.64
Last SG, Last State: ( -0.60,  -3.40), (  1.40,  -1.40)  SG Improvement:0.00031 

episode:00400, mean:-1.33, std:0.11, median:-1.36, success:0.00
Goal, Curr: (-1.10,  0.89), (  1.40,  -1.40)   Error: 3.38
Last SG, Last State: ( -0.60,  -3.40), (  1.40,  -1.40)  SG Improvement:0.00003 

Goal, Curr: (-1.25,  0.97), (  1.40,  -1.40)   Error: 3.55
Last SG, Last State: ( -0.60,  -3.40), (  1.40,  -1.40)  SG Improvement:0.00001 

Goal, Curr: (-1.12,  0.89), (  1.40,  -1.40)   Error: 3.40
Last SG, Last State: ( -0.60,  -3.40), (  1.40,  -1.40)  SG Improvement:0.00001 

Goal, Curr: (-0.94,  1.14), (  1.40,  -1.40)   Error: 3.45
Last SG, Last State: ( -0.60,  -3.40), (  1.40,  -1.40)  SG Improvement:0.00002 

Goal, Curr: (-0.96,  0.77), (  1.40,  -1.40)   Error: 3.20
Last SG, Last State: ( -0.60,  -3.40), (  1.40,  -1.40)  SG Improvement:0.00009 

Goal, Curr: (-0.94,  1.23), (  1.40,  -1.40)   Error: 3.52
Last SG, Last State: ( -0.60,  -3.40), (  1.40,  -1.40)  SG Improvement:0.00008 

Goal, Curr: (-1.23,  1.06), (  1.40,  -1.40)   Error: 3.60
Last SG, Last State: ( -0.60,  -3.40), (  1.40,  -1.40)  SG Improvement:0.00002 

Goal, Curr: (-1.10,  1.20), (  1.40,  -1.40)   Error: 3.60
Last SG, Last State: ( -0.60,  -3.40), (  1.40,  -1.40)  SG Improvement:0.00001 

Goal, Curr: (-1.23,  1.14), (  1.40,  -1.40)   Error: 3.66
Last SG, Last State: ( -0.60,  -3.40), (  1.40,  -1.40)  SG Improvement:0.00001 

Goal, Curr: (-0.81,  0.83), (  1.40,  -1.40)   Error: 3.13
Last SG, Last State: ( -0.60,  -3.40), (  1.40,  -1.40)  SG Improvement:0.00009 

episode:00500, mean:-1.42, std:0.18, median:-1.49, success:0.00
Goal, Curr: (-0.95,  1.17), (  1.40,  -1.40)   Error: 3.48
Last SG, Last State: ( -0.60,  -3.40), (  1.40,  -1.40)  SG Improvement:-0.00033 

Goal, Curr: (-1.22,  0.88), (  1.40,  -1.40)   Error: 3.47
Last SG, Last State: ( -0.60,  -3.40), (  1.40,  -1.40)  SG Improvement:-0.00038 

Goal, Curr: (-1.17,  0.99), (  1.40,  -1.40)   Error: 3.51
Last SG, Last State: ( -0.60,  -3.40), (  1.40,  -1.40)  SG Improvement:-0.00081 

Goal, Curr: (-0.84,  0.96), (  1.40,  -1.40)   Error: 3.25
Last SG, Last State: ( -0.60,  -3.40), (  1.40,  -1.40)  SG Improvement:-0.00106 

Goal, Curr: (-1.13,  1.11), (  1.40,  -1.40)   Error: 3.56
Last SG, Last State: ( -0.60,  -3.40), (  1.40,  -1.40)  SG Improvement:-0.00070 

Goal, Curr: (-0.79,  1.18), (  1.40,  -1.40)   Error: 3.38
Last SG, Last State: ( -0.60,  -3.40), (  1.40,  -1.40)  SG Improvement:-0.00031 

Goal, Curr: (-1.11,  0.97), (  1.40,  -1.40)   Error: 3.45
Last SG, Last State: ( -0.60,  -3.40), (  1.40,  -1.40)  SG Improvement:0.00092 

Goal, Curr: (-0.89,  1.18), (  1.40,  -1.40)   Error: 3.45
Last SG, Last State: ( -0.60,  -3.40), (  1.40,  -1.40)  SG Improvement:-0.00030 

Goal, Curr: (-0.76,  1.25), (  1.40,  -1.40)   Error: 3.41
Last SG, Last State: ( -0.60,  -3.40), (  1.40,  -1.40)  SG Improvement:-0.00018 

Goal, Curr: (-1.20,  1.22), (  1.40,  -1.40)   Error: 3.69
Last SG, Last State: ( -0.60,  -3.40), (  1.40,  -1.40)  SG Improvement:-0.00032 

episode:00600, mean:-1.32, std:0.22, median:-1.28, success:0.00
Goal, Curr: (-1.09,  0.88), (  1.40,   0.00)   Error: 2.64
Last SG, Last State: ( -0.60,  -2.06), (  1.40,   0.01)  SG Improvement:1.26172 

Goal, Curr: (-0.76,  0.85), (  1.40,  -0.04)   Error: 2.34
Last SG, Last State: ( -0.60,  -1.98), (  1.40,  -0.09)  SG Improvement:1.25418 

Goal, Curr: (-0.84,  1.08), (  1.40,  -0.03)   Error: 2.50
Last SG, Last State: ( -0.60,  -1.98), (  1.40,  -0.08)  SG Improvement:1.19961 

Goal, Curr: (-1.18,  1.14), (  1.40,  -0.01)   Error: 2.83
Last SG, Last State: ( -0.60,  -1.99), (  1.40,   0.07)  SG Improvement:1.23931 

Goal, Curr: (-0.94,  1.23), (  1.40,  -0.01)   Error: 2.65
Last SG, Last State: ( -0.60,  -1.95), (  1.40,  -0.06)  SG Improvement:1.24954 

Goal, Curr: (-1.00,  0.80), (  1.40,   0.04)   Error: 2.51
Last SG, Last State: ( -0.60,  -1.92), (  1.40,  -0.01)  SG Improvement:1.21971 

Goal, Curr: (-0.84,  0.79), (  1.40,  -0.05)   Error: 2.39
Last SG, Last State: ( -0.60,  -2.11), (  1.40,  -0.04)  SG Improvement:1.28773 

Goal, Curr: (-1.03,  1.20), (  1.40,   0.06)   Error: 2.68
Last SG, Last State: ( -0.60,  -1.92), (  1.40,   0.00)  SG Improvement:1.12187 

Goal, Curr: (-1.02,  1.21), (  1.40,   0.02)   Error: 2.70
Last SG, Last State: ( -0.60,  -1.93), (  1.40,  -0.03)  SG Improvement:1.16973 

Goal, Curr: (-0.85,  1.01), (  1.40,  -0.03)   Error: 2.48
Last SG, Last State: ( -0.60,  -1.99), (  1.40,  -0.09)  SG Improvement:1.16932 

episode:00700, mean:-0.52, std:0.22, median:-0.51, success:0.00
Goal, Curr: (-1.24,  1.00), (  1.40,  -0.40)   Error: 2.99
Last SG, Last State: ( -0.60,  -2.47), (  1.40,  -0.29)  SG Improvement:1.39254 

Goal, Curr: (-0.95,  1.18), (  1.40,  -0.03)   Error: 2.65
Last SG, Last State: ( -0.60,  -2.14), (  1.40,   0.06)  SG Improvement:1.33693 

Goal, Curr: (-1.03,  1.17), (  1.40,  -0.44)   Error: 2.92
Last SG, Last State: ( -0.60,  -2.50), (  1.40,  -0.32)  SG Improvement:1.48900 

Goal, Curr: (-1.12,  0.81), (  1.40,  -0.10)   Error: 2.68
Last SG, Last State: ( -0.60,  -2.19), (  1.40,   0.00)  SG Improvement:1.35050 

Goal, Curr: (-1.22,  0.96), (  1.40,  -0.39)   Error: 2.95
Last SG, Last State: ( -0.60,  -2.45), (  1.40,  -0.57)  SG Improvement:1.53769 

Goal, Curr: (-0.81,  1.12), (  1.40,  -0.16)   Error: 2.56
Last SG, Last State: ( -0.60,  -2.25), (  1.40,  -0.06)  SG Improvement:1.34839 

Goal, Curr: (-0.88,  0.78), (  1.40,  -0.30)   Error: 2.52
Last SG, Last State: ( -0.60,  -2.39), (  1.40,  -0.20)  SG Improvement:1.34769 

Goal, Curr: (-1.04,  1.20), (  1.40,  -0.01)   Error: 2.72
Last SG, Last State: ( -0.60,  -2.11), (  1.40,   0.08)  SG Improvement:1.31693 

Goal, Curr: (-0.83,  0.87), (  1.40,  -0.29)   Error: 2.52
Last SG, Last State: ( -0.60,  -2.38), (  1.40,  -0.19)  SG Improvement:1.34792 

Goal, Curr: (-1.14,  0.80), (  1.40,  -0.00)   Error: 2.66
Last SG, Last State: ( -0.60,  -2.10), (  1.40,  -0.19)  SG Improvement:1.56701 

episode:00800, mean:-0.58, std:0.22, median:-0.60, success:0.00
Log radii:  [ 1.3862944   0.08274269 -0.57172596 -1.3862944  -1.3862944  -0.51089525]
Adjusted log radii:  [1.37629437 2.47274256 2.41827393 1.60370564 1.60370564 1.87910485]
Log radii:  [ 1.3862944  0.8324353 -1.1761645 -1.2710398 -1.3862944  0.8720338]
Adjusted log radii:  [2.27629423 2.32243514 1.81383562 0.21896021 1.30370569 1.46203375]
Goal, Curr: (-1.16,  0.95), (  1.40,  -1.09)   Error: 3.27
Last SG, Last State: ( -0.60,  -3.23), (  1.40,  -1.40)  SG Improvement:0.69082 

Goal, Curr: (-1.07,  1.11), (  1.40,  -0.86)   Error: 3.16
Last SG, Last State: ( -0.60,  -2.74), (  1.40,  -0.98)  SG Improvement:1.29618 

Goal, Curr: (-0.92,  0.80), (  1.40,  -0.76)   Error: 2.79
Last SG, Last State: ( -0.60,  -2.67), (  1.40,  -0.53)  SG Improvement:1.59510 

Goal, Curr: (-1.20,  1.05), (  1.40,  -1.16)   Error: 3.41
Last SG, Last State: ( -0.60,  -3.40), (  1.40,  -1.09)  SG Improvement:1.04996 

Goal, Curr: (-0.87,  1.12), (  1.40,  -1.10)   Error: 3.18
Last SG, Last State: ( -0.60,  -2.98), (  1.40,  -0.85)  SG Improvement:1.61700 

Goal, Curr: (-0.93,  0.88), (  1.40,  -0.82)   Error: 2.88
Last SG, Last State: ( -0.60,  -2.71), (  1.40,  -0.94)  SG Improvement:1.30601 

Goal, Curr: (-1.24,  0.79), (  1.40,  -1.16)   Error: 3.28
Last SG, Last State: ( -0.60,  -3.40), (  1.40,  -1.09)  SG Improvement:1.04074 

Goal, Curr: (-1.17,  0.87), (  1.40,  -1.27)   Error: 3.35
Last SG, Last State: ( -0.60,  -3.37), (  1.40,  -1.11)  SG Improvement:1.27192 

Goal, Curr: (-0.76,  1.13), (  1.40,  -1.15)   Error: 3.14
Last SG, Last State: ( -0.60,  -3.40), (  1.40,  -1.09)  SG Improvement:1.06134 

Goal, Curr: (-0.83,  1.09), (  1.40,  -1.16)   Error: 3.16
Last SG, Last State: ( -0.60,  -3.40), (  1.40,  -1.09)  SG Improvement:1.03641 

episode:00900, mean:-1.23, std:0.27, median:-1.18, success:0.00
Log radii:  [ 1.2809782   1.1088359  -0.9340147  -0.12516356 -1.2241591   1.2415679 ]
Adjusted log radii:  [2.47097802 2.29883575 2.35598516 0.46483648 1.16584098 1.83156776]
Goal, Curr: (-1.04,  1.09), (  1.40,  -0.99)   Error: 3.21
Last SG, Last State: ( -0.60,  -2.98), (  1.40,  -1.15)  SG Improvement:1.55125 

Goal, Curr: (-0.89,  1.01), (  1.40,  -0.85)   Error: 2.95
Last SG, Last State: ( -0.60,  -2.89), (  1.40,  -1.04)  SG Improvement:1.59222 

Goal, Curr: (-1.18,  0.95), (  1.40,  -1.40)   Error: 3.48
Last SG, Last State: ( -0.60,  -3.40), (  1.40,  -1.40)  SG Improvement:-0.00005 

Goal, Curr: (-1.24,  1.12), (  1.40,  -1.40)   Error: 3.64
Last SG, Last State: ( -0.60,  -3.40), (  1.40,  -1.40)  SG Improvement:-0.00013 

Goal, Curr: (-0.81,  0.85), (  1.40,  -0.88)   Error: 2.80
Last SG, Last State: ( -0.60,  -2.92), (  1.40,  -0.72)  SG Improvement:1.41443 

Goal, Curr: (-1.15,  0.77), (  1.40,  -0.89)   Error: 3.04
Last SG, Last State: ( -0.60,  -2.89), (  1.40,  -1.06)  SG Improvement:1.56666 

Goal, Curr: (-1.11,  1.16), (  1.40,  -1.15)   Error: 3.41
Last SG, Last State: ( -0.60,  -3.17), (  1.40,  -1.33)  SG Improvement:1.58247 

Goal, Curr: (-0.97,  1.22), (  1.40,  -1.40)   Error: 3.53
Last SG, Last State: ( -0.60,  -3.40), (  1.40,  -1.40)  SG Improvement:-0.00007 

Goal, Curr: (-1.06,  0.95), (  1.40,  -1.40)   Error: 3.40
Last SG, Last State: ( -0.60,  -3.40), (  1.40,  -1.40)  SG Improvement:-0.00067 

Goal, Curr: (-0.84,  0.97), (  1.40,  -1.40)   Error: 3.26
Last SG, Last State: ( -0.60,  -3.40), (  1.40,  -1.40)  SG Improvement:-0.01856 

episode:01000, mean:-1.26, std:0.22, median:-1.29, success:0.00
Goal, Curr: (-1.03,  0.84), (  1.40,  -1.29)   Error: 3.23
Last SG, Last State: ( -0.60,  -3.31), (  1.40,  -1.18)  SG Improvement:1.49940 

Goal, Curr: (-0.81,  0.94), (  1.40,  -1.40)   Error: 3.22
Last SG, Last State: ( -0.60,  -3.40), (  1.40,  -1.40)  SG Improvement:0.00205 

Goal, Curr: (-0.97,  0.87), (  1.40,  -1.40)   Error: 3.28
Last SG, Last State: ( -0.60,  -3.29), (  1.40,  -1.40)  SG Improvement:-0.60922 

Goal, Curr: (-0.97,  1.11), (  1.40,  -1.40)   Error: 3.45
Last SG, Last State: ( -0.60,  -3.40), (  1.40,  -1.40)  SG Improvement:-0.00267 

Goal, Curr: (-0.76,  0.95), (  1.40,  -1.40)   Error: 3.19
Last SG, Last State: ( -0.60,  -3.40), (  1.40,  -1.40)  SG Improvement:-0.00030 

Goal, Curr: (-0.86,  1.15), (  1.40,  -1.40)   Error: 3.40
Last SG, Last State: ( -0.60,  -3.40), (  1.40,  -1.40)  SG Improvement:0.01204 

Goal, Curr: (-1.14,  0.95), (  1.40,  -1.40)   Error: 3.46
Last SG, Last State: ( -0.60,  -3.40), (  1.40,  -1.40)  SG Improvement:0.08180 

Goal, Curr: (-1.20,  1.11), (  1.40,  -1.40)   Error: 3.61
Last SG, Last State: ( -0.60,  -3.40), (  1.40,  -1.40)  SG Improvement:0.00022 

Goal, Curr: (-1.16,  1.07), (  1.40,  -1.40)   Error: 3.56
Last SG, Last State: ( -0.60,  -3.40), (  1.40,  -1.40)  SG Improvement:0.04357 

Goal, Curr: (-1.04,  1.06), (  1.40,  -1.40)   Error: 3.47
Last SG, Last State: ( -0.60,  -3.25), (  1.40,  -1.40)  SG Improvement:-0.58041 

episode:01100, mean:-1.32, std:0.21, median:-1.24, success:0.00
Goal, Curr: (-1.08,  1.15), (  1.40,  -1.40)   Error: 3.56
Last SG, Last State: ( -0.60,  -3.40), (  1.40,  -1.40)  SG Improvement:0.00016 

Goal, Curr: (-1.00,  1.24), (  1.40,  -1.40)   Error: 3.57
Last SG, Last State: ( -0.60,  -3.40), (  1.40,  -1.40)  SG Improvement:0.00000 

Goal, Curr: (-0.92,  1.00), (  1.40,  -1.40)   Error: 3.34
Last SG, Last State: ( -0.60,  -3.40), (  1.40,  -1.40)  SG Improvement:0.00000 

Goal, Curr: (-0.77,  0.90), (  1.40,  -1.40)   Error: 3.16
Last SG, Last State: ( -0.60,  -3.40), (  1.40,  -1.40)  SG Improvement:0.00000 

Goal, Curr: (-0.98,  1.20), (  1.40,  -1.40)   Error: 3.53
Last SG, Last State: ( -0.60,  -3.40), (  1.40,  -1.40)  SG Improvement:0.00000 

Goal, Curr: (-1.01,  0.83), (  1.40,  -1.40)   Error: 3.28
Last SG, Last State: ( -0.60,  -3.40), (  1.40,  -1.40)  SG Improvement:-0.00000 

Goal, Curr: (-0.91,  0.90), (  1.40,  -1.40)   Error: 3.25
Last SG, Last State: ( -0.60,  -3.40), (  1.40,  -1.40)  SG Improvement:0.00005 

Goal, Curr: (-0.96,  1.09), (  0.68,  -1.40)   Error: 2.99
Last SG, Last State: ( -2.09,  -3.40), (  0.29,  -1.40)  SG Improvement:0.41452 

Goal, Curr: (-0.96,  1.05), (  1.40,  -1.40)   Error: 3.40
Last SG, Last State: ( -0.60,  -3.40), (  1.40,  -1.40)  SG Improvement:-0.00000 

Goal, Curr: (-1.17,  1.20), (  1.40,  -1.40)   Error: 3.65
Last SG, Last State: ( -0.60,  -3.25), (  1.40,  -1.40)  SG Improvement:0.78998 

episode:01200, mean:-1.32, std:0.24, median:-1.25, success:0.00
Log radii:  [ 1.3862944   0.99626994 -1.0830889  -1.3862944  -1.3444117   1.0388284 ]
Adjusted log radii:  [2.27629423 2.48626971 2.20691109 1.9037056  1.6455884  1.92882824]
Goal, Curr: (-1.25,  1.24), (  1.40,  -1.40)   Error: 3.74
Last SG, Last State: ( -0.60,  -3.40), (  1.40,  -1.40)  SG Improvement:0.00023 

Goal, Curr: (-0.88,  0.99), (  1.40,  -1.40)   Error: 3.30
Last SG, Last State: ( -0.60,  -3.40), (  1.40,  -1.40)  SG Improvement:-0.00001 

Goal, Curr: (-0.82,  0.91), (  1.40,  -1.40)   Error: 3.21
Last SG, Last State: ( -0.60,  -3.40), (  1.40,  -1.40)  SG Improvement:-0.00002 

Goal, Curr: (-1.14,  0.84), (  1.40,  -1.40)   Error: 3.39
Last SG, Last State: ( -0.60,  -3.40), (  1.40,  -1.40)  SG Improvement:-0.00063 

Goal, Curr: (-1.22,  0.84), (  1.40,  -1.40)   Error: 3.45
Last SG, Last State: ( -0.60,  -3.40), (  1.40,  -1.40)  SG Improvement:-0.00006 

Goal, Curr: (-1.06,  0.81), (  1.40,  -1.40)   Error: 3.30
Last SG, Last State: ( -0.60,  -3.40), (  1.40,  -1.40)  SG Improvement:-1.11921 

Goal, Curr: (-0.79,  1.08), (  1.40,  -1.40)   Error: 3.30
Last SG, Last State: ( -0.60,  -3.40), (  1.40,  -1.40)  SG Improvement:-0.00012 

Goal, Curr: (-0.76,  1.02), (  1.40,  -1.40)   Error: 3.25
Last SG, Last State: ( -0.60,  -3.40), (  1.40,  -1.40)  SG Improvement:-0.00016 

Goal, Curr: (-1.09,  0.90), (  1.40,  -1.40)   Error: 3.38
Last SG, Last State: ( -0.60,  -3.40), (  1.40,  -1.40)  SG Improvement:-0.00001 

Goal, Curr: (-1.07,  0.81), (  1.40,  -1.40)   Error: 3.31
Last SG, Last State: ( -0.60,  -3.40), (  1.40,  -1.40)  SG Improvement:-0.00044 

episode:01300, mean:-1.50, std:0.24, median:-1.63, success:0.00
Goal, Curr: (-1.21,  0.78), (  1.40,  -0.98)   Error: 3.15
Last SG, Last State: ( -0.68,  -2.67), (  1.40,  -0.69)  SG Improvement:-2.35736 

Goal, Curr: (-0.93,  1.00), (  1.40,  -1.20)   Error: 3.21
Last SG, Last State: ( -0.60,  -3.00), (  1.40,  -1.36)  SG Improvement:0.34756 

Goal, Curr: (-1.08,  1.23), (  1.40,  -0.86)   Error: 3.25
Last SG, Last State: ( -0.79,  -3.40), (  1.12,  -1.07)  SG Improvement:4.09762 

Goal, Curr: (-1.00,  1.05), (  1.40,  -1.40)   Error: 3.42
Last SG, Last State: ( -0.60,  -3.40), (  1.40,  -1.40)  SG Improvement:0.03614 

Goal, Curr: (-1.16,  0.81), (  1.40,  -1.40)   Error: 3.38
Last SG, Last State: ( -0.60,  -3.40), (  1.40,  -1.40)  SG Improvement:0.00102 

Goal, Curr: (-1.22,  0.98), (  1.40,  -1.40)   Error: 3.54
Last SG, Last State: ( -0.60,  -3.40), (  1.40,  -1.40)  SG Improvement:-0.00521 

Goal, Curr: (-0.82,  0.94), (  1.40,  -1.41)   Error: 3.23
Last SG, Last State: ( -0.60,  -3.15), (  1.40,  -1.13)  SG Improvement:1.12872 

Goal, Curr: (-1.23,  0.88), (  1.40,  -1.40)   Error: 3.48
Last SG, Last State: ( -0.60,  -3.40), (  1.40,  -1.40)  SG Improvement:0.00723 

Goal, Curr: (-1.24,  0.85), (  1.40,  -1.40)   Error: 3.47
Last SG, Last State: ( -0.60,  -2.92), (  1.40,  -1.11)  SG Improvement:1.39650 

Goal, Curr: (-0.89,  1.11), (  1.40,  -1.40)   Error: 3.39
Last SG, Last State: ( -0.60,  -3.23), (  1.40,  -1.40)  SG Improvement:-0.85371 

episode:01400, mean:-1.35, std:0.22, median:-1.44, success:0.00
Goal, Curr: (-1.19,  1.24), (  1.40,  -1.40)   Error: 3.70
Last SG, Last State: ( -0.60,  -3.40), (  1.40,  -1.40)  SG Improvement:-0.00000 

Goal, Curr: (-0.97,  1.11), (  1.40,  -1.40)   Error: 3.45
Last SG, Last State: ( -0.60,  -3.40), (  1.40,  -1.40)  SG Improvement:0.00000 

Goal, Curr: (-1.03,  1.09), (  1.40,  -1.40)   Error: 3.47
Last SG, Last State: ( -0.60,  -3.40), (  1.40,  -1.40)  SG Improvement:0.00000 

Goal, Curr: (-1.16,  1.19), (  1.40,  -1.40)   Error: 3.64
Last SG, Last State: ( -0.60,  -3.40), (  1.40,  -1.40)  SG Improvement:0.00002 

Goal, Curr: (-0.94,  1.23), (  1.40,  -1.40)   Error: 3.52
Last SG, Last State: ( -0.60,  -3.40), (  1.40,  -1.40)  SG Improvement:0.00000 

Goal, Curr: (-0.99,  0.93), (  1.40,  -1.40)   Error: 3.33
Last SG, Last State: ( -0.60,  -3.40), (  1.40,  -1.40)  SG Improvement:0.00002 

Goal, Curr: (-0.85,  0.80), (  1.40,  -1.40)   Error: 3.15
Last SG, Last State: ( -0.60,  -3.40), (  1.40,  -1.40)  SG Improvement:0.00038 

Goal, Curr: (-0.94,  1.17), (  1.40,  -1.40)   Error: 3.48
Last SG, Last State: ( -0.60,  -3.40), (  1.40,  -1.40)  SG Improvement:0.00000 

Goal, Curr: (-0.91,  1.21), (  1.40,  -1.40)   Error: 3.48
Last SG, Last State: ( -0.60,  -3.40), (  1.40,  -1.40)  SG Improvement:0.00000 

Goal, Curr: (-1.01,  0.80), (  1.40,  -1.40)   Error: 3.26
Last SG, Last State: ( -0.60,  -3.40), (  1.40,  -1.40)  SG Improvement:0.00000 

episode:01500, mean:-1.37, std:0.17, median:-1.33, success:0.00
Log radii:  [ 1.3862944  1.3862944 -1.3862944 -1.3862944 -1.3862944  1.3862944]
Adjusted log radii:  [ 1.37629437  1.97629428  2.20370555  2.5037055  -0.19629438  1.67629433]
Goal, Curr: (-1.00,  1.19), ( -1.40,  -1.40)   Error: 2.62
Last SG, Last State: ( -3.40,  -3.40), ( -1.40,  -1.40)  SG Improvement:0.00000 

Goal, Curr: (-0.92,  1.19), ( -1.40,  -1.40)   Error: 2.63
Last SG, Last State: ( -3.40,  -3.40), ( -1.40,  -1.40)  SG Improvement:0.00000 

Goal, Curr: (-1.19,  0.77), ( -1.40,  -1.40)   Error: 2.18
Last SG, Last State: ( -3.40,  -3.40), ( -1.40,  -1.40)  SG Improvement:-0.00000 

Goal, Curr: (-1.20,  1.03), ( -1.40,  -1.40)   Error: 2.44
Last SG, Last State: ( -3.40,  -3.40), ( -1.40,  -1.40)  SG Improvement:-0.00000 

Goal, Curr: (-0.99,  0.76), ( -1.40,  -1.40)   Error: 2.19
Last SG, Last State: ( -3.40,  -3.40), ( -1.40,  -1.40)  SG Improvement:-0.00000 

Goal, Curr: (-0.77,  1.22), ( -1.40,  -1.40)   Error: 2.69
Last SG, Last State: ( -3.40,  -3.40), ( -1.40,  -1.40)  SG Improvement:-0.00001 

Goal, Curr: (-1.13,  0.93), ( -1.40,  -1.40)   Error: 2.35
Last SG, Last State: ( -3.40,  -3.40), ( -1.40,  -1.40)  SG Improvement:-0.00000 

Goal, Curr: (-0.91,  0.82), ( -1.40,  -1.40)   Error: 2.27
Last SG, Last State: ( -3.40,  -3.40), ( -1.40,  -1.40)  SG Improvement:0.00004 

Goal, Curr: (-0.81,  1.23), ( -1.40,  -1.40)   Error: 2.70
Last SG, Last State: ( -3.40,  -3.40), ( -1.40,  -1.40)  SG Improvement:0.00000 

Goal, Curr: (-1.06,  1.09), ( -1.40,  -1.40)   Error: 2.51
Last SG, Last State: ( -3.40,  -3.40), ( -1.40,  -1.40)  SG Improvement:-0.00000 

episode:01600, mean:-0.57, std:0.07, median:-0.58, success:0.00
Goal, Curr: (-1.03,  0.75), (  1.40,  -1.40)   Error: 3.24
Last SG, Last State: ( -0.60,  -3.40), (  1.40,  -1.40)  SG Improvement:-0.00387 

Goal, Curr: (-1.23,  1.16), (  1.40,  -1.40)   Error: 3.67
Last SG, Last State: ( -0.60,  -3.40), (  1.40,  -1.40)  SG Improvement:-0.00094 

Goal, Curr: (-0.76,  1.11), (  1.40,  -1.40)   Error: 3.31
Last SG, Last State: ( -0.60,  -3.40), (  1.40,  -1.40)  SG Improvement:-0.01276 

Goal, Curr: (-0.80,  0.86), (  1.40,  -1.40)   Error: 3.15
Last SG, Last State: ( -0.60,  -3.40), (  1.40,  -1.40)  SG Improvement:-0.01116 

Goal, Curr: (-0.91,  1.21), (  1.40,  -1.40)   Error: 3.48
Last SG, Last State: ( -0.60,  -3.40), (  1.40,  -1.40)  SG Improvement:-0.00055 

Goal, Curr: (-1.13,  0.94), (  1.40,  -1.40)   Error: 3.44
Last SG, Last State: ( -0.60,  -3.40), (  1.40,  -1.40)  SG Improvement:-0.00447 

Goal, Curr: (-0.86,  0.80), (  1.40,  -1.40)   Error: 3.16
Last SG, Last State: ( -0.60,  -3.40), (  1.40,  -1.40)  SG Improvement:-0.00043 

Goal, Curr: (-1.05,  1.14), (  1.40,  -1.40)   Error: 3.53
Last SG, Last State: ( -0.60,  -3.40), (  1.40,  -1.40)  SG Improvement:-0.00803 

Goal, Curr: (-0.84,  0.94), (  1.40,  -1.40)   Error: 3.24
Last SG, Last State: ( -0.60,  -3.40), (  1.40,  -1.40)  SG Improvement:-0.00214 

Goal, Curr: (-0.98,  0.96), (  1.40,  -1.40)   Error: 3.35
Last SG, Last State: ( -0.60,  -3.40), (  1.40,  -1.40)  SG Improvement:-0.01044 

episode:01700, mean:-1.32, std:0.17, median:-1.29, success:0.00
Goal, Curr: (-1.20,  0.85), (  1.40,  -1.40)   Error: 3.44
Last SG, Last State: ( -0.60,  -3.40), (  1.40,  -1.40)  SG Improvement:-0.00000 

Goal, Curr: (-1.02,  0.99), (  1.40,  -1.40)   Error: 3.41
Last SG, Last State: ( -0.60,  -3.40), (  1.40,  -1.40)  SG Improvement:-0.00004 

Goal, Curr: (-1.12,  0.97), (  1.40,  -1.40)   Error: 3.46
Last SG, Last State: ( -0.60,  -3.40), (  1.40,  -1.40)  SG Improvement:-0.00003 

Goal, Curr: (-1.13,  1.12), (  1.40,  -1.40)   Error: 3.57
Last SG, Last State: ( -0.60,  -3.40), (  1.40,  -1.40)  SG Improvement:-0.00001 

Goal, Curr: (-1.03,  1.17), (  1.40,  -1.40)   Error: 3.53
Last SG, Last State: ( -0.60,  -3.40), (  1.40,  -1.40)  SG Improvement:0.00000 

Goal, Curr: (-0.75,  0.93), (  1.40,  -1.40)   Error: 3.17
Last SG, Last State: ( -0.60,  -3.40), (  1.40,  -1.40)  SG Improvement:0.00001 

Goal, Curr: (-0.88,  0.78), (  1.40,  -1.40)   Error: 3.15
Last SG, Last State: ( -0.60,  -3.40), (  1.40,  -1.40)  SG Improvement:0.00004 

Goal, Curr: (-0.93,  0.75), (  1.40,  -1.40)   Error: 3.17
Last SG, Last State: ( -0.60,  -3.40), (  1.40,  -1.40)  SG Improvement:0.00000 

Goal, Curr: (-0.90,  1.20), (  1.40,  -1.40)   Error: 3.47
Last SG, Last State: ( -0.60,  -3.40), (  1.40,  -1.40)  SG Improvement:-0.00003 

Goal, Curr: (-1.14,  0.81), (  1.40,  -1.40)   Error: 3.37
Last SG, Last State: ( -0.60,  -3.40), (  1.40,  -1.40)  SG Improvement:-0.00003 

episode:01800, mean:-1.40, std:0.17, median:-1.42, success:0.00
Goal, Curr: (-1.20,  0.88), ( -1.29,  -1.40)   Error: 2.28
Last SG, Last State: ( -3.28,  -3.40), ( -1.30,  -1.40)  SG Improvement:0.19781 

Goal, Curr: (-1.02,  0.81), (  1.40,  -1.40)   Error: 3.27
Last SG, Last State: ( -0.60,  -3.40), (  1.40,  -1.40)  SG Improvement:0.00000 

Goal, Curr: (-0.99,  1.20), (  1.40,  -1.40)   Error: 3.53
Last SG, Last State: ( -0.60,  -3.40), (  1.40,  -1.40)  SG Improvement:0.00000 

Goal, Curr: (-0.84,  0.83), (  1.40,  -1.40)   Error: 3.16
Last SG, Last State: ( -0.60,  -3.40), (  1.40,  -1.40)  SG Improvement:0.00000 

Goal, Curr: (-1.17,  0.83), (  1.40,  -1.40)   Error: 3.40
Last SG, Last State: ( -0.60,  -3.40), (  1.40,  -1.40)  SG Improvement:0.00000 

Goal, Curr: (-0.84,  0.78), (  1.40,  -1.40)   Error: 3.12
Last SG, Last State: ( -0.60,  -3.40), (  1.40,  -1.40)  SG Improvement:0.00000 

Goal, Curr: (-1.04,  1.16), (  1.40,  -1.40)   Error: 3.53
Last SG, Last State: ( -0.60,  -3.40), (  1.40,  -1.40)  SG Improvement:0.00000 

Goal, Curr: (-1.06,  0.94), (  1.40,  -1.40)   Error: 3.39
Last SG, Last State: ( -0.60,  -3.40), (  1.40,  -1.40)  SG Improvement:0.00000 

Goal, Curr: (-1.02,  0.79), (  1.40,  -1.40)   Error: 3.26
Last SG, Last State: ( -0.60,  -3.40), (  1.40,  -1.40)  SG Improvement:0.00000 

Goal, Curr: (-0.76,  0.97), (  1.40,  -1.40)   Error: 3.20
Last SG, Last State: ( -0.60,  -3.40), (  1.40,  -1.40)  SG Improvement:0.00000 

episode:01900, mean:-1.35, std:0.30, median:-1.47, success:0.00
Goal, Curr: (-1.13,  1.19), (  1.40,  -1.40)   Error: 3.62
Last SG, Last State: ( -0.60,  -3.40), (  1.40,  -1.40)  SG Improvement:0.00001 

Goal, Curr: (-0.92,  0.76), (  1.40,  -1.40)   Error: 3.17
Last SG, Last State: ( -0.60,  -3.40), (  1.40,  -1.40)  SG Improvement:0.00001 

Goal, Curr: (-1.25,  1.11), (  1.40,  -1.40)   Error: 3.65
Last SG, Last State: ( -0.60,  -3.40), (  1.40,  -1.40)  SG Improvement:0.00002 

Goal, Curr: (-0.92,  0.88), (  1.40,  -1.40)   Error: 3.25
Last SG, Last State: ( -0.60,  -3.40), (  1.40,  -1.40)  SG Improvement:0.00014 

Goal, Curr: (-1.12,  1.03), (  1.40,  -1.40)   Error: 3.49
Last SG, Last State: ( -0.60,  -3.40), (  1.40,  -1.40)  SG Improvement:0.00003 

Goal, Curr: (-1.03,  1.08), (  1.40,  -1.40)   Error: 3.47
Last SG, Last State: ( -0.60,  -3.40), (  1.40,  -1.40)  SG Improvement:-0.00002 

Goal, Curr: (-1.06,  1.14), (  1.40,  -1.40)   Error: 3.54
Last SG, Last State: ( -0.60,  -3.40), (  1.40,  -1.40)  SG Improvement:0.00001 

Goal, Curr: (-1.19,  0.92), (  1.40,  -1.40)   Error: 3.47
Last SG, Last State: ( -0.60,  -3.40), (  1.40,  -1.40)  SG Improvement:0.00003 

Goal, Curr: (-1.14,  0.96), (  1.40,  -1.40)   Error: 3.47
Last SG, Last State: ( -0.60,  -3.40), (  1.40,  -1.40)  SG Improvement:-0.00000 

Goal, Curr: (-1.18,  0.78), (  1.40,  -1.40)   Error: 3.37
Last SG, Last State: ( -0.60,  -3.40), (  1.40,  -1.40)  SG Improvement:0.00003 

episode:02000, mean:-1.49, std:0.17, median:-1.52, success:0.00
Log radii:  [ 0.24686933  0.7844241  -0.606245   -1.2156768  -1.01439     1.3046385 ]
Adjusted log radii:  [2.33686924 2.57442403 2.38375497 0.27432328 0.77561009 1.89463854]
Goal, Curr: (-1.01,  0.80), (  1.40,  -1.40)   Error: 3.27
Last SG, Last State: ( -0.60,  -3.40), (  1.40,  -1.40)  SG Improvement:-0.00001 

Goal, Curr: (-0.80,  0.95), (  1.40,  -1.40)   Error: 3.22
Last SG, Last State: ( -0.60,  -3.40), (  1.40,  -1.40)  SG Improvement:-0.00000 

Goal, Curr: (-0.92,  0.76), (  1.40,  -1.40)   Error: 3.16
Last SG, Last State: ( -0.60,  -3.40), (  1.40,  -1.40)  SG Improvement:-0.00000 

Goal, Curr: (-1.02,  0.88), (  1.40,  -1.40)   Error: 3.32
Last SG, Last State: ( -0.60,  -3.40), (  1.40,  -1.40)  SG Improvement:-0.00000 

Goal, Curr: (-0.84,  0.87), (  1.40,  -1.40)   Error: 3.19
Last SG, Last State: ( -0.60,  -3.40), (  1.40,  -1.40)  SG Improvement:-0.00000 

Goal, Curr: (-1.01,  0.96), (  1.40,  -1.40)   Error: 3.37
Last SG, Last State: ( -0.60,  -3.40), (  1.40,  -1.40)  SG Improvement:-0.00000 

Goal, Curr: (-1.14,  0.99), (  1.40,  -1.40)   Error: 3.49
Last SG, Last State: ( -0.60,  -3.40), (  1.40,  -1.40)  SG Improvement:-0.00000 

Goal, Curr: (-0.99,  1.22), (  1.40,  -1.40)   Error: 3.54
Last SG, Last State: ( -0.60,  -3.40), (  1.40,  -1.40)  SG Improvement:-0.00000 

Goal, Curr: (-1.15,  0.89), (  1.40,  -1.40)   Error: 3.42
Last SG, Last State: ( -0.60,  -3.40), (  1.40,  -1.40)  SG Improvement:-0.00000 

Goal, Curr: (-0.76,  1.13), (  1.40,  -1.40)   Error: 3.32
Last SG, Last State: ( -0.60,  -3.40), (  1.40,  -1.40)  SG Improvement:-0.00000 

episode:02100, mean:-1.38, std:0.16, median:-1.38, success:0.00
Goal, Curr: (-0.86,  1.16), (  1.40,  -1.40)   Error: 3.42
Last SG, Last State: ( -0.60,  -3.40), (  1.40,  -1.40)  SG Improvement:-0.00000 

Goal, Curr: (-0.89,  0.87), (  1.40,  -1.40)   Error: 3.22
Last SG, Last State: ( -0.60,  -3.40), (  1.40,  -1.40)  SG Improvement:0.00000 

Goal, Curr: (-0.91,  1.22), (  1.40,  -1.40)   Error: 3.49
Last SG, Last State: ( -0.60,  -3.40), (  1.40,  -1.40)  SG Improvement:0.00000 

Goal, Curr: (-1.19,  1.21), (  1.40,  -1.40)   Error: 3.68
Last SG, Last State: ( -0.60,  -3.40), (  1.40,  -1.40)  SG Improvement:0.00000 

Goal, Curr: (-1.22,  0.95), (  1.40,  -1.40)   Error: 3.52
Last SG, Last State: ( -0.60,  -3.40), (  1.40,  -1.40)  SG Improvement:0.00000 

Goal, Curr: (-0.95,  1.23), (  1.40,  -1.40)   Error: 3.52
Last SG, Last State: ( -0.60,  -3.40), (  1.40,  -1.40)  SG Improvement:0.00000 

Goal, Curr: (-0.99,  1.10), (  1.40,  -1.40)   Error: 3.46
Last SG, Last State: ( -0.60,  -3.40), (  1.40,  -1.40)  SG Improvement:-0.00000 

Goal, Curr: (-1.06,  1.03), (  1.40,  -1.40)   Error: 3.46
Last SG, Last State: ( -0.60,  -3.40), (  1.40,  -1.40)  SG Improvement:0.00000 

Goal, Curr: (-1.23,  0.79), (  1.40,  -1.40)   Error: 3.42
Last SG, Last State: ( -0.60,  -3.40), (  1.40,  -1.40)  SG Improvement:-0.00000 

Goal, Curr: (-1.00,  1.25), (  1.40,  -1.40)   Error: 3.57
Last SG, Last State: ( -0.60,  -3.40), (  1.40,  -1.40)  SG Improvement:0.00000 

episode:02200, mean:-1.42, std:0.21, median:-1.42, success:0.00
Goal, Curr: (-0.93,  0.79), (  1.40,  -1.40)   Error: 3.19
Last SG, Last State: ( -0.60,  -3.40), (  1.40,  -1.40)  SG Improvement:-0.00000 

Goal, Curr: (-0.79,  1.21), (  1.40,  -1.40)   Error: 3.41
Last SG, Last State: ( -0.60,  -3.40), (  1.40,  -1.40)  SG Improvement:-0.00000 

Goal, Curr: (-1.09,  0.79), (  1.40,  -1.40)   Error: 3.31
Last SG, Last State: ( -0.60,  -3.40), (  1.40,  -1.40)  SG Improvement:0.00000 

Goal, Curr: (-0.79,  1.16), (  1.40,  -1.40)   Error: 3.37
Last SG, Last State: ( -0.60,  -3.40), (  1.40,  -1.40)  SG Improvement:0.00000 

Goal, Curr: (-0.80,  1.02), (  1.40,  -1.40)   Error: 3.27
Last SG, Last State: ( -0.60,  -3.40), (  1.40,  -1.40)  SG Improvement:0.00000 

Goal, Curr: (-1.14,  1.17), (  1.40,  -1.40)   Error: 3.61
Last SG, Last State: ( -0.60,  -3.40), (  1.40,  -1.40)  SG Improvement:-0.00000 

Goal, Curr: (-0.90,  0.97), (  1.40,  -1.40)   Error: 3.30
Last SG, Last State: ( -0.60,  -3.40), (  1.40,  -1.40)  SG Improvement:0.00000 

Goal, Curr: (-0.93,  0.78), (  1.40,  -1.40)   Error: 3.19
Last SG, Last State: ( -0.60,  -3.40), (  1.40,  -1.40)  SG Improvement:0.00000 

Goal, Curr: (-0.86,  1.07), (  1.40,  -1.40)   Error: 3.34
Last SG, Last State: ( -0.60,  -3.40), (  1.40,  -1.40)  SG Improvement:0.00000 

Goal, Curr: (-1.24,  0.79), (  1.40,  -1.40)   Error: 3.43
Last SG, Last State: ( -0.60,  -3.40), (  1.40,  -1.40)  SG Improvement:-0.00000 

episode:02300, mean:-1.33, std:0.17, median:-1.37, success:0.00
Goal, Curr: (-0.89,  1.15), (  1.40,  -1.40)   Error: 3.42
Last SG, Last State: ( -0.60,  -3.40), (  1.40,  -1.40)  SG Improvement:0.00002 

Goal, Curr: (-0.77,  1.11), (  1.40,  -1.40)   Error: 3.31
Last SG, Last State: ( -0.60,  -3.40), (  1.40,  -1.40)  SG Improvement:0.00001 

Goal, Curr: (-1.10,  1.24), (  1.40,  -1.40)   Error: 3.63
Last SG, Last State: ( -0.60,  -3.40), (  1.40,  -1.40)  SG Improvement:0.00001 

Goal, Curr: (-0.84,  0.95), (  1.40,  -1.40)   Error: 3.24
Last SG, Last State: ( -0.60,  -3.40), (  1.40,  -1.40)  SG Improvement:0.00001 

Goal, Curr: (-1.08,  1.18), (  1.40,  -1.40)   Error: 3.58
Last SG, Last State: ( -0.60,  -3.40), (  1.40,  -1.40)  SG Improvement:0.00001 

Goal, Curr: (-0.78,  0.90), (  1.40,  -1.40)   Error: 3.16
Last SG, Last State: ( -0.60,  -3.40), (  1.40,  -1.40)  SG Improvement:0.00002 

Goal, Curr: (-1.01,  0.78), (  1.40,  -1.40)   Error: 3.25
Last SG, Last State: ( -0.60,  -3.40), (  1.40,  -1.40)  SG Improvement:0.00000 

Goal, Curr: (-0.81,  0.78), (  1.40,  -1.40)   Error: 3.10
Last SG, Last State: ( -0.60,  -3.40), (  1.40,  -1.40)  SG Improvement:0.00002 

Goal, Curr: (-1.02,  0.88), (  1.40,  -1.40)   Error: 3.33
Last SG, Last State: ( -0.60,  -3.40), (  1.40,  -1.40)  SG Improvement:0.00000 

Goal, Curr: (-0.80,  0.93), (  1.40,  -1.40)   Error: 3.21
Last SG, Last State: ( -0.60,  -3.40), (  1.40,  -1.40)  SG Improvement:0.00000 

episode:02400, mean:-1.36, std:0.19, median:-1.41, success:0.00
Goal, Curr: (-1.15,  0.92), (  1.40,  -1.40)   Error: 3.44
Last SG, Last State: ( -0.60,  -3.40), (  1.40,  -1.40)  SG Improvement:0.00000 

Goal, Curr: (-1.11,  0.76), (  1.40,  -1.40)   Error: 3.31
Last SG, Last State: ( -0.60,  -3.40), (  1.40,  -1.40)  SG Improvement:0.00000 

Goal, Curr: (-0.84,  0.96), (  1.40,  -1.40)   Error: 3.25
Last SG, Last State: ( -0.60,  -3.40), (  1.40,  -1.40)  SG Improvement:0.00001 

Goal, Curr: (-1.02,  1.11), (  1.40,  -1.40)   Error: 3.48
Last SG, Last State: ( -0.60,  -3.40), (  1.40,  -1.40)  SG Improvement:0.00000 

Goal, Curr: (-1.25,  1.17), (  1.40,  -1.40)   Error: 3.68
Last SG, Last State: ( -0.60,  -3.40), (  1.40,  -1.40)  SG Improvement:0.00000 

Goal, Curr: (-1.15,  1.06), (  1.40,  -1.40)   Error: 3.54
Last SG, Last State: ( -0.60,  -3.40), (  1.40,  -1.40)  SG Improvement:0.00000 

Goal, Curr: (-0.80,  1.18), (  1.40,  -1.40)   Error: 3.39
Last SG, Last State: ( -0.60,  -3.40), (  1.40,  -1.40)  SG Improvement:0.00000 

Goal, Curr: (-0.94,  0.97), (  1.40,  -1.40)   Error: 3.33
Last SG, Last State: ( -0.60,  -3.40), (  1.40,  -1.40)  SG Improvement:0.00000 

Goal, Curr: (-0.92,  1.17), (  1.40,  -1.40)   Error: 3.47
Last SG, Last State: ( -0.60,  -3.40), (  1.40,  -1.40)  SG Improvement:0.00000 

Goal, Curr: (-1.02,  1.21), (  1.40,  -1.40)   Error: 3.56
Last SG, Last State: ( -0.60,  -3.40), (  1.40,  -1.40)  SG Improvement:0.00000 

episode:02500, mean:-1.46, std:0.17, median:-1.52, success:0.00
Goal, Curr: (-0.88,  1.08), (  1.40,  -1.40)   Error: 3.37
Last SG, Last State: ( -0.60,  -3.40), (  1.40,  -1.40)  SG Improvement:0.00003 

Goal, Curr: (-0.97,  1.02), (  1.40,  -1.40)   Error: 3.38
Last SG, Last State: ( -0.60,  -3.40), (  1.40,  -1.40)  SG Improvement:0.00004 

Goal, Curr: (-0.91,  1.02), (  1.40,  -1.40)   Error: 3.34
Last SG, Last State: ( -0.60,  -3.40), (  1.40,  -1.40)  SG Improvement:0.00003 

Goal, Curr: (-1.19,  0.92), (  1.40,  -1.40)   Error: 3.47
Last SG, Last State: ( -0.60,  -3.40), (  1.40,  -1.40)  SG Improvement:0.00003 

Goal, Curr: (-0.96,  1.21), (  1.40,  -1.40)   Error: 3.52
Last SG, Last State: ( -0.60,  -3.40), (  1.40,  -1.40)  SG Improvement:0.00003 

Goal, Curr: (-1.16,  1.00), (  1.40,  -1.40)   Error: 3.51
Last SG, Last State: ( -0.60,  -3.40), (  1.40,  -1.40)  SG Improvement:0.00008 

Goal, Curr: (-1.13,  1.13), (  1.40,  -1.40)   Error: 3.58
Last SG, Last State: ( -0.60,  -3.40), (  1.40,  -1.40)  SG Improvement:0.00002 

Goal, Curr: (-0.90,  1.14), (  1.40,  -1.40)   Error: 3.43
Last SG, Last State: ( -0.60,  -3.40), (  1.40,  -1.40)  SG Improvement:0.00003 

Goal, Curr: (-0.81,  0.76), (  1.40,  -1.40)   Error: 3.09
Last SG, Last State: ( -0.60,  -3.40), (  1.40,  -1.40)  SG Improvement:0.00003 

Goal, Curr: (-0.85,  1.20), (  1.40,  -1.40)   Error: 3.44
Last SG, Last State: ( -0.60,  -3.40), (  1.40,  -1.40)  SG Improvement:0.00003 

episode:02600, mean:-1.34, std:0.10, median:-1.32, success:0.00
Goal, Curr: (-1.05,  0.76), (  1.40,  -1.40)   Error: 3.27
Last SG, Last State: ( -0.60,  -3.40), (  1.40,  -1.40)  SG Improvement:0.00000 

Goal, Curr: (-0.93,  0.81), (  1.40,  -1.40)   Error: 3.21
Last SG, Last State: ( -0.60,  -3.40), (  1.40,  -1.40)  SG Improvement:0.00000 

Goal, Curr: (-1.06,  1.13), (  1.40,  -1.40)   Error: 3.52
Last SG, Last State: ( -0.60,  -3.40), (  1.40,  -1.40)  SG Improvement:0.00000 

Goal, Curr: (-1.05,  0.91), (  1.40,  -1.40)   Error: 3.36
Last SG, Last State: ( -0.60,  -3.40), (  1.40,  -1.40)  SG Improvement:-0.00000 

Goal, Curr: (-1.09,  0.93), (  1.40,  -1.40)   Error: 3.41
Last SG, Last State: ( -0.60,  -3.40), (  1.40,  -1.40)  SG Improvement:-0.00000 

Goal, Curr: (-0.82,  1.18), (  1.40,  -1.40)   Error: 3.40
Last SG, Last State: ( -0.60,  -3.40), (  1.40,  -1.40)  SG Improvement:0.00000 

Goal, Curr: (-1.11,  1.07), (  1.40,  -1.40)   Error: 3.52
Last SG, Last State: ( -0.60,  -3.40), (  1.40,  -1.40)  SG Improvement:0.00000 

Goal, Curr: (-1.06,  1.04), (  1.40,  -1.40)   Error: 3.46
Last SG, Last State: ( -0.60,  -3.40), (  1.40,  -1.40)  SG Improvement:-0.00000 

Goal, Curr: (-0.84,  0.87), (  1.40,  -1.40)   Error: 3.19
Last SG, Last State: ( -0.60,  -3.40), (  1.40,  -1.40)  SG Improvement:-0.00000 

Goal, Curr: (-1.14,  0.97), (  1.40,  -1.40)   Error: 3.47
Last SG, Last State: ( -0.60,  -3.40), (  1.40,  -1.40)  SG Improvement:0.00000 

episode:02700, mean:-1.38, std:0.16, median:-1.32, success:0.00
Log radii:  [-0.45708764  1.1456711  -1.3862944  -1.3862944  -1.045921    0.5108928 ]
Adjusted log radii:  [1.93291235 2.33567095 1.00370574 1.9037056  1.04407907 0.50089282]
Goal, Curr: (-0.93,  0.85), (  1.40,  -1.40)   Error: 3.24
Last SG, Last State: ( -0.60,  -3.40), (  1.40,  -1.40)  SG Improvement:-0.00000 

Goal, Curr: (-0.88,  0.78), (  1.40,  -1.40)   Error: 3.15
Last SG, Last State: ( -0.60,  -3.40), (  1.40,  -1.40)  SG Improvement:-0.00000 

Goal, Curr: (-1.19,  1.19), (  1.40,  -1.40)   Error: 3.66
Last SG, Last State: ( -0.60,  -3.40), (  1.40,  -1.40)  SG Improvement:-0.00000 

Goal, Curr: (-0.87,  1.15), (  1.40,  -1.40)   Error: 3.41
Last SG, Last State: ( -0.60,  -3.40), (  1.40,  -1.40)  SG Improvement:-0.00000 

Goal, Curr: (-0.95,  1.07), (  1.40,  -1.40)   Error: 3.40
Last SG, Last State: ( -0.60,  -3.40), (  1.40,  -1.40)  SG Improvement:-0.00000 

Goal, Curr: (-0.88,  0.77), (  1.40,  -1.40)   Error: 3.15
Last SG, Last State: ( -0.60,  -3.40), (  1.40,  -1.40)  SG Improvement:-0.00000 

Goal, Curr: (-1.22,  1.17), (  1.40,  -1.40)   Error: 3.66
Last SG, Last State: ( -0.60,  -3.40), (  1.40,  -1.40)  SG Improvement:-0.00000 

Goal, Curr: (-0.86,  0.89), (  1.40,  -1.40)   Error: 3.22
Last SG, Last State: ( -0.60,  -3.40), (  1.40,  -1.40)  SG Improvement:-0.00000 

Goal, Curr: (-0.76,  0.96), (  1.40,  -1.40)   Error: 3.20
Last SG, Last State: ( -0.60,  -3.40), (  1.40,  -1.40)  SG Improvement:-0.00000 

Goal, Curr: (-1.08,  0.91), (  1.40,  -1.40)   Error: 3.39
Last SG, Last State: ( -0.60,  -3.40), (  1.40,  -1.40)  SG Improvement:-0.00000 

episode:02800, mean:-1.38, std:0.16, median:-1.39, success:0.00
Goal, Curr: (-1.11,  1.05), (  1.40,  -1.40)   Error: 3.50
Last SG, Last State: ( -0.60,  -3.40), (  1.40,  -1.40)  SG Improvement:-0.00081 

Goal, Curr: (-0.75,  0.77), (  1.40,  -1.40)   Error: 3.06
Last SG, Last State: ( -0.60,  -3.40), (  1.40,  -1.40)  SG Improvement:-0.00083 

Goal, Curr: (-1.17,  1.21), (  1.40,  -1.40)   Error: 3.66
Last SG, Last State: ( -0.60,  -3.40), (  1.40,  -1.40)  SG Improvement:-0.00083 

Goal, Curr: (-1.06,  0.91), (  1.40,  -1.40)   Error: 3.37
Last SG, Last State: ( -0.60,  -3.40), (  1.40,  -1.40)  SG Improvement:-0.00083 

Goal, Curr: (-1.00,  1.02), (  1.40,  -1.40)   Error: 3.40
Last SG, Last State: ( -0.60,  -3.40), (  1.40,  -1.40)  SG Improvement:-0.00085 

Goal, Curr: (-1.21,  0.85), (  1.40,  -1.40)   Error: 3.44
Last SG, Last State: ( -0.60,  -3.40), (  1.40,  -1.40)  SG Improvement:-0.00085 

Goal, Curr: (-0.84,  0.83), (  1.40,  -1.40)   Error: 3.16
Last SG, Last State: ( -0.60,  -3.40), (  1.40,  -1.40)  SG Improvement:-0.00085 

Goal, Curr: (-0.98,  1.01), (  1.40,  -1.40)   Error: 3.39
Last SG, Last State: ( -0.60,  -3.40), (  1.40,  -1.40)  SG Improvement:-0.00081 

Goal, Curr: (-0.92,  1.07), (  1.40,  -1.40)   Error: 3.39
Last SG, Last State: ( -0.60,  -3.40), (  1.40,  -1.40)  SG Improvement:-0.00080 

Goal, Curr: (-0.95,  0.96), (  1.40,  -1.40)   Error: 3.33
Last SG, Last State: ( -0.60,  -3.40), (  1.40,  -1.40)  SG Improvement:-0.00083 

episode:02900, mean:-1.42, std:0.17, median:-1.44, success:0.00
Goal, Curr: (-0.75,  0.84), (  1.40,  -1.40)   Error: 3.10
Last SG, Last State: ( -0.60,  -3.40), (  1.40,  -1.40)  SG Improvement:-0.00001 

Goal, Curr: (-0.90,  0.84), (  1.40,  -1.40)   Error: 3.21
Last SG, Last State: ( -0.60,  -3.40), (  1.40,  -1.40)  SG Improvement:-0.00001 

Goal, Curr: (-1.23,  1.08), (  1.40,  -1.40)   Error: 3.61
Last SG, Last State: ( -0.60,  -3.40), (  1.40,  -1.40)  SG Improvement:-0.00000 

Goal, Curr: (-0.98,  1.13), (  1.40,  -1.40)   Error: 3.47
Last SG, Last State: ( -0.60,  -3.40), (  1.40,  -1.40)  SG Improvement:-0.00000 

Goal, Curr: (-1.09,  1.19), (  1.40,  -1.40)   Error: 3.59
Last SG, Last State: ( -0.60,  -3.40), (  1.40,  -1.40)  SG Improvement:-0.00000 

Goal, Curr: (-0.99,  0.99), (  1.40,  -1.40)   Error: 3.38
Last SG, Last State: ( -0.60,  -3.40), (  1.40,  -1.40)  SG Improvement:-0.00001 

Goal, Curr: (-1.10,  1.03), (  1.40,  -1.40)   Error: 3.48
Last SG, Last State: ( -0.60,  -3.40), (  1.40,  -1.40)  SG Improvement:-0.00001 

Goal, Curr: (-1.04,  1.13), (  1.40,  -1.40)   Error: 3.51
Last SG, Last State: ( -0.60,  -3.40), (  1.40,  -1.40)  SG Improvement:-0.00001 

Goal, Curr: (-1.18,  1.23), (  1.40,  -1.40)   Error: 3.69
Last SG, Last State: ( -0.60,  -3.40), (  1.40,  -1.40)  SG Improvement:-0.00000 

Goal, Curr: (-1.14,  1.17), (  1.40,  -1.40)   Error: 3.62
Last SG, Last State: ( -0.60,  -3.40), (  1.40,  -1.40)  SG Improvement:-0.00000 

episode:03000, mean:-1.42, std:0.17, median:-1.39, success:0.00
