Using device: cpu
gc-4.0-sss
Log radii:  [-1.3862944  1.3862944  1.3862944 -1.3862944  1.3862944 -1.3862944]
Adjusted log radii:  [2.5037055  2.57629418 2.27629423 1.00370574 1.97629428 1.60370564]
Goal, Curr: (-0.77,  0.76), ( -1.40,  -0.60)   Error: 1.50
Last SG, Last State: ( -3.25,  -2.61), ( -1.40,  -0.60)  SG Improvement:-0.50966 

Goal, Curr: (-0.88,  0.87), ( -1.40,  -0.60)   Error: 1.56
Last SG, Last State: ( -3.38,  -2.62), ( -1.40,  -0.62)  SG Improvement:0.07513 

Goal, Curr: (-0.79,  0.84), ( -1.40,  -0.60)   Error: 1.56
Last SG, Last State: ( -3.24,  -2.63), ( -1.40,  -0.60)  SG Improvement:-0.12140 

Goal, Curr: (-1.10,  0.76), ( -1.40,  -0.62)   Error: 1.41
Last SG, Last State: ( -3.39,  -2.64), ( -1.40,  -0.65)  SG Improvement:0.08145 

Goal, Curr: (-0.85,  1.03), ( -1.40,  -0.67)   Error: 1.78
Last SG, Last State: ( -3.24,  -2.69), ( -1.40,  -0.66)  SG Improvement:-0.15242 

Goal, Curr: (-0.80,  1.19), ( -1.40,  -0.63)   Error: 1.92
Last SG, Last State: ( -3.38,  -2.67), ( -1.40,  -0.67)  SG Improvement:0.05264 

Goal, Curr: (-0.93,  1.13), ( -1.40,  -0.65)   Error: 1.84
Last SG, Last State: ( -3.39,  -2.67), ( -1.40,  -0.68)  SG Improvement:0.08495 

Goal, Curr: (-0.98,  0.77), ( -1.40,  -0.61)   Error: 1.45
Last SG, Last State: ( -3.38,  -2.63), ( -1.40,  -0.64)  SG Improvement:0.08066 

Goal, Curr: (-0.96,  0.88), ( -1.40,  -0.64)   Error: 1.58
Last SG, Last State: ( -3.22,  -2.66), ( -1.40,  -0.63)  SG Improvement:-0.14622 

Goal, Curr: (-0.82,  1.00), ( -1.40,  -0.60)   Error: 1.70
Last SG, Last State: ( -3.36,  -2.60), ( -1.40,  -0.60)  SG Improvement:-0.21219 

episode:00100, mean:0.33, std:0.13, median:0.36, success:0.00
Goal, Curr: (-0.91,  0.91), ( -1.40,  -0.76)   Error: 1.74
Last SG, Last State: ( -2.83,  -2.71), ( -1.39,  -0.72)  SG Improvement:0.08017 

Goal, Curr: (-0.83,  0.80), ( -0.91,  -1.04)   Error: 1.84
Last SG, Last State: ( -0.05,  -3.04), ( -0.91,  -1.04)  SG Improvement:-0.00001 

Goal, Curr: (-0.97,  1.22), ( -1.34,  -0.66)   Error: 1.91
Last SG, Last State: ( -0.48,  -2.66), ( -1.34,  -0.66)  SG Improvement:-0.00025 

Goal, Curr: (-1.15,  0.89), ( -1.40,  -0.62)   Error: 1.53
Last SG, Last State: ( -1.62,  -2.61), ( -1.40,  -0.60)  SG Improvement:0.03463 

Goal, Curr: (-1.07,  0.78), ( -1.40,  -0.83)   Error: 1.64
Last SG, Last State: ( -1.43,  -2.80), ( -1.40,  -0.82)  SG Improvement:0.01154 

Goal, Curr: (-1.13,  1.08), ( -1.40,  -0.92)   Error: 2.02
Last SG, Last State: ( -2.65,  -2.88), ( -1.38,  -0.89)  SG Improvement:0.08085 

Goal, Curr: (-1.15,  0.77), ( -1.40,  -0.60)   Error: 1.39
Last SG, Last State: ( -0.45,  -2.70), ( -1.40,  -0.61)  SG Improvement:0.05068 

Goal, Curr: (-1.11,  0.77), ( -1.40,  -0.83)   Error: 1.63
Last SG, Last State: ( -3.14,  -2.79), ( -1.38,  -0.80)  SG Improvement:0.08516 

Goal, Curr: (-1.05,  0.76), ( -1.40,  -0.84)   Error: 1.64
Last SG, Last State: ( -1.44,  -2.82), ( -1.40,  -0.84)  SG Improvement:0.00771 

Goal, Curr: (-1.09,  0.87), ( -1.36,  -0.72)   Error: 1.61
Last SG, Last State: ( -0.60,  -2.72), ( -1.36,  -0.72)  SG Improvement:0.00005 

episode:00200, mean:0.23, std:0.13, median:0.20, success:0.00
Goal, Curr: (-0.96,  0.98), ( -0.71,  -0.71)   Error: 1.71
Last SG, Last State: ( -2.73,  -2.60), ( -0.69,  -0.60)  SG Improvement:-0.00348 

Goal, Curr: (-0.84,  0.97), ( -0.97,  -0.91)   Error: 1.88
Last SG, Last State: ( -2.68,  -2.72), ( -0.83,  -0.79)  SG Improvement:0.50118 

Goal, Curr: (-1.14,  0.84), ( -0.96,  -0.78)   Error: 1.63
Last SG, Last State: (  0.30,  -2.73), ( -0.96,  -0.84)  SG Improvement:-0.25809 

Goal, Curr: (-1.07,  0.98), ( -1.30,  -0.60)   Error: 1.59
Last SG, Last State: ( -3.31,  -2.60), ( -1.30,  -0.60)  SG Improvement:-0.00113 

Goal, Curr: (-0.84,  1.15), ( -0.75,  -0.60)   Error: 1.75
Last SG, Last State: ( -2.83,  -2.60), ( -0.79,  -0.60)  SG Improvement:-0.00076 

Goal, Curr: (-0.93,  1.00), ( -0.99,  -0.59)   Error: 1.59
Last SG, Last State: ( -2.99,  -2.90), ( -0.98,  -0.79)  SG Improvement:-0.33287 

Goal, Curr: (-0.82,  1.21), ( -0.78,  -0.60)   Error: 1.81
Last SG, Last State: ( -2.85,  -2.60), ( -0.82,  -0.60)  SG Improvement:-0.00038 

Goal, Curr: (-1.08,  0.95), ( -1.23,  -0.60)   Error: 1.56
Last SG, Last State: ( -3.25,  -2.60), ( -1.24,  -0.60)  SG Improvement:-0.00692 

Goal, Curr: (-1.12,  1.08), ( -0.66,  -0.66)   Error: 1.79
Last SG, Last State: (  1.20,  -2.60), ( -0.66,  -0.60)  SG Improvement:0.04002 

Goal, Curr: (-1.24,  1.16), ( -1.18,  -0.60)   Error: 1.76
Last SG, Last State: ( -3.21,  -2.60), ( -1.20,  -0.60)  SG Improvement:-0.00060 

episode:00300, mean:0.33, std:0.21, median:0.33, success:0.00
Goal, Curr: (-1.06,  1.03), (  1.40,  -1.08)   Error: 3.24
Last SG, Last State: (  3.40,  -3.08), (  1.40,  -1.09)  SG Improvement:-0.00976 

Goal, Curr: (-1.01,  1.16), (  1.17,  -1.09)   Error: 3.13
Last SG, Last State: (  3.17,  -3.09), (  1.17,  -1.09)  SG Improvement:0.01618 

Goal, Curr: (-0.98,  0.90), (  1.08,  -1.12)   Error: 2.89
Last SG, Last State: (  3.08,  -3.13), (  1.08,  -1.12)  SG Improvement:-0.00015 

Goal, Curr: (-1.14,  1.17), ( -0.18,  -0.62)   Error: 2.03
Last SG, Last State: (  1.82,  -2.62), ( -0.18,  -0.62)  SG Improvement:-0.00000 

Goal, Curr: (-1.11,  1.13), (  1.38,  -1.35)   Error: 3.51
Last SG, Last State: (  3.40,  -3.38), (  1.38,  -1.34)  SG Improvement:-0.09249 

Goal, Curr: (-0.92,  0.80), ( -0.18,  -0.63)   Error: 1.61
Last SG, Last State: (  1.82,  -2.63), ( -0.18,  -0.63)  SG Improvement:0.00020 

Goal, Curr: (-0.90,  1.03), (  1.24,  -1.34)   Error: 3.19
Last SG, Last State: (  3.24,  -3.34), (  1.24,  -1.34)  SG Improvement:-0.00086 

Goal, Curr: (-1.01,  1.16), (  1.19,  -1.22)   Error: 3.24
Last SG, Last State: (  3.19,  -3.22), (  1.19,  -1.22)  SG Improvement:0.00006 

Goal, Curr: (-0.94,  0.87), (  1.03,  -0.91)   Error: 2.65
Last SG, Last State: (  3.02,  -2.91), (  1.02,  -0.92)  SG Improvement:0.00728 

Goal, Curr: (-1.18,  0.96), (  1.40,  -1.09)   Error: 3.29
Last SG, Last State: (  3.40,  -3.09), (  1.40,  -1.09)  SG Improvement:-0.00278 

episode:00400, mean:-0.86, std:0.58, median:-0.95, success:0.00
Goal, Curr: (-1.23,  0.77), (  0.41,  -1.40)   Error: 2.73
Last SG, Last State: (  2.34,  -3.40), (  0.38,  -1.40)  SG Improvement:0.03801 

Goal, Curr: (-0.75,  0.96), (  0.48,  -1.40)   Error: 2.66
Last SG, Last State: (  2.42,  -3.40), (  0.44,  -1.40)  SG Improvement:0.04633 

Goal, Curr: (-0.95,  1.12), (  0.54,  -1.40)   Error: 2.93
Last SG, Last State: (  2.47,  -3.40), (  0.51,  -1.40)  SG Improvement:0.03570 

Goal, Curr: (-1.17,  1.20), ( -0.28,  -1.40)   Error: 2.75
Last SG, Last State: (  2.04,  -3.40), ( -0.12,  -1.40)  SG Improvement:-0.15183 

Goal, Curr: (-1.24,  0.90), (  0.24,  -1.40)   Error: 2.74
Last SG, Last State: (  2.50,  -3.40), (  0.38,  -1.40)  SG Improvement:-0.08905 

Goal, Curr: (-1.13,  0.83), (  0.62,  -1.40)   Error: 2.83
Last SG, Last State: (  2.62,  -3.40), (  0.62,  -1.40)  SG Improvement:-0.00444 

Goal, Curr: (-1.23,  0.78), (  0.33,  -1.40)   Error: 2.68
Last SG, Last State: (  2.55,  -3.40), (  0.45,  -1.40)  SG Improvement:-0.08130 

Goal, Curr: (-1.15,  0.78), ( -0.18,  -1.40)   Error: 2.38
Last SG, Last State: (  2.14,  -3.40), ( -0.02,  -1.40)  SG Improvement:-0.12690 

Goal, Curr: (-0.85,  1.21), ( -0.24,  -1.40)   Error: 2.68
Last SG, Last State: (  2.08,  -3.40), ( -0.08,  -1.40)  SG Improvement:-0.13782 

Goal, Curr: (-1.21,  1.09), (  0.41,  -1.40)   Error: 2.98
Last SG, Last State: (  2.34,  -3.40), (  0.38,  -1.40)  SG Improvement:0.03838 

episode:00500, mean:-0.71, std:0.22, median:-0.71, success:0.00
Goal, Curr: (-1.16,  0.77), (  1.14,  -1.40)   Error: 3.16
Last SG, Last State: (  3.09,  -3.40), (  1.09,  -1.40)  SG Improvement:0.03985 

Goal, Curr: (-1.24,  1.20), (  1.12,  -1.40)   Error: 3.51
Last SG, Last State: (  3.06,  -3.40), (  1.09,  -1.40)  SG Improvement:0.01932 

Goal, Curr: (-0.80,  0.99), ( -1.32,  -0.64)   Error: 1.72
Last SG, Last State: (  0.66,  -2.64), ( -1.33,  -0.64)  SG Improvement:0.00208 

Goal, Curr: (-0.79,  0.94), (  1.23,  -1.40)   Error: 3.09
Last SG, Last State: (  3.15,  -3.40), (  1.18,  -1.40)  SG Improvement:0.05276 

Goal, Curr: (-1.11,  0.96), (  1.25,  -1.40)   Error: 3.34
Last SG, Last State: (  3.18,  -3.40), (  1.23,  -1.40)  SG Improvement:0.05340 

Goal, Curr: (-1.06,  1.03), (  1.21,  -1.40)   Error: 3.32
Last SG, Last State: (  3.15,  -3.40), (  1.18,  -1.40)  SG Improvement:0.01612 

Goal, Curr: (-0.83,  0.77), (  1.13,  -1.40)   Error: 2.92
Last SG, Last State: (  3.08,  -3.40), (  1.11,  -1.40)  SG Improvement:0.03240 

Goal, Curr: (-1.22,  1.22), (  1.23,  -1.40)   Error: 3.59
Last SG, Last State: (  3.17,  -3.40), (  1.19,  -1.40)  SG Improvement:0.04537 

Goal, Curr: (-1.01,  1.06), (  1.34,  -1.40)   Error: 3.40
Last SG, Last State: (  3.29,  -3.40), (  1.32,  -1.40)  SG Improvement:0.02233 

Goal, Curr: (-1.17,  1.04), (  1.26,  -1.40)   Error: 3.44
Last SG, Last State: (  3.21,  -3.40), (  1.24,  -1.40)  SG Improvement:0.01676 

episode:00600, mean:-1.10, std:0.57, median:-1.33, success:0.00
Goal, Curr: (-0.89,  1.12), (  0.20,  -1.40)   Error: 2.75
Last SG, Last State: (  2.20,  -3.40), (  0.20,  -1.40)  SG Improvement:0.00119 

Goal, Curr: (-0.99,  1.21), ( -0.01,  -1.40)   Error: 2.78
Last SG, Last State: (  1.89,  -3.40), ( -0.06,  -1.40)  SG Improvement:0.03946 

Goal, Curr: (-1.24,  1.20), ( -0.68,  -1.12)   Error: 2.39
Last SG, Last State: (  1.29,  -3.12), ( -0.69,  -1.12)  SG Improvement:-0.00171 

Goal, Curr: (-0.92,  1.20), ( -1.25,  -0.84)   Error: 2.06
Last SG, Last State: (  0.74,  -2.82), ( -1.26,  -0.83)  SG Improvement:0.00499 

Goal, Curr: (-1.24,  0.98), ( -1.08,  -1.11)   Error: 2.10
Last SG, Last State: (  0.91,  -3.11), ( -1.09,  -1.11)  SG Improvement:0.00365 

Goal, Curr: (-1.21,  0.80), ( -0.80,  -0.96)   Error: 1.80
Last SG, Last State: (  1.19,  -2.95), ( -0.81,  -0.95)  SG Improvement:0.00333 

Goal, Curr: (-1.13,  1.12), ( -0.73,  -0.94)   Error: 2.10
Last SG, Last State: (  1.25,  -2.93), ( -0.74,  -0.94)  SG Improvement:0.00314 

Goal, Curr: (-0.94,  0.78), ( -0.89,  -1.36)   Error: 2.14
Last SG, Last State: (  1.07,  -3.34), ( -0.91,  -1.35)  SG Improvement:-0.01371 

Goal, Curr: (-0.88,  0.76), ( -0.89,  -1.18)   Error: 1.94
Last SG, Last State: (  1.09,  -3.17), ( -0.90,  -1.17)  SG Improvement:0.00850 

Goal, Curr: (-0.99,  0.93), ( -0.88,  -1.16)   Error: 2.10
Last SG, Last State: (  1.10,  -3.15), ( -0.89,  -1.16)  SG Improvement:0.00449 

episode:00700, mean:-0.20, std:0.20, median:-0.12, success:0.00
Log radii:  [ 1.3862944  -1.3862944   1.3862944   1.3862944   0.36185443  1.3862944 ]
Adjusted log radii:  [2.27629423 2.20370555 1.37629437 1.37629437 1.55185437 1.37629437]
Goal, Curr: (-0.86,  1.00), ( -1.39,  -1.30)   Error: 2.36
Last SG, Last State: (  0.61,  -3.30), ( -1.39,  -1.30)  SG Improvement:0.00000 

Goal, Curr: (-1.00,  0.77), ( -1.39,  -0.92)   Error: 1.74
Last SG, Last State: (  0.61,  -2.92), ( -1.39,  -0.92)  SG Improvement:0.00036 

Goal, Curr: (-1.16,  1.13), ( -1.38,  -1.37)   Error: 2.52
Last SG, Last State: (  0.62,  -3.37), ( -1.38,  -1.37)  SG Improvement:0.00001 

Goal, Curr: (-1.15,  1.07), (  0.53,  -1.40)   Error: 2.99
Last SG, Last State: (  2.49,  -3.40), (  0.51,  -1.40)  SG Improvement:0.01476 

Goal, Curr: (-1.12,  0.76), ( -1.39,  -1.39)   Error: 2.16
Last SG, Last State: (  0.61,  -3.38), ( -1.39,  -1.39)  SG Improvement:0.00074 

Goal, Curr: (-0.82,  0.75), ( -1.39,  -1.36)   Error: 2.19
Last SG, Last State: (  0.61,  -3.36), ( -1.39,  -1.36)  SG Improvement:0.00004 

Goal, Curr: (-0.86,  1.02), ( -1.39,  -1.36)   Error: 2.44
Last SG, Last State: (  0.61,  -3.36), ( -1.39,  -1.36)  SG Improvement:0.00000 

Goal, Curr: (-0.97,  0.76), ( -1.40,  -1.38)   Error: 2.18
Last SG, Last State: (  0.60,  -3.38), ( -1.40,  -1.38)  SG Improvement:-0.00065 

Goal, Curr: (-1.07,  1.12), ( -1.40,  -1.36)   Error: 2.49
Last SG, Last State: (  0.60,  -3.36), ( -1.40,  -1.36)  SG Improvement:0.00026 

Goal, Curr: (-0.82,  0.88), ( -1.39,  -1.40)   Error: 2.35
Last SG, Last State: (  0.61,  -3.40), ( -1.39,  -1.40)  SG Improvement:-0.00001 

episode:00800, mean:-0.35, std:0.18, median:-0.31, success:0.00
Goal, Curr: (-0.79,  0.87), (  1.40,  -1.40)   Error: 3.15
Last SG, Last State: (  3.40,  -3.40), (  1.40,  -1.40)  SG Improvement:-0.00001 

Goal, Curr: (-0.94,  0.98), (  1.40,  -1.40)   Error: 3.33
Last SG, Last State: (  3.40,  -3.40), (  1.40,  -1.40)  SG Improvement:-0.00000 

Goal, Curr: (-1.07,  1.19), (  1.40,  -1.40)   Error: 3.58
Last SG, Last State: (  3.40,  -3.40), (  1.40,  -1.40)  SG Improvement:0.00000 

Goal, Curr: (-1.21,  0.78), (  1.40,  -1.40)   Error: 3.40
Last SG, Last State: (  3.40,  -3.40), (  1.40,  -1.40)  SG Improvement:0.00000 

Goal, Curr: (-0.78,  1.22), (  1.40,  -1.40)   Error: 3.41
Last SG, Last State: (  3.40,  -3.40), (  1.40,  -1.40)  SG Improvement:0.00000 

Goal, Curr: (-1.00,  0.75), (  1.40,  -1.40)   Error: 3.22
Last SG, Last State: (  3.40,  -3.40), (  1.40,  -1.40)  SG Improvement:0.00000 

Goal, Curr: (-1.18,  0.90), (  1.40,  -1.40)   Error: 3.45
Last SG, Last State: (  3.40,  -3.40), (  1.40,  -1.40)  SG Improvement:0.00000 

Goal, Curr: (-1.19,  1.22), (  1.40,  -1.40)   Error: 3.68
Last SG, Last State: (  3.40,  -3.40), (  1.40,  -1.40)  SG Improvement:-0.00000 

Goal, Curr: (-1.01,  1.22), (  1.40,  -1.40)   Error: 3.56
Last SG, Last State: (  3.40,  -3.40), (  1.40,  -1.40)  SG Improvement:0.00000 

Goal, Curr: (-1.13,  0.93), (  1.40,  -1.40)   Error: 3.44
Last SG, Last State: (  3.40,  -3.40), (  1.40,  -1.40)  SG Improvement:0.00000 

episode:00900, mean:-1.35, std:0.21, median:-1.38, success:0.00
Goal, Curr: (-0.99,  1.19), ( -1.36,  -1.40)   Error: 2.62
Last SG, Last State: (  0.67,  -3.40), ( -1.34,  -1.40)  SG Improvement:-0.00514 

Goal, Curr: (-1.22,  1.24), ( -1.32,  -1.40)   Error: 2.65
Last SG, Last State: (  0.63,  -3.40), ( -1.34,  -1.40)  SG Improvement:0.00591 

Goal, Curr: (-1.18,  1.09), ( -0.81,  -1.40)   Error: 2.52
Last SG, Last State: (  1.28,  -3.40), ( -0.76,  -1.40)  SG Improvement:0.14809 

Goal, Curr: (-1.01,  1.05), ( -1.37,  -1.40)   Error: 2.48
Last SG, Last State: (  0.61,  -3.40), ( -1.40,  -1.40)  SG Improvement:0.15485 

Goal, Curr: (-1.00,  0.97), ( -1.39,  -1.40)   Error: 2.40
Last SG, Last State: (  0.63,  -3.40), ( -1.38,  -1.40)  SG Improvement:-0.00305 

Goal, Curr: (-1.09,  1.23), ( -1.34,  -1.40)   Error: 2.64
Last SG, Last State: (  0.60,  -3.40), ( -1.37,  -1.40)  SG Improvement:-0.35597 

Goal, Curr: (-1.21,  0.86), ( -0.59,  -1.40)   Error: 2.34
Last SG, Last State: (  1.41,  -3.40), ( -0.62,  -1.40)  SG Improvement:0.24481 

Goal, Curr: (-0.94,  0.85), ( -1.40,  -1.40)   Error: 2.29
Last SG, Last State: (  0.62,  -3.40), ( -1.39,  -1.40)  SG Improvement:-0.00281 

Goal, Curr: (-0.85,  1.23), (  1.38,  -1.40)   Error: 3.44
Last SG, Last State: (  3.36,  -3.40), (  1.37,  -1.40)  SG Improvement:0.02089 

Goal, Curr: (-1.04,  1.01), ( -1.32,  -1.40)   Error: 2.42
Last SG, Last State: (  0.60,  -3.40), ( -1.36,  -1.40)  SG Improvement:-0.13852 

episode:01000, mean:-0.51, std:0.21, median:-0.45, success:0.00
