Using device: cpu
gc-8.0-noclip-nowall
Goal, Curr: (-1.05,  1.12), ( -1.07,   0.68)   Error: 0.44
Last SG, Last State: ( -3.23,  -0.11), ( -1.14,   0.46)  SG Improvement:-0.18831 

Goal, Curr: (-1.16,  1.14), ( -1.13,   0.70)   Error: 0.45
Last SG, Last State: ( -3.30,  -0.62), ( -1.28,   0.14)  SG Improvement:0.79109 

Goal, Curr: (-0.94,  0.96), ( -1.19,   0.60)   Error: 0.44
Last SG, Last State: ( -3.36,  -0.28), ( -1.23,   0.49)  SG Improvement:-0.35835 

Goal, Curr: (-0.93,  1.04), ( -1.02,   0.61)   Error: 0.44
Last SG, Last State: ( -3.14,  -0.13), ( -1.07,   0.44)  SG Improvement:-0.16896 

Goal, Curr: (-0.78,  0.85), ( -0.98,   0.46)   Error: 0.44
Last SG, Last State: ( -3.07,  -0.78), ( -1.09,  -0.09)  SG Improvement:1.53378 

Goal, Curr: (-1.10,  1.10), ( -0.98,   0.67)   Error: 0.44
Last SG, Last State: ( -3.14,  -0.36), ( -1.08,   0.32)  SG Improvement:-0.13740 

Goal, Curr: (-0.81,  1.12), ( -1.12,   0.81)   Error: 0.44
Last SG, Last State: ( -3.36,  -0.20), ( -1.22,   0.52)  SG Improvement:-0.37518 

Goal, Curr: (-1.12,  1.13), ( -1.05,   0.70)   Error: 0.43
Last SG, Last State: ( -3.17,   0.04), ( -1.06,   0.65)  SG Improvement:-0.20337 

Goal, Curr: (-0.77,  0.90), ( -1.00,   0.52)   Error: 0.44
Last SG, Last State: ( -3.16,  -0.53), ( -1.15,   0.14)  SG Improvement:1.81963 

Goal, Curr: (-1.01,  1.12), ( -0.93,   0.69)   Error: 0.44
Last SG, Last State: ( -3.06,  -0.18), ( -0.99,   0.47)  SG Improvement:-0.15524 

episode:00100, mean:-127.18, std:18.06, median:-128.72, success:1.00
Goal, Curr: (-1.20,  0.96), ( -0.17,   1.40)   Error: 1.12
Last SG, Last State: ( -0.92,   1.92), ( -0.21,   1.40)  SG Improvement:0.03845 

Goal, Curr: (-0.83,  0.92), ( -1.11,   0.58)   Error: 0.44
Last SG, Last State: ( -0.73,  -0.12), ( -1.20,   0.34)  SG Improvement:-1.15516 

Goal, Curr: (-0.92,  0.99), ( -0.98,   0.56)   Error: 0.44
Last SG, Last State: ( -0.50,  -0.22), ( -1.16,   0.28)  SG Improvement:0.01445 

Goal, Curr: (-1.06,  0.89), ( -1.12,   0.45)   Error: 0.44
Last SG, Last State: ( -0.52,  -0.31), ( -1.30,   0.18)  SG Improvement:0.00275 

Goal, Curr: (-0.75,  0.81), ( -0.80,   0.38)   Error: 0.43
Last SG, Last State: ( -0.46,  -0.17), ( -0.82,   0.30)  SG Improvement:-2.44222 

Goal, Curr: (-1.07,  0.75), ( -1.24,   0.36)   Error: 0.43
Last SG, Last State: ( -1.03,   1.00), ( -1.33,   0.16)  SG Improvement:-0.56507 

Goal, Curr: (-1.14,  1.06), ( -0.81,   0.76)   Error: 0.45
Last SG, Last State: ( -0.60,  -0.12), ( -0.95,   0.35)  SG Improvement:-3.06375 

Goal, Curr: (-1.10,  0.76), ( -1.05,   0.32)   Error: 0.44
Last SG, Last State: ( -0.47,  -0.55), ( -1.30,  -0.05)  SG Improvement:0.02499 

Goal, Curr: (-0.77,  1.10), ( -0.63,   0.68)   Error: 0.44
Last SG, Last State: ( -0.56,  -0.08), ( -0.69,   0.45)  SG Improvement:-2.54743 

Goal, Curr: (-1.05,  0.91), ( -1.20,   0.49)   Error: 0.45
Last SG, Last State: ( -1.07,   1.08), ( -1.32,   0.23)  SG Improvement:-0.47140 

episode:00200, mean:-128.23, std:65.03, median:-108.67, success:0.90
Goal, Curr: (-1.08,  0.78), ( -1.40,  -0.36)   Error: 1.19
Last SG, Last State: ( -1.55,   0.86), ( -1.40,  -0.41)  SG Improvement:0.00007 

Goal, Curr: (-0.90,  1.08), ( -1.40,  -0.16)   Error: 1.34
Last SG, Last State: ( -1.61,   1.03), ( -1.40,  -0.22)  SG Improvement:0.00010 

Goal, Curr: (-0.89,  0.84), ( -1.40,  -0.48)   Error: 1.42
Last SG, Last State: ( -1.59,   0.81), ( -1.40,  -0.53)  SG Improvement:-0.00001 

Goal, Curr: (-1.23,  0.88), ( -1.40,  -0.10)   Error: 0.99
Last SG, Last State: ( -1.60,   1.02), ( -1.40,  -0.15)  SG Improvement:0.00020 

Goal, Curr: (-1.17,  1.22), ( -1.40,   0.58)   Error: 0.68
Last SG, Last State: ( -1.56,   1.81), ( -1.40,   0.53)  SG Improvement:-0.10221 

Goal, Curr: (-1.04,  0.91), ( -1.40,  -0.30)   Error: 1.26
Last SG, Last State: ( -1.60,   0.91), ( -1.40,  -0.35)  SG Improvement:0.00009 

Goal, Curr: (-0.88,  1.00), ( -1.40,  -0.19)   Error: 1.30
Last SG, Last State: ( -1.57,   1.01), ( -1.40,  -0.25)  SG Improvement:0.00007 

Goal, Curr: (-1.15,  0.86), ( -1.40,  -0.52)   Error: 1.40
Last SG, Last State: ( -1.66,   0.73), ( -1.40,  -0.57)  SG Improvement:-0.00011 

Goal, Curr: (-1.23,  1.09), ( -1.40,  -0.22)   Error: 1.32
Last SG, Last State: ( -1.71,   0.96), ( -1.40,  -0.29)  SG Improvement:0.00019 

Goal, Curr: (-1.12,  1.17), ( -1.40,  -0.06)   Error: 1.25
Last SG, Last State: ( -1.68,   1.09), ( -1.40,  -0.12)  SG Improvement:0.00024 

episode:00300, mean:-458.44, std:40.40, median:-470.66, success:0.00
Goal, Curr: (-0.83,  0.76), ( -1.40,  -0.91)   Error: 1.76
Last SG, Last State: ( -0.41,   1.10), ( -1.40,  -0.90)  SG Improvement:-0.00004 

Goal, Curr: (-0.81,  1.11), ( -1.40,  -0.90)   Error: 2.09
Last SG, Last State: ( -0.51,   1.08), ( -1.40,  -0.91)  SG Improvement:-0.00026 

Goal, Curr: (-0.97,  0.99), ( -1.40,  -0.94)   Error: 1.97
Last SG, Last State: ( -0.48,   1.05), ( -1.40,  -0.95)  SG Improvement:0.00024 

Goal, Curr: (-1.10,  0.87), ( -1.40,  -0.79)   Error: 1.68
Last SG, Last State: ( -0.45,   1.20), ( -1.40,  -0.80)  SG Improvement:0.00004 

Goal, Curr: (-0.75,  1.13), ( -1.40,  -0.71)   Error: 1.95
Last SG, Last State: ( -0.51,   1.26), ( -1.40,  -0.73)  SG Improvement:0.00016 

Goal, Curr: (-1.20,  0.86), ( -1.40,  -0.86)   Error: 1.73
Last SG, Last State: ( -0.45,   1.13), ( -1.40,  -0.87)  SG Improvement:-0.00018 

Goal, Curr: (-1.04,  0.82), ( -1.40,  -0.98)   Error: 1.83
Last SG, Last State: ( -0.45,   1.02), ( -1.40,  -0.98)  SG Improvement:-0.00004 

Goal, Curr: (-1.21,  0.76), ( -1.40,  -0.87)   Error: 1.65
Last SG, Last State: ( -0.43,   1.12), ( -1.40,  -0.87)  SG Improvement:-0.00007 

Goal, Curr: (-1.04,  0.88), ( -1.40,  -1.18)   Error: 2.09
Last SG, Last State: ( -0.45,   0.81), ( -1.40,  -1.19)  SG Improvement:0.00005 

Goal, Curr: (-1.09,  1.16), ( -1.40,  -1.10)   Error: 2.28
Last SG, Last State: ( -0.56,   0.85), ( -1.40,  -1.12)  SG Improvement:0.00120 

episode:00400, mean:-575.69, std:67.32, median:-573.22, success:0.00
Log radii:  [ 0.31637162  2.0794415  -2.0412207  -2.0794415  -2.0794415  -1.6031559 ]
Adjusted log radii:  [1.5063717  2.0694416  0.6487793  1.2105584  1.2105584  0.48684412]
Goal, Curr: (-0.94,  1.24), ( -1.40,   1.40)   Error: 0.48
Last SG, Last State: ( -1.86,   3.36), ( -1.40,   1.40)  SG Improvement:-0.04744 

Goal, Curr: (-0.96,  0.91), ( -1.40,   0.82)   Error: 0.45
Last SG, Last State: ( -1.62,   2.52), ( -1.40,   0.73)  SG Improvement:1.27903 

Goal, Curr: (-1.10,  1.24), ( -1.40,   0.91)   Error: 0.45
Last SG, Last State: ( -1.42,   2.59), ( -1.40,   0.82)  SG Improvement:0.17872 

Goal, Curr: (-0.95,  0.98), ( -1.40,   0.93)   Error: 0.45
Last SG, Last State: ( -1.70,   2.68), ( -1.40,   0.88)  SG Improvement:0.03679 

Goal, Curr: (-0.87,  0.76), ( -1.40,   1.37)   Error: 0.80
Last SG, Last State: ( -1.80,   3.01), ( -1.40,   1.20)  SG Improvement:0.02995 

Goal, Curr: (-1.10,  0.92), ( -1.40,   0.58)   Error: 0.45
Last SG, Last State: ( -1.56,   2.24), ( -1.40,   0.48)  SG Improvement:0.07076 

Goal, Curr: (-0.78,  0.83), ( -1.40,   1.40)   Error: 0.85
Last SG, Last State: ( -1.84,   3.16), ( -1.40,   1.33)  SG Improvement:0.02839 

Goal, Curr: (-1.07,  0.81), ( -1.40,   0.51)   Error: 0.44
Last SG, Last State: ( -1.51,   2.14), ( -1.40,   0.37)  SG Improvement:0.06109 

Goal, Curr: (-0.81,  1.15), ( -1.40,   1.40)   Error: 0.64
Last SG, Last State: ( -1.75,   3.39), ( -1.40,   1.40)  SG Improvement:0.01726 

Goal, Curr: (-0.89,  1.07), ( -1.40,   1.40)   Error: 0.60
Last SG, Last State: ( -1.74,   3.39), ( -1.40,   1.40)  SG Improvement:0.03537 

episode:00500, mean:-213.17, std:52.74, median:-217.64, success:0.50
Log radii:  [ 2.0794415  2.0791707 -2.0794415  2.0794415  2.0794415 -1.8803692]
Adjusted log radii:  [ 2.0694416   2.0691707  -1.7894416   2.0694416   2.0694416  -0.09036923]
Goal, Curr: (-0.77,  1.09), ( -1.40,   1.33)   Error: 0.67
Last SG, Last State: ( -2.83,   2.27), ( -1.40,   1.40)  SG Improvement:0.43232 

Goal, Curr: (-0.93,  0.93), ( -0.85,   0.50)   Error: 0.43
Last SG, Last State: ( -0.37,   1.83), ( -0.86,   0.45)  SG Improvement:0.37156 

Goal, Curr: (-0.76,  0.76), ( -1.37,   1.30)   Error: 0.81
Last SG, Last State: ( -2.71,   1.68), ( -1.40,   1.40)  SG Improvement:0.11425 

Goal, Curr: (-1.16,  0.83), ( -1.40,   0.46)   Error: 0.44
Last SG, Last State: ( -1.13,   1.56), ( -1.25,   0.17)  SG Improvement:0.85460 

Goal, Curr: (-0.77,  1.02), ( -1.17,   0.85)   Error: 0.44
Last SG, Last State: ( -2.53,   1.87), ( -1.40,   0.37)  SG Improvement:0.55409 

Goal, Curr: (-0.86,  1.16), ( -1.40,   1.34)   Error: 0.57
Last SG, Last State: ( -2.40,   1.57), ( -1.40,   1.05)  SG Improvement:-0.22321 

Goal, Curr: (-1.20,  1.13), ( -1.32,   0.72)   Error: 0.43
Last SG, Last State: ( -2.63,   2.07), ( -1.40,   0.44)  SG Improvement:0.28051 

Goal, Curr: (-0.82,  1.12), ( -1.27,   1.10)   Error: 0.45
Last SG, Last State: ( -2.18,   1.72), ( -1.40,   1.09)  SG Improvement:0.06807 

Goal, Curr: (-0.77,  0.81), ( -1.40,   1.40)   Error: 0.86
Last SG, Last State: ( -2.81,   1.71), ( -1.40,   1.34)  SG Improvement:0.15824 

Goal, Curr: (-0.93,  1.05), ( -1.37,   1.02)   Error: 0.44
Last SG, Last State: ( -2.14,   1.81), ( -1.40,   1.03)  SG Improvement:0.09977 

episode:00600, mean:-194.55, std:64.08, median:-195.16, success:0.60
Goal, Curr: (-0.80,  1.19), ( -1.40,   0.38)   Error: 1.01
Last SG, Last State: ( -2.48,   0.93), ( -1.40,   0.38)  SG Improvement:-0.00146 

Goal, Curr: (-1.25,  0.95), ( -1.40,   0.33)   Error: 0.64
Last SG, Last State: ( -2.32,   0.51), ( -1.40,   0.33)  SG Improvement:0.00089 

Goal, Curr: (-0.89,  0.97), ( -1.40,   0.41)   Error: 0.76
Last SG, Last State: ( -2.29,   0.68), ( -1.40,   0.42)  SG Improvement:0.00595 

Goal, Curr: (-1.05,  1.12), ( -1.40,   0.33)   Error: 0.86
Last SG, Last State: ( -2.51,   0.85), ( -1.40,   0.33)  SG Improvement:0.00074 

Goal, Curr: (-1.03,  1.22), ( -1.40,   0.33)   Error: 0.97
Last SG, Last State: ( -2.53,   0.87), ( -1.40,   0.33)  SG Improvement:-0.00083 

Goal, Curr: (-0.91,  0.87), ( -1.40,   0.39)   Error: 0.69
Last SG, Last State: ( -2.43,   0.86), ( -1.40,   0.39)  SG Improvement:0.00108 

Goal, Curr: (-1.19,  1.24), ( -1.40,   0.29)   Error: 0.97
Last SG, Last State: ( -2.56,   0.83), ( -1.40,   0.29)  SG Improvement:0.00024 

Goal, Curr: (-0.83,  0.83), ( -1.40,   0.41)   Error: 0.71
Last SG, Last State: ( -2.41,   0.87), ( -1.40,   0.41)  SG Improvement:-0.00122 

Goal, Curr: (-1.05,  1.19), ( -1.40,   0.33)   Error: 0.93
Last SG, Last State: ( -2.53,   0.86), ( -1.40,   0.33)  SG Improvement:-0.00128 

Goal, Curr: (-0.82,  0.76), ( -1.40,   0.41)   Error: 0.67
Last SG, Last State: ( -2.40,   0.85), ( -1.40,   0.41)  SG Improvement:-0.00393 

episode:00700, mean:-295.44, std:48.86, median:-292.27, success:0.00
Goal, Curr: (-0.88,  0.82), ( -0.91,   0.38)   Error: 0.45
Last SG, Last State: ( -2.32,   1.55), ( -1.17,  -0.01)  SG Improvement:0.95334 

Goal, Curr: (-0.80,  1.22), ( -1.15,   0.95)   Error: 0.45
Last SG, Last State: ( -2.80,   2.34), ( -1.28,   0.73)  SG Improvement:0.67336 

Goal, Curr: (-0.76,  0.88), ( -0.76,   0.44)   Error: 0.44
Last SG, Last State: ( -2.45,   1.49), ( -1.07,   0.02)  SG Improvement:1.06099 

Goal, Curr: (-0.93,  1.09), ( -0.95,   0.64)   Error: 0.45
Last SG, Last State: (  0.66,   2.08), ( -0.83,   0.51)  SG Improvement:1.12897 

Goal, Curr: (-1.20,  0.95), ( -0.96,   0.58)   Error: 0.44
Last SG, Last State: (  0.78,   1.93), ( -0.73,   0.37)  SG Improvement:1.17491 

Goal, Curr: (-0.89,  0.97), ( -0.74,   0.55)   Error: 0.45
Last SG, Last State: (  0.82,   2.02), ( -0.69,   0.47)  SG Improvement:1.16655 

Goal, Curr: (-1.25,  0.78), ( -0.85,   0.59)   Error: 0.43
Last SG, Last State: (  0.78,   2.01), ( -0.72,   0.45)  SG Improvement:1.16544 

Goal, Curr: (-0.85,  0.88), ( -1.20,   0.61)   Error: 0.44
Last SG, Last State: ( -2.51,   2.15), ( -1.21,   0.54)  SG Improvement:0.81952 

Goal, Curr: (-1.11,  1.16), ( -1.26,   0.74)   Error: 0.45
Last SG, Last State: (  0.78,   1.86), ( -0.84,   0.38)  SG Improvement:1.40517 

Goal, Curr: (-0.84,  1.07), ( -1.25,   0.90)   Error: 0.44
Last SG, Last State: ( -2.73,   2.39), ( -1.33,   0.74)  SG Improvement:0.69107 

episode:00800, mean:-125.77, std:25.74, median:-119.59, success:1.00
Goal, Curr: (-0.97,  0.84), ( -1.37,   0.65)   Error: 0.45
Last SG, Last State: (  0.81,   2.35), ( -1.40,   0.57)  SG Improvement:-0.67871 

Goal, Curr: (-0.94,  1.03), ( -0.51,   0.95)   Error: 0.44
Last SG, Last State: (  0.11,   2.40), ( -0.49,   0.88)  SG Improvement:1.25756 

Goal, Curr: (-0.99,  1.18), ( -1.37,   0.96)   Error: 0.44
Last SG, Last State: (  0.97,   2.49), ( -1.40,   0.86)  SG Improvement:-1.47925 

Goal, Curr: (-0.86,  1.03), ( -0.66,   0.64)   Error: 0.44
Last SG, Last State: (  0.73,   2.11), ( -0.29,   0.53)  SG Improvement:1.14269 

Goal, Curr: (-1.20,  1.01), ( -1.27,   0.57)   Error: 0.45
Last SG, Last State: ( -2.44,   2.02), ( -1.00,   0.39)  SG Improvement:0.26489 

Goal, Curr: (-0.89,  1.23), ( -0.78,   0.80)   Error: 0.45
Last SG, Last State: ( -0.17,   2.28), ( -0.50,   0.70)  SG Improvement:1.08710 

Goal, Curr: (-1.10,  1.00), ( -0.76,   0.70)   Error: 0.45
Last SG, Last State: (  0.43,   2.14), ( -0.37,   0.59)  SG Improvement:1.23673 

Goal, Curr: (-1.23,  0.89), ( -0.88,   0.63)   Error: 0.44
Last SG, Last State: (  0.69,   2.27), ( -0.43,   0.55)  SG Improvement:0.75972 

Goal, Curr: (-0.84,  0.80), ( -0.87,   0.35)   Error: 0.45
Last SG, Last State: (  0.68,   1.80), ( -0.96,   0.25)  SG Improvement:1.62056 

Goal, Curr: (-1.21,  0.97), ( -1.30,   0.54)   Error: 0.44
Last SG, Last State: (  0.64,   2.40), ( -1.40,   0.34)  SG Improvement:-0.90904 

episode:00900, mean:-146.39, std:33.07, median:-132.79, success:1.00
Goal, Curr: (-1.17,  0.81), ( -0.95,   0.42)   Error: 0.45
Last SG, Last State: ( -0.21,   1.55), ( -0.61,   0.07)  SG Improvement:1.31329 

Goal, Curr: (-1.05,  1.23), ( -1.16,   0.81)   Error: 0.43
Last SG, Last State: ( -1.63,   2.11), ( -1.08,   0.47)  SG Improvement:0.46283 

Goal, Curr: (-0.78,  0.82), ( -1.07,   0.48)   Error: 0.44
Last SG, Last State: ( -1.37,   2.03), ( -1.07,   0.42)  SG Improvement:0.44022 

Goal, Curr: (-1.01,  0.95), ( -0.83,   0.54)   Error: 0.44
Last SG, Last State: ( -1.08,   1.89), ( -0.91,   0.35)  SG Improvement:0.64065 

Goal, Curr: (-0.93,  1.08), ( -0.51,   0.92)   Error: 0.45
Last SG, Last State: (  1.04,   2.42), ( -0.38,   0.82)  SG Improvement:0.92172 

Goal, Curr: (-1.03,  0.88), ( -1.06,   0.44)   Error: 0.44
Last SG, Last State: ( -1.51,   2.09), ( -1.05,   0.42)  SG Improvement:0.37169 

Goal, Curr: (-1.24,  0.93), ( -0.92,   0.62)   Error: 0.44
Last SG, Last State: ( -2.01,   1.42), ( -0.56,   0.56)  SG Improvement:1.15729 

Goal, Curr: (-1.22,  0.91), ( -0.96,   0.55)   Error: 0.44
Last SG, Last State: ( -1.18,   1.94), ( -1.01,   0.41)  SG Improvement:0.68436 

Goal, Curr: (-1.15,  0.80), ( -1.03,   0.37)   Error: 0.44
Last SG, Last State: (  0.16,   1.55), ( -0.59,   0.03)  SG Improvement:1.26538 

Goal, Curr: (-0.75,  1.09), ( -0.35,   0.88)   Error: 0.45
Last SG, Last State: (  1.07,   2.27), ( -0.28,   0.79)  SG Improvement:1.49976 

episode:01000, mean:-125.53, std:30.69, median:-119.40, success:1.00
Log radii:  [-2.0794415   2.0060604   2.0794415  -2.0794415   1.5583202  -0.47992605]
Adjusted log radii:  [0.01055836 1.9960604  2.0694416  0.9105584  1.5483202  0.11007398]
Goal, Curr: (-0.97,  0.89), ( -0.85,   0.46)   Error: 0.45
Last SG, Last State: ( -0.39,   1.60), ( -0.81,   0.17)  SG Improvement:1.59948 

Goal, Curr: (-1.18,  1.18), ( -0.91,   0.84)   Error: 0.44
Last SG, Last State: ( -0.02,   2.11), ( -0.73,   0.67)  SG Improvement:1.56704 

Goal, Curr: (-1.02,  0.86), ( -0.76,   0.51)   Error: 0.44
Last SG, Last State: (  0.03,   1.84), ( -0.76,   0.40)  SG Improvement:1.56586 

Goal, Curr: (-1.20,  1.24), ( -0.96,   0.87)   Error: 0.44
Last SG, Last State: ( -0.66,   2.15), ( -0.98,   0.72)  SG Improvement:1.59553 

Goal, Curr: (-0.98,  0.80), ( -0.78,   0.40)   Error: 0.45
Last SG, Last State: ( -0.89,   1.36), ( -0.92,  -0.06)  SG Improvement:1.60414 

Goal, Curr: (-0.77,  0.96), ( -0.73,   0.52)   Error: 0.45
Last SG, Last State: (  0.51,   1.79), ( -0.57,   0.36)  SG Improvement:1.57743 

Goal, Curr: (-1.00,  0.82), ( -0.85,   0.41)   Error: 0.43
Last SG, Last State: ( -1.36,   1.56), ( -0.81,   0.11)  SG Improvement:1.21558 

Goal, Curr: (-0.81,  1.18), ( -0.99,   0.77)   Error: 0.45
Last SG, Last State: ( -0.53,   1.64), ( -0.98,   0.21)  SG Improvement:1.60969 

Goal, Curr: (-1.17,  1.17), ( -0.86,   0.87)   Error: 0.44
Last SG, Last State: ( -0.57,   2.24), ( -0.85,   0.81)  SG Improvement:1.58613 

Goal, Curr: (-0.88,  0.98), ( -0.78,   0.55)   Error: 0.44
Last SG, Last State: (  0.06,   1.79), ( -0.81,   0.36)  SG Improvement:1.60466 

episode:01100, mean:-114.71, std:18.42, median:-116.56, success:1.00
Goal, Curr: (-1.00,  0.88), ( -0.80,   0.48)   Error: 0.45
Last SG, Last State: ( -1.13,   1.65), ( -0.80,   0.21)  SG Improvement:1.57265 

Goal, Curr: (-0.78,  0.80), ( -1.40,   1.40)   Error: 0.86
Last SG, Last State: ( -3.31,   2.43), ( -1.40,   1.40)  SG Improvement:-0.00113 

Goal, Curr: (-1.23,  1.01), ( -0.88,   0.76)   Error: 0.44
Last SG, Last State: ( -2.19,   2.08), ( -0.84,   0.65)  SG Improvement:1.60674 

Goal, Curr: (-1.00,  1.11), ( -1.33,   0.80)   Error: 0.45
Last SG, Last State: ( -2.85,   2.11), ( -1.26,   0.66)  SG Improvement:0.90375 

Goal, Curr: (-1.02,  1.01), ( -1.25,   0.65)   Error: 0.43
Last SG, Last State: ( -2.80,   2.00), ( -1.21,   0.52)  SG Improvement:0.92085 

Goal, Curr: (-0.90,  0.90), ( -1.18,   0.55)   Error: 0.45
Last SG, Last State: ( -2.73,   2.01), ( -1.16,   0.53)  SG Improvement:0.81766 

Goal, Curr: (-0.84,  0.77), ( -1.10,   0.41)   Error: 0.44
Last SG, Last State: ( -0.52,   1.74), ( -1.02,   0.29)  SG Improvement:1.53202 

Goal, Curr: (-1.22,  1.01), ( -1.27,   0.57)   Error: 0.44
Last SG, Last State: ( -2.81,   1.84), ( -1.23,   0.33)  SG Improvement:1.22039 

Goal, Curr: (-1.17,  1.04), ( -1.25,   0.60)   Error: 0.44
Last SG, Last State: ( -2.90,   1.94), ( -1.26,   0.49)  SG Improvement:1.30526 

Goal, Curr: (-0.83,  0.78), ( -0.94,   0.36)   Error: 0.44
Last SG, Last State: ( -0.68,   1.65), ( -0.81,   0.17)  SG Improvement:1.48884 

episode:01200, mean:-118.03, std:51.13, median:-110.50, success:0.90
Goal, Curr: (-0.85,  1.16), ( -1.40,   1.40)   Error: 0.60
Last SG, Last State: ( -3.37,   3.04), ( -1.40,   1.29)  SG Improvement:0.24864 

Goal, Curr: (-1.23,  1.18), ( -1.40,   0.77)   Error: 0.44
Last SG, Last State: ( -2.94,   2.34), ( -1.40,   0.66)  SG Improvement:0.48011 

Goal, Curr: (-0.97,  0.79), ( -1.40,   0.65)   Error: 0.45
Last SG, Last State: ( -2.66,   1.78), ( -1.40,   0.60)  SG Improvement:0.18960 

Goal, Curr: (-1.22,  1.10), ( -1.40,   0.69)   Error: 0.45
Last SG, Last State: ( -3.01,   1.70), ( -1.40,   0.67)  SG Improvement:0.10402 

Goal, Curr: (-0.99,  1.10), ( -1.40,   0.78)   Error: 0.52
Last SG, Last State: ( -3.07,   1.48), ( -1.40,   0.79)  SG Improvement:0.01116 

Goal, Curr: (-1.17,  1.12), ( -1.40,   0.74)   Error: 0.45
Last SG, Last State: ( -3.04,   1.73), ( -1.40,   0.73)  SG Improvement:0.10530 

Goal, Curr: (-1.01,  0.85), ( -1.40,   0.61)   Error: 0.45
Last SG, Last State: ( -2.70,   2.21), ( -1.40,   0.46)  SG Improvement:0.62482 

Goal, Curr: (-1.12,  1.18), ( -1.40,   0.79)   Error: 0.47
Last SG, Last State: ( -3.10,   1.60), ( -1.40,   0.79)  SG Improvement:0.04010 

Goal, Curr: (-1.23,  0.90), ( -1.40,   0.49)   Error: 0.45
Last SG, Last State: ( -2.73,   1.90), ( -1.40,   0.45)  SG Improvement:0.15294 

Goal, Curr: (-1.20,  0.79), ( -1.40,   0.39)   Error: 0.45
Last SG, Last State: ( -2.71,   2.16), ( -1.40,   0.37)  SG Improvement:0.09966 

episode:01300, mean:-184.53, std:54.59, median:-173.07, success:0.70
Goal, Curr: (-1.00,  1.17), ( -1.12,   0.74)   Error: 0.44
Last SG, Last State: (  0.25,   2.18), ( -1.12,   0.72)  SG Improvement:1.33413 

Goal, Curr: (-1.07,  0.75), ( -1.10,   0.31)   Error: 0.44
Last SG, Last State: ( -2.87,  -2.25), ( -1.19,   0.06)  SG Improvement:1.07063 

Goal, Curr: (-1.09,  0.90), ( -1.06,   0.45)   Error: 0.45
Last SG, Last State: ( -2.86,  -2.19), ( -1.18,   0.12)  SG Improvement:1.07724 

Goal, Curr: (-0.99,  0.83), ( -1.01,   0.39)   Error: 0.45
Last SG, Last State: ( -2.86,  -2.23), ( -1.20,  -0.02)  SG Improvement:1.04134 

Goal, Curr: (-0.78,  0.76), ( -1.01,   0.38)   Error: 0.44
Last SG, Last State: ( -2.87,  -2.22), ( -1.24,  -0.04)  SG Improvement:1.00634 

Goal, Curr: (-1.10,  0.77), ( -0.90,   0.37)   Error: 0.44
Last SG, Last State: (  0.85,   1.76), ( -0.80,   0.25)  SG Improvement:1.46314 

Goal, Curr: (-0.78,  0.87), ( -0.84,   0.43)   Error: 0.44
Last SG, Last State: ( -2.70,  -1.87), ( -1.07,  -0.07)  SG Improvement:1.06849 

Goal, Curr: (-0.91,  0.88), ( -1.03,   0.46)   Error: 0.44
Last SG, Last State: ( -1.67,   1.83), ( -1.23,   0.24)  SG Improvement:1.45821 

Goal, Curr: (-0.92,  0.95), ( -0.92,   0.51)   Error: 0.44
Last SG, Last State: (  0.77,   1.87), ( -0.85,   0.37)  SG Improvement:1.43682 

Goal, Curr: (-0.80,  0.82), ( -0.97,   0.42)   Error: 0.43
Last SG, Last State: ( -2.71,  -2.10), ( -1.04,   0.20)  SG Improvement:1.13041 

episode:01400, mean:-101.98, std:17.47, median:-102.22, success:1.00
Goal, Curr: (-0.96,  0.81), ( -1.40,   0.74)   Error: 0.45
Last SG, Last State: ( -2.91,   0.06), ( -1.37,   0.42)  SG Improvement:-0.46764 

Goal, Curr: (-1.24,  1.08), ( -1.40,   0.25)   Error: 0.85
Last SG, Last State: ( -1.03,   0.42), ( -1.21,   0.01)  SG Improvement:-0.00316 

Goal, Curr: (-0.76,  1.20), ( -1.40,   0.38)   Error: 1.04
Last SG, Last State: ( -3.19,   1.06), ( -1.40,   0.24)  SG Improvement:-0.01804 

Goal, Curr: (-1.11,  0.94), ( -1.40,   0.60)   Error: 0.45
Last SG, Last State: ( -2.87,  -0.39), ( -1.39,   0.51)  SG Improvement:1.02916 

Goal, Curr: (-0.76,  0.77), ( -1.16,  -0.10)   Error: 0.96
Last SG, Last State: ( -3.39,   1.38), ( -1.40,   0.34)  SG Improvement:-1.19629 

Goal, Curr: (-1.19,  1.00), ( -1.28,   0.57)   Error: 0.43
Last SG, Last State: ( -2.89,   0.45), ( -1.35,   0.21)  SG Improvement:-0.37671 

Goal, Curr: (-0.90,  0.83), ( -1.40,   0.21)   Error: 0.80
Last SG, Last State: ( -1.22,   0.26), ( -1.23,  -0.02)  SG Improvement:-0.12945 

Goal, Curr: (-1.07,  1.03), ( -1.40,   0.65)   Error: 0.50
Last SG, Last State: ( -2.70,   1.81), ( -1.40,   0.16)  SG Improvement:0.75751 

Goal, Curr: (-0.96,  1.10), ( -1.40,   0.49)   Error: 0.75
Last SG, Last State: ( -3.25,   2.28), ( -1.41,   0.54)  SG Improvement:0.73502 

Goal, Curr: (-0.98,  1.09), ( -1.37,   0.43)   Error: 0.78
Last SG, Last State: ( -1.25,   0.13), ( -1.24,  -0.09)  SG Improvement:0.30681 

episode:01500, mean:-257.11, std:81.72, median:-277.11, success:0.30
Log radii:  [ 2.0794415 -2.0794415  2.0794415 -2.0794415  2.0794415  2.0794415]
Adjusted log radii:  [2.0694416  0.6105584  2.0694416  0.31055838 2.0694416  2.0694416 ]
Goal, Curr: (-0.87,  0.93), ( -1.40,   0.21)   Error: 0.90
Last SG, Last State: ( -1.05,   0.16), ( -1.25,   0.04)  SG Improvement:1.02422 

Goal, Curr: (-0.82,  0.77), ( -1.06,  -0.57)   Error: 1.35
Last SG, Last State: ( -3.14,   0.35), ( -1.40,  -0.20)  SG Improvement:0.46801 

Goal, Curr: (-1.14,  0.79), ( -1.40,  -0.14)   Error: 0.97
Last SG, Last State: ( -1.71,   0.56), ( -1.40,  -0.03)  SG Improvement:1.40063 

Goal, Curr: (-1.11,  1.15), ( -1.07,  -0.55)   Error: 1.71
Last SG, Last State: ( -3.25,   0.43), ( -1.40,  -0.17)  SG Improvement:0.26655 

Goal, Curr: (-1.18,  1.12), ( -1.40,  -0.11)   Error: 1.24
Last SG, Last State: ( -2.34,   0.92), ( -1.41,  -0.28)  SG Improvement:1.29814 

Goal, Curr: (-0.99,  0.94), ( -1.40,  -0.03)   Error: 1.05
Last SG, Last State: ( -2.40,   0.31), ( -1.41,  -0.06)  SG Improvement:1.26939 

Goal, Curr: (-0.87,  1.22), ( -1.40,  -0.15)   Error: 1.47
Last SG, Last State: (  0.12,  -0.88), ( -1.07,  -0.47)  SG Improvement:1.28737 

Goal, Curr: (-0.95,  1.08), ( -1.40,  -0.29)   Error: 1.44
Last SG, Last State: ( -2.13,   0.84), ( -1.08,  -0.46)  SG Improvement:1.34677 

Goal, Curr: (-0.77,  1.21), ( -1.40,  -0.11)   Error: 1.47
Last SG, Last State: (  0.15,  -0.85), ( -1.07,  -0.43)  SG Improvement:1.28680 

Goal, Curr: (-0.98,  0.94), ( -1.10,  -0.23)   Error: 1.18
Last SG, Last State: ( -3.12,   0.82), ( -1.40,   0.17)  SG Improvement:1.41301 

episode:01600, mean:-425.75, std:56.34, median:-422.70, success:0.00
Goal, Curr: (-1.07,  1.03), ( -1.40,   0.72)   Error: 0.45
Last SG, Last State: ( -2.95,   1.85), ( -1.40,   0.45)  SG Improvement:1.29218 

Goal, Curr: (-1.12,  1.08), ( -1.40,   0.74)   Error: 0.44
Last SG, Last State: ( -3.08,   1.27), ( -1.40,   0.20)  SG Improvement:1.79285 

Goal, Curr: (-0.87,  0.93), ( -1.40,   1.40)   Error: 0.71
Last SG, Last State: ( -3.36,   1.81), ( -1.40,   1.34)  SG Improvement:0.07098 

Goal, Curr: (-0.82,  1.06), ( -1.40,   1.41)   Error: 0.67
Last SG, Last State: ( -3.39,   1.93), ( -1.40,   1.40)  SG Improvement:-0.00187 

Goal, Curr: (-1.01,  1.21), ( -1.40,   0.99)   Error: 0.44
Last SG, Last State: ( -1.57,   1.22), ( -1.40,   0.83)  SG Improvement:1.17650 

Goal, Curr: (-1.02,  0.82), ( -1.40,   0.58)   Error: 0.44
Last SG, Last State: ( -3.11,   1.18), ( -1.40,   0.24)  SG Improvement:1.81904 

Goal, Curr: (-0.75,  1.23), ( -1.40,   1.39)   Error: 0.67
Last SG, Last State: ( -2.43,   1.70), ( -1.40,   1.31)  SG Improvement:0.05785 

Goal, Curr: (-1.09,  0.92), ( -1.40,   0.60)   Error: 0.45
Last SG, Last State: ( -3.11,   1.23), ( -1.40,   0.25)  SG Improvement:1.79948 

Goal, Curr: (-1.15,  0.76), ( -1.40,   0.39)   Error: 0.44
Last SG, Last State: ( -2.92,   1.64), ( -1.40,   0.21)  SG Improvement:1.25827 

Goal, Curr: (-0.93,  0.93), ( -1.40,   1.17)   Error: 0.53
Last SG, Last State: ( -1.95,   1.39), ( -1.40,   1.15)  SG Improvement:0.02861 

episode:01700, mean:-188.07, std:65.06, median:-164.86, success:0.60
Goal, Curr: (-1.00,  0.78), ( -1.31,   0.46)   Error: 0.45
Last SG, Last State: ( -2.64,   1.69), ( -1.25,   0.02)  SG Improvement:1.65880 

Goal, Curr: (-0.97,  1.11), ( -1.31,   0.82)   Error: 0.45
Last SG, Last State: ( -3.02,   2.18), ( -1.29,   0.75)  SG Improvement:1.51109 

Goal, Curr: (-1.08,  0.92), ( -0.95,   0.50)   Error: 0.44
Last SG, Last State: ( -2.50,   1.60), ( -0.96,   0.17)  SG Improvement:1.61052 

Goal, Curr: (-1.21,  0.86), ( -1.17,   0.42)   Error: 0.44
Last SG, Last State: ( -2.02,   1.69), ( -1.18,   0.27)  SG Improvement:1.56736 

Goal, Curr: (-0.77,  0.89), ( -1.13,   0.63)   Error: 0.44
Last SG, Last State: ( -1.92,   1.74), ( -1.19,   0.31)  SG Improvement:1.57487 

Goal, Curr: (-1.14,  0.76), ( -1.40,   0.40)   Error: 0.44
Last SG, Last State: ( -2.44,   1.87), ( -1.40,   0.39)  SG Improvement:1.36852 

Goal, Curr: (-0.81,  0.87), ( -1.40,   1.40)   Error: 0.80
Last SG, Last State: ( -3.25,   2.55), ( -1.40,   1.40)  SG Improvement:-0.00022 

Goal, Curr: (-0.85,  1.08), ( -0.99,   0.65)   Error: 0.45
Last SG, Last State: ( -1.59,   1.60), ( -1.02,   0.17)  SG Improvement:1.55781 

Goal, Curr: (-1.23,  0.85), ( -1.07,   0.43)   Error: 0.45
Last SG, Last State: ( -2.70,   1.71), ( -1.08,   0.28)  SG Improvement:1.50430 

Goal, Curr: (-0.83,  1.10), ( -0.86,   0.67)   Error: 0.43
Last SG, Last State: ( -2.36,   1.68), ( -0.91,   0.25)  SG Improvement:1.53098 

episode:01800, mean:-130.12, std:55.83, median:-112.12, success:0.90
Goal, Curr: (-1.15,  1.00), ( -1.02,   0.57)   Error: 0.45
Last SG, Last State: ( -2.79,   1.68), ( -0.84,   0.25)  SG Improvement:1.55770 

Goal, Curr: (-1.00,  1.20), ( -1.40,   1.01)   Error: 0.44
Last SG, Last State: ( -2.99,   2.58), ( -1.40,   0.93)  SG Improvement:0.78233 

Goal, Curr: (-0.88,  1.00), ( -0.82,   0.57)   Error: 0.43
Last SG, Last State: ( -2.75,   1.70), ( -0.73,   0.28)  SG Improvement:1.44535 

Goal, Curr: (-0.91,  0.83), ( -1.06,   0.41)   Error: 0.45
Last SG, Last State: ( -3.08,   1.36), ( -1.06,  -0.07)  SG Improvement:1.41522 

Goal, Curr: (-0.88,  1.23), ( -1.02,   0.81)   Error: 0.44
Last SG, Last State: ( -2.84,   1.78), ( -0.83,   0.35)  SG Improvement:1.51645 

Goal, Curr: (-0.77,  1.16), ( -1.40,   1.40)   Error: 0.68
Last SG, Last State: ( -3.31,   3.08), ( -1.40,   1.40)  SG Improvement:-0.01508 

Goal, Curr: (-1.19,  1.01), ( -1.23,   0.56)   Error: 0.45
Last SG, Last State: ( -3.14,   1.68), ( -1.13,   0.25)  SG Improvement:1.40264 

Goal, Curr: (-0.95,  1.02), ( -1.14,   0.62)   Error: 0.45
Last SG, Last State: ( -3.08,   1.65), ( -1.05,   0.22)  SG Improvement:1.40495 

Goal, Curr: (-1.22,  1.15), ( -1.36,   0.72)   Error: 0.44
Last SG, Last State: ( -3.21,   1.70), ( -1.20,   0.27)  SG Improvement:1.39776 

Goal, Curr: (-1.10,  0.91), ( -0.99,   0.48)   Error: 0.45
Last SG, Last State: ( -2.87,   1.48), ( -0.86,   0.06)  SG Improvement:1.34956 

episode:01900, mean:-121.02, std:56.78, median:-101.91, success:0.90
Goal, Curr: (-1.06,  1.15), ( -1.25,   0.74)   Error: 0.45
Last SG, Last State: ( -2.70,   1.23), ( -1.19,   0.62)  SG Improvement:0.50692 

Goal, Curr: (-0.99,  0.91), ( -0.66,   0.62)   Error: 0.44
Last SG, Last State: ( -2.14,   1.95), ( -0.66,   0.54)  SG Improvement:1.52747 

Goal, Curr: (-1.17,  1.22), ( -0.97,   0.83)   Error: 0.44
Last SG, Last State: ( -2.87,   1.59), ( -0.86,   0.69)  SG Improvement:1.13108 

Goal, Curr: (-0.94,  1.01), ( -0.89,   0.56)   Error: 0.44
Last SG, Last State: ( -2.41,   1.51), ( -0.78,   0.10)  SG Improvement:1.55930 

Goal, Curr: (-1.07,  0.79), ( -0.85,   0.41)   Error: 0.45
Last SG, Last State: ( -2.14,   1.33), ( -0.95,  -0.10)  SG Improvement:1.56624 

Goal, Curr: (-0.96,  1.14), ( -0.88,   0.69)   Error: 0.45
Last SG, Last State: ( -2.67,   1.53), ( -0.65,   0.59)  SG Improvement:1.15165 

Goal, Curr: (-1.08,  0.76), ( -0.72,   0.50)   Error: 0.44
Last SG, Last State: ( -2.44,   1.37), ( -0.77,  -0.05)  SG Improvement:1.56185 

Goal, Curr: (-0.90,  1.21), ( -0.77,   0.78)   Error: 0.45
Last SG, Last State: ( -2.61,   1.44), ( -0.61,   0.70)  SG Improvement:0.97540 

Goal, Curr: (-1.09,  1.24), ( -1.06,   0.80)   Error: 0.44
Last SG, Last State: ( -2.81,   1.68), ( -0.87,   0.62)  SG Improvement:1.28119 

Goal, Curr: (-1.02,  1.00), ( -0.95,   0.56)   Error: 0.44
Last SG, Last State: ( -1.10,   1.56), ( -1.03,   0.13)  SG Improvement:1.60094 

episode:02000, mean:-117.21, std:14.32, median:-112.75, success:1.00
Goal, Curr: (-0.93,  0.79), ( -1.09,   0.37)   Error: 0.45
Last SG, Last State: ( -0.84,   1.40), ( -1.09,  -0.01)  SG Improvement:1.15112 

Goal, Curr: (-1.13,  1.16), ( -0.85,   0.82)   Error: 0.44
Last SG, Last State: ( -2.16,   2.21), ( -0.85,   0.80)  SG Improvement:0.86241 

Goal, Curr: (-1.03,  1.17), ( -1.03,   0.73)   Error: 0.44
Last SG, Last State: ( -0.49,   2.00), ( -1.05,   0.58)  SG Improvement:0.85218 

Goal, Curr: (-0.80,  1.22), ( -0.89,   0.78)   Error: 0.45
Last SG, Last State: ( -0.01,   1.63), ( -0.93,   0.21)  SG Improvement:1.31564 

Goal, Curr: (-1.10,  0.88), ( -1.03,   0.43)   Error: 0.45
Last SG, Last State: (  0.05,   1.50), ( -1.06,   0.07)  SG Improvement:1.28307 

Goal, Curr: (-1.16,  0.75), ( -0.98,   0.34)   Error: 0.45
Last SG, Last State: ( -0.01,   1.50), ( -1.01,   0.07)  SG Improvement:1.21259 

Goal, Curr: (-1.10,  1.01), ( -0.87,   0.64)   Error: 0.44
Last SG, Last State: ( -0.45,   1.73), ( -0.89,   0.31)  SG Improvement:1.04873 

Goal, Curr: (-1.08,  0.96), ( -0.83,   0.60)   Error: 0.44
Last SG, Last State: ( -0.34,   1.60), ( -0.86,   0.18)  SG Improvement:1.20195 

Goal, Curr: (-1.04,  0.83), ( -1.10,   0.39)   Error: 0.45
Last SG, Last State: (  0.18,   1.72), ( -1.12,   0.29)  SG Improvement:0.89639 

Goal, Curr: (-0.97,  0.86), ( -0.88,   0.44)   Error: 0.43
Last SG, Last State: (  0.04,   1.52), ( -0.91,   0.09)  SG Improvement:1.23905 

episode:02100, mean:-97.68, std:17.80, median:-94.42, success:1.00
Log radii:  [-0.7195113  1.2701552  2.0794415 -1.204136  -0.4734487 -0.4853189]
Adjusted log radii:  [ 1.0704888   1.2601552   2.0694416   0.28586406 -0.18344869  1.0046811 ]
Goal, Curr: (-0.98,  0.86), ( -1.40,   0.71)   Error: 0.45
Last SG, Last State: ( -2.62,   2.51), ( -1.40,   0.58)  SG Improvement:-0.03673 

Goal, Curr: (-1.06,  0.89), ( -1.40,   0.59)   Error: 0.45
Last SG, Last State: ( -3.36,   2.08), ( -1.40,   0.53)  SG Improvement:0.62662 

Goal, Curr: (-0.94,  1.03), ( -0.90,   0.59)   Error: 0.44
Last SG, Last State: ( -0.16,   1.67), ( -0.97,   0.24)  SG Improvement:1.00610 

Goal, Curr: (-1.13,  0.90), ( -1.06,   0.47)   Error: 0.44
Last SG, Last State: ( -0.24,   1.70), ( -1.10,   0.26)  SG Improvement:0.86997 

Goal, Curr: (-1.05,  1.06), ( -1.40,   0.77)   Error: 0.45
Last SG, Last State: ( -2.75,   2.08), ( -1.38,   0.63)  SG Improvement:0.68131 

Goal, Curr: (-1.15,  0.86), ( -1.39,   0.50)   Error: 0.44
Last SG, Last State: ( -1.22,   1.55), ( -1.39,   0.13)  SG Improvement:0.81803 

Goal, Curr: (-1.22,  1.08), ( -0.88,   0.82)   Error: 0.43
Last SG, Last State: ( -2.42,   2.14), ( -0.75,   0.71)  SG Improvement:1.04086 

Goal, Curr: (-1.10,  1.01), ( -0.92,   0.60)   Error: 0.45
Last SG, Last State: ( -0.54,   1.77), ( -0.96,   0.33)  SG Improvement:1.00114 

Goal, Curr: (-0.94,  0.80), ( -1.40,   1.40)   Error: 0.76
Last SG, Last State: ( -3.40,   3.22), ( -1.40,   1.40)  SG Improvement:0.00754 

Goal, Curr: (-1.23,  1.24), ( -1.38,   0.83)   Error: 0.44
Last SG, Last State: ( -3.16,   2.04), ( -1.40,   0.56)  SG Improvement:0.75022 

episode:02200, mean:-137.49, std:55.19, median:-128.62, success:0.90
Goal, Curr: (-0.86,  1.00), ( -0.98,   0.58)   Error: 0.44
Last SG, Last State: ( -1.89,   1.64), ( -1.03,   0.24)  SG Improvement:0.76107 

Goal, Curr: (-1.23,  0.79), ( -0.95,   0.47)   Error: 0.43
Last SG, Last State: ( -2.78,   1.77), ( -0.94,   0.41)  SG Improvement:0.55692 

Goal, Curr: (-0.80,  0.86), ( -1.17,   0.62)   Error: 0.44
Last SG, Last State: ( -1.60,   1.64), ( -1.28,   0.21)  SG Improvement:0.39726 

Goal, Curr: (-1.04,  0.91), ( -1.24,   0.52)   Error: 0.43
Last SG, Last State: ( -1.78,   1.58), ( -1.30,   0.16)  SG Improvement:0.49743 

Goal, Curr: (-0.81,  1.08), ( -1.40,   1.25)   Error: 0.61
Last SG, Last State: ( -3.40,   1.21), ( -1.40,   1.25)  SG Improvement:0.00010 

Goal, Curr: (-1.14,  0.94), ( -1.12,   0.49)   Error: 0.45
Last SG, Last State: ( -2.05,   1.36), ( -1.21,  -0.06)  SG Improvement:0.69850 

Goal, Curr: (-0.97,  1.09), ( -1.19,   0.71)   Error: 0.44
Last SG, Last State: ( -1.94,   1.66), ( -1.25,   0.26)  SG Improvement:0.60171 

Goal, Curr: (-0.98,  0.97), ( -0.99,   0.53)   Error: 0.43
Last SG, Last State: ( -1.97,   1.44), ( -1.08,   0.02)  SG Improvement:0.78246 

Goal, Curr: (-1.07,  1.04), ( -1.21,   0.62)   Error: 0.44
Last SG, Last State: ( -2.47,   1.85), ( -1.18,   0.45)  SG Improvement:0.43542 

Goal, Curr: (-0.94,  0.80), ( -1.24,   0.47)   Error: 0.45
Last SG, Last State: ( -1.90,   1.63), ( -1.30,   0.20)  SG Improvement:0.39870 

episode:02300, mean:-116.18, std:44.22, median:-104.00, success:0.90
Goal, Curr: (-1.11,  1.12), ( -0.87,   0.74)   Error: 0.45
Last SG, Last State: ( -2.04,   2.04), ( -0.83,   0.62)  SG Improvement:0.73694 

Goal, Curr: (-0.97,  0.98), ( -0.72,   0.62)   Error: 0.44
Last SG, Last State: ( -1.48,   1.90), ( -0.70,   0.48)  SG Improvement:0.85465 

Goal, Curr: (-0.77,  1.08), ( -1.40,   1.21)   Error: 0.65
Last SG, Last State: ( -3.40,   1.86), ( -1.40,   1.18)  SG Improvement:0.00078 

Goal, Curr: (-0.79,  0.76), ( -0.96,   0.35)   Error: 0.45
Last SG, Last State: (  0.08,   1.63), ( -0.99,   0.20)  SG Improvement:1.09829 

Goal, Curr: (-0.95,  1.01), ( -1.02,   0.58)   Error: 0.43
Last SG, Last State: ( -0.13,   1.59), ( -1.12,   0.15)  SG Improvement:1.14897 

Goal, Curr: (-0.93,  1.18), ( -1.08,   0.76)   Error: 0.44
Last SG, Last State: ( -0.44,   1.67), ( -1.19,   0.24)  SG Improvement:1.16010 

Goal, Curr: (-1.03,  0.91), ( -1.40,   0.66)   Error: 0.45
Last SG, Last State: ( -3.25,   2.05), ( -1.40,   0.52)  SG Improvement:0.22580 

Goal, Curr: (-0.96,  0.84), ( -0.91,   0.40)   Error: 0.44
Last SG, Last State: (  0.06,   1.46), ( -1.00,   0.03)  SG Improvement:1.18965 

Goal, Curr: (-1.12,  0.98), ( -1.40,   0.64)   Error: 0.44
Last SG, Last State: ( -3.23,   1.97), ( -1.40,   0.53)  SG Improvement:0.41938 

Goal, Curr: (-0.95,  1.06), ( -0.87,   0.62)   Error: 0.45
Last SG, Last State: ( -1.06,   1.92), ( -0.87,   0.49)  SG Improvement:0.91386 

episode:02400, mean:-124.36, std:46.68, median:-114.80, success:0.90
Goal, Curr: (-0.83,  1.22), ( -1.18,   0.95)   Error: 0.44
Last SG, Last State: ( -1.72,   2.01), ( -1.22,   0.64)  SG Improvement:0.59957 

Goal, Curr: (-0.88,  1.20), ( -1.10,   0.82)   Error: 0.44
Last SG, Last State: ( -1.68,   1.92), ( -1.14,   0.55)  SG Improvement:0.66005 

Goal, Curr: (-0.90,  1.03), ( -1.13,   0.65)   Error: 0.44
Last SG, Last State: ( -1.75,   1.95), ( -1.13,   0.57)  SG Improvement:0.63301 

Goal, Curr: (-0.87,  0.80), ( -1.40,   1.25)   Error: 0.69
Last SG, Last State: ( -3.40,   2.12), ( -1.40,   1.26)  SG Improvement:0.00049 

Goal, Curr: (-1.11,  0.84), ( -1.35,   0.47)   Error: 0.44
Last SG, Last State: ( -1.69,   1.78), ( -1.36,   0.40)  SG Improvement:0.62099 

Goal, Curr: (-0.95,  0.97), ( -1.15,   0.57)   Error: 0.45
Last SG, Last State: ( -1.20,   1.85), ( -1.17,   0.48)  SG Improvement:0.59165 

Goal, Curr: (-0.90,  1.22), ( -0.92,   0.77)   Error: 0.45
Last SG, Last State: ( -1.58,   1.78), ( -0.98,   0.37)  SG Improvement:0.83138 

Goal, Curr: (-1.07,  0.82), ( -1.41,   0.54)   Error: 0.44
Last SG, Last State: ( -1.56,   1.73), ( -1.27,   0.34)  SG Improvement:0.45086 

Goal, Curr: (-0.76,  1.18), ( -1.40,   1.24)   Error: 0.64
Last SG, Last State: ( -3.40,   2.15), ( -1.40,   1.24)  SG Improvement:0.00038 

Goal, Curr: (-0.98,  1.03), ( -1.00,   0.59)   Error: 0.44
Last SG, Last State: ( -1.23,   1.78), ( -1.02,   0.40)  SG Improvement:0.69709 

episode:02500, mean:-158.86, std:52.36, median:-140.99, success:0.80
Goal, Curr: (-1.14,  1.23), ( -1.40,   0.88)   Error: 0.44
Last SG, Last State: ( -2.11,   2.38), ( -1.40,   0.67)  SG Improvement:-0.02344 

Goal, Curr: (-0.91,  0.80), ( -1.30,   0.62)   Error: 0.44
Last SG, Last State: ( -2.83,   1.96), ( -1.41,   0.13)  SG Improvement:-0.52848 

Goal, Curr: (-0.81,  0.92), ( -1.17,   0.66)   Error: 0.44
Last SG, Last State: ( -2.58,   2.04), ( -1.18,   0.52)  SG Improvement:-0.16143 

Goal, Curr: (-1.07,  0.81), ( -0.75,   0.50)   Error: 0.44
Last SG, Last State: (  1.04,   1.37), ( -0.87,  -0.07)  SG Improvement:1.47816 

Goal, Curr: (-0.93,  0.98), ( -1.21,   0.66)   Error: 0.43
Last SG, Last State: ( -2.67,   1.91), ( -1.25,   0.37)  SG Improvement:-0.35149 

Goal, Curr: (-1.10,  1.08), ( -1.40,   0.37)   Error: 0.77
Last SG, Last State: ( -3.33,   2.11), ( -1.40,   0.39)  SG Improvement:-0.00054 

Goal, Curr: (-0.82,  1.11), ( -1.40,   1.40)   Error: 0.65
Last SG, Last State: ( -3.40,   2.54), ( -1.40,   1.40)  SG Improvement:0.00136 

Goal, Curr: (-1.07,  1.05), ( -0.88,   0.65)   Error: 0.45
Last SG, Last State: (  0.95,   1.63), ( -0.98,   0.20)  SG Improvement:1.42159 

Goal, Curr: (-0.93,  0.85), ( -1.31,   0.63)   Error: 0.44
Last SG, Last State: ( -2.80,   2.00), ( -1.40,   0.19)  SG Improvement:-0.66575 

Goal, Curr: (-0.77,  1.04), ( -1.40,   1.40)   Error: 0.72
Last SG, Last State: ( -3.40,   2.54), ( -1.40,   1.40)  SG Improvement:0.00234 

episode:02600, mean:-173.33, std:72.12, median:-126.82, success:0.70
Goal, Curr: (-0.95,  1.20), (  1.40,   1.40)   Error: 2.36
Last SG, Last State: (  3.40,   3.40), (  1.40,   1.40)  SG Improvement:-0.10898 

Goal, Curr: (-1.09,  1.08), (  1.40,   1.40)   Error: 2.51
Last SG, Last State: (  3.40,   3.40), (  1.40,   1.40)  SG Improvement:-0.00134 

Goal, Curr: (-0.92,  1.00), (  1.40,   1.40)   Error: 2.36
Last SG, Last State: (  3.40,   3.40), (  1.40,   1.40)  SG Improvement:0.01823 

Goal, Curr: (-0.87,  1.23), (  1.40,   1.40)   Error: 2.27
Last SG, Last State: (  3.40,   3.40), (  1.40,   1.40)  SG Improvement:-0.10856 

Goal, Curr: (-1.09,  0.82), (  1.40,   1.40)   Error: 2.55
Last SG, Last State: (  3.40,   3.40), (  1.40,   1.40)  SG Improvement:0.01504 

Goal, Curr: (-0.78,  1.22), (  1.40,   1.40)   Error: 2.19
Last SG, Last State: (  3.40,   3.40), (  1.40,   1.40)  SG Improvement:0.02078 

Goal, Curr: (-0.77,  1.23), (  1.40,   1.40)   Error: 2.18
Last SG, Last State: (  3.40,   3.40), (  1.40,   1.40)  SG Improvement:-0.00129 

Goal, Curr: (-1.24,  1.15), (  1.40,   1.40)   Error: 2.65
Last SG, Last State: (  3.40,   3.40), (  1.40,   1.40)  SG Improvement:0.02344 

Goal, Curr: (-0.95,  1.18), (  1.40,   1.40)   Error: 2.36
Last SG, Last State: (  3.40,   3.40), (  1.40,   1.40)  SG Improvement:0.01616 

Goal, Curr: (-0.80,  0.86), (  1.40,   1.40)   Error: 2.26
Last SG, Last State: (  3.40,   3.40), (  1.40,   1.40)  SG Improvement:-0.00182 

episode:02700, mean:-529.52, std:31.17, median:-515.05, success:0.00
Goal, Curr: (-0.80,  0.94), ( -1.04,   0.57)   Error: 0.45
Last SG, Last State: ( -2.86,   1.95), ( -1.06,   0.49)  SG Improvement:1.62290 

Goal, Curr: (-0.82,  0.75), ( -0.54,   0.41)   Error: 0.44
Last SG, Last State: (  0.43,   1.75), ( -0.51,   0.24)  SG Improvement:1.41687 

Goal, Curr: (-1.21,  0.80), ( -1.18,   0.36)   Error: 0.44
Last SG, Last State: (  0.65,   1.46), ( -1.03,  -0.07)  SG Improvement:1.23154 

Goal, Curr: (-0.98,  0.79), ( -1.05,   0.35)   Error: 0.45
Last SG, Last State: (  0.75,   1.58), ( -0.94,   0.05)  SG Improvement:0.94645 

Goal, Curr: (-1.24,  1.05), ( -1.09,   0.63)   Error: 0.45
Last SG, Last State: (  0.76,   1.69), ( -0.92,   0.16)  SG Improvement:0.73565 

Goal, Curr: (-1.10,  1.12), ( -1.22,   0.69)   Error: 0.45
Last SG, Last State: (  0.60,   1.86), ( -1.01,   0.29)  SG Improvement:1.31321 

Goal, Curr: (-0.92,  0.98), ( -1.22,   0.66)   Error: 0.44
Last SG, Last State: ( -2.91,   2.12), ( -1.22,   0.62)  SG Improvement:1.35468 

Goal, Curr: (-0.78,  0.90), ( -1.40,   1.40)   Error: 0.79
Last SG, Last State: ( -3.19,   3.40), ( -1.40,   1.40)  SG Improvement:0.36686 

Goal, Curr: (-1.12,  1.13), ( -0.69,   1.02)   Error: 0.44
Last SG, Last State: (  1.03,   2.43), ( -0.66,   0.91)  SG Improvement:-0.02328 

Goal, Curr: (-1.24,  1.12), ( -0.81,   1.23)   Error: 0.44
Last SG, Last State: (  1.07,   2.32), ( -0.62,   0.80)  SG Improvement:0.01156 

episode:02800, mean:-134.15, std:46.76, median:-116.28, success:0.90
Goal, Curr: (-1.02,  1.09), ( -1.40,   0.16)   Error: 1.00
Last SG, Last State: ( -3.40,   2.12), ( -1.40,   0.14)  SG Improvement:0.03513 

Goal, Curr: (-0.78,  1.06), ( -1.40,   0.19)   Error: 1.07
Last SG, Last State: ( -3.40,   2.16), ( -1.40,   0.18)  SG Improvement:0.02894 

Goal, Curr: (-1.15,  1.22), ( -1.40,  -0.18)   Error: 1.43
Last SG, Last State: ( -3.40,   1.77), ( -1.40,  -0.21)  SG Improvement:0.06387 

Goal, Curr: (-1.23,  1.25), ( -1.40,  -0.37)   Error: 1.62
Last SG, Last State: ( -3.40,   1.56), ( -1.40,  -0.40)  SG Improvement:0.01030 

Goal, Curr: (-0.80,  0.92), ( -1.40,   0.17)   Error: 0.96
Last SG, Last State: ( -3.40,   2.13), ( -1.40,   0.15)  SG Improvement:0.03049 

Goal, Curr: (-1.21,  0.84), ( -1.40,  -0.37)   Error: 1.22
Last SG, Last State: ( -3.40,   1.56), ( -1.40,  -0.40)  SG Improvement:0.10751 

Goal, Curr: (-0.90,  1.16), ( -1.40,   0.04)   Error: 1.23
Last SG, Last State: ( -3.40,   1.96), ( -1.40,   0.00)  SG Improvement:0.06969 

Goal, Curr: (-0.97,  1.23), ( -1.40,  -0.39)   Error: 1.67
Last SG, Last State: ( -3.40,   1.54), ( -1.40,  -0.42)  SG Improvement:0.01042 

Goal, Curr: (-1.02,  0.98), ( -1.40,   0.05)   Error: 1.01
Last SG, Last State: ( -3.40,   1.97), ( -1.40,   0.01)  SG Improvement:0.06577 

Goal, Curr: (-1.12,  0.87), ( -1.40,  -0.40)   Error: 1.30
Last SG, Last State: ( -3.40,   1.53), ( -1.40,  -0.43)  SG Improvement:0.06804 

episode:02900, mean:-448.61, std:65.78, median:-442.79, success:0.00
Goal, Curr: (-1.19,  1.02), ( -1.40,   0.63)   Error: 0.44
Last SG, Last State: ( -3.40,   2.35), ( -1.40,   0.61)  SG Improvement:0.44495 

Goal, Curr: (-1.01,  0.94), ( -1.40,   0.72)   Error: 0.45
Last SG, Last State: ( -3.40,   2.28), ( -1.40,   0.54)  SG Improvement:0.45067 

Goal, Curr: (-1.24,  1.02), ( -1.40,   0.61)   Error: 0.44
Last SG, Last State: ( -3.40,   2.23), ( -1.40,   0.49)  SG Improvement:0.45646 

Goal, Curr: (-0.83,  1.19), ( -1.40,   1.34)   Error: 0.59
Last SG, Last State: ( -3.40,   2.90), ( -1.40,   1.13)  SG Improvement:0.38755 

Goal, Curr: (-0.84,  0.96), ( -1.40,   1.40)   Error: 0.71
Last SG, Last State: ( -3.40,   3.02), ( -1.40,   1.24)  SG Improvement:0.37370 

Goal, Curr: (-1.19,  0.94), ( -1.40,   0.54)   Error: 0.45
Last SG, Last State: ( -3.40,   2.04), ( -1.40,   0.30)  SG Improvement:0.45170 

Goal, Curr: (-0.95,  1.09), ( -1.40,   1.05)   Error: 0.45
Last SG, Last State: ( -3.40,   2.71), ( -1.40,   0.96)  SG Improvement:0.42079 

Goal, Curr: (-1.03,  1.24), ( -1.40,   0.98)   Error: 0.45
Last SG, Last State: ( -3.40,   2.62), ( -1.40,   0.87)  SG Improvement:0.42424 

Goal, Curr: (-1.01,  0.99), ( -1.40,   0.77)   Error: 0.44
Last SG, Last State: ( -3.40,   2.34), ( -1.40,   0.60)  SG Improvement:0.43517 

Goal, Curr: (-1.24,  0.95), ( -1.40,   0.53)   Error: 0.44
Last SG, Last State: ( -3.40,   2.25), ( -1.40,   0.52)  SG Improvement:0.45395 

episode:03000, mean:-257.08, std:64.08, median:-251.68, success:0.80
