Using device: cpu
no-correct-even-smaller-high-critic-per
Initializing with critic LR:  0.0005  actor LR:  1e-05
Initializing with critic LR:  0.001  actor LR:  0.0005
Goal, Curr: (-1.15,  1.23), ( -1.25,  -1.05)   Error: 2.27
Last SG, Last State: ( -1.02,  -1.16), ( -1.25,  -1.05)  SG Improvement:0.00000 

Goal, Curr: (-0.86,  0.89), ( -0.95,  -0.99)   Error: 1.88
Last SG, Last State: ( -0.74,  -1.07), ( -0.95,  -0.99)  SG Improvement:-0.00000 

Goal, Curr: (-1.24,  0.99), ( -1.02,  -1.16)   Error: 2.16
Last SG, Last State: ( -0.79,  -1.25), ( -1.02,  -1.16)  SG Improvement:-0.00000 

Goal, Curr: (-0.96,  0.92), ( -1.07,  -1.13)   Error: 2.05
Last SG, Last State: ( -0.83,  -1.22), ( -1.07,  -1.13)  SG Improvement:0.00000 

Goal, Curr: (-0.77,  0.89), ( -0.94,  -1.16)   Error: 2.05
Last SG, Last State: ( -0.70,  -1.23), ( -0.94,  -1.16)  SG Improvement:-0.00000 

Goal, Curr: (-0.87,  0.86), ( -0.93,  -1.00)   Error: 1.86
Last SG, Last State: ( -0.72,  -1.08), ( -0.93,  -1.00)  SG Improvement:-0.00000 

Goal, Curr: (-1.07,  1.21), ( -0.96,  -1.14)   Error: 2.35
Last SG, Last State: ( -0.75,  -1.23), ( -0.96,  -1.14)  SG Improvement:-0.00000 

Goal, Curr: (-0.99,  0.79), ( -0.86,  -0.97)   Error: 1.77
Last SG, Last State: ( -0.67,  -1.05), ( -0.86,  -0.97)  SG Improvement:0.00000 

Goal, Curr: (-0.93,  1.22), ( -0.78,  -1.13)   Error: 2.36
Last SG, Last State: ( -0.59,  -1.22), ( -0.78,  -1.13)  SG Improvement:-0.00000 

Goal, Curr: (-1.08,  1.25), ( -0.83,  -1.09)   Error: 2.36
Last SG, Last State: ( -0.65,  -1.19), ( -0.83,  -1.09)  SG Improvement:-0.00000 

Goal, Curr: (-1.19,  0.77), ( -1.16,  -1.04)   Error: 1.81
Last SG, Last State: ( -0.93,  -1.14), ( -1.16,  -1.04)  SG Improvement:0.00000 

Goal, Curr: (-0.77,  0.84), ( -0.89,  -0.94)   Error: 1.78
Last SG, Last State: ( -0.69,  -1.01), ( -0.89,  -0.94)  SG Improvement:-0.00000 

Goal, Curr: (-0.76,  0.92), ( -1.13,  -0.87)   Error: 1.82
Last SG, Last State: ( -0.92,  -0.95), ( -1.13,  -0.87)  SG Improvement:-0.00000 

Goal, Curr: (-1.10,  1.18), ( -1.01,  -1.00)   Error: 2.18
Last SG, Last State: ( -0.82,  -1.10), ( -1.01,  -1.00)  SG Improvement:0.00000 

Goal, Curr: (-0.81,  1.12), ( -0.98,  -1.18)   Error: 2.31
Last SG, Last State: ( -0.74,  -1.27), ( -0.98,  -1.18)  SG Improvement:-0.00000 

Goal, Curr: (-0.99,  1.16), ( -1.19,  -1.20)   Error: 2.37
Last SG, Last State: ( -0.94,  -1.30), ( -1.19,  -1.20)  SG Improvement:0.00000 

Goal, Curr: (-0.99,  1.02), ( -1.40,  -0.60)   Error: 1.67
Last SG, Last State: ( -1.31,  -0.76), ( -1.40,  -0.60)  SG Improvement:-0.00000 

Goal, Curr: (-0.90,  1.17), ( -0.82,  -0.86)   Error: 2.04
Last SG, Last State: ( -0.68,  -0.95), ( -0.82,  -0.86)  SG Improvement:0.00160 

Goal, Curr: (-1.15,  1.13), ( -0.26,  -0.60)   Error: 1.94
Last SG, Last State: ( -0.44,  -0.71), ( -0.27,  -0.60)  SG Improvement:0.01536 

Goal, Curr: (-1.24,  1.06), ( -0.89,  -0.92)   Error: 2.00
Last SG, Last State: ( -0.74,  -1.02), ( -0.88,  -0.92)  SG Improvement:0.00320 

Goal, Curr: (-0.89,  0.96), ( -0.84,  -0.98)   Error: 1.94
Last SG, Last State: ( -0.65,  -1.06), ( -0.84,  -0.98)  SG Improvement:0.00000 

Goal, Curr: (-0.80,  1.17), ( -0.95,  -1.12)   Error: 2.29
Last SG, Last State: ( -0.73,  -1.20), ( -0.95,  -1.12)  SG Improvement:0.00000 

Goal, Curr: (-0.95,  1.17), ( -1.02,  -1.15)   Error: 2.32
Last SG, Last State: ( -0.79,  -1.24), ( -1.02,  -1.15)  SG Improvement:0.00000 

Goal, Curr: (-1.23,  0.78), ( -0.92,  -0.90)   Error: 1.70
Last SG, Last State: ( -0.75,  -0.99), ( -0.92,  -0.90)  SG Improvement:-0.00000 

Goal, Curr: (-0.98,  0.95), ( -1.16,  -1.12)   Error: 2.08
Last SG, Last State: ( -0.91,  -1.21), ( -1.16,  -1.12)  SG Improvement:0.00000 

Goal, Curr: (-1.17,  1.00), ( -1.40,  -0.60)   Error: 1.62
Last SG, Last State: ( -1.32,  -0.77), ( -1.40,  -0.60)  SG Improvement:-0.00000 

Goal, Curr: (-0.99,  1.01), ( -1.16,  -1.21)   Error: 2.23
Last SG, Last State: ( -0.90,  -1.31), ( -1.16,  -1.21)  SG Improvement:0.00000 

Goal, Curr: (-1.06,  0.90), ( -1.20,  -1.16)   Error: 2.06
Last SG, Last State: ( -0.95,  -1.25), ( -1.20,  -1.16)  SG Improvement:0.00000 

Goal, Curr: (-1.21,  0.85), ( -0.23,  -0.60)   Error: 1.75
Last SG, Last State: ( -0.40,  -0.68), ( -0.23,  -0.60)  SG Improvement:0.00315 

Goal, Curr: (-0.90,  1.17), ( -1.19,  -1.00)   Error: 2.19
Last SG, Last State: ( -0.96,  -1.10), ( -1.19,  -1.00)  SG Improvement:-0.00000 

Goal, Curr: (-0.76,  1.09), ( -0.79,  -1.04)   Error: 2.12
Last SG, Last State: ( -0.60,  -1.11), ( -0.79,  -1.04)  SG Improvement:0.00000 

Goal, Curr: (-1.22,  1.22), ( -0.24,  -0.60)   Error: 2.07
Last SG, Last State: ( -0.44,  -0.71), ( -0.25,  -0.60)  SG Improvement:0.01490 

Goal, Curr: (-1.06,  0.88), ( -0.84,  -0.94)   Error: 1.82
Last SG, Last State: ( -0.66,  -1.02), ( -0.84,  -0.94)  SG Improvement:0.00000 

Goal, Curr: (-1.04,  0.85), ( -0.77,  -0.88)   Error: 1.75
Last SG, Last State: ( -0.62,  -0.96), ( -0.77,  -0.88)  SG Improvement:-0.00000 

Goal, Curr: (-1.14,  1.23), ( -1.10,  -0.60)   Error: 1.83
Last SG, Last State: ( -1.24,  -0.82), ( -1.18,  -0.60)  SG Improvement:-0.14976 

Goal, Curr: (-1.04,  1.09), ( -0.99,  -1.03)   Error: 2.12
Last SG, Last State: ( -0.78,  -1.12), ( -0.99,  -1.03)  SG Improvement:-0.00000 

Goal, Curr: (-1.00,  0.82), ( -0.77,  -1.01)   Error: 1.84
Last SG, Last State: ( -0.59,  -1.08), ( -0.77,  -1.01)  SG Improvement:-0.00000 

Goal, Curr: (-1.16,  1.24), ( -1.13,  -1.17)   Error: 2.41
Last SG, Last State: ( -0.90,  -1.27), ( -1.13,  -1.17)  SG Improvement:0.00000 

Goal, Curr: (-1.13,  1.15), ( -1.12,  -1.18)   Error: 2.34
Last SG, Last State: ( -0.88,  -1.29), ( -1.12,  -1.18)  SG Improvement:0.00000 

Goal, Curr: (-1.06,  0.78), ( -0.82,  -1.24)   Error: 2.03
Last SG, Last State: ( -0.60,  -1.32), ( -0.82,  -1.24)  SG Improvement:0.00000 

Goal, Curr: (-1.04,  0.82), ( -0.24,  -0.60)   Error: 1.64
Last SG, Last State: ( -0.38,  -0.67), ( -0.23,  -0.60)  SG Improvement:-0.00800 

Goal, Curr: (-0.82,  1.24), ( -0.21,  -0.60)   Error: 1.94
Last SG, Last State: ( -0.37,  -0.67), ( -0.21,  -0.60)  SG Improvement:-0.00128 

Goal, Curr: (-1.22,  1.10), ( -0.24,  -0.60)   Error: 1.97
Last SG, Last State: ( -0.42,  -0.69), ( -0.24,  -0.60)  SG Improvement:0.00965 

Goal, Curr: (-0.82,  0.80), ( -0.89,  -1.01)   Error: 1.82
Last SG, Last State: ( -0.68,  -1.09), ( -0.89,  -1.01)  SG Improvement:-0.00000 

Goal, Curr: (-0.90,  1.20), ( -1.04,  -1.09)   Error: 2.29
Last SG, Last State: ( -0.81,  -1.18), ( -1.04,  -1.09)  SG Improvement:-0.00000 

Goal, Curr: (-1.14,  1.13), ( -1.06,  -0.98)   Error: 2.11
Last SG, Last State: ( -0.87,  -1.08), ( -1.06,  -0.98)  SG Improvement:-0.00000 

Goal, Curr: (-0.76,  1.19), ( -0.09,  -0.60)   Error: 1.91
Last SG, Last State: ( -0.23,  -0.73), ( -0.07,  -0.60)  SG Improvement:0.17170 

Goal, Curr: (-1.03,  1.09), ( -0.94,  -1.08)   Error: 2.17
Last SG, Last State: ( -0.74,  -1.17), ( -0.94,  -1.08)  SG Improvement:-0.00000 

Goal, Curr: (-1.22,  1.24), ( -0.37,  -0.60)   Error: 2.03
Last SG, Last State: ( -0.61,  -0.84), ( -0.42,  -0.60)  SG Improvement:-0.09309 

Goal, Curr: (-1.19,  1.11), ( -1.16,  -1.13)   Error: 2.24
Last SG, Last State: ( -0.93,  -1.24), ( -1.16,  -1.13)  SG Improvement:0.00000 

episode:00100, mean:6.12, std:0.66, median:6.16, success:0.00
Goal, Curr: (-0.98,  0.90), (  1.40,   0.69)   Error: 2.39
Last SG, Last State: (  1.34,   0.15), (  1.36,   0.55)  SG Improvement:-0.08794 

Goal, Curr: (-0.78,  0.88), (  1.40,   0.77)   Error: 2.18
Last SG, Last State: (  1.41,   0.24), (  1.41,   0.65)  SG Improvement:0.01282 

Goal, Curr: (-0.79,  1.01), (  1.30,   1.14)   Error: 2.10
Last SG, Last State: (  1.84,   0.52), (  1.39,   1.00)  SG Improvement:0.31472 

Goal, Curr: (-1.22,  1.00), (  1.37,   0.66)   Error: 2.62
Last SG, Last State: (  1.07,   0.47), (  1.40,   0.66)  SG Improvement:0.01683 

Goal, Curr: (-0.86,  1.02), (  0.59,  -0.56)   Error: 2.14
Last SG, Last State: (  0.55,  -0.79), (  0.51,  -0.60)  SG Improvement:-0.09549 

Goal, Curr: (-0.78,  1.07), (  1.39,   0.67)   Error: 2.20
Last SG, Last State: (  1.45,   0.24), (  1.40,   0.65)  SG Improvement:0.72565 

Goal, Curr: (-1.04,  1.16), (  1.22,   0.62)   Error: 2.32
Last SG, Last State: (  1.12,   0.70), (  1.37,   0.72)  SG Improvement:-0.35761 

Goal, Curr: (-0.98,  1.00), (  1.40,   0.63)   Error: 2.41
Last SG, Last State: (  1.09,   0.47), (  1.40,   0.63)  SG Improvement:0.13390 

Goal, Curr: (-0.84,  0.98), (  1.40,   0.85)   Error: 2.24
Last SG, Last State: (  1.03,   0.67), (  1.40,   0.85)  SG Improvement:0.08373 

Goal, Curr: (-0.83,  1.04), (  1.40,   0.85)   Error: 2.23
Last SG, Last State: (  0.97,   0.43), (  1.33,   0.67)  SG Improvement:0.05987 

Goal, Curr: (-1.13,  0.90), (  1.34,   0.29)   Error: 2.55
Last SG, Last State: (  1.18,   0.55), (  1.26,   0.37)  SG Improvement:-0.06318 

Goal, Curr: (-0.98,  1.00), ( -0.95,  -1.25)   Error: 2.25
Last SG, Last State: ( -0.68,  -1.40), ( -0.97,  -1.25)  SG Improvement:0.00536 

Goal, Curr: (-0.84,  1.06), (  1.06,   0.09)   Error: 2.13
Last SG, Last State: (  0.64,  -0.33), (  0.96,  -0.08)  SG Improvement:-0.00986 

Goal, Curr: (-1.04,  0.75), (  1.33,   0.43)   Error: 2.39
Last SG, Last State: (  1.19,   0.58), (  1.28,   0.48)  SG Improvement:-0.31115 

Goal, Curr: (-0.99,  0.81), (  1.31,   1.12)   Error: 2.32
Last SG, Last State: (  1.83,   0.49), (  1.39,   0.97)  SG Improvement:0.24009 

Goal, Curr: (-1.17,  0.91), (  1.30,  -0.20)   Error: 2.71
Last SG, Last State: (  1.51,   0.14), (  1.36,  -0.04)  SG Improvement:0.21065 

Goal, Curr: (-0.98,  0.82), (  1.28,   1.03)   Error: 2.27
Last SG, Last State: (  1.74,   0.41), (  1.31,   0.92)  SG Improvement:0.75495 

Goal, Curr: (-0.85,  0.81), (  1.34,   0.95)   Error: 2.20
Last SG, Last State: (  1.23,   0.84), (  1.40,   0.96)  SG Improvement:-0.01441 

Goal, Curr: (-1.06,  1.10), (  0.78,  -0.31)   Error: 2.33
Last SG, Last State: (  0.73,  -0.86), (  0.66,  -0.46)  SG Improvement:0.27872 

Goal, Curr: (-0.79,  0.96), ( -0.25,  -1.16)   Error: 2.19
Last SG, Last State: ( -0.27,  -1.35), ( -0.34,  -1.18)  SG Improvement:0.05977 

Goal, Curr: (-1.10,  1.15), (  0.58,  -0.56)   Error: 2.40
Last SG, Last State: (  0.38,  -1.07), (  0.43,  -0.67)  SG Improvement:0.09968 

Goal, Curr: (-0.88,  0.89), (  1.39,   0.17)   Error: 2.38
Last SG, Last State: (  1.65,   0.40), (  1.40,   0.33)  SG Improvement:-0.35660 

Goal, Curr: (-0.77,  0.88), (  1.40,  -0.02)   Error: 2.35
Last SG, Last State: (  1.84,   0.05), (  1.40,   0.08)  SG Improvement:0.01507 

Goal, Curr: (-0.78,  0.84), (  1.31,   0.48)   Error: 2.12
Last SG, Last State: (  1.24,  -0.11), (  1.22,   0.31)  SG Improvement:0.07312 

Goal, Curr: (-1.03,  1.01), (  1.33,   1.10)   Error: 2.36
Last SG, Last State: (  1.88,   0.47), (  1.40,   0.94)  SG Improvement:0.16542 

Goal, Curr: (-1.11,  1.17), (  1.03,   1.24)   Error: 2.14
Last SG, Last State: (  0.91,   0.90), (  1.11,   1.08)  SG Improvement:0.07886 

Goal, Curr: (-0.84,  1.07), (  0.33,  -0.60)   Error: 2.04
Last SG, Last State: (  0.29,  -1.02), (  0.21,  -0.60)  SG Improvement:-0.72614 

Goal, Curr: (-1.24,  1.09), (  1.36,   0.54)   Error: 2.65
Last SG, Last State: (  0.72,   0.81), (  1.27,   0.49)  SG Improvement:-2.41075 

Goal, Curr: (-1.18,  0.75), (  1.40,   0.82)   Error: 2.58
Last SG, Last State: (  2.36,   0.04), (  1.40,   0.72)  SG Improvement:0.90622 

Goal, Curr: (-1.22,  0.97), (  1.35,  -0.02)   Error: 2.75
Last SG, Last State: (  1.63,   0.27), (  1.40,   0.15)  SG Improvement:0.35486 

Goal, Curr: (-1.12,  1.13), (  0.90,  -0.22)   Error: 2.43
Last SG, Last State: (  0.66,  -0.62), (  0.79,  -0.35)  SG Improvement:-0.04800 

Goal, Curr: (-1.18,  0.90), (  0.69,  -0.47)   Error: 2.32
Last SG, Last State: (  0.47,  -0.67), (  0.61,  -0.54)  SG Improvement:0.14453 

Goal, Curr: (-0.77,  1.17), (  1.37,   0.83)   Error: 2.17
Last SG, Last State: (  1.06,   0.59), (  1.40,   0.81)  SG Improvement:-0.19591 

Goal, Curr: (-0.91,  1.03), (  1.02,   0.01)   Error: 2.18
Last SG, Last State: (  0.61,  -0.42), (  0.91,  -0.16)  SG Improvement:0.00931 

Goal, Curr: (-0.90,  0.87), (  1.35,   0.50)   Error: 2.28
Last SG, Last State: (  1.31,  -0.11), (  1.26,   0.33)  SG Improvement:0.12708 

Goal, Curr: (-0.80,  0.98), (  1.20,   0.95)   Error: 2.01
Last SG, Last State: (  1.43,   0.91), (  1.23,   1.02)  SG Improvement:0.83597 

Goal, Curr: (-0.80,  1.18), (  1.31,   1.07)   Error: 2.11
Last SG, Last State: (  1.86,   0.43), (  1.39,   0.92)  SG Improvement:0.30932 

Goal, Curr: (-0.95,  0.92), (  1.37,  -0.05)   Error: 2.51
Last SG, Last State: (  0.95,  -0.45), (  1.27,  -0.22)  SG Improvement:0.05219 

Goal, Curr: (-1.07,  0.95), (  1.38,   0.14)   Error: 2.57
Last SG, Last State: (  1.62,   0.26), (  1.36,   0.25)  SG Improvement:-0.19460 

Goal, Curr: (-1.07,  0.89), (  1.31,  -0.09)   Error: 2.58
Last SG, Last State: (  1.55,   0.25), (  1.39,   0.09)  SG Improvement:0.21184 

Goal, Curr: (-0.92,  1.11), (  1.28,   0.41)   Error: 2.31
Last SG, Last State: (  0.86,  -0.02), (  1.19,   0.23)  SG Improvement:0.01239 

Goal, Curr: (-0.77,  0.90), (  1.36,   0.60)   Error: 2.15
Last SG, Last State: (  1.06,   0.72), (  1.38,   0.71)  SG Improvement:-0.27992 

Goal, Curr: (-1.23,  0.82), (  0.22,  -0.62)   Error: 2.05
Last SG, Last State: (  0.11,  -1.09), (  0.05,  -0.72)  SG Improvement:0.01747 

Goal, Curr: (-0.91,  0.91), (  1.25,   0.61)   Error: 2.18
Last SG, Last State: (  1.19,   0.66), (  1.39,   0.72)  SG Improvement:-0.27530 

Goal, Curr: (-1.05,  1.17), (  0.67,  -0.48)   Error: 2.38
Last SG, Last State: (  0.69,  -0.85), (  0.57,  -0.57)  SG Improvement:0.63188 

Goal, Curr: (-1.07,  0.96), (  1.24,   0.34)   Error: 2.39
Last SG, Last State: (  1.21,  -0.29), (  1.14,   0.17)  SG Improvement:0.32313 

Goal, Curr: (-0.85,  1.18), (  0.04,  -0.77)   Error: 2.14
Last SG, Last State: ( -0.05,  -1.14), ( -0.12,  -0.84)  SG Improvement:0.05044 

Goal, Curr: (-1.04,  1.25), (  0.72,  -0.39)   Error: 2.41
Last SG, Last State: (  0.68,  -0.82), (  0.64,  -0.50)  SG Improvement:-0.07884 

Goal, Curr: (-0.80,  1.08), (  1.30,   1.02)   Error: 2.11
Last SG, Last State: (  2.00,   0.33), (  1.37,   0.87)  SG Improvement:0.67075 

Goal, Curr: (-0.98,  0.95), (  1.37,   0.70)   Error: 2.36
Last SG, Last State: (  0.74,   0.98), (  1.30,   0.65)  SG Improvement:-3.21253 

episode:00200, mean:6.08, std:0.51, median:6.11, success:0.00
Goal, Curr: (-1.08,  0.85), (  1.40,  -1.40)   Error: 3.35
Last SG, Last State: (  3.24,  -3.07), (  1.40,  -1.40)  SG Improvement:0.00183 

Goal, Curr: (-1.11,  1.10), (  1.40,  -1.40)   Error: 3.54
Last SG, Last State: (  3.27,  -3.12), (  1.40,  -1.40)  SG Improvement:0.00157 

Goal, Curr: (-0.76,  1.02), (  1.40,  -1.40)   Error: 3.24
Last SG, Last State: (  3.22,  -3.04), (  1.40,  -1.40)  SG Improvement:0.00031 

Goal, Curr: (-0.93,  1.00), (  1.40,  -1.40)   Error: 3.35
Last SG, Last State: (  3.24,  -3.07), (  1.40,  -1.40)  SG Improvement:0.00047 

Goal, Curr: (-1.22,  1.00), (  1.26,  -1.40)   Error: 3.45
Last SG, Last State: (  3.10,  -3.01), (  1.28,  -1.40)  SG Improvement:-0.02014 

Goal, Curr: (-1.22,  0.95), (  1.40,  -1.40)   Error: 3.52
Last SG, Last State: (  3.26,  -3.11), (  1.40,  -1.40)  SG Improvement:0.00168 

Goal, Curr: (-1.05,  1.00), (  1.40,  -1.40)   Error: 3.42
Last SG, Last State: (  3.25,  -3.09), (  1.40,  -1.40)  SG Improvement:0.00299 

Goal, Curr: (-0.89,  1.16), (  1.40,  -1.40)   Error: 3.44
Last SG, Last State: (  3.25,  -3.09), (  1.40,  -1.40)  SG Improvement:0.00045 

Goal, Curr: (-1.22,  0.77), (  1.40,  -1.40)   Error: 3.40
Last SG, Last State: (  3.24,  -3.08), (  1.40,  -1.40)  SG Improvement:0.00321 

Goal, Curr: (-1.04,  0.89), (  1.40,  -1.40)   Error: 3.35
Last SG, Last State: (  3.24,  -3.07), (  1.40,  -1.40)  SG Improvement:0.00238 

Goal, Curr: (-0.83,  1.02), (  1.40,  -1.40)   Error: 3.29
Last SG, Last State: (  3.23,  -3.05), (  1.40,  -1.40)  SG Improvement:0.00108 

Goal, Curr: (-0.87,  1.08), (  1.40,  -1.40)   Error: 3.36
Last SG, Last State: (  3.24,  -3.07), (  1.40,  -1.40)  SG Improvement:0.00069 

Goal, Curr: (-0.89,  1.24), (  1.40,  -1.40)   Error: 3.50
Last SG, Last State: (  3.26,  -3.11), (  1.40,  -1.40)  SG Improvement:0.00092 

Goal, Curr: (-1.12,  1.17), (  1.40,  -1.40)   Error: 3.60
Last SG, Last State: (  3.28,  -3.13), (  1.40,  -1.40)  SG Improvement:0.00092 

Goal, Curr: (-1.13,  0.76), (  1.40,  -1.40)   Error: 3.32
Last SG, Last State: (  3.23,  -3.05), (  1.40,  -1.40)  SG Improvement:0.00077 

Goal, Curr: (-1.02,  1.16), (  1.40,  -1.40)   Error: 3.52
Last SG, Last State: (  3.27,  -3.12), (  1.40,  -1.40)  SG Improvement:0.00236 

Goal, Curr: (-1.25,  1.18), (  1.40,  -1.40)   Error: 3.69
Last SG, Last State: (  3.29,  -3.15), (  1.40,  -1.40)  SG Improvement:0.00093 

Goal, Curr: (-1.22,  0.81), (  1.40,  -1.40)   Error: 3.43
Last SG, Last State: (  3.25,  -3.08), (  1.40,  -1.40)  SG Improvement:0.00124 

Goal, Curr: (-1.06,  1.13), (  1.40,  -1.40)   Error: 3.52
Last SG, Last State: (  3.27,  -3.11), (  1.40,  -1.40)  SG Improvement:0.00131 

Goal, Curr: (-1.22,  0.91), (  1.40,  -1.40)   Error: 3.50
Last SG, Last State: (  3.26,  -3.10), (  1.40,  -1.40)  SG Improvement:0.00151 

Goal, Curr: (-0.89,  0.92), (  1.40,  -1.40)   Error: 3.26
Last SG, Last State: (  3.22,  -3.04), (  1.40,  -1.40)  SG Improvement:0.00043 

Goal, Curr: (-0.87,  1.04), (  1.40,  -1.40)   Error: 3.33
Last SG, Last State: (  3.24,  -3.06), (  1.40,  -1.40)  SG Improvement:0.00117 

Goal, Curr: (-0.96,  0.78), (  1.40,  -1.40)   Error: 3.21
Last SG, Last State: (  3.21,  -3.02), (  1.40,  -1.40)  SG Improvement:0.00030 

Goal, Curr: (-1.01,  0.87), (  1.40,  -1.40)   Error: 3.31
Last SG, Last State: (  3.23,  -3.05), (  1.40,  -1.40)  SG Improvement:0.00034 

Goal, Curr: (-1.06,  0.80), (  1.40,  -1.40)   Error: 3.30
Last SG, Last State: (  3.23,  -3.05), (  1.40,  -1.40)  SG Improvement:0.00153 

Goal, Curr: (-0.87,  1.24), (  1.40,  -1.40)   Error: 3.48
Last SG, Last State: (  3.26,  -3.10), (  1.40,  -1.40)  SG Improvement:0.00044 

Goal, Curr: (-1.08,  0.76), (  1.40,  -1.40)   Error: 3.29
Last SG, Last State: (  3.22,  -3.04), (  1.40,  -1.40)  SG Improvement:0.00141 

Goal, Curr: (-1.17,  0.83), (  1.40,  -1.40)   Error: 3.40
Last SG, Last State: (  3.25,  -3.08), (  1.40,  -1.40)  SG Improvement:0.00315 

Goal, Curr: (-0.86,  1.21), (  1.40,  -1.40)   Error: 3.45
Last SG, Last State: (  3.26,  -3.10), (  1.40,  -1.40)  SG Improvement:0.00070 

Goal, Curr: (-0.76,  1.14), (  1.40,  -1.40)   Error: 3.33
Last SG, Last State: (  3.24,  -3.06), (  1.40,  -1.40)  SG Improvement:0.00105 

Goal, Curr: (-1.04,  1.23), (  1.40,  -1.40)   Error: 3.58
Last SG, Last State: (  3.28,  -3.13), (  1.40,  -1.40)  SG Improvement:0.00257 

Goal, Curr: (-1.06,  0.97), (  1.40,  -1.40)   Error: 3.41
Last SG, Last State: (  3.25,  -3.09), (  1.40,  -1.40)  SG Improvement:0.00185 

Goal, Curr: (-0.89,  0.78), (  1.40,  -1.40)   Error: 3.16
Last SG, Last State: (  3.20,  -3.01), (  1.40,  -1.40)  SG Improvement:0.00074 

Goal, Curr: (-1.15,  1.02), (  1.40,  -1.40)   Error: 3.52
Last SG, Last State: (  3.26,  -3.11), (  1.40,  -1.40)  SG Improvement:0.00048 

Goal, Curr: (-1.16,  0.99), (  1.40,  -1.40)   Error: 3.50
Last SG, Last State: (  3.26,  -3.11), (  1.40,  -1.40)  SG Improvement:0.00159 

Goal, Curr: (-1.10,  1.03), (  1.40,  -1.40)   Error: 3.49
Last SG, Last State: (  3.26,  -3.10), (  1.40,  -1.40)  SG Improvement:0.00056 

Goal, Curr: (-0.94,  1.10), (  1.40,  -1.40)   Error: 3.42
Last SG, Last State: (  3.25,  -3.09), (  1.40,  -1.40)  SG Improvement:0.00029 

Goal, Curr: (-1.00,  0.91), (  1.40,  -1.40)   Error: 3.33
Last SG, Last State: (  3.23,  -3.06), (  1.40,  -1.40)  SG Improvement:0.00088 

Goal, Curr: (-1.11,  1.09), (  1.40,  -1.40)   Error: 3.54
Last SG, Last State: (  3.27,  -3.12), (  1.40,  -1.40)  SG Improvement:0.00314 

Goal, Curr: (-1.01,  0.87), (  1.40,  -1.40)   Error: 3.31
Last SG, Last State: (  3.23,  -3.05), (  1.40,  -1.40)  SG Improvement:0.00052 

Goal, Curr: (-0.93,  1.03), (  1.40,  -1.40)   Error: 3.37
Last SG, Last State: (  3.24,  -3.07), (  1.40,  -1.40)  SG Improvement:0.00081 

Goal, Curr: (-0.76,  1.10), (  1.40,  -1.40)   Error: 3.30
Last SG, Last State: (  3.23,  -3.05), (  1.40,  -1.40)  SG Improvement:0.00033 

Goal, Curr: (-0.77,  0.84), (  1.40,  -1.40)   Error: 3.11
Last SG, Last State: (  3.19,  -2.99), (  1.40,  -1.40)  SG Improvement:0.00060 

Goal, Curr: (-1.24,  0.76), (  1.40,  -1.40)   Error: 3.40
Last SG, Last State: (  3.24,  -3.08), (  1.40,  -1.40)  SG Improvement:0.00264 

Goal, Curr: (-1.14,  1.17), (  1.40,  -1.40)   Error: 3.61
Last SG, Last State: (  3.28,  -3.13), (  1.40,  -1.40)  SG Improvement:0.00076 

Goal, Curr: (-1.18,  0.92), (  1.40,  -1.40)   Error: 3.47
Last SG, Last State: (  3.26,  -3.10), (  1.40,  -1.40)  SG Improvement:0.00077 

Goal, Curr: (-0.95,  0.99), (  1.40,  -1.40)   Error: 3.35
Last SG, Last State: (  3.24,  -3.07), (  1.40,  -1.40)  SG Improvement:0.00116 

Goal, Curr: (-0.84,  1.25), (  1.40,  -1.40)   Error: 3.47
Last SG, Last State: (  3.26,  -3.10), (  1.40,  -1.40)  SG Improvement:0.00119 

Goal, Curr: (-0.88,  0.91), (  1.40,  -1.40)   Error: 3.24
Last SG, Last State: (  3.22,  -3.04), (  1.40,  -1.40)  SG Improvement:0.00068 

Goal, Curr: (-1.19,  0.80), (  1.40,  -1.40)   Error: 3.39
Last SG, Last State: (  3.24,  -3.07), (  1.40,  -1.40)  SG Improvement:0.00117 

episode:00300, mean:7.71, std:0.46, median:7.71, success:0.00
Goal, Curr: (-1.16,  0.77), (  1.40,  -1.40)   Error: 3.35
Last SG, Last State: (  3.39,  -0.84), (  1.40,  -1.40)  SG Improvement:0.02242 

Goal, Curr: (-0.95,  0.75), (  1.39,  -1.40)   Error: 3.18
Last SG, Last State: (  3.37,  -0.69), (  1.40,  -1.40)  SG Improvement:0.04140 

Goal, Curr: (-1.17,  0.81), (  1.39,  -1.40)   Error: 3.39
Last SG, Last State: (  3.38,  -0.66), (  1.40,  -1.40)  SG Improvement:0.03024 

Goal, Curr: (-0.76,  0.82), (  1.40,  -1.40)   Error: 3.10
Last SG, Last State: (  3.34,  -0.73), (  1.40,  -1.40)  SG Improvement:-0.18515 

Goal, Curr: (-0.78,  0.88), (  1.40,  -1.40)   Error: 3.15
Last SG, Last State: (  3.31,  -1.03), (  1.40,  -1.40)  SG Improvement:-0.14012 

Goal, Curr: (-0.90,  1.11), (  1.40,  -1.40)   Error: 3.40
Last SG, Last State: (  3.38,  -0.72), (  1.40,  -1.40)  SG Improvement:0.00716 

Goal, Curr: (-1.13,  0.79), (  1.37,  -1.40)   Error: 3.32
Last SG, Last State: (  3.37,  -0.61), (  1.38,  -1.40)  SG Improvement:0.00979 

Goal, Curr: (-1.09,  1.12), (  1.40,  -1.40)   Error: 3.54
Last SG, Last State: (  3.39,  -0.83), (  1.40,  -1.40)  SG Improvement:0.00308 

Goal, Curr: (-1.00,  0.85), (  1.40,  -1.40)   Error: 3.28
Last SG, Last State: (  3.38,  -0.80), (  1.40,  -1.40)  SG Improvement:0.01473 

Goal, Curr: (-0.85,  0.99), (  1.40,  -1.40)   Error: 3.28
Last SG, Last State: (  3.38,  -0.83), (  1.40,  -1.40)  SG Improvement:0.01510 

Goal, Curr: (-0.86,  0.81), (  1.40,  -1.40)   Error: 3.16
Last SG, Last State: (  3.28,  -1.08), (  1.37,  -1.40)  SG Improvement:0.13599 

Goal, Curr: (-1.09,  0.98), (  1.40,  -1.40)   Error: 3.44
Last SG, Last State: (  3.38,  -0.70), (  1.40,  -1.40)  SG Improvement:0.01183 

Goal, Curr: (-0.90,  0.79), (  1.40,  -1.40)   Error: 3.17
Last SG, Last State: (  3.38,  -0.77), (  1.40,  -1.40)  SG Improvement:0.03439 

Goal, Curr: (-0.88,  0.83), (  1.40,  -1.40)   Error: 3.19
Last SG, Last State: (  3.32,  -1.03), (  1.40,  -1.40)  SG Improvement:-0.14409 

Goal, Curr: (-1.21,  1.24), (  1.40,  -1.40)   Error: 3.71
Last SG, Last State: (  3.39,  -0.85), (  1.40,  -1.40)  SG Improvement:-0.00015 

Goal, Curr: (-1.16,  1.03), (  1.40,  -1.40)   Error: 3.53
Last SG, Last State: (  3.39,  -0.82), (  1.40,  -1.40)  SG Improvement:0.00346 

Goal, Curr: (-0.77,  0.83), (  1.40,  -1.40)   Error: 3.10
Last SG, Last State: (  3.37,  -0.72), (  1.40,  -1.40)  SG Improvement:0.04364 

Goal, Curr: (-1.03,  1.15), (  1.40,  -1.40)   Error: 3.52
Last SG, Last State: (  3.39,  -0.83), (  1.40,  -1.40)  SG Improvement:0.00415 

Goal, Curr: (-0.85,  1.00), (  1.40,  -1.40)   Error: 3.29
Last SG, Last State: (  3.39,  -0.83), (  1.40,  -1.40)  SG Improvement:0.03807 

Goal, Curr: (-0.93,  1.07), (  1.40,  -1.40)   Error: 3.39
Last SG, Last State: (  3.39,  -0.83), (  1.40,  -1.40)  SG Improvement:0.00933 

Goal, Curr: (-1.23,  0.93), (  1.40,  -1.40)   Error: 3.51
Last SG, Last State: (  3.39,  -0.81), (  1.40,  -1.40)  SG Improvement:0.00117 

Goal, Curr: (-0.81,  0.87), (  1.39,  -1.40)   Error: 3.16
Last SG, Last State: (  3.37,  -0.68), (  1.40,  -1.40)  SG Improvement:0.03803 

Goal, Curr: (-0.96,  1.03), (  1.40,  -1.40)   Error: 3.38
Last SG, Last State: (  3.38,  -0.72), (  1.40,  -1.40)  SG Improvement:0.01325 

Goal, Curr: (-1.07,  1.21), (  1.40,  -1.40)   Error: 3.59
Last SG, Last State: (  3.39,  -0.73), (  1.40,  -1.40)  SG Improvement:-0.02140 

Goal, Curr: (-1.16,  0.82), (  1.40,  -1.40)   Error: 3.38
Last SG, Last State: (  3.38,  -0.89), (  1.40,  -1.40)  SG Improvement:0.05766 

Goal, Curr: (-0.90,  1.17), (  1.40,  -1.40)   Error: 3.45
Last SG, Last State: (  3.39,  -0.84), (  1.40,  -1.40)  SG Improvement:0.00754 

Goal, Curr: (-0.84,  1.10), (  1.40,  -1.40)   Error: 3.36
Last SG, Last State: (  3.39,  -0.83), (  1.40,  -1.40)  SG Improvement:0.00998 

Goal, Curr: (-1.00,  0.84), (  1.40,  -1.40)   Error: 3.28
Last SG, Last State: (  3.38,  -0.80), (  1.40,  -1.40)  SG Improvement:0.01759 

Goal, Curr: (-1.14,  1.20), (  1.40,  -1.40)   Error: 3.63
Last SG, Last State: (  3.39,  -0.81), (  1.40,  -1.40)  SG Improvement:-0.00571 

Goal, Curr: (-0.92,  1.10), (  1.40,  -1.40)   Error: 3.41
Last SG, Last State: (  3.39,  -0.77), (  1.40,  -1.40)  SG Improvement:-0.00703 

Goal, Curr: (-0.79,  0.88), (  1.40,  -1.40)   Error: 3.16
Last SG, Last State: (  3.31,  -1.00), (  1.40,  -1.40)  SG Improvement:0.11564 

Goal, Curr: (-0.89,  1.21), (  1.40,  -1.40)   Error: 3.47
Last SG, Last State: (  3.38,  -0.72), (  1.40,  -1.40)  SG Improvement:-0.00956 

Goal, Curr: (-1.10,  1.20), (  1.40,  -1.40)   Error: 3.60
Last SG, Last State: (  3.39,  -0.82), (  1.40,  -1.40)  SG Improvement:-0.00167 

Goal, Curr: (-1.11,  0.85), (  1.40,  -1.40)   Error: 3.36
Last SG, Last State: (  3.39,  -0.86), (  1.40,  -1.40)  SG Improvement:0.01869 

Goal, Curr: (-0.95,  1.15), (  1.40,  -1.40)   Error: 3.47
Last SG, Last State: (  3.39,  -0.82), (  1.40,  -1.40)  SG Improvement:0.00281 

Goal, Curr: (-0.76,  0.83), (  1.39,  -1.40)   Error: 3.10
Last SG, Last State: (  3.22,  -1.28), (  1.32,  -1.40)  SG Improvement:0.17569 

Goal, Curr: (-1.18,  0.79), (  1.40,  -1.40)   Error: 3.39
Last SG, Last State: (  3.34,  -1.02), (  1.40,  -1.40)  SG Improvement:-0.13734 

Goal, Curr: (-0.81,  1.06), (  1.40,  -1.40)   Error: 3.30
Last SG, Last State: (  3.38,  -0.72), (  1.40,  -1.40)  SG Improvement:0.01944 

Goal, Curr: (-1.23,  0.88), (  1.40,  -1.40)   Error: 3.48
Last SG, Last State: (  3.39,  -0.84), (  1.40,  -1.40)  SG Improvement:0.01291 

Goal, Curr: (-1.14,  1.07), (  1.40,  -1.40)   Error: 3.54
Last SG, Last State: (  3.39,  -0.84), (  1.40,  -1.40)  SG Improvement:0.00725 

Goal, Curr: (-0.93,  0.90), (  1.40,  -1.40)   Error: 3.28
Last SG, Last State: (  3.38,  -0.83), (  1.40,  -1.40)  SG Improvement:0.01498 

Goal, Curr: (-1.08,  1.05), (  1.40,  -1.40)   Error: 3.48
Last SG, Last State: (  3.39,  -0.82), (  1.40,  -1.40)  SG Improvement:0.00486 

Goal, Curr: (-1.11,  1.01), (  1.40,  -1.40)   Error: 3.48
Last SG, Last State: (  3.39,  -0.77), (  1.40,  -1.40)  SG Improvement:-0.00810 

Goal, Curr: (-0.76,  0.94), (  1.40,  -1.40)   Error: 3.19
Last SG, Last State: (  3.38,  -0.83), (  1.40,  -1.40)  SG Improvement:0.02777 

Goal, Curr: (-0.89,  0.88), (  1.40,  -1.40)   Error: 3.23
Last SG, Last State: (  3.38,  -0.82), (  1.40,  -1.40)  SG Improvement:0.03296 

Goal, Curr: (-0.82,  1.02), (  1.40,  -1.40)   Error: 3.28
Last SG, Last State: (  3.36,  -0.92), (  1.40,  -1.40)  SG Improvement:-0.13848 

Goal, Curr: (-0.80,  1.17), (  1.40,  -1.40)   Error: 3.39
Last SG, Last State: (  3.39,  -0.83), (  1.40,  -1.40)  SG Improvement:0.00592 

Goal, Curr: (-0.91,  0.93), (  1.40,  -1.40)   Error: 3.28
Last SG, Last State: (  3.38,  -0.82), (  1.40,  -1.40)  SG Improvement:0.01393 

Goal, Curr: (-1.13,  0.83), (  1.40,  -1.40)   Error: 3.37
Last SG, Last State: (  3.38,  -0.71), (  1.40,  -1.40)  SG Improvement:0.02120 

Goal, Curr: (-1.24,  0.77), (  1.40,  -1.40)   Error: 3.41
Last SG, Last State: (  3.39,  -0.79), (  1.40,  -1.40)  SG Improvement:0.00612 

episode:00400, mean:7.03, std:0.55, median:6.95, success:0.00
Goal, Curr: (-0.88,  0.94), (  1.40,  -1.40)   Error: 3.26
Last SG, Last State: (  3.40,  -1.11), (  1.40,  -1.40)  SG Improvement:0.00000 

Goal, Curr: (-1.13,  0.93), (  1.40,  -1.40)   Error: 3.43
Last SG, Last State: (  3.40,  -1.07), (  1.40,  -1.40)  SG Improvement:0.00000 

Goal, Curr: (-1.00,  0.76), (  1.40,  -1.40)   Error: 3.23
Last SG, Last State: (  3.40,  -1.14), (  1.40,  -1.40)  SG Improvement:0.00000 

Goal, Curr: (-0.78,  0.78), (  1.40,  -1.40)   Error: 3.09
Last SG, Last State: (  3.40,  -1.18), (  1.40,  -1.40)  SG Improvement:0.00000 

Goal, Curr: (-0.91,  1.13), (  1.40,  -1.40)   Error: 3.42
Last SG, Last State: (  3.40,  -1.06), (  1.40,  -1.40)  SG Improvement:0.00000 

Goal, Curr: (-0.77,  1.00), (  1.40,  -1.40)   Error: 3.23
Last SG, Last State: (  3.40,  -1.12), (  1.40,  -1.40)  SG Improvement:0.00000 

Goal, Curr: (-1.23,  1.13), (  1.40,  -1.40)   Error: 3.65
Last SG, Last State: (  3.40,  -1.00), (  1.40,  -1.40)  SG Improvement:0.00000 

Goal, Curr: (-0.88,  1.21), (  1.40,  -1.40)   Error: 3.46
Last SG, Last State: (  3.40,  -1.04), (  1.40,  -1.40)  SG Improvement:0.00000 

Goal, Curr: (-1.19,  1.06), (  1.40,  -1.40)   Error: 3.57
Last SG, Last State: (  3.40,  -1.02), (  1.40,  -1.40)  SG Improvement:0.00000 

Goal, Curr: (-0.85,  1.15), (  1.40,  -1.40)   Error: 3.40
Last SG, Last State: (  3.40,  -1.06), (  1.40,  -1.40)  SG Improvement:0.00000 

Goal, Curr: (-1.23,  0.93), (  1.40,  -1.40)   Error: 3.51
Last SG, Last State: (  3.40,  -1.05), (  1.40,  -1.40)  SG Improvement:0.00000 

Goal, Curr: (-0.78,  0.90), (  1.40,  -1.40)   Error: 3.17
Last SG, Last State: (  3.40,  -1.14), (  1.40,  -1.40)  SG Improvement:0.00000 

Goal, Curr: (-1.19,  0.84), (  1.40,  -1.40)   Error: 3.43
Last SG, Last State: (  3.40,  -1.08), (  1.40,  -1.40)  SG Improvement:0.00000 

Goal, Curr: (-0.80,  1.03), (  1.40,  -1.40)   Error: 3.28
Last SG, Last State: (  3.40,  -1.10), (  1.40,  -1.40)  SG Improvement:0.00000 

Goal, Curr: (-0.84,  1.25), (  1.40,  -1.40)   Error: 3.46
Last SG, Last State: (  3.40,  -1.04), (  1.40,  -1.40)  SG Improvement:0.00000 

Goal, Curr: (-1.09,  0.90), (  1.40,  -1.40)   Error: 3.39
Last SG, Last State: (  3.40,  -1.09), (  1.40,  -1.40)  SG Improvement:0.00000 

Goal, Curr: (-1.18,  0.91), (  1.40,  -1.40)   Error: 3.46
Last SG, Last State: (  3.40,  -1.07), (  1.40,  -1.40)  SG Improvement:0.00000 

Goal, Curr: (-0.77,  0.75), (  1.40,  -1.40)   Error: 3.06
Last SG, Last State: (  3.40,  -1.19), (  1.40,  -1.40)  SG Improvement:0.00000 

Goal, Curr: (-1.12,  1.21), (  1.40,  -1.40)   Error: 3.62
Last SG, Last State: (  3.40,  -1.00), (  1.40,  -1.40)  SG Improvement:0.00000 

Goal, Curr: (-1.04,  1.21), (  1.40,  -1.40)   Error: 3.57
Last SG, Last State: (  3.40,  -1.01), (  1.40,  -1.40)  SG Improvement:-0.00000 

Goal, Curr: (-0.84,  1.02), (  1.40,  -1.40)   Error: 3.30
Last SG, Last State: (  3.40,  -1.10), (  1.40,  -1.40)  SG Improvement:0.00000 

Goal, Curr: (-0.97,  0.95), (  1.40,  -1.40)   Error: 3.33
Last SG, Last State: (  3.40,  -1.10), (  1.40,  -1.40)  SG Improvement:0.00000 

Goal, Curr: (-1.07,  0.77), (  1.40,  -1.40)   Error: 3.28
Last SG, Last State: (  3.40,  -1.13), (  1.40,  -1.40)  SG Improvement:0.00000 

Goal, Curr: (-1.08,  0.75), (  1.40,  -1.40)   Error: 3.28
Last SG, Last State: (  3.40,  -1.13), (  1.40,  -1.40)  SG Improvement:0.00000 

Goal, Curr: (-1.08,  1.24), (  1.40,  -1.40)   Error: 3.62
Last SG, Last State: (  3.40,  -1.00), (  1.40,  -1.40)  SG Improvement:-0.00000 

Goal, Curr: (-1.02,  0.99), (  1.40,  -1.40)   Error: 3.40
Last SG, Last State: (  3.40,  -1.07), (  1.40,  -1.40)  SG Improvement:-0.00000 

Goal, Curr: (-0.89,  1.20), (  1.40,  -1.40)   Error: 3.47
Last SG, Last State: (  3.40,  -1.04), (  1.40,  -1.40)  SG Improvement:0.00000 

Goal, Curr: (-1.14,  1.15), (  1.40,  -1.40)   Error: 3.60
Last SG, Last State: (  3.40,  -1.01), (  1.40,  -1.40)  SG Improvement:-0.00000 

Goal, Curr: (-0.96,  1.16), (  1.40,  -1.40)   Error: 3.48
Last SG, Last State: (  3.40,  -1.04), (  1.40,  -1.40)  SG Improvement:-0.00000 

Goal, Curr: (-1.09,  1.09), (  1.40,  -1.40)   Error: 3.52
Last SG, Last State: (  3.40,  -1.04), (  1.40,  -1.40)  SG Improvement:0.00000 

Goal, Curr: (-1.16,  0.97), (  1.40,  -1.40)   Error: 3.48
Last SG, Last State: (  3.40,  -1.06), (  1.40,  -1.40)  SG Improvement:0.00000 

Goal, Curr: (-1.05,  0.80), (  1.40,  -1.40)   Error: 3.30
Last SG, Last State: (  3.40,  -1.12), (  1.40,  -1.40)  SG Improvement:0.00000 

Goal, Curr: (-0.96,  1.03), (  1.40,  -1.40)   Error: 3.38
Last SG, Last State: (  3.40,  -1.08), (  1.40,  -1.40)  SG Improvement:0.00000 

Goal, Curr: (-1.05,  1.15), (  1.40,  -1.40)   Error: 3.53
Last SG, Last State: (  3.40,  -1.03), (  1.40,  -1.40)  SG Improvement:0.00000 

Goal, Curr: (-1.09,  1.08), (  1.40,  -1.40)   Error: 3.51
Last SG, Last State: (  3.40,  -1.04), (  1.40,  -1.40)  SG Improvement:-0.00000 

Goal, Curr: (-1.07,  0.94), (  1.40,  -1.40)   Error: 3.40
Last SG, Last State: (  3.40,  -1.08), (  1.40,  -1.40)  SG Improvement:0.00000 

Goal, Curr: (-0.91,  1.07), (  1.40,  -1.40)   Error: 3.38
Last SG, Last State: (  3.40,  -1.07), (  1.40,  -1.40)  SG Improvement:-0.00000 

Goal, Curr: (-1.24,  1.01), (  1.40,  -1.40)   Error: 3.57
Last SG, Last State: (  3.40,  -1.03), (  1.40,  -1.40)  SG Improvement:0.00000 

Goal, Curr: (-1.17,  0.88), (  1.40,  -1.40)   Error: 3.44
Last SG, Last State: (  3.40,  -1.08), (  1.40,  -1.40)  SG Improvement:0.00000 

Goal, Curr: (-0.77,  1.19), (  1.40,  -1.40)   Error: 3.38
Last SG, Last State: (  3.40,  -1.06), (  1.40,  -1.40)  SG Improvement:0.00000 

Goal, Curr: (-1.06,  0.94), (  1.40,  -1.40)   Error: 3.39
Last SG, Last State: (  3.40,  -1.08), (  1.40,  -1.40)  SG Improvement:-0.00000 

Goal, Curr: (-0.88,  1.22), (  1.40,  -1.40)   Error: 3.48
Last SG, Last State: (  3.40,  -1.03), (  1.40,  -1.40)  SG Improvement:0.00000 

Goal, Curr: (-1.09,  1.20), (  1.40,  -1.40)   Error: 3.60
Last SG, Last State: (  3.40,  -1.00), (  1.40,  -1.40)  SG Improvement:0.00000 

Goal, Curr: (-1.19,  1.21), (  1.40,  -1.40)   Error: 3.67
Last SG, Last State: (  3.40,  -0.99), (  1.40,  -1.40)  SG Improvement:0.00000 

Goal, Curr: (-0.90,  0.98), (  1.40,  -1.40)   Error: 3.31
Last SG, Last State: (  3.40,  -1.10), (  1.40,  -1.40)  SG Improvement:-0.00000 

Goal, Curr: (-0.79,  1.11), (  1.40,  -1.40)   Error: 3.33
Last SG, Last State: (  3.40,  -1.08), (  1.40,  -1.40)  SG Improvement:0.00000 

Goal, Curr: (-1.02,  1.00), (  1.40,  -1.40)   Error: 3.41
Last SG, Last State: (  3.40,  -1.07), (  1.40,  -1.40)  SG Improvement:0.00000 

Goal, Curr: (-1.06,  1.10), (  1.40,  -1.40)   Error: 3.51
Last SG, Last State: (  3.40,  -1.04), (  1.40,  -1.40)  SG Improvement:-0.00000 

Goal, Curr: (-0.92,  0.85), (  1.40,  -1.40)   Error: 3.23
Last SG, Last State: (  3.40,  -1.13), (  1.40,  -1.40)  SG Improvement:0.00000 

Goal, Curr: (-0.78,  1.02), (  1.40,  -1.40)   Error: 3.25
Last SG, Last State: (  3.40,  -1.11), (  1.40,  -1.40)  SG Improvement:0.00000 

episode:00500, mean:7.85, std:0.47, median:7.85, success:0.00
Goal, Curr: (-1.04,  0.94), (  1.40,  -1.40)   Error: 3.37
Last SG, Last State: (  3.40,  -3.27), (  1.40,  -1.40)  SG Improvement:0.00000 

Goal, Curr: (-1.05,  0.82), (  1.40,  -1.40)   Error: 3.30
Last SG, Last State: (  3.40,  -3.26), (  1.40,  -1.40)  SG Improvement:0.00000 

Goal, Curr: (-0.94,  1.08), (  1.40,  -1.40)   Error: 3.41
Last SG, Last State: (  3.40,  -3.27), (  1.40,  -1.40)  SG Improvement:0.00000 

Goal, Curr: (-1.11,  0.75), (  1.40,  -1.40)   Error: 3.30
Last SG, Last State: (  3.40,  -3.27), (  1.40,  -1.40)  SG Improvement:0.00000 

Goal, Curr: (-1.06,  1.20), (  1.40,  -1.40)   Error: 3.58
Last SG, Last State: (  3.40,  -3.28), (  1.40,  -1.40)  SG Improvement:0.00000 

Goal, Curr: (-1.19,  1.16), (  1.40,  -1.40)   Error: 3.64
Last SG, Last State: (  3.40,  -3.28), (  1.40,  -1.40)  SG Improvement:0.00000 

Goal, Curr: (-1.15,  1.05), (  1.40,  -1.40)   Error: 3.53
Last SG, Last State: (  3.40,  -3.28), (  1.40,  -1.40)  SG Improvement:0.00000 

Goal, Curr: (-1.04,  0.87), (  1.40,  -1.40)   Error: 3.33
Last SG, Last State: (  3.40,  -3.27), (  1.40,  -1.40)  SG Improvement:0.00000 

Goal, Curr: (-1.24,  1.10), (  1.40,  -1.40)   Error: 3.63
Last SG, Last State: (  3.40,  -3.28), (  1.40,  -1.40)  SG Improvement:-0.00000 

Goal, Curr: (-1.13,  1.23), (  1.40,  -1.40)   Error: 3.65
Last SG, Last State: (  3.40,  -3.28), (  1.40,  -1.40)  SG Improvement:-0.00000 

Goal, Curr: (-0.97,  1.00), (  1.40,  -1.40)   Error: 3.38
Last SG, Last State: (  3.40,  -3.27), (  1.40,  -1.40)  SG Improvement:0.00000 

Goal, Curr: (-0.76,  0.95), (  1.40,  -1.40)   Error: 3.19
Last SG, Last State: (  3.40,  -3.25), (  1.40,  -1.40)  SG Improvement:0.00000 

Goal, Curr: (-1.24,  0.88), (  1.40,  -1.40)   Error: 3.49
Last SG, Last State: (  3.40,  -3.28), (  1.40,  -1.40)  SG Improvement:-0.00000 

Goal, Curr: (-1.10,  1.05), (  1.40,  -1.40)   Error: 3.50
Last SG, Last State: (  3.40,  -3.28), (  1.40,  -1.40)  SG Improvement:0.00000 

Goal, Curr: (-1.14,  0.84), (  1.40,  -1.40)   Error: 3.38
Last SG, Last State: (  3.40,  -3.27), (  1.40,  -1.40)  SG Improvement:-0.00000 

Goal, Curr: (-1.13,  1.02), (  1.40,  -1.40)   Error: 3.50
Last SG, Last State: (  3.40,  -3.28), (  1.40,  -1.40)  SG Improvement:0.00000 

Goal, Curr: (-1.06,  1.20), (  1.40,  -1.40)   Error: 3.58
Last SG, Last State: (  3.40,  -3.28), (  1.40,  -1.40)  SG Improvement:0.00000 

Goal, Curr: (-1.21,  1.01), (  1.40,  -1.40)   Error: 3.55
Last SG, Last State: (  3.40,  -3.28), (  1.40,  -1.40)  SG Improvement:0.00000 

Goal, Curr: (-1.11,  1.19), (  1.40,  -1.40)   Error: 3.60
Last SG, Last State: (  3.40,  -3.28), (  1.40,  -1.40)  SG Improvement:0.00000 

Goal, Curr: (-1.09,  0.79), (  1.40,  -1.40)   Error: 3.32
Last SG, Last State: (  3.40,  -3.27), (  1.40,  -1.40)  SG Improvement:0.00000 

Goal, Curr: (-1.23,  1.04), (  1.40,  -1.40)   Error: 3.59
Last SG, Last State: (  3.40,  -3.28), (  1.40,  -1.40)  SG Improvement:-0.00000 

Goal, Curr: (-0.99,  0.98), (  1.40,  -1.40)   Error: 3.37
Last SG, Last State: (  3.40,  -3.27), (  1.40,  -1.40)  SG Improvement:0.00000 

Goal, Curr: (-1.13,  0.95), (  1.40,  -1.40)   Error: 3.45
Last SG, Last State: (  3.40,  -3.27), (  1.40,  -1.40)  SG Improvement:-0.00000 

Goal, Curr: (-0.90,  1.14), (  1.40,  -1.40)   Error: 3.42
Last SG, Last State: (  3.40,  -3.27), (  1.40,  -1.40)  SG Improvement:-0.00000 

Goal, Curr: (-0.81,  0.86), (  1.40,  -1.40)   Error: 3.16
Last SG, Last State: (  3.40,  -3.25), (  1.40,  -1.40)  SG Improvement:0.00000 

Goal, Curr: (-0.88,  0.90), (  1.40,  -1.40)   Error: 3.24
Last SG, Last State: (  3.40,  -3.26), (  1.40,  -1.40)  SG Improvement:0.00000 

Goal, Curr: (-1.15,  0.89), (  1.40,  -1.40)   Error: 3.43
Last SG, Last State: (  3.40,  -3.27), (  1.40,  -1.40)  SG Improvement:0.00000 

Goal, Curr: (-1.18,  0.97), (  1.40,  -1.40)   Error: 3.50
Last SG, Last State: (  3.40,  -3.28), (  1.40,  -1.40)  SG Improvement:0.00000 

Goal, Curr: (-1.07,  0.85), (  1.40,  -1.40)   Error: 3.34
Last SG, Last State: (  3.40,  -3.27), (  1.40,  -1.40)  SG Improvement:0.00000 

Goal, Curr: (-1.10,  0.78), (  1.40,  -1.40)   Error: 3.32
Last SG, Last State: (  3.40,  -3.27), (  1.40,  -1.40)  SG Improvement:0.00000 

Goal, Curr: (-0.81,  1.09), (  1.40,  -1.40)   Error: 3.32
Last SG, Last State: (  3.40,  -3.26), (  1.40,  -1.40)  SG Improvement:0.00000 

Goal, Curr: (-1.06,  0.76), (  1.40,  -1.40)   Error: 3.27
Last SG, Last State: (  3.40,  -3.26), (  1.40,  -1.40)  SG Improvement:0.00000 

Goal, Curr: (-1.08,  0.91), (  1.40,  -1.40)   Error: 3.39
Last SG, Last State: (  3.40,  -3.27), (  1.40,  -1.40)  SG Improvement:0.00000 

Goal, Curr: (-0.77,  0.80), (  1.40,  -1.40)   Error: 3.09
Last SG, Last State: (  3.40,  -3.24), (  1.40,  -1.40)  SG Improvement:0.00000 

Goal, Curr: (-0.87,  0.94), (  1.40,  -1.40)   Error: 3.26
Last SG, Last State: (  3.40,  -3.26), (  1.40,  -1.40)  SG Improvement:0.00000 

Goal, Curr: (-1.15,  0.93), (  1.40,  -1.40)   Error: 3.45
Last SG, Last State: (  3.40,  -3.27), (  1.40,  -1.40)  SG Improvement:-0.00000 

Goal, Curr: (-0.76,  0.88), (  1.40,  -1.40)   Error: 3.14
Last SG, Last State: (  3.40,  -3.25), (  1.40,  -1.40)  SG Improvement:0.00000 

Goal, Curr: (-1.18,  1.15), (  1.40,  -1.40)   Error: 3.63
Last SG, Last State: (  3.40,  -3.28), (  1.40,  -1.40)  SG Improvement:-0.00000 

Goal, Curr: (-0.86,  0.97), (  1.40,  -1.40)   Error: 3.27
Last SG, Last State: (  3.40,  -3.26), (  1.40,  -1.40)  SG Improvement:-0.00000 

Goal, Curr: (-0.86,  0.84), (  1.40,  -1.40)   Error: 3.18
Last SG, Last State: (  3.40,  -3.25), (  1.40,  -1.40)  SG Improvement:0.00000 

Goal, Curr: (-0.94,  1.19), (  1.40,  -1.40)   Error: 3.49
Last SG, Last State: (  3.40,  -3.27), (  1.40,  -1.40)  SG Improvement:0.00000 

Goal, Curr: (-1.06,  1.24), (  1.40,  -1.40)   Error: 3.61
Last SG, Last State: (  3.40,  -3.28), (  1.40,  -1.40)  SG Improvement:-0.00000 

Goal, Curr: (-0.77,  0.86), (  1.40,  -1.40)   Error: 3.13
Last SG, Last State: (  3.40,  -3.25), (  1.40,  -1.40)  SG Improvement:0.00000 

Goal, Curr: (-1.16,  0.99), (  1.40,  -1.40)   Error: 3.50
Last SG, Last State: (  3.40,  -3.28), (  1.40,  -1.40)  SG Improvement:-0.00000 

Goal, Curr: (-0.79,  0.90), (  1.40,  -1.40)   Error: 3.18
Last SG, Last State: (  3.40,  -3.25), (  1.40,  -1.40)  SG Improvement:0.00000 

Goal, Curr: (-0.81,  1.09), (  1.40,  -1.40)   Error: 3.33
Last SG, Last State: (  3.40,  -3.26), (  1.40,  -1.40)  SG Improvement:0.00000 

Goal, Curr: (-0.90,  0.94), (  1.40,  -1.40)   Error: 3.28
Last SG, Last State: (  3.40,  -3.26), (  1.40,  -1.40)  SG Improvement:0.00000 

Goal, Curr: (-1.19,  1.11), (  1.40,  -1.40)   Error: 3.61
Last SG, Last State: (  3.40,  -3.28), (  1.40,  -1.40)  SG Improvement:-0.00000 

Goal, Curr: (-1.04,  1.22), (  1.40,  -1.40)   Error: 3.58
Last SG, Last State: (  3.40,  -3.28), (  1.40,  -1.40)  SG Improvement:0.00000 

Goal, Curr: (-1.11,  0.96), (  1.40,  -1.40)   Error: 3.44
Last SG, Last State: (  3.40,  -3.27), (  1.40,  -1.40)  SG Improvement:0.00000 

episode:00600, mean:7.81, std:0.48, median:7.80, success:0.00
Goal, Curr: (-1.01,  0.97), (  1.40,  -1.40)   Error: 3.38
Last SG, Last State: (  3.40,  -3.37), (  1.40,  -1.40)  SG Improvement:0.00000 

Goal, Curr: (-1.10,  0.86), (  1.40,  -1.40)   Error: 3.37
Last SG, Last State: (  3.40,  -3.37), (  1.40,  -1.40)  SG Improvement:-0.00000 

Goal, Curr: (-0.81,  0.79), (  1.40,  -1.40)   Error: 3.11
Last SG, Last State: (  3.40,  -3.37), (  1.40,  -1.40)  SG Improvement:-0.00000 

Goal, Curr: (-1.03,  1.22), (  1.40,  -1.40)   Error: 3.57
Last SG, Last State: (  3.40,  -3.38), (  1.40,  -1.40)  SG Improvement:0.00000 

Goal, Curr: (-1.12,  0.94), (  1.40,  -1.40)   Error: 3.44
Last SG, Last State: (  3.40,  -3.38), (  1.40,  -1.40)  SG Improvement:0.00000 

Goal, Curr: (-1.18,  1.02), (  1.40,  -1.40)   Error: 3.53
Last SG, Last State: (  3.40,  -3.38), (  1.40,  -1.40)  SG Improvement:0.00000 

Goal, Curr: (-0.80,  1.18), (  1.40,  -1.40)   Error: 3.39
Last SG, Last State: (  3.40,  -3.37), (  1.40,  -1.40)  SG Improvement:0.00000 

Goal, Curr: (-1.11,  1.18), (  1.40,  -1.40)   Error: 3.60
Last SG, Last State: (  3.40,  -3.38), (  1.40,  -1.40)  SG Improvement:-0.00000 

Goal, Curr: (-0.92,  1.20), (  1.40,  -1.40)   Error: 3.48
Last SG, Last State: (  3.40,  -3.37), (  1.40,  -1.40)  SG Improvement:0.00000 

Goal, Curr: (-0.77,  0.95), (  1.40,  -1.40)   Error: 3.20
Last SG, Last State: (  3.40,  -3.37), (  1.40,  -1.40)  SG Improvement:0.00000 

Goal, Curr: (-1.04,  1.10), (  1.40,  -1.40)   Error: 3.49
Last SG, Last State: (  3.40,  -3.38), (  1.40,  -1.40)  SG Improvement:-0.00000 

Goal, Curr: (-1.09,  0.87), (  1.40,  -1.40)   Error: 3.37
Last SG, Last State: (  3.40,  -3.37), (  1.40,  -1.40)  SG Improvement:0.00000 

Goal, Curr: (-0.85,  1.10), (  1.40,  -1.40)   Error: 3.36
Last SG, Last State: (  3.40,  -3.37), (  1.40,  -1.40)  SG Improvement:-0.00000 

Goal, Curr: (-0.83,  1.22), (  1.40,  -1.40)   Error: 3.44
Last SG, Last State: (  3.40,  -3.37), (  1.40,  -1.40)  SG Improvement:-0.00000 

Goal, Curr: (-0.92,  1.25), (  1.40,  -1.40)   Error: 3.52
Last SG, Last State: (  3.40,  -3.37), (  1.40,  -1.40)  SG Improvement:0.00000 

Goal, Curr: (-1.02,  1.05), (  1.40,  -1.40)   Error: 3.45
Last SG, Last State: (  3.40,  -3.37), (  1.40,  -1.40)  SG Improvement:0.00000 

Goal, Curr: (-1.03,  1.03), (  1.40,  -1.40)   Error: 3.43
Last SG, Last State: (  3.40,  -3.37), (  1.40,  -1.40)  SG Improvement:0.00000 

Goal, Curr: (-0.88,  1.02), (  1.40,  -1.40)   Error: 3.32
Last SG, Last State: (  3.40,  -3.37), (  1.40,  -1.40)  SG Improvement:0.00000 

Goal, Curr: (-0.96,  0.93), (  1.40,  -1.40)   Error: 3.31
Last SG, Last State: (  3.40,  -3.37), (  1.40,  -1.40)  SG Improvement:-0.00000 

Goal, Curr: (-1.18,  1.14), (  1.40,  -1.40)   Error: 3.61
Last SG, Last State: (  3.40,  -3.38), (  1.40,  -1.40)  SG Improvement:-0.00000 

Goal, Curr: (-0.92,  0.91), (  1.40,  -1.40)   Error: 3.27
Last SG, Last State: (  3.40,  -3.37), (  1.40,  -1.40)  SG Improvement:0.00000 

Goal, Curr: (-1.17,  1.09), (  1.40,  -1.40)   Error: 3.58
Last SG, Last State: (  3.40,  -3.38), (  1.40,  -1.40)  SG Improvement:-0.00000 

Goal, Curr: (-0.85,  0.87), (  1.40,  -1.40)   Error: 3.19
Last SG, Last State: (  3.40,  -3.37), (  1.40,  -1.40)  SG Improvement:0.00000 

Goal, Curr: (-0.76,  0.90), (  1.40,  -1.40)   Error: 3.15
Last SG, Last State: (  3.40,  -3.37), (  1.40,  -1.40)  SG Improvement:0.00000 

Goal, Curr: (-1.04,  1.14), (  1.40,  -1.40)   Error: 3.52
Last SG, Last State: (  3.40,  -3.38), (  1.40,  -1.40)  SG Improvement:0.00000 

Goal, Curr: (-1.23,  0.89), (  1.40,  -1.40)   Error: 3.49
Last SG, Last State: (  3.40,  -3.38), (  1.40,  -1.40)  SG Improvement:-0.00000 

Goal, Curr: (-0.88,  0.90), (  1.40,  -1.40)   Error: 3.24
Last SG, Last State: (  3.40,  -3.37), (  1.40,  -1.40)  SG Improvement:0.00000 

Goal, Curr: (-1.25,  0.78), (  1.40,  -1.40)   Error: 3.43
Last SG, Last State: (  3.40,  -3.38), (  1.40,  -1.40)  SG Improvement:0.00000 

Goal, Curr: (-1.02,  0.85), (  1.40,  -1.40)   Error: 3.30
Last SG, Last State: (  3.40,  -3.37), (  1.40,  -1.40)  SG Improvement:0.00000 

Goal, Curr: (-1.06,  1.20), (  1.40,  -1.40)   Error: 3.58
Last SG, Last State: (  3.40,  -3.38), (  1.40,  -1.40)  SG Improvement:0.00000 

Goal, Curr: (-1.20,  0.91), (  1.40,  -1.40)   Error: 3.48
Last SG, Last State: (  3.40,  -3.38), (  1.40,  -1.40)  SG Improvement:0.00000 

Goal, Curr: (-1.18,  1.01), (  1.40,  -1.40)   Error: 3.53
Last SG, Last State: (  3.40,  -3.38), (  1.40,  -1.40)  SG Improvement:0.00000 

Goal, Curr: (-0.98,  1.00), (  1.40,  -1.40)   Error: 3.38
Last SG, Last State: (  3.40,  -3.37), (  1.40,  -1.40)  SG Improvement:-0.00000 

Goal, Curr: (-0.80,  0.90), (  1.40,  -1.40)   Error: 3.18
Last SG, Last State: (  3.40,  -3.37), (  1.40,  -1.40)  SG Improvement:0.00000 

Goal, Curr: (-0.81,  1.06), (  1.40,  -1.40)   Error: 3.30
Last SG, Last State: (  3.40,  -3.37), (  1.40,  -1.40)  SG Improvement:0.00000 

Goal, Curr: (-0.87,  0.86), (  1.40,  -1.40)   Error: 3.20
Last SG, Last State: (  3.40,  -3.37), (  1.40,  -1.40)  SG Improvement:0.00000 

Goal, Curr: (-1.22,  0.82), (  1.40,  -1.40)   Error: 3.43
Last SG, Last State: (  3.40,  -3.38), (  1.40,  -1.40)  SG Improvement:0.00000 

Goal, Curr: (-1.03,  1.11), (  1.40,  -1.40)   Error: 3.50
Last SG, Last State: (  3.40,  -3.38), (  1.40,  -1.40)  SG Improvement:-0.00000 

Goal, Curr: (-1.05,  1.07), (  1.40,  -1.40)   Error: 3.47
Last SG, Last State: (  3.40,  -3.37), (  1.40,  -1.40)  SG Improvement:0.00000 

Goal, Curr: (-0.96,  1.19), (  1.40,  -1.40)   Error: 3.50
Last SG, Last State: (  3.40,  -3.37), (  1.40,  -1.40)  SG Improvement:0.00000 

Goal, Curr: (-1.23,  1.00), (  1.40,  -1.40)   Error: 3.56
Last SG, Last State: (  3.40,  -3.38), (  1.40,  -1.40)  SG Improvement:0.00000 

Goal, Curr: (-0.92,  0.86), (  1.40,  -1.40)   Error: 3.24
Last SG, Last State: (  3.40,  -3.37), (  1.40,  -1.40)  SG Improvement:0.00000 

Goal, Curr: (-0.90,  1.17), (  1.40,  -1.40)   Error: 3.44
Last SG, Last State: (  3.40,  -3.37), (  1.40,  -1.40)  SG Improvement:0.00000 

Goal, Curr: (-0.91,  0.85), (  1.40,  -1.40)   Error: 3.22
Last SG, Last State: (  3.40,  -3.37), (  1.40,  -1.40)  SG Improvement:0.00000 

Goal, Curr: (-1.07,  0.83), (  1.40,  -1.40)   Error: 3.32
Last SG, Last State: (  3.40,  -3.37), (  1.40,  -1.40)  SG Improvement:0.00000 

Goal, Curr: (-1.14,  1.01), (  1.40,  -1.40)   Error: 3.49
Last SG, Last State: (  3.40,  -3.38), (  1.40,  -1.40)  SG Improvement:0.00000 

Goal, Curr: (-0.88,  0.76), (  1.40,  -1.40)   Error: 3.13
Last SG, Last State: (  3.40,  -3.37), (  1.40,  -1.40)  SG Improvement:-0.00000 

Goal, Curr: (-1.12,  1.19), (  1.40,  -1.40)   Error: 3.61
Last SG, Last State: (  3.40,  -3.38), (  1.40,  -1.40)  SG Improvement:0.00000 

Goal, Curr: (-1.18,  1.12), (  1.40,  -1.40)   Error: 3.61
Last SG, Last State: (  3.40,  -3.38), (  1.40,  -1.40)  SG Improvement:0.00000 

Goal, Curr: (-1.12,  0.80), (  1.40,  -1.40)   Error: 3.34
Last SG, Last State: (  3.40,  -3.37), (  1.40,  -1.40)  SG Improvement:0.00000 

episode:00700, mean:7.84, std:0.48, median:7.87, success:0.00
Goal, Curr: (-0.78,  0.91), (  1.40,  -1.40)   Error: 3.17
Last SG, Last State: (  3.40,  -3.39), (  1.40,  -1.40)  SG Improvement:0.00000 

Goal, Curr: (-1.18,  0.87), (  1.40,  -1.40)   Error: 3.44
Last SG, Last State: (  3.40,  -3.39), (  1.40,  -1.40)  SG Improvement:0.00000 

Goal, Curr: (-0.76,  1.10), (  1.40,  -1.40)   Error: 3.30
Last SG, Last State: (  3.40,  -3.39), (  1.40,  -1.40)  SG Improvement:0.00000 

Goal, Curr: (-1.10,  0.80), (  1.40,  -1.40)   Error: 3.33
Last SG, Last State: (  3.40,  -3.39), (  1.40,  -1.40)  SG Improvement:0.00000 

Goal, Curr: (-1.17,  0.81), (  1.40,  -1.40)   Error: 3.38
Last SG, Last State: (  3.40,  -3.39), (  1.40,  -1.40)  SG Improvement:0.00000 

Goal, Curr: (-1.00,  0.80), (  1.40,  -1.40)   Error: 3.25
Last SG, Last State: (  3.40,  -3.39), (  1.40,  -1.40)  SG Improvement:0.00000 

Goal, Curr: (-1.23,  1.04), (  1.40,  -1.40)   Error: 3.58
Last SG, Last State: (  3.40,  -3.39), (  1.40,  -1.40)  SG Improvement:0.00000 

Goal, Curr: (-0.92,  1.08), (  1.40,  -1.40)   Error: 3.39
Last SG, Last State: (  3.40,  -3.39), (  1.40,  -1.40)  SG Improvement:0.00000 

Goal, Curr: (-1.23,  0.98), (  1.40,  -1.40)   Error: 3.55
Last SG, Last State: (  3.40,  -3.39), (  1.40,  -1.40)  SG Improvement:0.00000 

Goal, Curr: (-0.82,  1.14), (  1.40,  -1.40)   Error: 3.37
Last SG, Last State: (  3.40,  -3.39), (  1.40,  -1.40)  SG Improvement:0.00000 

Goal, Curr: (-0.93,  1.24), (  1.40,  -1.40)   Error: 3.52
Last SG, Last State: (  3.40,  -3.39), (  1.40,  -1.40)  SG Improvement:0.00000 

Goal, Curr: (-0.83,  0.83), (  1.40,  -1.40)   Error: 3.15
Last SG, Last State: (  3.40,  -3.39), (  1.40,  -1.40)  SG Improvement:0.00000 

Goal, Curr: (-0.78,  1.12), (  1.40,  -1.40)   Error: 3.33
Last SG, Last State: (  3.40,  -3.39), (  1.40,  -1.40)  SG Improvement:0.00000 

Goal, Curr: (-1.16,  1.06), (  1.40,  -1.40)   Error: 3.55
Last SG, Last State: (  3.40,  -3.39), (  1.40,  -1.40)  SG Improvement:0.00000 

Goal, Curr: (-1.08,  1.09), (  1.40,  -1.40)   Error: 3.51
Last SG, Last State: (  3.40,  -3.39), (  1.40,  -1.40)  SG Improvement:0.00000 

Goal, Curr: (-1.24,  0.81), (  1.40,  -1.40)   Error: 3.44
Last SG, Last State: (  3.40,  -3.39), (  1.40,  -1.40)  SG Improvement:0.00000 

Goal, Curr: (-1.00,  0.95), (  1.40,  -1.40)   Error: 3.36
Last SG, Last State: (  3.40,  -3.39), (  1.40,  -1.40)  SG Improvement:0.00000 

Goal, Curr: (-1.01,  1.16), (  1.40,  -1.40)   Error: 3.52
Last SG, Last State: (  3.40,  -3.39), (  1.40,  -1.40)  SG Improvement:0.00000 

Goal, Curr: (-1.20,  0.93), (  1.40,  -1.40)   Error: 3.49
Last SG, Last State: (  3.40,  -3.39), (  1.40,  -1.40)  SG Improvement:0.00000 

Goal, Curr: (-1.05,  1.01), (  1.40,  -1.40)   Error: 3.43
Last SG, Last State: (  3.40,  -3.39), (  1.40,  -1.40)  SG Improvement:0.00000 

Goal, Curr: (-0.85,  1.08), (  1.40,  -1.40)   Error: 3.34
Last SG, Last State: (  3.40,  -3.39), (  1.40,  -1.40)  SG Improvement:0.00000 

Goal, Curr: (-1.07,  1.06), (  1.40,  -1.40)   Error: 3.48
Last SG, Last State: (  3.40,  -3.39), (  1.40,  -1.40)  SG Improvement:0.00000 

Goal, Curr: (-0.86,  0.76), (  1.40,  -1.40)   Error: 3.12
Last SG, Last State: (  3.40,  -3.39), (  1.40,  -1.40)  SG Improvement:0.00000 

Goal, Curr: (-0.94,  0.93), (  1.40,  -1.40)   Error: 3.30
Last SG, Last State: (  3.40,  -3.39), (  1.40,  -1.40)  SG Improvement:0.00000 

Goal, Curr: (-1.14,  1.17), (  1.40,  -1.40)   Error: 3.61
Last SG, Last State: (  3.40,  -3.39), (  1.40,  -1.40)  SG Improvement:0.00000 

Goal, Curr: (-1.14,  0.82), (  1.40,  -1.40)   Error: 3.37
Last SG, Last State: (  3.40,  -3.39), (  1.40,  -1.40)  SG Improvement:0.00000 

Goal, Curr: (-1.14,  1.23), (  1.40,  -1.40)   Error: 3.65
Last SG, Last State: (  3.40,  -3.39), (  1.40,  -1.40)  SG Improvement:0.00000 

Goal, Curr: (-1.10,  1.07), (  1.40,  -1.40)   Error: 3.51
Last SG, Last State: (  3.40,  -3.39), (  1.40,  -1.40)  SG Improvement:0.00000 

Goal, Curr: (-0.86,  0.87), (  1.40,  -1.40)   Error: 3.20
Last SG, Last State: (  3.40,  -3.39), (  1.40,  -1.40)  SG Improvement:0.00000 

Goal, Curr: (-1.00,  0.81), (  1.40,  -1.40)   Error: 3.26
Last SG, Last State: (  3.40,  -3.39), (  1.40,  -1.40)  SG Improvement:0.00000 

Goal, Curr: (-0.85,  0.84), (  1.40,  -1.40)   Error: 3.17
Last SG, Last State: (  3.40,  -3.39), (  1.40,  -1.40)  SG Improvement:0.00000 

Goal, Curr: (-1.16,  1.03), (  1.40,  -1.40)   Error: 3.52
Last SG, Last State: (  3.40,  -3.39), (  1.40,  -1.40)  SG Improvement:0.00000 

Goal, Curr: (-1.18,  1.17), (  1.40,  -1.40)   Error: 3.64
Last SG, Last State: (  3.40,  -3.39), (  1.40,  -1.40)  SG Improvement:-0.00000 

Goal, Curr: (-1.22,  1.23), (  1.40,  -1.40)   Error: 3.71
Last SG, Last State: (  3.40,  -3.39), (  1.40,  -1.40)  SG Improvement:0.00000 

Goal, Curr: (-1.04,  0.89), (  1.40,  -1.40)   Error: 3.34
Last SG, Last State: (  3.40,  -3.39), (  1.40,  -1.40)  SG Improvement:0.00000 

Goal, Curr: (-1.14,  0.86), (  1.40,  -1.40)   Error: 3.40
Last SG, Last State: (  3.40,  -3.39), (  1.40,  -1.40)  SG Improvement:0.00000 

Goal, Curr: (-1.01,  0.80), (  1.40,  -1.40)   Error: 3.26
Last SG, Last State: (  3.40,  -3.39), (  1.40,  -1.40)  SG Improvement:0.00000 

Goal, Curr: (-0.90,  1.20), (  1.40,  -1.40)   Error: 3.47
Last SG, Last State: (  3.40,  -3.39), (  1.40,  -1.40)  SG Improvement:0.00000 

Goal, Curr: (-0.79,  0.92), (  1.40,  -1.40)   Error: 3.19
Last SG, Last State: (  3.40,  -3.39), (  1.40,  -1.40)  SG Improvement:0.00000 

Goal, Curr: (-0.80,  0.97), (  1.40,  -1.40)   Error: 3.23
Last SG, Last State: (  3.40,  -3.39), (  1.40,  -1.40)  SG Improvement:0.00000 

Goal, Curr: (-1.11,  1.08), (  1.40,  -1.40)   Error: 3.53
Last SG, Last State: (  3.40,  -3.39), (  1.40,  -1.40)  SG Improvement:0.00000 

Goal, Curr: (-0.80,  0.80), (  1.40,  -1.40)   Error: 3.11
Last SG, Last State: (  3.40,  -3.39), (  1.40,  -1.40)  SG Improvement:0.00000 

Goal, Curr: (-0.88,  1.21), (  1.40,  -1.40)   Error: 3.46
Last SG, Last State: (  3.40,  -3.39), (  1.40,  -1.40)  SG Improvement:0.00000 

Goal, Curr: (-0.90,  0.88), (  1.40,  -1.40)   Error: 3.24
Last SG, Last State: (  3.40,  -3.39), (  1.40,  -1.40)  SG Improvement:0.00000 

Goal, Curr: (-1.17,  1.21), (  1.40,  -1.40)   Error: 3.66
Last SG, Last State: (  3.40,  -3.39), (  1.40,  -1.40)  SG Improvement:0.00000 

Goal, Curr: (-1.18,  1.16), (  1.40,  -1.40)   Error: 3.64
Last SG, Last State: (  3.40,  -3.39), (  1.40,  -1.40)  SG Improvement:0.00000 

Goal, Curr: (-0.96,  1.24), (  1.40,  -1.40)   Error: 3.54
Last SG, Last State: (  3.40,  -3.39), (  1.40,  -1.40)  SG Improvement:0.00000 

Goal, Curr: (-1.13,  1.12), (  1.40,  -1.40)   Error: 3.57
Last SG, Last State: (  3.40,  -3.39), (  1.40,  -1.40)  SG Improvement:0.00000 

Goal, Curr: (-1.24,  0.94), (  1.40,  -1.40)   Error: 3.52
Last SG, Last State: (  3.40,  -3.39), (  1.40,  -1.40)  SG Improvement:0.00000 

Goal, Curr: (-0.86,  1.03), (  1.40,  -1.40)   Error: 3.32
Last SG, Last State: (  3.40,  -3.39), (  1.40,  -1.40)  SG Improvement:0.00000 

episode:00800, mean:7.86, std:0.50, median:7.82, success:0.00
Goal, Curr: (-1.08,  1.09), (  1.40,  -1.40)   Error: 3.51
Last SG, Last State: (  3.40,  -3.37), (  1.40,  -1.40)  SG Improvement:0.00000 

Goal, Curr: (-1.23,  1.06), (  1.40,  -1.40)   Error: 3.60
Last SG, Last State: (  3.40,  -3.38), (  1.40,  -1.40)  SG Improvement:0.00000 

Goal, Curr: (-1.03,  0.99), (  1.40,  -1.40)   Error: 3.41
Last SG, Last State: (  3.40,  -3.38), (  1.40,  -1.40)  SG Improvement:0.00000 

Goal, Curr: (-0.83,  0.99), (  1.40,  -1.40)   Error: 3.26
Last SG, Last State: (  3.40,  -3.38), (  1.40,  -1.40)  SG Improvement:0.00000 

Goal, Curr: (-0.89,  1.17), (  1.40,  -1.40)   Error: 3.44
Last SG, Last State: (  3.40,  -3.38), (  1.40,  -1.40)  SG Improvement:0.00000 

Goal, Curr: (-1.02,  0.86), (  1.40,  -1.40)   Error: 3.31
Last SG, Last State: (  3.40,  -3.38), (  1.40,  -1.40)  SG Improvement:0.00000 

Goal, Curr: (-0.82,  0.92), (  1.40,  -1.40)   Error: 3.21
Last SG, Last State: (  3.40,  -3.38), (  1.40,  -1.40)  SG Improvement:0.00000 

Goal, Curr: (-0.99,  0.99), (  1.40,  -1.40)   Error: 3.38
Last SG, Last State: (  3.40,  -3.38), (  1.40,  -1.40)  SG Improvement:0.00000 

Goal, Curr: (-1.05,  0.86), (  1.40,  -1.40)   Error: 3.33
Last SG, Last State: (  3.40,  -3.38), (  1.40,  -1.40)  SG Improvement:0.00000 

Goal, Curr: (-1.12,  1.10), (  1.40,  -1.40)   Error: 3.55
Last SG, Last State: (  3.40,  -3.38), (  1.40,  -1.40)  SG Improvement:0.00000 

Goal, Curr: (-0.92,  0.75), (  1.40,  -1.40)   Error: 3.16
Last SG, Last State: (  3.40,  -3.38), (  1.40,  -1.40)  SG Improvement:0.00000 

Goal, Curr: (-0.76,  0.84), (  1.40,  -1.40)   Error: 3.11
Last SG, Last State: (  3.40,  -3.38), (  1.40,  -1.40)  SG Improvement:0.00000 

Goal, Curr: (-1.08,  0.81), (  1.40,  -1.40)   Error: 3.32
Last SG, Last State: (  3.40,  -3.38), (  1.40,  -1.40)  SG Improvement:0.00000 

Goal, Curr: (-1.09,  0.85), (  1.40,  -1.40)   Error: 3.35
Last SG, Last State: (  3.40,  -3.38), (  1.40,  -1.40)  SG Improvement:0.00000 

Goal, Curr: (-0.92,  1.23), (  1.40,  -1.40)   Error: 3.51
Last SG, Last State: (  3.40,  -3.38), (  1.40,  -1.40)  SG Improvement:-0.00000 

Goal, Curr: (-0.79,  0.92), (  1.40,  -1.40)   Error: 3.19
Last SG, Last State: (  3.40,  -3.38), (  1.40,  -1.40)  SG Improvement:0.00000 

Goal, Curr: (-1.23,  1.09), (  1.40,  -1.40)   Error: 3.62
Last SG, Last State: (  3.40,  -3.38), (  1.40,  -1.40)  SG Improvement:0.00000 

Goal, Curr: (-1.00,  1.00), (  1.40,  -1.40)   Error: 3.39
Last SG, Last State: (  3.40,  -3.38), (  1.40,  -1.40)  SG Improvement:-0.00000 

Goal, Curr: (-1.01,  0.87), (  1.40,  -1.40)   Error: 3.31
Last SG, Last State: (  3.40,  -3.38), (  1.40,  -1.40)  SG Improvement:0.00000 

Goal, Curr: (-0.90,  0.86), (  1.40,  -1.40)   Error: 3.22
Last SG, Last State: (  3.40,  -3.38), (  1.40,  -1.40)  SG Improvement:0.00000 

Goal, Curr: (-1.08,  0.95), (  1.40,  -1.40)   Error: 3.41
Last SG, Last State: (  3.40,  -3.38), (  1.40,  -1.40)  SG Improvement:0.00000 

Goal, Curr: (-1.04,  1.02), (  1.40,  -1.40)   Error: 3.44
Last SG, Last State: (  3.40,  -3.38), (  1.40,  -1.40)  SG Improvement:0.00000 

Goal, Curr: (-1.17,  0.87), (  1.40,  -1.40)   Error: 3.43
Last SG, Last State: (  3.40,  -3.38), (  1.40,  -1.40)  SG Improvement:0.00000 

Goal, Curr: (-0.95,  0.98), (  1.40,  -1.40)   Error: 3.34
Last SG, Last State: (  3.40,  -3.38), (  1.40,  -1.40)  SG Improvement:0.00000 

Goal, Curr: (-0.97,  1.10), (  1.40,  -1.40)   Error: 3.45
Last SG, Last State: (  3.40,  -3.38), (  1.40,  -1.40)  SG Improvement:0.00000 

Goal, Curr: (-1.22,  1.12), (  1.40,  -1.40)   Error: 3.63
Last SG, Last State: (  3.40,  -3.38), (  1.40,  -1.40)  SG Improvement:0.00000 

Goal, Curr: (-0.88,  1.12), (  1.40,  -1.40)   Error: 3.40
Last SG, Last State: (  3.40,  -3.38), (  1.40,  -1.40)  SG Improvement:0.00000 

Goal, Curr: (-1.17,  1.14), (  1.40,  -1.40)   Error: 3.61
Last SG, Last State: (  3.40,  -3.38), (  1.40,  -1.40)  SG Improvement:0.00000 

Goal, Curr: (-1.23,  0.76), (  1.40,  -1.40)   Error: 3.40
Last SG, Last State: (  3.40,  -3.38), (  1.40,  -1.40)  SG Improvement:0.00000 

Goal, Curr: (-1.21,  0.85), (  1.40,  -1.40)   Error: 3.45
Last SG, Last State: (  3.40,  -3.38), (  1.40,  -1.40)  SG Improvement:0.00000 

Goal, Curr: (-1.03,  1.21), (  1.40,  -1.40)   Error: 3.56
Last SG, Last State: (  3.40,  -3.38), (  1.40,  -1.40)  SG Improvement:0.00000 

Goal, Curr: (-0.90,  0.92), (  1.40,  -1.40)   Error: 3.26
Last SG, Last State: (  3.40,  -3.38), (  1.40,  -1.40)  SG Improvement:-0.00000 

Goal, Curr: (-1.08,  0.83), (  1.40,  -1.40)   Error: 3.33
Last SG, Last State: (  3.40,  -3.38), (  1.40,  -1.40)  SG Improvement:0.00000 

Goal, Curr: (-1.13,  0.94), (  1.40,  -1.40)   Error: 3.45
Last SG, Last State: (  3.40,  -3.38), (  1.40,  -1.40)  SG Improvement:-0.00000 

Goal, Curr: (-1.08,  1.16), (  1.40,  -1.40)   Error: 3.57
Last SG, Last State: (  3.40,  -3.37), (  1.40,  -1.40)  SG Improvement:0.00000 

Goal, Curr: (-1.01,  0.85), (  1.40,  -1.40)   Error: 3.29
Last SG, Last State: (  3.40,  -3.38), (  1.40,  -1.40)  SG Improvement:0.00000 

Goal, Curr: (-0.76,  0.77), (  1.40,  -1.40)   Error: 3.06
Last SG, Last State: (  3.40,  -3.38), (  1.40,  -1.40)  SG Improvement:0.00000 

Goal, Curr: (-0.81,  0.87), (  1.40,  -1.40)   Error: 3.17
Last SG, Last State: (  3.40,  -3.38), (  1.40,  -1.40)  SG Improvement:0.00000 

Goal, Curr: (-0.77,  0.96), (  1.40,  -1.40)   Error: 3.21
Last SG, Last State: (  3.40,  -3.37), (  1.40,  -1.40)  SG Improvement:0.00000 

Goal, Curr: (-0.94,  1.13), (  1.40,  -1.40)   Error: 3.44
Last SG, Last State: (  3.40,  -3.37), (  1.40,  -1.40)  SG Improvement:0.00000 

Goal, Curr: (-1.14,  1.09), (  1.40,  -1.40)   Error: 3.56
Last SG, Last State: (  3.40,  -3.38), (  1.40,  -1.40)  SG Improvement:0.00000 

Goal, Curr: (-1.10,  1.14), (  1.40,  -1.40)   Error: 3.56
Last SG, Last State: (  3.40,  -3.38), (  1.40,  -1.40)  SG Improvement:0.00000 

Goal, Curr: (-1.17,  1.06), (  1.40,  -1.40)   Error: 3.55
Last SG, Last State: (  3.40,  -3.38), (  1.40,  -1.40)  SG Improvement:0.00000 

Goal, Curr: (-0.88,  0.91), (  1.40,  -1.40)   Error: 3.25
Last SG, Last State: (  3.40,  -3.38), (  1.40,  -1.40)  SG Improvement:0.00000 

Goal, Curr: (-1.20,  1.09), (  1.40,  -1.40)   Error: 3.59
Last SG, Last State: (  3.40,  -3.38), (  1.40,  -1.40)  SG Improvement:0.00000 

Goal, Curr: (-0.96,  0.90), (  1.40,  -1.40)   Error: 3.29
Last SG, Last State: (  3.40,  -3.38), (  1.40,  -1.40)  SG Improvement:0.00000 

Goal, Curr: (-1.18,  0.92), (  1.40,  -1.40)   Error: 3.47
Last SG, Last State: (  3.40,  -3.38), (  1.40,  -1.40)  SG Improvement:0.00000 

Goal, Curr: (-1.16,  1.05), (  1.40,  -1.40)   Error: 3.55
Last SG, Last State: (  3.40,  -3.38), (  1.40,  -1.40)  SG Improvement:-0.00000 

Goal, Curr: (-0.85,  0.98), (  1.40,  -1.40)   Error: 3.27
Last SG, Last State: (  3.40,  -3.38), (  1.40,  -1.40)  SG Improvement:0.00000 

Goal, Curr: (-0.77,  1.22), (  1.40,  -1.40)   Error: 3.40
Last SG, Last State: (  3.40,  -3.37), (  1.40,  -1.40)  SG Improvement:0.00000 

episode:00900, mean:7.85, std:0.45, median:7.83, success:0.00
Goal, Curr: (-0.82,  0.83), (  1.40,  -1.40)   Error: 3.15
Last SG, Last State: (  3.40,  -3.37), (  1.40,  -1.40)  SG Improvement:0.00000 

Goal, Curr: (-1.03,  1.23), (  1.40,  -1.40)   Error: 3.58
Last SG, Last State: (  3.40,  -3.35), (  1.40,  -1.40)  SG Improvement:0.00000 

Goal, Curr: (-0.84,  1.01), (  1.40,  -1.40)   Error: 3.29
Last SG, Last State: (  3.40,  -3.36), (  1.40,  -1.40)  SG Improvement:0.00000 

Goal, Curr: (-1.07,  1.08), (  1.40,  -1.40)   Error: 3.50
Last SG, Last State: (  3.40,  -3.35), (  1.40,  -1.40)  SG Improvement:0.00000 

Goal, Curr: (-1.08,  1.18), (  1.40,  -1.40)   Error: 3.57
Last SG, Last State: (  3.40,  -3.35), (  1.40,  -1.40)  SG Improvement:0.00000 

Goal, Curr: (-1.11,  0.98), (  1.40,  -1.40)   Error: 3.45
Last SG, Last State: (  3.40,  -3.36), (  1.40,  -1.40)  SG Improvement:0.00000 

Goal, Curr: (-0.76,  0.84), (  1.40,  -1.40)   Error: 3.11
Last SG, Last State: (  3.40,  -3.37), (  1.40,  -1.40)  SG Improvement:0.00000 

Goal, Curr: (-1.00,  1.19), (  1.40,  -1.40)   Error: 3.52
Last SG, Last State: (  3.40,  -3.36), (  1.40,  -1.40)  SG Improvement:0.00000 

Goal, Curr: (-0.96,  0.95), (  1.40,  -1.40)   Error: 3.32
Last SG, Last State: (  3.40,  -3.36), (  1.40,  -1.40)  SG Improvement:0.00000 

Goal, Curr: (-1.22,  1.19), (  1.40,  -1.40)   Error: 3.68
Last SG, Last State: (  3.40,  -3.35), (  1.40,  -1.40)  SG Improvement:0.00000 

Goal, Curr: (-1.17,  0.94), (  1.40,  -1.40)   Error: 3.47
Last SG, Last State: (  3.40,  -3.37), (  1.40,  -1.40)  SG Improvement:0.00000 

Goal, Curr: (-1.03,  1.15), (  1.40,  -1.40)   Error: 3.52
Last SG, Last State: (  3.40,  -3.35), (  1.40,  -1.40)  SG Improvement:0.00000 

Goal, Curr: (-0.97,  0.79), (  1.40,  -1.40)   Error: 3.22
Last SG, Last State: (  3.40,  -3.37), (  1.40,  -1.40)  SG Improvement:0.00000 

Goal, Curr: (-1.06,  1.09), (  1.40,  -1.40)   Error: 3.50
Last SG, Last State: (  3.40,  -3.36), (  1.40,  -1.40)  SG Improvement:0.00000 

Goal, Curr: (-1.03,  0.80), (  1.40,  -1.40)   Error: 3.27
Last SG, Last State: (  3.40,  -3.37), (  1.40,  -1.40)  SG Improvement:0.00000 

Goal, Curr: (-1.07,  0.95), (  1.40,  -1.40)   Error: 3.41
Last SG, Last State: (  3.40,  -3.36), (  1.40,  -1.40)  SG Improvement:0.00000 

Goal, Curr: (-1.23,  1.13), (  1.40,  -1.40)   Error: 3.64
Last SG, Last State: (  3.40,  -3.36), (  1.40,  -1.40)  SG Improvement:0.00000 

Goal, Curr: (-1.13,  0.77), (  1.40,  -1.40)   Error: 3.33
Last SG, Last State: (  3.40,  -3.37), (  1.40,  -1.40)  SG Improvement:0.00000 

Goal, Curr: (-1.05,  1.21), (  1.40,  -1.40)   Error: 3.58
Last SG, Last State: (  3.40,  -3.35), (  1.40,  -1.40)  SG Improvement:0.00000 

Goal, Curr: (-0.89,  0.85), (  1.40,  -1.40)   Error: 3.21
Last SG, Last State: (  3.40,  -3.36), (  1.40,  -1.40)  SG Improvement:0.00000 

Goal, Curr: (-0.88,  0.97), (  1.40,  -1.40)   Error: 3.29
Last SG, Last State: (  3.40,  -3.37), (  1.40,  -1.40)  SG Improvement:0.00000 

Goal, Curr: (-1.07,  1.17), (  1.40,  -1.40)   Error: 3.57
Last SG, Last State: (  3.40,  -3.35), (  1.40,  -1.40)  SG Improvement:0.00000 

Goal, Curr: (-0.85,  1.19), (  1.40,  -1.40)   Error: 3.43
Last SG, Last State: (  3.40,  -3.36), (  1.40,  -1.40)  SG Improvement:0.00000 

Goal, Curr: (-1.13,  0.79), (  1.40,  -1.40)   Error: 3.34
Last SG, Last State: (  3.40,  -3.37), (  1.40,  -1.40)  SG Improvement:0.00000 

Goal, Curr: (-1.05,  0.85), (  1.40,  -1.40)   Error: 3.32
Last SG, Last State: (  3.40,  -3.37), (  1.40,  -1.40)  SG Improvement:0.00000 

Goal, Curr: (-0.76,  0.76), (  1.40,  -1.40)   Error: 3.05
Last SG, Last State: (  3.40,  -3.37), (  1.40,  -1.40)  SG Improvement:0.00000 

Goal, Curr: (-0.94,  1.01), (  1.40,  -1.40)   Error: 3.35
Last SG, Last State: (  3.40,  -3.36), (  1.40,  -1.40)  SG Improvement:0.00000 

Goal, Curr: (-0.87,  0.89), (  1.40,  -1.40)   Error: 3.22
Last SG, Last State: (  3.40,  -3.37), (  1.40,  -1.40)  SG Improvement:0.00000 

Goal, Curr: (-1.11,  0.93), (  1.40,  -1.40)   Error: 3.42
Last SG, Last State: (  3.40,  -3.37), (  1.40,  -1.40)  SG Improvement:0.00000 

Goal, Curr: (-1.22,  1.15), (  1.40,  -1.40)   Error: 3.65
Last SG, Last State: (  3.40,  -3.36), (  1.40,  -1.40)  SG Improvement:0.00000 

Goal, Curr: (-1.18,  0.91), (  1.40,  -1.40)   Error: 3.46
Last SG, Last State: (  3.40,  -3.37), (  1.40,  -1.40)  SG Improvement:0.00000 

Goal, Curr: (-0.86,  1.10), (  1.40,  -1.40)   Error: 3.37
Last SG, Last State: (  3.40,  -3.35), (  1.40,  -1.40)  SG Improvement:0.00000 

Goal, Curr: (-0.87,  1.12), (  1.40,  -1.40)   Error: 3.39
Last SG, Last State: (  3.40,  -3.35), (  1.40,  -1.40)  SG Improvement:0.00000 

Goal, Curr: (-0.86,  0.93), (  1.40,  -1.40)   Error: 3.24
Last SG, Last State: (  3.40,  -3.37), (  1.40,  -1.40)  SG Improvement:0.00000 

Goal, Curr: (-0.93,  1.12), (  1.40,  -1.40)   Error: 3.43
Last SG, Last State: (  3.40,  -3.36), (  1.40,  -1.40)  SG Improvement:0.00000 

Goal, Curr: (-0.95,  1.18), (  1.40,  -1.40)   Error: 3.48
Last SG, Last State: (  3.40,  -3.35), (  1.40,  -1.40)  SG Improvement:-0.00000 

Goal, Curr: (-1.22,  0.86), (  1.40,  -1.40)   Error: 3.46
Last SG, Last State: (  3.40,  -3.37), (  1.40,  -1.40)  SG Improvement:0.00000 

Goal, Curr: (-0.96,  0.94), (  1.40,  -1.40)   Error: 3.32
Last SG, Last State: (  3.40,  -3.37), (  1.40,  -1.40)  SG Improvement:0.00000 

Goal, Curr: (-0.97,  1.20), (  1.40,  -1.40)   Error: 3.52
Last SG, Last State: (  3.40,  -3.36), (  1.40,  -1.40)  SG Improvement:0.00000 

Goal, Curr: (-1.15,  0.77), (  1.40,  -1.40)   Error: 3.35
Last SG, Last State: (  3.40,  -3.37), (  1.40,  -1.40)  SG Improvement:0.00000 

Goal, Curr: (-1.03,  1.21), (  1.40,  -1.40)   Error: 3.56
Last SG, Last State: (  3.40,  -3.35), (  1.40,  -1.40)  SG Improvement:0.00000 

Goal, Curr: (-1.15,  0.78), (  1.40,  -1.40)   Error: 3.35
Last SG, Last State: (  3.40,  -3.37), (  1.40,  -1.40)  SG Improvement:0.00000 

Goal, Curr: (-1.17,  0.93), (  1.40,  -1.40)   Error: 3.47
Last SG, Last State: (  3.40,  -3.37), (  1.40,  -1.40)  SG Improvement:0.00000 

Goal, Curr: (-0.86,  0.87), (  1.40,  -1.40)   Error: 3.20
Last SG, Last State: (  3.40,  -3.37), (  1.40,  -1.40)  SG Improvement:0.00000 

Goal, Curr: (-0.79,  1.23), (  1.40,  -1.40)   Error: 3.42
Last SG, Last State: (  3.40,  -3.36), (  1.40,  -1.40)  SG Improvement:0.00000 

Goal, Curr: (-0.87,  0.99), (  1.40,  -1.40)   Error: 3.30
Last SG, Last State: (  3.40,  -3.36), (  1.40,  -1.40)  SG Improvement:0.00000 

Goal, Curr: (-0.91,  1.15), (  1.40,  -1.40)   Error: 3.44
Last SG, Last State: (  3.40,  -3.35), (  1.40,  -1.40)  SG Improvement:0.00000 

Goal, Curr: (-1.12,  1.04), (  1.40,  -1.40)   Error: 3.50
Last SG, Last State: (  3.40,  -3.36), (  1.40,  -1.40)  SG Improvement:0.00000 

Goal, Curr: (-1.22,  1.04), (  1.40,  -1.40)   Error: 3.58
Last SG, Last State: (  3.40,  -3.36), (  1.40,  -1.40)  SG Improvement:0.00000 

Goal, Curr: (-1.12,  0.86), (  1.40,  -1.40)   Error: 3.38
Last SG, Last State: (  3.40,  -3.36), (  1.40,  -1.40)  SG Improvement:0.00000 

episode:01000, mean:7.84, std:0.50, median:7.93, success:0.00
Goal, Curr: (-1.23,  1.06), (  1.40,  -1.40)   Error: 3.60
Last SG, Last State: (  3.40,  -3.33), (  1.40,  -1.40)  SG Improvement:-0.00204 

Goal, Curr: (-0.80,  1.19), (  1.40,  -1.40)   Error: 3.40
Last SG, Last State: (  3.40,  -3.33), (  1.40,  -1.40)  SG Improvement:0.00004 

Goal, Curr: (-1.09,  1.19), (  1.40,  -1.40)   Error: 3.59
Last SG, Last State: (  3.40,  -3.32), (  1.40,  -1.40)  SG Improvement:0.00006 

Goal, Curr: (-1.02,  1.16), (  1.40,  -1.40)   Error: 3.52
Last SG, Last State: (  3.40,  -3.33), (  1.40,  -1.40)  SG Improvement:-0.00121 

Goal, Curr: (-0.92,  0.78), (  1.40,  -1.40)   Error: 3.18
Last SG, Last State: (  3.40,  -3.37), (  1.40,  -1.40)  SG Improvement:-0.00786 

Goal, Curr: (-1.10,  1.16), (  1.40,  -1.40)   Error: 3.57
Last SG, Last State: (  3.40,  -3.32), (  1.40,  -1.40)  SG Improvement:-0.09938 

Goal, Curr: (-1.23,  0.84), (  1.40,  -1.40)   Error: 3.45
Last SG, Last State: (  3.40,  -3.35), (  1.40,  -1.40)  SG Improvement:0.10936 

Goal, Curr: (-0.99,  0.98), (  1.40,  -1.40)   Error: 3.37
Last SG, Last State: (  3.40,  -3.35), (  1.40,  -1.40)  SG Improvement:-0.00001 

Goal, Curr: (-0.78,  1.17), (  1.40,  -1.40)   Error: 3.37
Last SG, Last State: (  3.40,  -3.33), (  1.40,  -1.40)  SG Improvement:0.11662 

Goal, Curr: (-1.21,  0.88), (  1.40,  -1.40)   Error: 3.46
Last SG, Last State: (  3.40,  -3.35), (  1.40,  -1.40)  SG Improvement:0.00000 

Goal, Curr: (-1.14,  0.90), (  1.40,  -1.40)   Error: 3.42
Last SG, Last State: (  3.40,  -3.35), (  1.40,  -1.40)  SG Improvement:0.07399 

Goal, Curr: (-0.97,  0.95), (  1.40,  -1.40)   Error: 3.34
Last SG, Last State: (  3.40,  -3.35), (  1.40,  -1.40)  SG Improvement:0.00313 

Goal, Curr: (-0.82,  0.90), (  1.40,  -1.40)   Error: 3.20
Last SG, Last State: (  3.40,  -3.36), (  1.40,  -1.40)  SG Improvement:-0.10315 

Goal, Curr: (-1.04,  1.22), (  1.40,  -1.40)   Error: 3.58
Last SG, Last State: (  3.40,  -3.32), (  1.40,  -1.40)  SG Improvement:-0.00002 

Goal, Curr: (-1.16,  1.10), (  1.40,  -1.40)   Error: 3.57
Last SG, Last State: (  3.40,  -3.33), (  1.40,  -1.40)  SG Improvement:-0.17160 

Goal, Curr: (-0.97,  0.92), (  1.40,  -1.40)   Error: 3.32
Last SG, Last State: (  3.40,  -3.35), (  1.40,  -1.40)  SG Improvement:-0.09089 

Goal, Curr: (-0.96,  1.05), (  1.40,  -1.40)   Error: 3.40
Last SG, Last State: (  3.40,  -3.35), (  1.40,  -1.40)  SG Improvement:-0.04790 

Goal, Curr: (-0.77,  0.78), (  1.40,  -1.40)   Error: 3.07
Last SG, Last State: (  3.40,  -3.36), (  1.40,  -1.40)  SG Improvement:-0.10239 

Goal, Curr: (-1.12,  1.17), (  1.40,  -1.40)   Error: 3.60
Last SG, Last State: (  3.40,  -3.33), (  1.40,  -1.40)  SG Improvement:0.02893 

Goal, Curr: (-1.02,  1.03), (  1.40,  -1.40)   Error: 3.43
Last SG, Last State: (  3.40,  -3.34), (  1.40,  -1.40)  SG Improvement:-0.00006 

Goal, Curr: (-1.25,  1.25), (  1.40,  -1.40)   Error: 3.74
Last SG, Last State: (  3.40,  -3.29), (  1.40,  -1.40)  SG Improvement:-0.09711 

Goal, Curr: (-1.13,  1.21), (  1.40,  -1.40)   Error: 3.64
Last SG, Last State: (  3.40,  -3.32), (  1.40,  -1.40)  SG Improvement:0.00007 

Goal, Curr: (-1.02,  1.15), (  1.40,  -1.40)   Error: 3.51
Last SG, Last State: (  3.40,  -3.33), (  1.40,  -1.40)  SG Improvement:0.00006 

Goal, Curr: (-0.79,  0.99), (  1.40,  -1.40)   Error: 3.24
Last SG, Last State: (  3.40,  -3.35), (  1.40,  -1.40)  SG Improvement:-0.00000 

Goal, Curr: (-1.09,  0.90), (  1.40,  -1.40)   Error: 3.39
Last SG, Last State: (  3.40,  -3.36), (  1.40,  -1.40)  SG Improvement:0.08413 

Goal, Curr: (-1.07,  0.96), (  1.40,  -1.40)   Error: 3.42
Last SG, Last State: (  3.40,  -3.35), (  1.40,  -1.40)  SG Improvement:0.07605 

Goal, Curr: (-1.07,  0.80), (  1.40,  -1.40)   Error: 3.30
Last SG, Last State: (  3.40,  -3.36), (  1.40,  -1.40)  SG Improvement:-0.00000 

Goal, Curr: (-0.91,  0.80), (  1.40,  -1.40)   Error: 3.19
Last SG, Last State: (  3.40,  -3.36), (  1.40,  -1.40)  SG Improvement:0.00000 

Goal, Curr: (-1.18,  0.79), (  1.40,  -1.40)   Error: 3.38
Last SG, Last State: (  3.40,  -3.36), (  1.40,  -1.40)  SG Improvement:0.00001 

Goal, Curr: (-1.16,  1.13), (  1.40,  -1.40)   Error: 3.59
Last SG, Last State: (  3.40,  -3.33), (  1.40,  -1.40)  SG Improvement:-0.00006 

Goal, Curr: (-0.94,  0.95), (  1.40,  -1.40)   Error: 3.32
Last SG, Last State: (  3.40,  -3.35), (  1.40,  -1.40)  SG Improvement:0.00000 

Goal, Curr: (-1.09,  1.20), (  1.40,  -1.40)   Error: 3.60
Last SG, Last State: (  3.40,  -3.33), (  1.40,  -1.40)  SG Improvement:0.07724 

Goal, Curr: (-0.83,  0.80), (  1.40,  -1.40)   Error: 3.13
Last SG, Last State: (  3.40,  -3.36), (  1.40,  -1.40)  SG Improvement:-0.13028 

Goal, Curr: (-0.85,  1.01), (  1.40,  -1.40)   Error: 3.29
Last SG, Last State: (  3.40,  -3.35), (  1.40,  -1.40)  SG Improvement:-0.14129 

Goal, Curr: (-0.79,  0.77), (  1.40,  -1.40)   Error: 3.08
Last SG, Last State: (  3.40,  -3.37), (  1.40,  -1.40)  SG Improvement:0.01504 

Goal, Curr: (-1.02,  0.82), (  1.40,  -1.40)   Error: 3.28
Last SG, Last State: (  3.40,  -3.36), (  1.40,  -1.40)  SG Improvement:0.00000 

Goal, Curr: (-1.00,  1.12), (  1.40,  -1.40)   Error: 3.47
Last SG, Last State: (  3.40,  -3.33), (  1.40,  -1.40)  SG Improvement:-0.08574 

Goal, Curr: (-0.94,  0.96), (  1.40,  -1.40)   Error: 3.32
Last SG, Last State: (  3.40,  -3.36), (  1.40,  -1.40)  SG Improvement:0.05295 

Goal, Curr: (-1.24,  0.90), (  1.40,  -1.40)   Error: 3.50
Last SG, Last State: (  3.40,  -3.35), (  1.40,  -1.40)  SG Improvement:-0.00001 

Goal, Curr: (-1.20,  1.24), (  1.40,  -1.40)   Error: 3.70
Last SG, Last State: (  3.40,  -3.31), (  1.40,  -1.40)  SG Improvement:0.00014 

Goal, Curr: (-1.00,  0.90), (  1.40,  -1.40)   Error: 3.33
Last SG, Last State: (  3.40,  -3.35), (  1.40,  -1.40)  SG Improvement:0.09517 

Goal, Curr: (-1.23,  1.02), (  1.40,  -1.40)   Error: 3.57
Last SG, Last State: (  3.40,  -3.34), (  1.40,  -1.40)  SG Improvement:0.00009 

Goal, Curr: (-1.14,  0.92), (  1.40,  -1.40)   Error: 3.44
Last SG, Last State: (  3.40,  -3.35), (  1.40,  -1.40)  SG Improvement:-0.00787 

Goal, Curr: (-0.89,  1.05), (  1.40,  -1.40)   Error: 3.36
Last SG, Last State: (  3.40,  -3.35), (  1.40,  -1.40)  SG Improvement:0.01274 

Goal, Curr: (-0.91,  1.05), (  1.40,  -1.40)   Error: 3.37
Last SG, Last State: (  3.40,  -3.34), (  1.40,  -1.40)  SG Improvement:-0.00005 

Goal, Curr: (-1.21,  1.06), (  1.40,  -1.40)   Error: 3.59
Last SG, Last State: (  3.40,  -3.33), (  1.40,  -1.40)  SG Improvement:0.00016 

Goal, Curr: (-0.99,  1.03), (  1.40,  -1.40)   Error: 3.41
Last SG, Last State: (  3.40,  -3.34), (  1.40,  -1.40)  SG Improvement:-0.09431 

Goal, Curr: (-0.94,  0.78), (  1.40,  -1.40)   Error: 3.20
Last SG, Last State: (  3.40,  -3.37), (  1.40,  -1.40)  SG Improvement:-0.00557 

Goal, Curr: (-1.02,  0.78), (  1.40,  -1.40)   Error: 3.26
Last SG, Last State: (  3.40,  -3.36), (  1.40,  -1.40)  SG Improvement:0.01754 

Goal, Curr: (-0.81,  1.03), (  1.40,  -1.40)   Error: 3.28
Last SG, Last State: (  3.40,  -3.35), (  1.40,  -1.40)  SG Improvement:-0.09341 

episode:01100, mean:7.88, std:0.46, median:7.96, success:0.00
Goal, Curr: (-1.08,  1.04), (  1.40,  -1.40)   Error: 3.48
Last SG, Last State: (  3.40,  -3.21), (  1.40,  -1.40)  SG Improvement:0.00000 

Goal, Curr: (-0.99,  1.21), (  1.40,  -1.40)   Error: 3.54
Last SG, Last State: (  3.40,  -3.14), (  1.40,  -1.40)  SG Improvement:0.00000 

Goal, Curr: (-0.75,  1.16), (  1.40,  -1.40)   Error: 3.34
Last SG, Last State: (  3.40,  -3.24), (  1.40,  -1.40)  SG Improvement:0.00000 

Goal, Curr: (-1.20,  1.01), (  1.40,  -1.40)   Error: 3.54
Last SG, Last State: (  3.40,  -3.20), (  1.40,  -1.40)  SG Improvement:0.00000 

Goal, Curr: (-1.15,  0.96), (  1.40,  -1.40)   Error: 3.47
Last SG, Last State: (  3.40,  -3.23), (  1.40,  -1.40)  SG Improvement:0.00000 

Goal, Curr: (-1.17,  1.12), (  1.40,  -1.40)   Error: 3.60
Last SG, Last State: (  3.40,  -3.14), (  1.40,  -1.40)  SG Improvement:0.00000 

Goal, Curr: (-1.10,  0.81), (  1.40,  -1.40)   Error: 3.34
Last SG, Last State: (  3.40,  -3.29), (  1.40,  -1.40)  SG Improvement:0.00000 

Goal, Curr: (-1.08,  0.80), (  1.40,  -1.40)   Error: 3.32
Last SG, Last State: (  3.40,  -3.30), (  1.40,  -1.40)  SG Improvement:0.00000 

Goal, Curr: (-1.17,  1.24), (  1.40,  -1.40)   Error: 3.68
Last SG, Last State: (  3.40,  -3.05), (  1.40,  -1.40)  SG Improvement:0.00000 

Goal, Curr: (-1.19,  1.01), (  1.40,  -1.40)   Error: 3.54
Last SG, Last State: (  3.40,  -3.20), (  1.40,  -1.40)  SG Improvement:0.00000 

Goal, Curr: (-0.92,  0.84), (  1.40,  -1.40)   Error: 3.22
Last SG, Last State: (  3.40,  -3.31), (  1.40,  -1.40)  SG Improvement:0.00000 

Goal, Curr: (-0.79,  1.18), (  1.40,  -1.40)   Error: 3.38
Last SG, Last State: (  3.40,  -3.22), (  1.40,  -1.40)  SG Improvement:0.00000 

Goal, Curr: (-0.85,  1.13), (  1.40,  -1.40)   Error: 3.38
Last SG, Last State: (  3.40,  -3.23), (  1.40,  -1.40)  SG Improvement:0.00000 

Goal, Curr: (-1.24,  0.96), (  1.40,  -1.40)   Error: 3.54
Last SG, Last State: (  3.40,  -3.21), (  1.40,  -1.40)  SG Improvement:0.00000 

Goal, Curr: (-1.16,  0.90), (  1.40,  -1.40)   Error: 3.44
Last SG, Last State: (  3.40,  -3.26), (  1.40,  -1.40)  SG Improvement:0.00000 

Goal, Curr: (-0.92,  1.20), (  1.40,  -1.40)   Error: 3.48
Last SG, Last State: (  3.40,  -3.17), (  1.40,  -1.40)  SG Improvement:0.00000 

Goal, Curr: (-0.90,  1.09), (  1.40,  -1.40)   Error: 3.39
Last SG, Last State: (  3.40,  -3.23), (  1.40,  -1.40)  SG Improvement:0.00000 

Goal, Curr: (-0.83,  0.78), (  1.40,  -1.40)   Error: 3.12
Last SG, Last State: (  3.40,  -3.33), (  1.40,  -1.40)  SG Improvement:0.00000 

Goal, Curr: (-0.81,  1.00), (  1.40,  -1.40)   Error: 3.26
Last SG, Last State: (  3.40,  -3.28), (  1.40,  -1.40)  SG Improvement:0.00000 

Goal, Curr: (-0.83,  1.08), (  1.40,  -1.40)   Error: 3.34
Last SG, Last State: (  3.40,  -3.25), (  1.40,  -1.40)  SG Improvement:0.00000 

Goal, Curr: (-1.11,  0.91), (  1.40,  -1.40)   Error: 3.40
Last SG, Last State: (  3.40,  -3.26), (  1.40,  -1.40)  SG Improvement:0.00000 

Goal, Curr: (-0.80,  0.91), (  1.40,  -1.40)   Error: 3.19
Last SG, Last State: (  3.40,  -3.31), (  1.40,  -1.40)  SG Improvement:0.00000 

Goal, Curr: (-0.91,  1.01), (  1.40,  -1.40)   Error: 3.34
Last SG, Last State: (  3.40,  -3.26), (  1.40,  -1.40)  SG Improvement:0.00000 

Goal, Curr: (-0.99,  0.86), (  1.40,  -1.40)   Error: 3.29
Last SG, Last State: (  3.40,  -3.29), (  1.40,  -1.40)  SG Improvement:0.00000 

Goal, Curr: (-1.20,  1.20), (  1.40,  -1.40)   Error: 3.68
Last SG, Last State: (  3.40,  -3.07), (  1.40,  -1.40)  SG Improvement:0.00000 

Goal, Curr: (-0.82,  0.75), (  1.40,  -1.40)   Error: 3.09
Last SG, Last State: (  3.40,  -3.34), (  1.40,  -1.40)  SG Improvement:0.00000 

Goal, Curr: (-1.11,  0.78), (  1.40,  -1.40)   Error: 3.32
Last SG, Last State: (  3.40,  -3.30), (  1.40,  -1.40)  SG Improvement:0.00000 

Goal, Curr: (-1.02,  0.83), (  1.40,  -1.40)   Error: 3.30
Last SG, Last State: (  3.40,  -3.30), (  1.40,  -1.40)  SG Improvement:0.00000 

Goal, Curr: (-0.85,  1.17), (  1.40,  -1.40)   Error: 3.41
Last SG, Last State: (  3.40,  -3.21), (  1.40,  -1.40)  SG Improvement:0.00000 

Goal, Curr: (-0.77,  0.85), (  1.40,  -1.40)   Error: 3.12
Last SG, Last State: (  3.40,  -3.32), (  1.40,  -1.40)  SG Improvement:0.00000 

Goal, Curr: (-1.03,  1.04), (  1.40,  -1.40)   Error: 3.44
Last SG, Last State: (  3.40,  -3.23), (  1.40,  -1.40)  SG Improvement:0.00000 

Goal, Curr: (-0.80,  1.05), (  1.40,  -1.40)   Error: 3.30
Last SG, Last State: (  3.40,  -3.27), (  1.40,  -1.40)  SG Improvement:0.00000 

Goal, Curr: (-0.84,  0.78), (  1.40,  -1.40)   Error: 3.13
Last SG, Last State: (  3.40,  -3.33), (  1.40,  -1.40)  SG Improvement:0.00000 

Goal, Curr: (-1.00,  1.12), (  1.40,  -1.40)   Error: 3.48
Last SG, Last State: (  3.40,  -3.19), (  1.40,  -1.40)  SG Improvement:0.00000 

Goal, Curr: (-0.82,  1.06), (  1.40,  -1.40)   Error: 3.31
Last SG, Last State: (  3.40,  -3.26), (  1.40,  -1.40)  SG Improvement:0.00000 

Goal, Curr: (-0.79,  1.11), (  1.40,  -1.40)   Error: 3.33
Last SG, Last State: (  3.40,  -3.25), (  1.40,  -1.40)  SG Improvement:0.00000 

Goal, Curr: (-0.78,  1.16), (  1.40,  -1.40)   Error: 3.36
Last SG, Last State: (  3.40,  -3.23), (  1.40,  -1.40)  SG Improvement:0.00000 

Goal, Curr: (-1.11,  1.06), (  1.40,  -1.40)   Error: 3.51
Last SG, Last State: (  3.40,  -3.20), (  1.40,  -1.40)  SG Improvement:0.00000 

Goal, Curr: (-1.16,  0.83), (  1.40,  -1.40)   Error: 3.39
Last SG, Last State: (  3.40,  -3.28), (  1.40,  -1.40)  SG Improvement:0.00000 

Goal, Curr: (-1.04,  1.06), (  1.40,  -1.40)   Error: 3.46
Last SG, Last State: (  3.40,  -3.22), (  1.40,  -1.40)  SG Improvement:0.00000 

Goal, Curr: (-0.98,  0.99), (  1.40,  -1.40)   Error: 3.37
Last SG, Last State: (  3.40,  -3.26), (  1.40,  -1.40)  SG Improvement:0.00000 

Goal, Curr: (-1.19,  1.06), (  1.40,  -1.40)   Error: 3.57
Last SG, Last State: (  3.40,  -3.18), (  1.40,  -1.40)  SG Improvement:0.00000 

Goal, Curr: (-0.83,  1.10), (  1.40,  -1.40)   Error: 3.35
Last SG, Last State: (  3.40,  -3.24), (  1.40,  -1.40)  SG Improvement:0.00000 

Goal, Curr: (-0.92,  1.19), (  1.40,  -1.40)   Error: 3.48
Last SG, Last State: (  3.40,  -3.18), (  1.40,  -1.40)  SG Improvement:0.00000 

Goal, Curr: (-0.77,  1.11), (  1.40,  -1.40)   Error: 3.32
Last SG, Last State: (  3.40,  -3.25), (  1.40,  -1.40)  SG Improvement:0.00000 

Goal, Curr: (-0.77,  1.05), (  1.40,  -1.40)   Error: 3.27
Last SG, Last State: (  3.40,  -3.27), (  1.40,  -1.40)  SG Improvement:0.00000 

Goal, Curr: (-1.22,  1.17), (  1.40,  -1.40)   Error: 3.67
Last SG, Last State: (  3.40,  -3.09), (  1.40,  -1.40)  SG Improvement:0.00000 

Goal, Curr: (-0.93,  0.96), (  1.40,  -1.40)   Error: 3.32
Last SG, Last State: (  3.40,  -3.27), (  1.40,  -1.40)  SG Improvement:0.00000 

Goal, Curr: (-1.23,  0.96), (  1.40,  -1.40)   Error: 3.53
Last SG, Last State: (  3.40,  -3.22), (  1.40,  -1.40)  SG Improvement:0.00000 

Goal, Curr: (-1.02,  1.21), (  1.40,  -1.40)   Error: 3.56
Last SG, Last State: (  3.40,  -3.13), (  1.40,  -1.40)  SG Improvement:0.00000 

episode:01200, mean:7.85, std:0.43, median:7.79, success:0.00
