Using device: cpu
no-correction-jjj=highexpl
Goal, Curr: (-1.16,  1.09), ( -1.40,  -0.60)   Error: 1.71
Last SG, Last State: ( -3.40,   1.40), ( -1.40,  -0.60)  SG Improvement:0.00000 

Goal, Curr: (-1.15,  0.93), ( -1.40,  -0.60)   Error: 1.55
Last SG, Last State: ( -3.40,   1.40), ( -1.40,  -0.60)  SG Improvement:0.00000 

Goal, Curr: (-1.08,  1.23), ( -1.40,  -0.60)   Error: 1.86
Last SG, Last State: ( -3.40,   1.40), ( -1.40,  -0.60)  SG Improvement:0.00000 

Goal, Curr: (-0.83,  1.01), ( -1.40,  -0.60)   Error: 1.71
Last SG, Last State: ( -3.40,   1.40), ( -1.40,  -0.60)  SG Improvement:0.00000 

Goal, Curr: (-1.12,  1.18), ( -1.40,  -0.60)   Error: 1.80
Last SG, Last State: ( -3.40,   1.40), ( -1.40,  -0.60)  SG Improvement:0.00000 

Goal, Curr: (-0.76,  0.93), ( -1.40,  -0.60)   Error: 1.66
Last SG, Last State: ( -3.40,   1.40), ( -1.40,  -0.60)  SG Improvement:0.00000 

Goal, Curr: (-0.97,  0.94), ( -1.40,  -0.60)   Error: 1.60
Last SG, Last State: ( -3.40,   1.40), ( -1.40,  -0.60)  SG Improvement:0.00000 

Goal, Curr: (-0.97,  1.06), ( -1.40,  -0.60)   Error: 1.71
Last SG, Last State: ( -3.40,   1.40), ( -1.40,  -0.60)  SG Improvement:0.00000 

Goal, Curr: (-1.18,  0.84), ( -1.40,  -0.60)   Error: 1.46
Last SG, Last State: ( -3.40,   1.40), ( -1.40,  -0.60)  SG Improvement:0.00000 

Goal, Curr: (-1.03,  0.80), ( -1.40,  -0.60)   Error: 1.45
Last SG, Last State: ( -3.40,   1.40), ( -1.40,  -0.60)  SG Improvement:0.00000 

episode:00100, mean:0.36, std:0.08, median:0.38, success:0.00
Goal, Curr: (-0.94,  0.86), ( -1.40,  -0.60)   Error: 1.53
Last SG, Last State: ( -3.40,   1.40), ( -1.40,  -0.60)  SG Improvement:0.00000 

Goal, Curr: (-1.07,  0.78), ( -1.40,  -0.60)   Error: 1.42
Last SG, Last State: ( -3.40,   1.40), ( -1.40,  -0.60)  SG Improvement:0.00000 

Goal, Curr: (-0.80,  1.21), ( -1.40,  -0.60)   Error: 1.91
Last SG, Last State: ( -3.40,   1.40), ( -1.40,  -0.60)  SG Improvement:-0.00001 

Goal, Curr: (-0.85,  0.98), ( -1.40,  -0.60)   Error: 1.68
Last SG, Last State: ( -3.40,   1.40), ( -1.40,  -0.60)  SG Improvement:0.00000 

Goal, Curr: (-0.99,  0.88), ( -1.40,  -0.60)   Error: 1.54
Last SG, Last State: ( -3.40,   1.40), ( -1.40,  -0.60)  SG Improvement:0.00000 

Goal, Curr: (-1.14,  1.12), ( -1.40,  -0.60)   Error: 1.74
Last SG, Last State: ( -3.40,   1.40), ( -1.40,  -0.60)  SG Improvement:0.00000 

Goal, Curr: (-0.88,  0.95), ( -1.40,  -0.60)   Error: 1.64
Last SG, Last State: ( -3.40,   1.40), ( -1.40,  -0.60)  SG Improvement:0.00000 

Goal, Curr: (-1.15,  0.97), ( -1.40,  -0.60)   Error: 1.59
Last SG, Last State: ( -3.40,   1.40), ( -1.40,  -0.60)  SG Improvement:0.00000 

Goal, Curr: (-1.20,  0.84), ( -1.40,  -0.60)   Error: 1.45
Last SG, Last State: ( -3.40,   1.40), ( -1.40,  -0.60)  SG Improvement:0.00000 

Goal, Curr: (-0.84,  1.10), ( -1.40,  -0.60)   Error: 1.79
Last SG, Last State: ( -3.40,   1.40), ( -1.40,  -0.60)  SG Improvement:0.00000 

episode:00200, mean:0.36, std:0.11, median:0.38, success:0.00
Goal, Curr: (-0.82,  0.83), ( -1.40,  -0.60)   Error: 1.54
Last SG, Last State: ( -3.40,   1.40), ( -1.40,  -0.60)  SG Improvement:0.00000 

Goal, Curr: (-0.77,  0.85), ( -1.40,  -0.60)   Error: 1.58
Last SG, Last State: ( -3.40,   1.40), ( -1.40,  -0.60)  SG Improvement:-0.00000 

Goal, Curr: (-1.11,  1.25), ( -1.40,  -0.60)   Error: 1.87
Last SG, Last State: ( -3.40,   1.40), ( -1.40,  -0.60)  SG Improvement:0.00000 

Goal, Curr: (-1.10,  0.97), ( -1.40,  -0.60)   Error: 1.60
Last SG, Last State: ( -3.40,   1.40), ( -1.40,  -0.60)  SG Improvement:0.00000 

Goal, Curr: (-0.77,  0.83), ( -1.40,  -0.60)   Error: 1.56
Last SG, Last State: ( -3.40,   1.40), ( -1.40,  -0.60)  SG Improvement:-0.00000 

Goal, Curr: (-0.77,  1.09), ( -1.40,  -0.60)   Error: 1.80
Last SG, Last State: ( -3.40,   1.40), ( -1.40,  -0.60)  SG Improvement:0.00000 

Goal, Curr: (-1.04,  0.89), ( -1.40,  -0.60)   Error: 1.54
Last SG, Last State: ( -3.40,   1.40), ( -1.40,  -0.60)  SG Improvement:-0.00000 

Goal, Curr: (-1.19,  1.02), ( -1.40,  -0.60)   Error: 1.64
Last SG, Last State: ( -3.40,   1.40), ( -1.40,  -0.60)  SG Improvement:0.00000 

Goal, Curr: (-0.77,  1.07), ( -1.40,  -0.60)   Error: 1.78
Last SG, Last State: ( -3.40,   1.40), ( -1.40,  -0.60)  SG Improvement:0.00000 

Goal, Curr: (-1.03,  1.00), ( -1.40,  -0.60)   Error: 1.64
Last SG, Last State: ( -3.40,   1.40), ( -1.40,  -0.60)  SG Improvement:0.00000 

episode:00300, mean:0.35, std:0.17, median:0.36, success:0.00
Goal, Curr: (-0.77,  1.03), ( -1.40,  -0.60)   Error: 1.75
Last SG, Last State: ( -3.40,   1.40), ( -1.40,  -0.60)  SG Improvement:-0.00252 

Goal, Curr: (-0.79,  0.90), ( -1.40,  -0.60)   Error: 1.62
Last SG, Last State: ( -3.40,   1.40), ( -1.40,  -0.60)  SG Improvement:0.00657 

Goal, Curr: (-0.96,  1.22), ( -1.40,  -0.60)   Error: 1.87
Last SG, Last State: ( -3.40,   1.40), ( -1.40,  -0.60)  SG Improvement:0.00034 

Goal, Curr: (-1.20,  1.10), ( -1.40,  -0.60)   Error: 1.71
Last SG, Last State: ( -3.40,   1.40), ( -1.40,  -0.60)  SG Improvement:-0.00289 

Goal, Curr: (-1.01,  0.76), ( -1.40,  -0.60)   Error: 1.41
Last SG, Last State: ( -3.40,   1.40), ( -1.40,  -0.60)  SG Improvement:-0.00267 

Goal, Curr: (-0.94,  0.88), ( -1.40,  -0.60)   Error: 1.55
Last SG, Last State: ( -3.40,   1.40), ( -1.40,  -0.60)  SG Improvement:-0.00303 

Goal, Curr: (-0.93,  0.77), ( -1.40,  -0.60)   Error: 1.45
Last SG, Last State: ( -3.40,   1.40), ( -1.40,  -0.60)  SG Improvement:0.00815 

Goal, Curr: (-0.87,  0.97), ( -1.40,  -0.60)   Error: 1.65
Last SG, Last State: ( -3.40,   1.40), ( -1.40,  -0.60)  SG Improvement:0.00051 

Goal, Curr: (-0.82,  0.83), ( -1.40,  -0.60)   Error: 1.54
Last SG, Last State: ( -3.40,   1.40), ( -1.40,  -0.60)  SG Improvement:0.00320 

Goal, Curr: (-0.82,  1.23), ( -1.40,  -0.60)   Error: 1.92
Last SG, Last State: ( -3.40,   1.40), ( -1.40,  -0.60)  SG Improvement:0.00077 

episode:00400, mean:0.27, std:0.11, median:0.27, success:0.00
Goal, Curr: (-1.11,  0.90), ( -1.40,  -0.60)   Error: 1.53
Last SG, Last State: ( -3.40,   1.40), ( -1.40,  -0.60)  SG Improvement:0.00000 

Goal, Curr: (-0.77,  1.01), ( -1.40,  -0.60)   Error: 1.73
Last SG, Last State: ( -3.40,   1.40), ( -1.40,  -0.60)  SG Improvement:0.00000 

Goal, Curr: (-1.13,  0.85), ( -1.40,  -0.60)   Error: 1.48
Last SG, Last State: ( -3.40,   1.40), ( -1.40,  -0.60)  SG Improvement:-0.00000 

Goal, Curr: (-1.03,  0.78), ( -1.40,  -0.60)   Error: 1.43
Last SG, Last State: ( -3.40,   1.40), ( -1.40,  -0.60)  SG Improvement:-0.00000 

Goal, Curr: (-0.89,  1.20), ( -1.40,  -0.60)   Error: 1.87
Last SG, Last State: ( -3.40,   1.40), ( -1.40,  -0.60)  SG Improvement:0.00000 

Goal, Curr: (-1.17,  0.89), ( -1.40,  -0.60)   Error: 1.51
Last SG, Last State: ( -3.40,   1.40), ( -1.40,  -0.60)  SG Improvement:0.00000 

Goal, Curr: (-1.17,  0.96), ( -1.40,  -0.60)   Error: 1.58
Last SG, Last State: ( -3.40,   1.40), ( -1.40,  -0.60)  SG Improvement:-0.00000 

Goal, Curr: (-0.95,  1.06), ( -1.40,  -0.60)   Error: 1.73
Last SG, Last State: ( -3.40,   1.40), ( -1.40,  -0.60)  SG Improvement:0.00000 

Goal, Curr: (-0.88,  1.03), ( -1.40,  -0.60)   Error: 1.71
Last SG, Last State: ( -3.40,   1.40), ( -1.40,  -0.60)  SG Improvement:0.00000 

Goal, Curr: (-0.93,  0.81), ( -1.40,  -0.60)   Error: 1.49
Last SG, Last State: ( -3.40,   1.40), ( -1.40,  -0.60)  SG Improvement:0.00000 

episode:00500, mean:0.43, std:0.14, median:0.52, success:0.00
Goal, Curr: (-1.05,  1.04), ( -1.40,  -0.60)   Error: 1.67
Last SG, Last State: ( -3.40,   1.40), ( -1.40,  -0.60)  SG Improvement:0.00000 

Goal, Curr: (-0.79,  1.10), ( -1.40,  -0.60)   Error: 1.81
Last SG, Last State: ( -3.40,   1.40), ( -1.40,  -0.60)  SG Improvement:0.00000 

Goal, Curr: (-1.15,  0.88), ( -1.40,  -0.60)   Error: 1.50
Last SG, Last State: ( -3.40,   1.40), ( -1.40,  -0.60)  SG Improvement:0.00000 

Goal, Curr: (-0.94,  1.04), ( -1.40,  -0.60)   Error: 1.70
Last SG, Last State: ( -3.40,   1.40), ( -1.40,  -0.60)  SG Improvement:0.00000 

Goal, Curr: (-0.80,  1.00), ( -1.40,  -0.60)   Error: 1.71
Last SG, Last State: ( -3.40,   1.40), ( -1.40,  -0.60)  SG Improvement:0.00000 

Goal, Curr: (-0.98,  1.04), ( -1.40,  -0.60)   Error: 1.69
Last SG, Last State: ( -3.40,   1.40), ( -1.40,  -0.60)  SG Improvement:0.00000 

Goal, Curr: (-1.03,  1.00), ( -1.40,  -0.60)   Error: 1.64
Last SG, Last State: ( -3.40,   1.40), ( -1.40,  -0.60)  SG Improvement:0.00000 

Goal, Curr: (-1.09,  0.85), ( -1.40,  -0.60)   Error: 1.48
Last SG, Last State: ( -3.40,   1.40), ( -1.40,  -0.60)  SG Improvement:0.00000 

Goal, Curr: (-1.21,  1.14), ( -1.40,  -0.60)   Error: 1.75
Last SG, Last State: ( -3.40,   1.40), ( -1.40,  -0.60)  SG Improvement:0.00000 

Goal, Curr: (-0.86,  0.97), ( -1.40,  -0.60)   Error: 1.66
Last SG, Last State: ( -3.40,   1.40), ( -1.40,  -0.60)  SG Improvement:0.00000 

episode:00600, mean:0.26, std:0.08, median:0.25, success:0.00
Goal, Curr: (-0.80,  1.09), ( -1.40,  -0.60)   Error: 1.79
Last SG, Last State: ( -3.40,   1.40), ( -1.40,  -0.60)  SG Improvement:0.00000 

Goal, Curr: (-0.81,  1.10), ( -1.40,  -0.60)   Error: 1.80
Last SG, Last State: ( -3.40,   1.40), ( -1.40,  -0.60)  SG Improvement:0.00000 

Goal, Curr: (-0.77,  0.81), ( -1.40,  -0.60)   Error: 1.55
Last SG, Last State: ( -3.40,   1.40), ( -1.40,  -0.60)  SG Improvement:0.00000 

Goal, Curr: (-0.88,  1.04), ( -1.40,  -0.60)   Error: 1.72
Last SG, Last State: ( -3.40,   1.40), ( -1.40,  -0.60)  SG Improvement:0.00000 

Goal, Curr: (-0.92,  1.22), ( -1.40,  -0.60)   Error: 1.89
Last SG, Last State: ( -3.40,   1.40), ( -1.40,  -0.60)  SG Improvement:0.00000 

Goal, Curr: (-1.21,  0.99), ( -1.40,  -0.60)   Error: 1.60
Last SG, Last State: ( -3.40,   1.40), ( -1.40,  -0.60)  SG Improvement:0.00000 

Goal, Curr: (-0.99,  0.93), ( -1.40,  -0.60)   Error: 1.58
Last SG, Last State: ( -3.40,   1.40), ( -1.40,  -0.60)  SG Improvement:0.00000 

Goal, Curr: (-1.15,  1.07), ( -1.40,  -0.60)   Error: 1.69
Last SG, Last State: ( -3.40,   1.40), ( -1.40,  -0.60)  SG Improvement:0.00000 

Goal, Curr: (-1.20,  0.93), ( -1.40,  -0.60)   Error: 1.55
Last SG, Last State: ( -3.40,   1.40), ( -1.40,  -0.60)  SG Improvement:0.00000 

Goal, Curr: (-1.21,  1.01), ( -1.40,  -0.60)   Error: 1.63
Last SG, Last State: ( -3.40,   1.40), ( -1.40,  -0.60)  SG Improvement:0.00000 

episode:00700, mean:0.37, std:0.17, median:0.34, success:0.00
Goal, Curr: (-1.05,  0.95), ( -1.40,  -0.60)   Error: 1.59
Last SG, Last State: ( -3.40,   1.40), ( -1.40,  -0.60)  SG Improvement:0.00000 

Goal, Curr: (-1.20,  1.17), ( -1.40,  -0.60)   Error: 1.78
Last SG, Last State: ( -3.40,   1.40), ( -1.40,  -0.60)  SG Improvement:0.00000 

Goal, Curr: (-1.10,  0.78), ( -1.40,  -0.60)   Error: 1.42
Last SG, Last State: ( -3.40,   1.40), ( -1.40,  -0.60)  SG Improvement:0.00000 

Goal, Curr: (-1.00,  0.95), ( -1.40,  -0.60)   Error: 1.60
Last SG, Last State: ( -3.40,   1.40), ( -1.40,  -0.60)  SG Improvement:0.00000 

Goal, Curr: (-1.15,  0.95), ( -1.40,  -0.60)   Error: 1.57
Last SG, Last State: ( -3.40,   1.40), ( -1.40,  -0.60)  SG Improvement:0.00000 

Goal, Curr: (-0.79,  0.95), ( -1.40,  -0.60)   Error: 1.67
Last SG, Last State: ( -3.40,   1.40), ( -1.40,  -0.60)  SG Improvement:0.00000 

Goal, Curr: (-1.19,  0.84), ( -1.40,  -0.60)   Error: 1.46
Last SG, Last State: ( -3.40,   1.40), ( -1.40,  -0.60)  SG Improvement:0.00000 

Goal, Curr: (-1.01,  1.08), ( -1.40,  -0.60)   Error: 1.73
Last SG, Last State: ( -3.40,   1.40), ( -1.40,  -0.60)  SG Improvement:-0.00000 

Goal, Curr: (-1.12,  0.85), ( -1.40,  -0.60)   Error: 1.47
Last SG, Last State: ( -3.40,   1.40), ( -1.40,  -0.60)  SG Improvement:0.00000 

Goal, Curr: (-0.78,  0.76), ( -1.40,  -0.60)   Error: 1.49
Last SG, Last State: ( -3.40,   1.40), ( -1.40,  -0.60)  SG Improvement:0.00000 

episode:00800, mean:0.33, std:0.12, median:0.32, success:0.00
Goal, Curr: (-0.78,  1.23), ( -1.40,  -0.60)   Error: 1.94
Last SG, Last State: ( -3.40,   1.40), ( -1.40,  -0.60)  SG Improvement:0.00000 

Goal, Curr: (-0.84,  0.78), ( -1.40,  -0.60)   Error: 1.49
Last SG, Last State: ( -3.40,   1.40), ( -1.40,  -0.60)  SG Improvement:0.00000 

Goal, Curr: (-1.02,  0.80), ( -1.40,  -0.60)   Error: 1.45
Last SG, Last State: ( -3.40,   1.40), ( -1.40,  -0.60)  SG Improvement:0.00000 

Goal, Curr: (-0.77,  1.22), ( -1.40,  -0.60)   Error: 1.92
Last SG, Last State: ( -3.40,   1.40), ( -1.40,  -0.60)  SG Improvement:0.00000 

Goal, Curr: (-1.08,  1.15), ( -1.40,  -0.60)   Error: 1.77
Last SG, Last State: ( -3.40,   1.40), ( -1.40,  -0.60)  SG Improvement:0.00000 

Goal, Curr: (-0.80,  0.92), ( -1.40,  -0.60)   Error: 1.63
Last SG, Last State: ( -3.40,   1.40), ( -1.40,  -0.60)  SG Improvement:0.00000 

Goal, Curr: (-0.80,  1.15), ( -1.40,  -0.60)   Error: 1.85
Last SG, Last State: ( -3.40,   1.40), ( -1.40,  -0.60)  SG Improvement:0.00000 

Goal, Curr: (-0.96,  0.91), ( -1.40,  -0.60)   Error: 1.58
Last SG, Last State: ( -3.40,   1.40), ( -1.40,  -0.60)  SG Improvement:0.00000 

Goal, Curr: (-0.77,  0.84), ( -1.40,  -0.60)   Error: 1.57
Last SG, Last State: ( -3.40,   1.40), ( -1.40,  -0.60)  SG Improvement:0.00000 

Goal, Curr: (-0.87,  0.97), ( -1.40,  -0.60)   Error: 1.66
Last SG, Last State: ( -3.40,   1.40), ( -1.40,  -0.60)  SG Improvement:0.00000 

episode:00900, mean:0.35, std:0.15, median:0.37, success:0.00
Goal, Curr: (-1.00,  1.03), ( -1.40,  -0.60)   Error: 1.68
Last SG, Last State: ( -3.40,   1.40), ( -1.40,  -0.60)  SG Improvement:0.00000 

Goal, Curr: (-1.12,  1.02), ( -1.40,  -0.60)   Error: 1.65
Last SG, Last State: ( -3.40,   1.40), ( -1.40,  -0.60)  SG Improvement:0.00000 

Goal, Curr: (-0.87,  0.96), ( -1.40,  -0.60)   Error: 1.65
Last SG, Last State: ( -3.40,   1.40), ( -1.40,  -0.60)  SG Improvement:0.00000 

Goal, Curr: (-1.08,  0.91), ( -1.40,  -0.60)   Error: 1.54
Last SG, Last State: ( -3.40,   1.40), ( -1.40,  -0.60)  SG Improvement:0.00000 

Goal, Curr: (-1.20,  0.78), ( -1.40,  -0.60)   Error: 1.40
Last SG, Last State: ( -3.40,   1.40), ( -1.40,  -0.60)  SG Improvement:0.00000 

Goal, Curr: (-0.88,  0.76), ( -1.40,  -0.60)   Error: 1.45
Last SG, Last State: ( -3.40,   1.40), ( -1.40,  -0.60)  SG Improvement:0.00000 

Goal, Curr: (-0.79,  1.13), ( -1.40,  -0.60)   Error: 1.83
Last SG, Last State: ( -3.40,   1.40), ( -1.40,  -0.60)  SG Improvement:0.00000 

Goal, Curr: (-1.15,  1.14), ( -1.40,  -0.60)   Error: 1.76
Last SG, Last State: ( -3.40,   1.40), ( -1.40,  -0.60)  SG Improvement:0.00000 

Goal, Curr: (-0.86,  0.93), ( -1.40,  -0.60)   Error: 1.63
Last SG, Last State: ( -3.40,   1.40), ( -1.40,  -0.60)  SG Improvement:0.00000 

Goal, Curr: (-0.87,  1.09), ( -1.40,  -0.60)   Error: 1.77
Last SG, Last State: ( -3.40,   1.40), ( -1.40,  -0.60)  SG Improvement:0.00000 

episode:01000, mean:0.30, std:0.14, median:0.31, success:0.00
Goal, Curr: (-0.77,  1.06), ( -1.40,  -0.63)   Error: 1.80
Last SG, Last State: ( -3.40,   1.36), ( -1.40,  -0.63)  SG Improvement:0.00322 

Goal, Curr: (-1.03,  1.12), ( -1.40,  -0.67)   Error: 1.82
Last SG, Last State: ( -3.40,   1.32), ( -1.40,  -0.67)  SG Improvement:0.00171 

Goal, Curr: (-1.01,  0.90), ( -1.40,  -0.60)   Error: 1.55
Last SG, Last State: ( -3.40,   1.40), ( -1.40,  -0.60)  SG Improvement:0.00000 

Goal, Curr: (-1.13,  1.05), ( -1.40,  -0.63)   Error: 1.70
Last SG, Last State: ( -3.40,   1.36), ( -1.40,  -0.64)  SG Improvement:0.00176 

Goal, Curr: (-1.12,  0.80), ( -1.40,  -0.60)   Error: 1.43
Last SG, Last State: ( -3.40,   1.40), ( -1.40,  -0.60)  SG Improvement:0.00000 

Goal, Curr: (-0.97,  1.19), ( -1.40,  -0.66)   Error: 1.90
Last SG, Last State: ( -3.40,   1.33), ( -1.40,  -0.67)  SG Improvement:0.00164 

Goal, Curr: (-0.97,  0.94), ( -1.40,  -0.72)   Error: 1.71
Last SG, Last State: ( -3.40,   1.27), ( -1.40,  -0.73)  SG Improvement:0.00222 

Goal, Curr: (-1.04,  0.78), ( -1.40,  -0.60)   Error: 1.42
Last SG, Last State: ( -3.40,   1.40), ( -1.40,  -0.60)  SG Improvement:0.00000 

Goal, Curr: (-0.81,  1.07), ( -1.40,  -0.61)   Error: 1.78
Last SG, Last State: ( -3.40,   1.39), ( -1.40,  -0.61)  SG Improvement:0.00197 

Goal, Curr: (-0.78,  0.97), ( -1.40,  -0.60)   Error: 1.69
Last SG, Last State: ( -3.40,   1.40), ( -1.40,  -0.60)  SG Improvement:0.00000 

episode:01100, mean:0.38, std:0.12, median:0.38, success:0.00
Goal, Curr: (-1.12,  1.19), ( -1.40,  -0.60)   Error: 1.82
Last SG, Last State: ( -3.40,   1.40), ( -1.40,  -0.60)  SG Improvement:0.00000 

Goal, Curr: (-0.97,  1.04), ( -1.40,  -0.60)   Error: 1.70
Last SG, Last State: ( -3.40,   1.40), ( -1.40,  -0.60)  SG Improvement:0.00000 

Goal, Curr: (-1.08,  0.75), ( -1.40,  -0.60)   Error: 1.39
Last SG, Last State: ( -3.40,   1.40), ( -1.40,  -0.60)  SG Improvement:0.00000 

Goal, Curr: (-1.16,  0.98), ( -1.40,  -0.60)   Error: 1.60
Last SG, Last State: ( -3.40,   1.40), ( -1.40,  -0.60)  SG Improvement:0.00000 

Goal, Curr: (-1.04,  1.24), ( -1.40,  -0.60)   Error: 1.87
Last SG, Last State: ( -3.40,   1.40), ( -1.40,  -0.60)  SG Improvement:0.00000 

Goal, Curr: (-1.16,  0.99), ( -1.40,  -0.60)   Error: 1.61
Last SG, Last State: ( -3.40,   1.40), ( -1.40,  -0.60)  SG Improvement:0.00000 

Goal, Curr: (-1.03,  1.16), ( -1.40,  -0.60)   Error: 1.80
Last SG, Last State: ( -3.40,   1.40), ( -1.40,  -0.60)  SG Improvement:0.00000 

Goal, Curr: (-0.79,  1.16), ( -1.40,  -0.60)   Error: 1.87
Last SG, Last State: ( -3.40,   1.40), ( -1.40,  -0.60)  SG Improvement:0.00000 

Goal, Curr: (-0.80,  0.78), ( -1.40,  -0.60)   Error: 1.50
Last SG, Last State: ( -3.40,   1.40), ( -1.40,  -0.60)  SG Improvement:0.00000 

Goal, Curr: (-1.08,  1.05), ( -1.40,  -0.60)   Error: 1.68
Last SG, Last State: ( -3.40,   1.40), ( -1.40,  -0.60)  SG Improvement:0.00000 

episode:01200, mean:0.30, std:0.13, median:0.27, success:0.00
Goal, Curr: (-1.11,  0.76), ( -1.40,  -0.60)   Error: 1.40
Last SG, Last State: ( -3.40,   1.40), ( -1.40,  -0.60)  SG Improvement:0.00000 

Goal, Curr: (-1.09,  1.03), ( -1.40,  -0.60)   Error: 1.66
Last SG, Last State: ( -3.40,   1.40), ( -1.40,  -0.60)  SG Improvement:0.00000 

Goal, Curr: (-0.77,  1.17), ( -1.40,  -0.60)   Error: 1.88
Last SG, Last State: ( -3.40,   1.40), ( -1.40,  -0.60)  SG Improvement:0.00000 

Goal, Curr: (-1.08,  0.92), ( -1.40,  -1.36)   Error: 2.29
Last SG, Last State: ( -3.40,   0.66), ( -1.40,  -1.35)  SG Improvement:0.00037 

Goal, Curr: (-1.01,  0.87), ( -1.40,  -0.60)   Error: 1.52
Last SG, Last State: ( -3.40,   1.40), ( -1.40,  -0.60)  SG Improvement:0.00000 

Goal, Curr: (-1.08,  1.06), ( -1.40,  -0.60)   Error: 1.69
Last SG, Last State: ( -3.40,   1.40), ( -1.40,  -0.60)  SG Improvement:0.00000 

Goal, Curr: (-0.95,  1.04), ( -1.40,  -0.60)   Error: 1.70
Last SG, Last State: ( -3.40,   1.40), ( -1.40,  -0.60)  SG Improvement:0.00000 

Goal, Curr: (-1.10,  0.96), ( -1.40,  -1.38)   Error: 2.36
Last SG, Last State: ( -3.40,   0.63), ( -1.40,  -1.37)  SG Improvement:0.00004 

Goal, Curr: (-0.78,  1.12), ( -1.40,  -1.39)   Error: 2.59
Last SG, Last State: ( -3.40,   0.62), ( -1.40,  -1.38)  SG Improvement:0.00008 

Goal, Curr: (-0.99,  0.95), ( -1.40,  -1.33)   Error: 2.31
Last SG, Last State: ( -3.40,   0.69), ( -1.40,  -1.32)  SG Improvement:-0.00287 

episode:01300, mean:0.09, std:0.42, median:0.25, success:0.00
Goal, Curr: (-1.05,  0.96), ( -1.40,  -0.60)   Error: 1.60
Last SG, Last State: ( -3.40,   1.40), ( -1.40,  -0.60)  SG Improvement:0.00000 

Goal, Curr: (-0.94,  1.09), ( -1.40,  -0.60)   Error: 1.76
Last SG, Last State: ( -3.40,   1.40), ( -1.40,  -0.60)  SG Improvement:0.00000 

Goal, Curr: (-1.16,  0.85), ( -1.40,  -0.60)   Error: 1.47
Last SG, Last State: ( -3.40,   1.40), ( -1.40,  -0.60)  SG Improvement:0.00000 

Goal, Curr: (-1.16,  1.20), ( -1.40,  -0.60)   Error: 1.82
Last SG, Last State: ( -3.40,   1.40), ( -1.40,  -0.60)  SG Improvement:0.00000 

Goal, Curr: (-1.14,  0.92), ( -1.40,  -0.60)   Error: 1.54
Last SG, Last State: ( -3.40,   1.40), ( -1.40,  -0.60)  SG Improvement:0.00000 

Goal, Curr: (-0.97,  0.76), ( -1.40,  -0.60)   Error: 1.42
Last SG, Last State: ( -3.40,   1.40), ( -1.40,  -0.60)  SG Improvement:0.00000 

Goal, Curr: (-0.87,  0.94), ( -1.40,  -0.60)   Error: 1.63
Last SG, Last State: ( -3.40,   1.40), ( -1.40,  -0.60)  SG Improvement:0.00000 

Goal, Curr: (-0.76,  1.21), ( -1.40,  -0.60)   Error: 1.92
Last SG, Last State: ( -3.40,   1.40), ( -1.40,  -0.60)  SG Improvement:0.00000 

Goal, Curr: (-1.04,  1.13), ( -1.40,  -0.60)   Error: 1.77
Last SG, Last State: ( -3.40,   1.40), ( -1.40,  -0.60)  SG Improvement:0.00000 

Goal, Curr: (-0.76,  1.10), ( -1.40,  -0.60)   Error: 1.82
Last SG, Last State: ( -3.40,   1.40), ( -1.40,  -0.60)  SG Improvement:0.00000 

episode:01400, mean:0.34, std:0.12, median:0.36, success:0.00
Goal, Curr: (-0.82,  0.98), ( -1.40,  -1.40)   Error: 2.45
Last SG, Last State: ( -3.40,   0.60), ( -1.40,  -1.40)  SG Improvement:0.00078 

Goal, Curr: (-0.95,  1.13), ( -1.40,  -0.60)   Error: 1.79
Last SG, Last State: ( -3.40,   1.40), ( -1.40,  -0.60)  SG Improvement:0.00000 

Goal, Curr: (-0.88,  0.76), ( -1.40,  -1.40)   Error: 2.22
Last SG, Last State: ( -3.40,   0.60), ( -1.40,  -1.40)  SG Improvement:-0.00000 

Goal, Curr: (-1.19,  1.20), ( -1.40,  -0.80)   Error: 2.01
Last SG, Last State: ( -3.40,   1.09), ( -1.40,  -0.85)  SG Improvement:0.01402 

Goal, Curr: (-0.84,  1.11), ( -1.40,  -0.81)   Error: 2.00
Last SG, Last State: ( -3.40,   1.16), ( -1.40,  -0.82)  SG Improvement:0.01145 

Goal, Curr: (-0.88,  0.78), ( -1.40,  -1.40)   Error: 2.23
Last SG, Last State: ( -3.40,   0.60), ( -1.40,  -1.40)  SG Improvement:0.00000 

Goal, Curr: (-1.15,  1.11), ( -1.40,  -0.60)   Error: 1.73
Last SG, Last State: ( -3.40,   1.40), ( -1.40,  -0.60)  SG Improvement:0.00000 

Goal, Curr: (-0.93,  0.99), ( -1.40,  -1.40)   Error: 2.43
Last SG, Last State: ( -3.40,   0.60), ( -1.40,  -1.40)  SG Improvement:0.00000 

Goal, Curr: (-1.11,  0.97), ( -1.40,  -1.40)   Error: 2.38
Last SG, Last State: ( -3.40,   0.60), ( -1.40,  -1.40)  SG Improvement:0.00000 

Goal, Curr: (-1.25,  1.12), ( -1.40,  -0.60)   Error: 1.72
Last SG, Last State: ( -3.40,   1.40), ( -1.40,  -0.60)  SG Improvement:0.05717 

episode:01500, mean:-0.05, std:0.31, median:-0.08, success:0.00
Goal, Curr: (-1.12,  1.13), ( -1.40,  -0.60)   Error: 1.75
Last SG, Last State: ( -3.40,   1.40), ( -1.40,  -0.60)  SG Improvement:0.00000 

Goal, Curr: (-0.80,  1.09), ( -1.40,  -0.60)   Error: 1.79
Last SG, Last State: ( -3.40,   1.40), ( -1.40,  -0.60)  SG Improvement:0.00000 

Goal, Curr: (-0.95,  0.86), ( -1.40,  -0.60)   Error: 1.53
Last SG, Last State: ( -3.40,   1.40), ( -1.40,  -0.60)  SG Improvement:0.00000 

Goal, Curr: (-1.06,  1.04), ( -1.40,  -0.60)   Error: 1.68
Last SG, Last State: ( -3.40,   1.40), ( -1.40,  -0.60)  SG Improvement:0.00000 

Goal, Curr: (-0.85,  0.95), ( -1.40,  -1.02)   Error: 2.04
Last SG, Last State: ( -3.40,   0.95), ( -1.40,  -1.03)  SG Improvement:0.00685 

Goal, Curr: (-1.12,  0.78), ( -1.40,  -0.60)   Error: 1.41
Last SG, Last State: ( -3.40,   1.40), ( -1.40,  -0.60)  SG Improvement:0.00000 

Goal, Curr: (-1.07,  1.11), ( -1.40,  -0.60)   Error: 1.74
Last SG, Last State: ( -3.40,   1.40), ( -1.40,  -0.60)  SG Improvement:0.00000 

Goal, Curr: (-1.16,  1.04), ( -1.40,  -0.60)   Error: 1.65
Last SG, Last State: ( -3.40,   1.40), ( -1.40,  -0.60)  SG Improvement:0.00000 

Goal, Curr: (-1.24,  0.94), ( -1.40,  -0.60)   Error: 1.55
Last SG, Last State: ( -3.40,   1.40), ( -1.40,  -0.60)  SG Improvement:0.00000 

Goal, Curr: (-0.85,  1.10), ( -1.40,  -0.60)   Error: 1.79
Last SG, Last State: ( -3.40,   1.40), ( -1.40,  -0.60)  SG Improvement:0.00000 

episode:01600, mean:0.33, std:0.13, median:0.37, success:0.00
Goal, Curr: (-1.08,  1.05), ( -1.40,  -0.60)   Error: 1.68
Last SG, Last State: ( -3.40,   1.40), ( -1.40,  -0.60)  SG Improvement:0.00000 

Goal, Curr: (-0.85,  1.15), ( -1.40,  -0.60)   Error: 1.83
Last SG, Last State: ( -3.40,   1.40), ( -1.40,  -0.60)  SG Improvement:0.00000 

Goal, Curr: (-0.92,  0.99), ( -1.40,  -0.60)   Error: 1.66
Last SG, Last State: ( -3.40,   1.40), ( -1.40,  -0.60)  SG Improvement:0.00000 

Goal, Curr: (-1.14,  1.13), ( -1.40,  -0.60)   Error: 1.75
Last SG, Last State: ( -3.40,   1.40), ( -1.40,  -0.60)  SG Improvement:0.00000 

Goal, Curr: (-1.13,  0.79), ( -1.40,  -0.60)   Error: 1.42
Last SG, Last State: ( -3.40,   1.40), ( -1.40,  -0.60)  SG Improvement:0.00000 

Goal, Curr: (-1.15,  1.03), ( -1.40,  -0.60)   Error: 1.65
Last SG, Last State: ( -3.40,   1.40), ( -1.40,  -0.60)  SG Improvement:0.00000 

Goal, Curr: (-1.22,  1.22), ( -1.40,  -0.60)   Error: 1.83
Last SG, Last State: ( -3.40,   1.40), ( -1.40,  -0.60)  SG Improvement:0.00000 

Goal, Curr: (-1.19,  1.08), ( -1.40,  -0.60)   Error: 1.70
Last SG, Last State: ( -3.40,   1.40), ( -1.40,  -0.60)  SG Improvement:0.00000 

Goal, Curr: (-1.18,  0.80), ( -1.40,  -0.60)   Error: 1.42
Last SG, Last State: ( -3.40,   1.40), ( -1.40,  -0.60)  SG Improvement:0.00000 

Goal, Curr: (-0.93,  0.88), ( -1.40,  -0.60)   Error: 1.55
Last SG, Last State: ( -3.40,   1.40), ( -1.40,  -0.60)  SG Improvement:0.00000 

episode:01700, mean:0.39, std:0.14, median:0.44, success:0.00
Goal, Curr: (-0.96,  0.91), ( -1.40,  -0.60)   Error: 1.57
Last SG, Last State: ( -3.40,   1.40), ( -1.40,  -0.60)  SG Improvement:0.00000 

Goal, Curr: (-1.19,  0.87), ( -1.40,  -0.60)   Error: 1.49
Last SG, Last State: ( -3.40,   1.40), ( -1.40,  -0.60)  SG Improvement:0.00000 

Goal, Curr: (-0.94,  0.79), ( -1.40,  -0.60)   Error: 1.47
Last SG, Last State: ( -3.40,   1.40), ( -1.40,  -0.60)  SG Improvement:0.00000 

Goal, Curr: (-0.85,  1.03), ( -1.40,  -0.60)   Error: 1.72
Last SG, Last State: ( -3.40,   1.40), ( -1.40,  -0.60)  SG Improvement:0.00000 

Goal, Curr: (-1.22,  0.97), ( -1.40,  -0.60)   Error: 1.58
Last SG, Last State: ( -3.40,   1.40), ( -1.40,  -0.60)  SG Improvement:0.00000 

Goal, Curr: (-1.11,  1.20), ( -1.40,  -0.60)   Error: 1.83
Last SG, Last State: ( -3.40,   1.40), ( -1.40,  -0.60)  SG Improvement:0.00000 

Goal, Curr: (-0.98,  0.82), ( -1.40,  -0.60)   Error: 1.48
Last SG, Last State: ( -3.40,   1.40), ( -1.40,  -0.60)  SG Improvement:0.00000 

Goal, Curr: (-1.07,  0.77), ( -1.40,  -0.60)   Error: 1.41
Last SG, Last State: ( -3.40,   1.40), ( -1.40,  -0.60)  SG Improvement:0.00000 

Goal, Curr: (-1.06,  1.01), ( -1.40,  -0.60)   Error: 1.65
Last SG, Last State: ( -3.40,   1.40), ( -1.40,  -0.60)  SG Improvement:0.00000 

Goal, Curr: (-0.93,  0.96), ( -1.40,  -0.60)   Error: 1.63
Last SG, Last State: ( -3.40,   1.40), ( -1.40,  -0.60)  SG Improvement:0.00000 

episode:01800, mean:0.30, std:0.14, median:0.31, success:0.00
Goal, Curr: (-1.10,  1.20), ( -1.40,  -0.60)   Error: 1.82
Last SG, Last State: ( -3.40,   1.40), ( -1.40,  -0.60)  SG Improvement:0.00000 

Goal, Curr: (-1.13,  1.09), ( -1.40,  -0.60)   Error: 1.72
Last SG, Last State: ( -3.40,   1.40), ( -1.40,  -0.60)  SG Improvement:0.00000 

Goal, Curr: (-1.18,  0.98), ( -1.40,  -0.60)   Error: 1.59
Last SG, Last State: ( -3.40,   1.40), ( -1.40,  -0.60)  SG Improvement:0.00000 

Goal, Curr: (-0.80,  0.88), ( -1.40,  -0.60)   Error: 1.60
Last SG, Last State: ( -3.40,   1.40), ( -1.40,  -0.60)  SG Improvement:0.00000 

Goal, Curr: (-0.84,  1.08), ( -1.40,  -0.60)   Error: 1.77
Last SG, Last State: ( -3.40,   1.40), ( -1.40,  -0.60)  SG Improvement:0.00000 

Goal, Curr: (-1.08,  1.19), ( -1.40,  -0.60)   Error: 1.82
Last SG, Last State: ( -3.40,   1.40), ( -1.40,  -0.60)  SG Improvement:0.00000 

Goal, Curr: (-1.19,  1.14), ( -1.40,  -0.60)   Error: 1.75
Last SG, Last State: ( -3.40,   1.40), ( -1.40,  -0.60)  SG Improvement:0.00000 

Goal, Curr: (-0.90,  1.10), ( -1.40,  -0.60)   Error: 1.77
Last SG, Last State: ( -3.40,   1.40), ( -1.40,  -0.60)  SG Improvement:0.00000 

Goal, Curr: (-0.92,  1.16), ( -1.40,  -0.60)   Error: 1.82
Last SG, Last State: ( -3.40,   1.40), ( -1.40,  -0.60)  SG Improvement:0.00000 

Goal, Curr: (-0.83,  1.21), ( -1.40,  -0.60)   Error: 1.90
Last SG, Last State: ( -3.40,   1.40), ( -1.40,  -0.60)  SG Improvement:0.00000 

episode:01900, mean:0.35, std:0.15, median:0.32, success:0.00
Goal, Curr: (-0.79,  1.14), ( -1.40,  -0.60)   Error: 1.84
Last SG, Last State: ( -3.40,   1.40), ( -1.40,  -0.60)  SG Improvement:0.00000 

Goal, Curr: (-0.95,  0.82), ( -1.40,  -0.60)   Error: 1.49
Last SG, Last State: ( -3.40,   1.40), ( -1.40,  -0.60)  SG Improvement:0.00000 

Goal, Curr: (-0.98,  0.76), ( -1.40,  -0.60)   Error: 1.42
Last SG, Last State: ( -3.40,   1.40), ( -1.40,  -0.60)  SG Improvement:0.00000 

Goal, Curr: (-1.17,  0.80), ( -1.40,  -0.60)   Error: 1.42
Last SG, Last State: ( -3.40,   1.40), ( -1.40,  -0.60)  SG Improvement:-0.00000 

Goal, Curr: (-0.97,  1.20), ( -1.40,  -0.60)   Error: 1.85
Last SG, Last State: ( -3.40,   1.40), ( -1.40,  -0.60)  SG Improvement:0.00000 

Goal, Curr: (-0.96,  0.97), ( -1.40,  -0.60)   Error: 1.63
Last SG, Last State: ( -3.40,   1.40), ( -1.40,  -0.60)  SG Improvement:0.00000 

Goal, Curr: (-1.08,  1.08), ( -1.40,  -0.60)   Error: 1.71
Last SG, Last State: ( -3.40,   1.40), ( -1.40,  -0.60)  SG Improvement:-0.00000 

Goal, Curr: (-0.90,  0.76), ( -1.40,  -0.60)   Error: 1.45
Last SG, Last State: ( -3.40,   1.40), ( -1.40,  -0.60)  SG Improvement:0.00000 

Goal, Curr: (-1.06,  1.10), ( -1.40,  -0.60)   Error: 1.73
Last SG, Last State: ( -3.40,   1.40), ( -1.40,  -0.60)  SG Improvement:0.00000 

Goal, Curr: (-0.78,  1.14), ( -1.40,  -0.60)   Error: 1.85
Last SG, Last State: ( -3.40,   1.40), ( -1.40,  -0.60)  SG Improvement:0.00000 

episode:02000, mean:0.34, std:0.16, median:0.32, success:0.00
Goal, Curr: (-0.82,  1.21), ( -1.40,  -0.60)   Error: 1.90
Last SG, Last State: ( -3.40,   1.40), ( -1.40,  -0.60)  SG Improvement:0.00000 

Goal, Curr: (-0.89,  1.04), ( -1.21,  -0.60)   Error: 1.68
Last SG, Last State: ( -3.21,   1.40), ( -1.21,  -0.60)  SG Improvement:-0.00016 

Goal, Curr: (-0.81,  1.04), ( -1.40,  -0.60)   Error: 1.74
Last SG, Last State: ( -3.40,   1.40), ( -1.40,  -0.60)  SG Improvement:0.00000 

Goal, Curr: (-0.80,  1.25), ( -1.40,  -0.60)   Error: 1.94
Last SG, Last State: ( -3.40,   1.40), ( -1.40,  -0.60)  SG Improvement:0.00000 

Goal, Curr: (-0.85,  1.20), ( -1.40,  -0.60)   Error: 1.89
Last SG, Last State: ( -3.40,   1.40), ( -1.40,  -0.60)  SG Improvement:0.00000 

Goal, Curr: (-0.81,  1.13), ( -1.40,  -0.60)   Error: 1.83
Last SG, Last State: ( -3.40,   1.40), ( -1.40,  -0.60)  SG Improvement:0.00000 

Goal, Curr: (-0.84,  1.15), ( -1.19,  -0.62)   Error: 1.80
Last SG, Last State: ( -3.19,   1.38), ( -1.19,  -0.62)  SG Improvement:-0.00002 

Goal, Curr: (-1.13,  1.20), ( -1.40,  -0.60)   Error: 1.82
Last SG, Last State: ( -3.36,   1.40), ( -1.39,  -0.60)  SG Improvement:0.00709 

Goal, Curr: (-1.09,  0.94), ( -1.19,  -0.62)   Error: 1.57
Last SG, Last State: ( -3.19,   1.38), ( -1.19,  -0.62)  SG Improvement:-0.00002 

Goal, Curr: (-0.80,  1.00), ( -1.11,  -0.60)   Error: 1.64
Last SG, Last State: ( -3.11,   1.40), ( -1.11,  -0.60)  SG Improvement:0.00015 

episode:02100, mean:0.30, std:0.15, median:0.30, success:0.00
Goal, Curr: (-1.17,  1.17), ( -1.40,  -0.60)   Error: 1.78
Last SG, Last State: ( -3.40,   1.40), ( -1.40,  -0.60)  SG Improvement:0.00000 

Goal, Curr: (-0.99,  0.93), ( -1.40,  -0.60)   Error: 1.59
Last SG, Last State: ( -3.40,   1.40), ( -1.40,  -0.60)  SG Improvement:0.00000 

Goal, Curr: (-0.77,  1.12), ( -1.40,  -0.60)   Error: 1.84
Last SG, Last State: ( -3.40,   1.40), ( -1.40,  -0.60)  SG Improvement:0.00000 

Goal, Curr: (-1.09,  1.16), ( -1.40,  -0.60)   Error: 1.79
Last SG, Last State: ( -3.40,   1.40), ( -1.40,  -0.60)  SG Improvement:0.00000 

Goal, Curr: (-1.04,  0.85), ( -1.40,  -0.60)   Error: 1.49
Last SG, Last State: ( -3.40,   1.40), ( -1.40,  -0.60)  SG Improvement:0.00000 

Goal, Curr: (-1.10,  0.89), ( -1.40,  -0.60)   Error: 1.52
Last SG, Last State: ( -3.40,   1.40), ( -1.40,  -0.60)  SG Improvement:0.00000 

Goal, Curr: (-0.83,  0.93), ( -1.40,  -0.60)   Error: 1.64
Last SG, Last State: ( -3.40,   1.40), ( -1.40,  -0.60)  SG Improvement:0.00000 

Goal, Curr: (-0.94,  1.21), ( -1.40,  -0.60)   Error: 1.87
Last SG, Last State: ( -3.40,   1.40), ( -1.40,  -0.60)  SG Improvement:0.00000 

Goal, Curr: (-0.96,  1.15), ( -1.40,  -0.60)   Error: 1.80
Last SG, Last State: ( -3.40,   1.40), ( -1.40,  -0.60)  SG Improvement:0.00000 

Goal, Curr: (-1.13,  0.82), ( -1.40,  -0.60)   Error: 1.45
Last SG, Last State: ( -3.40,   1.40), ( -1.40,  -0.60)  SG Improvement:0.00000 

episode:02200, mean:0.33, std:0.15, median:0.33, success:0.00
Goal, Curr: (-1.22,  1.02), ( -1.36,  -0.60)   Error: 1.63
Last SG, Last State: ( -3.36,   1.40), ( -1.36,  -0.60)  SG Improvement:-0.00003 

Goal, Curr: (-0.95,  0.87), ( -1.29,  -0.61)   Error: 1.51
Last SG, Last State: ( -3.29,   1.39), ( -1.29,  -0.61)  SG Improvement:-0.00000 

Goal, Curr: (-1.09,  1.24), ( -1.32,  -0.60)   Error: 1.86
Last SG, Last State: ( -3.32,   1.40), ( -1.32,  -0.60)  SG Improvement:-0.00000 

Goal, Curr: (-0.88,  1.18), ( -1.30,  -0.60)   Error: 1.83
Last SG, Last State: ( -3.30,   1.40), ( -1.30,  -0.60)  SG Improvement:-0.00000 

Goal, Curr: (-1.15,  1.06), ( -1.29,  -0.60)   Error: 1.67
Last SG, Last State: ( -3.29,   1.40), ( -1.29,  -0.60)  SG Improvement:-0.00000 

Goal, Curr: (-1.00,  1.16), ( -1.30,  -0.61)   Error: 1.79
Last SG, Last State: ( -3.30,   1.39), ( -1.30,  -0.61)  SG Improvement:-0.00000 

Goal, Curr: (-1.17,  1.23), ( -1.28,  -0.61)   Error: 1.85
Last SG, Last State: ( -3.28,   1.39), ( -1.28,  -0.61)  SG Improvement:-0.00000 

Goal, Curr: (-0.83,  1.00), ( -1.30,  -0.60)   Error: 1.67
Last SG, Last State: ( -3.30,   1.40), ( -1.30,  -0.60)  SG Improvement:0.00000 

Goal, Curr: (-0.89,  1.03), ( -1.30,  -0.61)   Error: 1.69
Last SG, Last State: ( -3.30,   1.39), ( -1.30,  -0.61)  SG Improvement:-0.00000 

Goal, Curr: (-0.94,  0.92), ( -1.32,  -0.60)   Error: 1.57
Last SG, Last State: ( -3.32,   1.40), ( -1.32,  -0.60)  SG Improvement:0.00000 

episode:02300, mean:0.41, std:0.12, median:0.43, success:0.00
Goal, Curr: (-0.81,  0.89), ( -1.40,  -0.60)   Error: 1.60
Last SG, Last State: ( -3.40,   1.40), ( -1.40,  -0.60)  SG Improvement:0.00000 

Goal, Curr: (-0.93,  1.02), ( -1.40,  -0.60)   Error: 1.69
Last SG, Last State: ( -3.40,   1.40), ( -1.40,  -0.60)  SG Improvement:0.00000 

Goal, Curr: (-0.75,  0.92), ( -1.40,  -0.60)   Error: 1.65
Last SG, Last State: ( -3.40,   1.40), ( -1.40,  -0.60)  SG Improvement:0.00000 

Goal, Curr: (-1.08,  1.14), ( -1.40,  -0.60)   Error: 1.77
Last SG, Last State: ( -3.40,   1.40), ( -1.40,  -0.60)  SG Improvement:0.00000 

Goal, Curr: (-1.03,  1.05), ( -1.40,  -0.60)   Error: 1.70
Last SG, Last State: ( -3.40,   1.40), ( -1.40,  -0.60)  SG Improvement:0.00000 

Goal, Curr: (-0.90,  1.13), ( -1.40,  -0.60)   Error: 1.80
Last SG, Last State: ( -3.40,   1.40), ( -1.40,  -0.60)  SG Improvement:0.00000 

Goal, Curr: (-1.07,  1.23), ( -1.40,  -0.60)   Error: 1.86
Last SG, Last State: ( -3.40,   1.40), ( -1.40,  -0.60)  SG Improvement:0.00000 

Goal, Curr: (-0.75,  1.02), ( -1.40,  -0.60)   Error: 1.74
Last SG, Last State: ( -3.40,   1.40), ( -1.40,  -0.60)  SG Improvement:0.00000 

Goal, Curr: (-0.90,  0.95), ( -1.40,  -0.60)   Error: 1.63
Last SG, Last State: ( -3.40,   1.40), ( -1.40,  -0.60)  SG Improvement:0.00000 

Goal, Curr: (-0.92,  0.99), ( -1.40,  -0.60)   Error: 1.66
Last SG, Last State: ( -3.40,   1.40), ( -1.40,  -0.60)  SG Improvement:0.00000 

episode:02400, mean:0.32, std:0.12, median:0.32, success:0.00
Goal, Curr: (-1.10,  0.99), ( -1.40,  -0.60)   Error: 1.62
Last SG, Last State: ( -3.40,   1.40), ( -1.40,  -0.60)  SG Improvement:0.00000 

Goal, Curr: (-0.96,  1.21), ( -1.40,  -0.60)   Error: 1.87
Last SG, Last State: ( -3.40,   1.40), ( -1.40,  -0.60)  SG Improvement:0.00000 

Goal, Curr: (-0.75,  1.14), ( -1.40,  -0.60)   Error: 1.86
Last SG, Last State: ( -3.40,   1.40), ( -1.40,  -0.60)  SG Improvement:0.00000 

Goal, Curr: (-0.75,  0.81), ( -1.40,  -0.60)   Error: 1.55
Last SG, Last State: ( -3.40,   1.40), ( -1.40,  -0.60)  SG Improvement:0.00000 

Goal, Curr: (-0.85,  0.95), ( -1.40,  -0.60)   Error: 1.65
Last SG, Last State: ( -3.40,   1.40), ( -1.40,  -0.60)  SG Improvement:0.00000 

Goal, Curr: (-1.20,  1.06), ( -1.40,  -0.60)   Error: 1.68
Last SG, Last State: ( -3.40,   1.40), ( -1.40,  -0.60)  SG Improvement:0.00000 

Goal, Curr: (-0.83,  0.91), ( -1.40,  -0.60)   Error: 1.61
Last SG, Last State: ( -3.40,   1.40), ( -1.40,  -0.60)  SG Improvement:-0.00000 

Goal, Curr: (-0.93,  1.23), ( -1.40,  -0.60)   Error: 1.89
Last SG, Last State: ( -3.40,   1.40), ( -1.40,  -0.60)  SG Improvement:0.00000 

Goal, Curr: (-1.22,  0.76), ( -1.40,  -0.60)   Error: 1.37
Last SG, Last State: ( -3.40,   1.40), ( -1.40,  -0.60)  SG Improvement:0.00000 

Goal, Curr: (-0.89,  1.07), ( -1.40,  -0.60)   Error: 1.75
Last SG, Last State: ( -3.40,   1.40), ( -1.40,  -0.60)  SG Improvement:0.00000 

episode:02500, mean:0.31, std:0.15, median:0.30, success:0.00
Goal, Curr: (-1.13,  1.22), ( -1.40,  -0.60)   Error: 1.85
Last SG, Last State: ( -3.40,   1.40), ( -1.40,  -0.60)  SG Improvement:0.00000 

Goal, Curr: (-1.07,  0.86), ( -1.40,  -0.60)   Error: 1.50
Last SG, Last State: ( -3.40,   1.40), ( -1.40,  -0.60)  SG Improvement:0.00000 

Goal, Curr: (-1.13,  1.10), ( -1.40,  -0.60)   Error: 1.72
Last SG, Last State: ( -3.40,   1.40), ( -1.40,  -0.60)  SG Improvement:0.00000 

Goal, Curr: (-1.09,  0.80), ( -1.40,  -0.60)   Error: 1.44
Last SG, Last State: ( -3.40,   1.40), ( -1.40,  -0.60)  SG Improvement:0.00000 

Goal, Curr: (-0.98,  1.03), ( -1.40,  -0.60)   Error: 1.68
Last SG, Last State: ( -3.40,   1.40), ( -1.40,  -0.60)  SG Improvement:0.00000 

Goal, Curr: (-1.21,  1.16), ( -1.40,  -0.60)   Error: 1.77
Last SG, Last State: ( -3.40,   1.40), ( -1.40,  -0.60)  SG Improvement:0.00000 

Goal, Curr: (-0.92,  0.90), ( -1.40,  -0.60)   Error: 1.57
Last SG, Last State: ( -3.40,   1.40), ( -1.40,  -0.60)  SG Improvement:0.00000 

Goal, Curr: (-1.02,  0.85), ( -1.40,  -0.60)   Error: 1.50
Last SG, Last State: ( -3.40,   1.40), ( -1.40,  -0.60)  SG Improvement:0.00000 

Goal, Curr: (-1.24,  1.22), ( -1.40,  -0.60)   Error: 1.83
Last SG, Last State: ( -3.40,   1.40), ( -1.40,  -0.60)  SG Improvement:0.00000 

Goal, Curr: (-0.83,  0.95), ( -1.40,  -0.60)   Error: 1.65
Last SG, Last State: ( -3.40,   1.40), ( -1.40,  -0.60)  SG Improvement:0.00000 

episode:02600, mean:0.39, std:0.16, median:0.37, success:0.00
Goal, Curr: (-1.18,  1.16), ( -1.40,  -0.60)   Error: 1.77
Last SG, Last State: ( -3.40,   1.40), ( -1.40,  -0.60)  SG Improvement:0.00000 

Goal, Curr: (-1.01,  0.87), ( -1.40,  -0.60)   Error: 1.52
Last SG, Last State: ( -3.40,   1.40), ( -1.40,  -0.60)  SG Improvement:0.00000 

Goal, Curr: (-1.12,  1.24), ( -1.40,  -0.60)   Error: 1.87
Last SG, Last State: ( -3.40,   1.40), ( -1.40,  -0.60)  SG Improvement:0.00000 

Goal, Curr: (-1.10,  1.14), ( -1.40,  -0.60)   Error: 1.77
Last SG, Last State: ( -3.40,   1.40), ( -1.40,  -0.60)  SG Improvement:0.00000 

Goal, Curr: (-0.83,  1.24), ( -1.40,  -0.60)   Error: 1.93
Last SG, Last State: ( -3.40,   1.40), ( -1.40,  -0.60)  SG Improvement:0.00000 

Goal, Curr: (-0.84,  1.22), ( -1.40,  -0.60)   Error: 1.90
Last SG, Last State: ( -3.40,   1.40), ( -1.40,  -0.60)  SG Improvement:0.00000 

Goal, Curr: (-0.81,  1.17), ( -1.40,  -0.60)   Error: 1.87
Last SG, Last State: ( -3.40,   1.40), ( -1.40,  -0.60)  SG Improvement:0.00000 

Goal, Curr: (-0.93,  1.08), ( -1.40,  -0.60)   Error: 1.74
Last SG, Last State: ( -3.40,   1.40), ( -1.40,  -0.60)  SG Improvement:0.00000 

Goal, Curr: (-1.02,  1.18), ( -1.40,  -0.60)   Error: 1.82
Last SG, Last State: ( -3.40,   1.40), ( -1.40,  -0.60)  SG Improvement:-0.00026 

Goal, Curr: (-0.90,  0.99), ( -1.40,  -0.60)   Error: 1.67
Last SG, Last State: ( -3.40,   1.40), ( -1.40,  -0.60)  SG Improvement:-0.00000 

episode:02700, mean:0.41, std:0.12, median:0.43, success:0.00
Goal, Curr: (-1.15,  0.93), ( -1.40,  -1.34)   Error: 2.29
Last SG, Last State: ( -3.40,   0.66), ( -1.40,  -1.34)  SG Improvement:0.00000 

Goal, Curr: (-0.98,  1.03), ( -1.40,  -0.60)   Error: 1.68
Last SG, Last State: ( -3.40,   1.40), ( -1.40,  -0.60)  SG Improvement:0.00000 

Goal, Curr: (-1.19,  1.10), ( -1.40,  -0.60)   Error: 1.71
Last SG, Last State: ( -3.40,   1.40), ( -1.40,  -0.60)  SG Improvement:0.00000 

Goal, Curr: (-0.96,  1.18), ( -1.40,  -0.60)   Error: 1.84
Last SG, Last State: ( -3.40,   1.40), ( -1.40,  -0.60)  SG Improvement:0.00000 

Goal, Curr: (-0.93,  1.13), ( -1.40,  -0.60)   Error: 1.79
Last SG, Last State: ( -3.40,   1.40), ( -1.40,  -0.60)  SG Improvement:0.00000 

Goal, Curr: (-1.02,  0.78), ( -1.40,  -0.60)   Error: 1.43
Last SG, Last State: ( -3.40,   1.40), ( -1.40,  -0.60)  SG Improvement:0.00000 

Goal, Curr: (-0.94,  1.01), ( -1.40,  -0.60)   Error: 1.67
Last SG, Last State: ( -3.40,   1.40), ( -1.40,  -0.60)  SG Improvement:0.00000 

Goal, Curr: (-0.99,  1.10), ( -1.40,  -0.60)   Error: 1.75
Last SG, Last State: ( -3.40,   1.40), ( -1.40,  -0.60)  SG Improvement:-0.00005 

Goal, Curr: (-0.94,  0.88), ( -1.40,  -0.60)   Error: 1.55
Last SG, Last State: ( -3.40,   1.40), ( -1.40,  -0.60)  SG Improvement:0.00000 

Goal, Curr: (-0.96,  0.82), ( -1.40,  -0.60)   Error: 1.49
Last SG, Last State: ( -3.40,   1.40), ( -1.40,  -0.60)  SG Improvement:-0.00000 

episode:02800, mean:0.30, std:0.20, median:0.27, success:0.00
Goal, Curr: (-1.07,  1.21), ( -1.40,  -0.60)   Error: 1.84
Last SG, Last State: ( -3.40,   1.40), ( -1.40,  -0.60)  SG Improvement:-0.00000 

Goal, Curr: (-1.00,  1.23), ( -1.40,  -1.17)   Error: 2.43
Last SG, Last State: ( -3.40,   0.84), ( -1.40,  -1.16)  SG Improvement:-0.01187 

Goal, Curr: (-1.05,  0.87), ( -1.40,  -1.18)   Error: 2.08
Last SG, Last State: ( -3.40,   0.78), ( -1.40,  -1.20)  SG Improvement:-0.00680 

Goal, Curr: (-1.15,  0.76), ( -1.40,  -0.60)   Error: 1.38
Last SG, Last State: ( -3.40,   1.40), ( -1.40,  -0.60)  SG Improvement:0.00000 

Goal, Curr: (-1.14,  1.00), ( -1.40,  -0.60)   Error: 1.62
Last SG, Last State: ( -3.40,   1.40), ( -1.40,  -0.60)  SG Improvement:0.00000 

Goal, Curr: (-1.02,  1.05), ( -1.40,  -1.17)   Error: 2.25
Last SG, Last State: ( -3.40,   0.84), ( -1.40,  -1.16)  SG Improvement:-0.01123 

Goal, Curr: (-1.02,  0.84), ( -1.40,  -1.18)   Error: 2.06
Last SG, Last State: ( -3.40,   0.78), ( -1.40,  -1.20)  SG Improvement:-0.00802 

Goal, Curr: (-1.21,  0.98), ( -1.40,  -0.60)   Error: 1.59
Last SG, Last State: ( -3.40,   1.40), ( -1.40,  -0.60)  SG Improvement:0.00000 

Goal, Curr: (-1.04,  1.23), ( -1.40,  -1.16)   Error: 2.42
Last SG, Last State: ( -3.40,   0.83), ( -1.40,  -1.16)  SG Improvement:-0.00402 

Goal, Curr: (-0.87,  1.22), ( -1.40,  -0.67)   Error: 1.96
Last SG, Last State: ( -3.40,   1.30), ( -1.40,  -0.69)  SG Improvement:0.01147 

episode:02900, mean:0.11, std:0.18, median:0.09, success:0.00
Goal, Curr: (-1.11,  0.94), ( -1.40,  -0.60)   Error: 1.57
Last SG, Last State: ( -3.40,   1.40), ( -1.40,  -0.60)  SG Improvement:0.00048 

Goal, Curr: (-1.20,  0.77), ( -1.40,  -0.92)   Error: 1.70
Last SG, Last State: ( -3.40,   1.08), ( -1.40,  -0.92)  SG Improvement:-0.00060 

Goal, Curr: (-1.03,  1.00), ( -1.40,  -0.60)   Error: 1.64
Last SG, Last State: ( -3.40,   1.40), ( -1.40,  -0.60)  SG Improvement:0.00000 

Goal, Curr: (-0.88,  1.18), ( -1.40,  -0.60)   Error: 1.85
Last SG, Last State: ( -3.40,   1.40), ( -1.40,  -0.60)  SG Improvement:0.00000 

Goal, Curr: (-0.88,  0.97), ( -1.40,  -0.60)   Error: 1.65
Last SG, Last State: ( -3.40,   1.40), ( -1.40,  -0.60)  SG Improvement:0.00000 

Goal, Curr: (-0.93,  1.06), ( -1.40,  -0.60)   Error: 1.73
Last SG, Last State: ( -3.40,   1.40), ( -1.40,  -0.60)  SG Improvement:0.00000 

Goal, Curr: (-1.19,  0.79), ( -1.40,  -0.91)   Error: 1.71
Last SG, Last State: ( -3.40,   1.09), ( -1.40,  -0.91)  SG Improvement:0.00017 

Goal, Curr: (-1.02,  1.13), ( -1.40,  -0.60)   Error: 1.77
Last SG, Last State: ( -3.40,   1.40), ( -1.40,  -0.60)  SG Improvement:0.00013 

Goal, Curr: (-0.83,  0.91), ( -1.40,  -0.91)   Error: 1.91
Last SG, Last State: ( -3.40,   1.09), ( -1.40,  -0.91)  SG Improvement:0.00013 

Goal, Curr: (-1.13,  0.90), ( -1.40,  -0.70)   Error: 1.62
Last SG, Last State: ( -3.40,   1.28), ( -1.40,  -0.71)  SG Improvement:0.01063 

episode:03000, mean:0.27, std:0.15, median:0.25, success:0.00
