Using device: cpu
no-correction-mmm-high-expl
Goal, Curr: (-1.08,  1.00), ( -0.60,  -0.60)   Error: 1.67
Last SG, Last State: ( -0.08,  -1.57), ( -0.64,  -0.60)  SG Improvement:0.05831 

Goal, Curr: (-0.96,  0.85), ( -1.40,  -0.60)   Error: 1.52
Last SG, Last State: ( -1.55,  -0.96), ( -1.40,  -0.60)  SG Improvement:-0.00440 

Goal, Curr: (-0.80,  0.93), ( -1.40,  -0.60)   Error: 1.64
Last SG, Last State: ( -2.08,  -0.58), ( -1.40,  -0.60)  SG Improvement:-0.02486 

Goal, Curr: (-1.04,  1.07), ( -1.40,  -0.60)   Error: 1.71
Last SG, Last State: ( -1.41,  -1.09), ( -1.40,  -0.60)  SG Improvement:0.00000 

Goal, Curr: (-1.07,  0.76), ( -1.40,  -0.60)   Error: 1.40
Last SG, Last State: ( -1.55,  -0.99), ( -1.40,  -0.60)  SG Improvement:0.00009 

Goal, Curr: (-0.84,  1.19), ( -1.40,  -0.60)   Error: 1.87
Last SG, Last State: ( -2.16,  -0.32), ( -1.40,  -0.60)  SG Improvement:-0.00148 

Goal, Curr: (-0.83,  1.10), ( -1.40,  -0.60)   Error: 1.79
Last SG, Last State: ( -2.08,  -0.60), ( -1.40,  -0.60)  SG Improvement:-0.03521 

Goal, Curr: (-0.86,  1.11), ( -1.40,  -0.60)   Error: 1.79
Last SG, Last State: ( -2.08,  -0.60), ( -1.40,  -0.60)  SG Improvement:-0.03135 

Goal, Curr: (-1.05,  1.08), ( -1.40,  -0.60)   Error: 1.71
Last SG, Last State: ( -1.39,  -1.11), ( -1.40,  -0.60)  SG Improvement:0.00000 

Goal, Curr: (-0.92,  1.12), ( -0.64,  -0.60)   Error: 1.75
Last SG, Last State: ( -2.31,  -2.39), ( -0.65,  -0.60)  SG Improvement:-0.12262 

episode:00100, mean:0.34, std:0.16, median:0.30, success:0.00
Goal, Curr: (-1.22,  1.07), ( -1.40,  -0.60)   Error: 1.68
Last SG, Last State: ( -3.40,  -2.60), ( -1.40,  -0.60)  SG Improvement:0.00000 

Goal, Curr: (-1.11,  0.89), ( -1.40,  -0.60)   Error: 1.52
Last SG, Last State: ( -3.40,  -2.60), ( -1.40,  -0.60)  SG Improvement:0.00000 

Goal, Curr: (-0.79,  1.14), ( -1.40,  -0.60)   Error: 1.84
Last SG, Last State: ( -3.40,  -2.60), ( -1.40,  -0.60)  SG Improvement:0.00000 

Goal, Curr: (-0.89,  1.08), ( -1.40,  -0.60)   Error: 1.76
Last SG, Last State: ( -3.40,  -2.60), ( -1.40,  -0.60)  SG Improvement:0.00000 

Goal, Curr: (-1.11,  0.83), ( -1.40,  -0.60)   Error: 1.46
Last SG, Last State: ( -3.40,  -2.60), ( -1.40,  -0.60)  SG Improvement:0.00000 

Goal, Curr: (-1.00,  1.00), ( -1.40,  -0.60)   Error: 1.65
Last SG, Last State: ( -3.40,  -2.60), ( -1.40,  -0.60)  SG Improvement:0.00000 

Goal, Curr: (-1.13,  0.88), ( -1.40,  -0.60)   Error: 1.51
Last SG, Last State: ( -3.40,  -2.60), ( -1.40,  -0.60)  SG Improvement:0.00000 

Goal, Curr: (-1.12,  0.92), ( -1.40,  -0.60)   Error: 1.55
Last SG, Last State: ( -3.40,  -2.60), ( -1.40,  -0.60)  SG Improvement:0.00000 

Goal, Curr: (-0.98,  1.20), ( -1.40,  -0.60)   Error: 1.85
Last SG, Last State: ( -3.40,  -2.60), ( -1.40,  -0.60)  SG Improvement:0.00000 

Goal, Curr: (-1.07,  0.80), ( -1.40,  -0.60)   Error: 1.44
Last SG, Last State: ( -3.40,  -2.60), ( -1.40,  -0.60)  SG Improvement:0.00000 

episode:00200, mean:0.40, std:0.16, median:0.40, success:0.00
Goal, Curr: (-0.84,  0.85), (  0.11,  -0.60)   Error: 1.73
Last SG, Last State: ( -1.89,   1.40), (  0.11,  -0.60)  SG Improvement:-0.00008 

Goal, Curr: (-0.83,  1.23), (  0.09,  -0.60)   Error: 2.05
Last SG, Last State: ( -1.90,   1.40), (  0.09,  -0.60)  SG Improvement:-0.00004 

Goal, Curr: (-1.06,  0.96), (  0.11,  -0.60)   Error: 1.95
Last SG, Last State: ( -1.89,   1.40), (  0.11,  -0.60)  SG Improvement:-0.00007 

Goal, Curr: (-0.88,  0.76), (  0.12,  -0.60)   Error: 1.68
Last SG, Last State: ( -1.88,   1.40), (  0.12,  -0.60)  SG Improvement:-0.00004 

Goal, Curr: (-0.78,  0.81), (  0.11,  -0.60)   Error: 1.67
Last SG, Last State: ( -1.88,   1.40), (  0.11,  -0.60)  SG Improvement:-0.00009 

Goal, Curr: (-1.06,  1.08), (  0.11,  -0.60)   Error: 2.05
Last SG, Last State: ( -1.88,   1.40), (  0.12,  -0.60)  SG Improvement:-0.00005 

Goal, Curr: (-0.84,  0.81), (  0.13,  -0.60)   Error: 1.72
Last SG, Last State: ( -1.86,   1.40), (  0.14,  -0.60)  SG Improvement:-0.00050 

Goal, Curr: (-0.87,  0.87), (  0.14,  -0.60)   Error: 1.78
Last SG, Last State: ( -1.85,   1.40), (  0.14,  -0.60)  SG Improvement:-0.00056 

Goal, Curr: (-1.24,  1.05), (  0.08,  -0.60)   Error: 2.12
Last SG, Last State: ( -1.92,   1.40), (  0.08,  -0.60)  SG Improvement:0.00004 

Goal, Curr: (-0.95,  0.97), (  0.11,  -0.60)   Error: 1.89
Last SG, Last State: ( -1.88,   1.40), (  0.11,  -0.60)  SG Improvement:-0.00009 

episode:00300, mean:0.04, std:0.18, median:-0.04, success:0.00
Goal, Curr: (-0.92,  1.10), (  0.01,  -0.60)   Error: 1.94
Last SG, Last State: ( -1.91,   1.40), (  0.05,  -0.60)  SG Improvement:-0.01275 

Goal, Curr: (-1.24,  0.81), (  0.03,  -0.60)   Error: 1.90
Last SG, Last State: ( -2.10,  -2.60), ( -0.05,  -0.60)  SG Improvement:0.41797 

Goal, Curr: (-1.25,  1.25), ( -0.01,  -0.60)   Error: 2.22
Last SG, Last State: ( -2.14,  -2.60), ( -0.09,  -0.60)  SG Improvement:0.58578 

Goal, Curr: (-1.14,  0.91), (  0.12,  -0.60)   Error: 1.97
Last SG, Last State: ( -2.04,   1.40), (  0.04,  -0.60)  SG Improvement:-0.03627 

Goal, Curr: (-1.01,  0.85), ( -0.08,  -0.60)   Error: 1.72
Last SG, Last State: ( -1.99,  -2.60), ( -0.04,  -0.60)  SG Improvement:-0.15065 

Goal, Curr: (-0.83,  1.07), ( -0.09,  -0.60)   Error: 1.83
Last SG, Last State: ( -1.99,   0.13), ( -0.05,  -0.60)  SG Improvement:-0.15932 

Goal, Curr: (-1.20,  1.13), ( -0.00,  -0.60)   Error: 2.11
Last SG, Last State: ( -2.10,  -2.60), ( -0.08,  -0.60)  SG Improvement:0.53133 

Goal, Curr: (-0.87,  1.14), ( -0.11,  -0.60)   Error: 1.91
Last SG, Last State: ( -2.04,  -2.60), ( -0.13,  -0.60)  SG Improvement:0.04742 

Goal, Curr: (-1.12,  1.25), (  0.12,  -0.60)   Error: 2.23
Last SG, Last State: ( -1.94,   1.40), (  0.14,  -0.60)  SG Improvement:-0.03728 

Goal, Curr: (-1.04,  0.97), ( -0.03,  -0.60)   Error: 1.87
Last SG, Last State: ( -1.91,   1.40), (  0.06,  -0.60)  SG Improvement:0.17543 

episode:00400, mean:0.20, std:0.15, median:0.18, success:0.00
Goal, Curr: (-1.13,  0.93), (  0.34,  -0.60)   Error: 2.12
Last SG, Last State: ( -2.01,   1.40), (  0.15,  -0.60)  SG Improvement:-0.00456 

Goal, Curr: (-1.16,  0.76), (  0.39,  -0.60)   Error: 2.06
Last SG, Last State: ( -1.85,   1.40), (  0.34,  -0.60)  SG Improvement:-0.08948 

Goal, Curr: (-1.23,  0.83), (  0.30,  -0.60)   Error: 2.10
Last SG, Last State: ( -1.62,   1.40), (  0.42,  -0.60)  SG Improvement:0.73576 

Goal, Curr: (-0.79,  1.12), (  0.22,  -0.60)   Error: 2.00
Last SG, Last State: ( -2.02,   1.40), (  0.06,  -0.60)  SG Improvement:0.01513 

Goal, Curr: (-0.77,  1.02), (  0.41,  -0.60)   Error: 2.00
Last SG, Last State: ( -1.94,   1.40), (  0.22,  -0.60)  SG Improvement:-0.01789 

Goal, Curr: (-0.76,  1.04), (  0.40,  -0.60)   Error: 2.01
Last SG, Last State: ( -1.95,   1.40), (  0.21,  -0.60)  SG Improvement:-0.00841 

Goal, Curr: (-1.03,  0.79), ( -0.04,  -0.60)   Error: 1.71
Last SG, Last State: ( -1.72,   1.40), (  0.11,  -0.60)  SG Improvement:0.10447 

Goal, Curr: (-0.89,  1.20), ( -0.04,  -0.60)   Error: 1.99
Last SG, Last State: ( -1.70,   1.40), (  0.13,  -0.60)  SG Improvement:0.10316 

Goal, Curr: (-1.11,  1.03), (  0.00,  -0.60)   Error: 1.97
Last SG, Last State: ( -2.04,   1.40), ( -0.06,  -0.60)  SG Improvement:0.53595 

Goal, Curr: (-0.96,  0.94), (  0.41,  -0.60)   Error: 2.07
Last SG, Last State: ( -1.94,   1.40), (  0.22,  -0.60)  SG Improvement:-0.00842 

episode:00500, mean:-0.02, std:0.23, median:-0.06, success:0.00
Goal, Curr: (-1.14,  0.98), ( -0.18,  -0.60)   Error: 1.85
Last SG, Last State: ( -1.97,   1.40), ( -0.14,  -0.60)  SG Improvement:0.01093 

Goal, Curr: (-1.17,  1.04), ( -0.16,  -0.60)   Error: 1.93
Last SG, Last State: ( -1.96,   1.40), ( -0.12,  -0.60)  SG Improvement:0.00476 

Goal, Curr: (-0.99,  0.92), ( -0.10,  -0.60)   Error: 1.76
Last SG, Last State: ( -2.20,   1.40), ( -0.20,  -0.60)  SG Improvement:0.73086 

Goal, Curr: (-1.09,  0.80), ( -0.19,  -0.60)   Error: 1.66
Last SG, Last State: ( -1.90,   1.40), ( -0.04,  -0.60)  SG Improvement:0.10810 

Goal, Curr: (-0.97,  0.98), (  0.11,  -0.60)   Error: 1.91
Last SG, Last State: ( -2.19,   1.40), ( -0.06,  -0.60)  SG Improvement:-0.03623 

Goal, Curr: (-1.03,  1.08), (  0.19,  -0.60)   Error: 2.08
Last SG, Last State: ( -2.11,   1.40), (  0.02,  -0.60)  SG Improvement:-0.04611 

Goal, Curr: (-0.78,  1.00), ( -0.13,  -0.60)   Error: 1.73
Last SG, Last State: ( -1.79,   1.40), (  0.04,  -0.60)  SG Improvement:0.29596 

Goal, Curr: (-1.11,  1.20), (  0.30,  -0.60)   Error: 2.29
Last SG, Last State: ( -1.88,   1.40), (  0.30,  -0.60)  SG Improvement:-0.08860 

Goal, Curr: (-0.81,  1.09), ( -0.07,  -0.60)   Error: 1.85
Last SG, Last State: ( -2.27,   1.40), ( -0.20,  -0.60)  SG Improvement:0.38670 

Goal, Curr: (-0.85,  0.77), ( -0.17,  -0.60)   Error: 1.53
Last SG, Last State: ( -2.20,   1.40), ( -0.24,  -0.60)  SG Improvement:0.73427 

episode:00600, mean:0.16, std:0.16, median:0.18, success:0.00
Goal, Curr: (-0.76,  0.86), (  0.60,  -0.08)   Error: 1.66
Last SG, Last State: ( -1.40,   1.91), (  0.60,  -0.09)  SG Improvement:0.00100 

Goal, Curr: (-0.82,  1.22), (  0.60,   0.01)   Error: 1.86
Last SG, Last State: ( -1.40,   2.00), (  0.60,   0.01)  SG Improvement:0.00400 

Goal, Curr: (-0.85,  0.83), (  0.60,  -0.03)   Error: 1.69
Last SG, Last State: ( -1.40,   1.96), (  0.60,  -0.04)  SG Improvement:0.00299 

Goal, Curr: (-0.87,  0.90), (  0.60,   0.00)   Error: 1.72
Last SG, Last State: ( -1.40,   1.98), (  0.60,  -0.01)  SG Improvement:-0.00144 

Goal, Curr: (-0.84,  1.09), (  0.60,  -0.01)   Error: 1.81
Last SG, Last State: ( -1.40,   1.98), (  0.60,  -0.01)  SG Improvement:0.00392 

Goal, Curr: (-0.91,  1.11), (  0.60,   0.07)   Error: 1.84
Last SG, Last State: ( -1.40,   2.05), (  0.60,   0.06)  SG Improvement:0.00477 

Goal, Curr: (-1.05,  1.08), (  0.60,   0.05)   Error: 1.95
Last SG, Last State: ( -1.40,   2.03), (  0.60,   0.04)  SG Improvement:0.00174 

Goal, Curr: (-1.22,  1.02), (  0.60,  -0.22)   Error: 2.21
Last SG, Last State: ( -1.40,   1.78), (  0.60,  -0.22)  SG Improvement:-0.00229 

Goal, Curr: (-0.99,  0.98), (  0.60,  -0.04)   Error: 1.89
Last SG, Last State: ( -1.40,   1.95), (  0.60,  -0.04)  SG Improvement:0.00328 

Goal, Curr: (-1.10,  1.02), (  0.60,   0.01)   Error: 1.98
Last SG, Last State: ( -1.40,   1.99), (  0.60,   0.00)  SG Improvement:0.00399 

episode:00700, mean:0.14, std:0.22, median:0.24, success:0.00
Goal, Curr: (-0.90,  1.11), ( -0.47,  -0.60)   Error: 1.76
Last SG, Last State: ( -2.10,   1.40), ( -0.30,  -0.60)  SG Improvement:0.16247 

Goal, Curr: (-1.02,  1.03), (  0.41,  -0.60)   Error: 2.17
Last SG, Last State: ( -1.66,   1.40), (  0.43,  -0.60)  SG Improvement:0.28628 

Goal, Curr: (-1.24,  0.78), (  0.34,  -0.60)   Error: 2.10
Last SG, Last State: ( -1.99,   1.40), (  0.18,  -0.60)  SG Improvement:-0.11239 

Goal, Curr: (-0.84,  1.02), ( -0.49,  -0.60)   Error: 1.66
Last SG, Last State: ( -2.46,   1.40), ( -0.55,  -0.60)  SG Improvement:0.44959 

Goal, Curr: (-0.76,  0.80), ( -0.46,  -0.60)   Error: 1.43
Last SG, Last State: ( -2.09,   1.40), ( -0.28,  -0.60)  SG Improvement:0.16109 

Goal, Curr: (-0.81,  1.13), (  0.38,  -0.60)   Error: 2.10
Last SG, Last State: ( -1.74,   1.40), (  0.25,  -0.60)  SG Improvement:0.26432 

Goal, Curr: (-1.19,  1.17), (  0.18,  -0.60)   Error: 2.24
Last SG, Last State: ( -2.13,   1.40), ( -0.00,  -0.60)  SG Improvement:0.63044 

Goal, Curr: (-0.98,  0.83), (  0.32,  -0.60)   Error: 1.93
Last SG, Last State: ( -1.55,   1.40), (  0.47,  -0.60)  SG Improvement:0.73117 

Goal, Curr: (-1.00,  0.98), ( -0.10,  -0.60)   Error: 1.82
Last SG, Last State: ( -1.74,   1.40), (  0.08,  -0.60)  SG Improvement:0.07675 

Goal, Curr: (-1.19,  1.09), ( -0.47,  -0.60)   Error: 1.84
Last SG, Last State: ( -2.10,   1.40), ( -0.29,  -0.60)  SG Improvement:0.15794 

episode:00800, mean:0.10, std:0.26, median:0.11, success:0.00
Goal, Curr: (-1.01,  1.11), (  0.60,   0.40)   Error: 1.76
Last SG, Last State: ( -1.40,   2.27), (  0.60,   0.33)  SG Improvement:0.02742 

Goal, Curr: (-1.22,  1.07), (  0.45,  -0.60)   Error: 2.36
Last SG, Last State: ( -1.61,   1.40), (  0.37,  -0.60)  SG Improvement:0.28391 

Goal, Curr: (-1.08,  0.81), (  0.39,  -0.60)   Error: 2.04
Last SG, Last State: ( -1.67,   1.40), (  0.41,  -0.60)  SG Improvement:0.59888 

Goal, Curr: (-0.77,  0.84), (  0.41,  -0.60)   Error: 1.86
Last SG, Last State: ( -1.73,   1.40), (  0.39,  -0.60)  SG Improvement:0.52920 

Goal, Curr: (-0.87,  0.92), (  0.60,   0.33)   Error: 1.58
Last SG, Last State: ( -1.40,   2.20), (  0.60,   0.27)  SG Improvement:0.02913 

Goal, Curr: (-1.19,  0.89), (  0.38,  -0.60)   Error: 2.16
Last SG, Last State: ( -1.68,   1.40), (  0.40,  -0.60)  SG Improvement:0.60032 

Goal, Curr: (-1.08,  1.02), (  0.32,  -0.60)   Error: 2.15
Last SG, Last State: ( -1.56,   1.40), (  0.29,  -0.60)  SG Improvement:0.29876 

Goal, Curr: (-1.00,  1.05), (  0.47,  -0.60)   Error: 2.22
Last SG, Last State: ( -1.65,   1.40), (  0.48,  -0.60)  SG Improvement:0.58358 

Goal, Curr: (-0.93,  0.96), (  0.39,  -0.60)   Error: 2.04
Last SG, Last State: ( -1.65,   1.40), (  0.32,  -0.60)  SG Improvement:0.19864 

Goal, Curr: (-1.07,  0.95), (  0.31,  -0.60)   Error: 2.08
Last SG, Last State: ( -1.82,   1.40), (  0.20,  -0.60)  SG Improvement:0.23776 

episode:00900, mean:-0.04, std:0.29, median:-0.11, success:0.00
Goal, Curr: (-0.89,  1.03), ( -0.71,  -0.60)   Error: 1.64
Last SG, Last State: ( -2.67,  -2.60), ( -0.79,  -0.60)  SG Improvement:0.31118 

Goal, Curr: (-1.01,  0.77), ( -0.56,  -0.60)   Error: 1.44
Last SG, Last State: ( -2.56,   1.37), ( -0.64,  -0.60)  SG Improvement:-0.45452 

Goal, Curr: (-1.05,  0.77), (  0.18,  -0.60)   Error: 1.84
Last SG, Last State: ( -1.66,   1.40), (  0.35,  -0.60)  SG Improvement:0.62391 

Goal, Curr: (-0.94,  0.80), ( -0.17,  -0.60)   Error: 1.60
Last SG, Last State: ( -2.32,   1.40), ( -0.18,  -0.60)  SG Improvement:0.64622 

Goal, Curr: (-0.80,  0.91), ( -0.78,  -0.60)   Error: 1.51
Last SG, Last State: ( -2.81,  -2.60), ( -0.76,  -0.60)  SG Improvement:0.55865 

Goal, Curr: (-1.02,  0.84), (  0.08,  -0.60)   Error: 1.82
Last SG, Last State: ( -1.99,   1.40), ( -0.04,  -0.60)  SG Improvement:0.45377 

Goal, Curr: (-1.01,  1.10), (  0.12,  -0.60)   Error: 2.05
Last SG, Last State: ( -1.79,   1.40), (  0.23,  -0.60)  SG Improvement:0.71907 

Goal, Curr: (-0.86,  1.08), ( -0.50,  -0.60)   Error: 1.72
Last SG, Last State: ( -2.54,   1.40), ( -0.58,  -0.60)  SG Improvement:0.69006 

Goal, Curr: (-0.85,  1.00), ( -0.62,  -0.60)   Error: 1.62
Last SG, Last State: ( -2.64,   1.40), ( -0.69,  -0.60)  SG Improvement:0.69332 

Goal, Curr: (-0.81,  0.89), ( -0.47,  -0.60)   Error: 1.53
Last SG, Last State: ( -2.49,  -2.60), ( -0.41,  -0.60)  SG Improvement:0.61551 

episode:01000, mean:0.24, std:0.21, median:0.23, success:0.00
Goal, Curr: (-0.99,  1.17), ( -0.51,  -0.60)   Error: 1.84
Last SG, Last State: ( -2.57,   1.40), ( -0.64,  -0.61)  SG Improvement:0.68917 

Goal, Curr: (-1.09,  1.08), ( -0.65,  -0.60)   Error: 1.74
Last SG, Last State: ( -2.26,   1.40), ( -0.45,  -0.61)  SG Improvement:0.29682 

Goal, Curr: (-0.99,  1.25), ( -0.89,  -0.65)   Error: 1.90
Last SG, Last State: ( -2.69,   1.34), ( -0.89,  -0.66)  SG Improvement:0.60776 

Goal, Curr: (-0.96,  1.23), ( -0.15,  -0.60)   Error: 2.00
Last SG, Last State: ( -2.34,   1.40), ( -0.16,  -0.60)  SG Improvement:-0.09267 

Goal, Curr: (-1.11,  1.07), ( -0.89,  -0.64)   Error: 1.73
Last SG, Last State: ( -2.49,   1.38), ( -0.69,  -0.65)  SG Improvement:-0.08737 

Goal, Curr: (-0.85,  0.79), ( -0.41,  -0.60)   Error: 1.46
Last SG, Last State: ( -2.67,   1.40), ( -0.51,  -0.60)  SG Improvement:0.67345 

Goal, Curr: (-0.76,  1.14), ( -0.64,  -0.60)   Error: 1.75
Last SG, Last State: ( -2.47,   1.40), ( -0.49,  -0.60)  SG Improvement:0.56499 

Goal, Curr: (-0.82,  1.07), ( -0.72,  -0.60)   Error: 1.68
Last SG, Last State: ( -2.56,   1.40), ( -0.73,  -0.61)  SG Improvement:0.43026 

Goal, Curr: (-0.93,  0.80), ( -0.46,  -0.60)   Error: 1.48
Last SG, Last State: ( -2.40,   1.40), ( -0.33,  -0.60)  SG Improvement:0.54761 

Goal, Curr: (-0.84,  1.20), ( -0.81,  -0.60)   Error: 1.81
Last SG, Last State: ( -2.66,   1.40), ( -0.83,  -0.61)  SG Improvement:0.49477 

episode:01100, mean:0.36, std:0.14, median:0.32, success:0.00
Goal, Curr: (-1.19,  0.98), ( -0.36,  -0.60)   Error: 1.78
Last SG, Last State: ( -2.16,  -2.60), ( -0.29,  -0.60)  SG Improvement:0.33422 

Goal, Curr: (-0.76,  0.75), ( -0.18,  -0.60)   Error: 1.47
Last SG, Last State: ( -2.07,   0.04), ( -0.04,  -0.60)  SG Improvement:0.42435 

Goal, Curr: (-1.11,  1.21), ( -0.34,  -0.60)   Error: 1.97
Last SG, Last State: ( -2.14,  -2.60), ( -0.27,  -0.60)  SG Improvement:0.32433 

Goal, Curr: (-0.84,  1.09), ( -0.16,  -0.60)   Error: 1.82
Last SG, Last State: ( -2.22,   1.40), ( -0.31,  -0.60)  SG Improvement:0.60105 

Goal, Curr: (-1.06,  1.19), ( -0.23,  -0.60)   Error: 1.97
Last SG, Last State: ( -2.29,   1.40), ( -0.35,  -0.60)  SG Improvement:0.48391 

Goal, Curr: (-0.82,  0.85), ( -0.11,  -0.62)   Error: 1.63
Last SG, Last State: ( -2.23,   1.40), ( -0.12,  -0.60)  SG Improvement:0.57619 

Goal, Curr: (-0.81,  1.10), ( -0.33,  -0.60)   Error: 1.77
Last SG, Last State: ( -2.18,   1.40), ( -0.17,  -0.62)  SG Improvement:0.31261 

Goal, Curr: (-0.97,  0.77), ( -0.25,  -0.60)   Error: 1.55
Last SG, Last State: ( -2.32,   1.40), ( -0.39,  -0.60)  SG Improvement:0.46632 

Goal, Curr: (-1.21,  0.86), ( -0.36,  -0.60)   Error: 1.69
Last SG, Last State: ( -2.18,  -2.60), ( -0.30,  -0.60)  SG Improvement:0.32767 

Goal, Curr: (-0.94,  0.82), ( -0.12,  -0.60)   Error: 1.64
Last SG, Last State: ( -2.15,   1.34), ( -0.25,  -0.60)  SG Improvement:0.57889 

episode:01200, mean:0.22, std:0.11, median:0.20, success:0.00
Goal, Curr: (-0.80,  1.03), ( -0.69,  -0.60)   Error: 1.64
Last SG, Last State: ( -2.50,   1.40), ( -0.59,  -0.60)  SG Improvement:1.12711 

Goal, Curr: (-1.21,  0.97), ( -0.54,  -0.60)   Error: 1.71
Last SG, Last State: ( -2.59,   1.40), ( -0.65,  -0.60)  SG Improvement:0.26041 

Goal, Curr: (-1.00,  0.98), ( -0.54,  -0.60)   Error: 1.65
Last SG, Last State: ( -2.53,   1.40), ( -0.64,  -0.60)  SG Improvement:-0.12545 

Goal, Curr: (-1.11,  0.92), ( -0.63,  -0.63)   Error: 1.62
Last SG, Last State: ( -2.38,   1.40), ( -0.44,  -0.63)  SG Improvement:0.29673 

Goal, Curr: (-1.08,  1.13), ( -0.37,  -0.60)   Error: 1.87
Last SG, Last State: ( -2.33,   1.40), ( -0.43,  -0.60)  SG Improvement:0.05175 

Goal, Curr: (-1.00,  0.84), ( -0.62,  -0.61)   Error: 1.49
Last SG, Last State: ( -2.41,   1.40), ( -0.44,  -0.62)  SG Improvement:0.43071 

Goal, Curr: (-0.93,  0.80), ( -0.43,  -0.60)   Error: 1.49
Last SG, Last State: ( -2.16,   1.40), ( -0.30,  -0.60)  SG Improvement:0.36128 

Goal, Curr: (-1.06,  1.03), ( -0.54,  -0.60)   Error: 1.71
Last SG, Last State: ( -2.75,   1.35), ( -0.59,  -0.61)  SG Improvement:0.63226 

Goal, Curr: (-1.23,  1.04), ( -0.29,  -0.60)   Error: 1.89
Last SG, Last State: ( -2.22,   1.40), ( -0.29,  -0.60)  SG Improvement:0.64332 

Goal, Curr: (-0.89,  1.08), ( -0.68,  -0.60)   Error: 1.70
Last SG, Last State: ( -2.48,   1.40), ( -0.56,  -0.61)  SG Improvement:1.15009 

episode:01300, mean:0.25, std:0.16, median:0.24, success:0.00
Goal, Curr: (-0.93,  1.03), (  0.24,  -0.60)   Error: 2.00
Last SG, Last State: ( -1.82,   1.40), (  0.17,  -0.60)  SG Improvement:0.53780 

Goal, Curr: (-0.85,  1.01), (  0.12,  -0.60)   Error: 1.88
Last SG, Last State: ( -2.03,   1.40), ( -0.01,  -0.61)  SG Improvement:0.47794 

Goal, Curr: (-1.12,  0.82), (  0.07,  -0.62)   Error: 1.86
Last SG, Last State: ( -1.74,   1.39), (  0.09,  -0.62)  SG Improvement:0.92079 

Goal, Curr: (-1.19,  1.20), (  0.14,  -0.60)   Error: 2.24
Last SG, Last State: ( -1.82,   1.40), (  0.25,  -0.60)  SG Improvement:-0.00443 

Goal, Curr: (-0.78,  1.08), (  0.17,  -0.60)   Error: 1.93
Last SG, Last State: ( -1.82,   1.40), (  0.25,  -0.60)  SG Improvement:0.09355 

Goal, Curr: (-0.79,  0.97), (  0.18,  -0.60)   Error: 1.85
Last SG, Last State: ( -1.86,   1.40), (  0.12,  -0.60)  SG Improvement:0.51058 

Goal, Curr: (-0.88,  0.90), (  0.20,  -0.60)   Error: 1.85
Last SG, Last State: ( -1.76,   1.40), (  0.16,  -0.60)  SG Improvement:0.29182 

Goal, Curr: (-1.21,  1.08), (  0.25,  -0.90)   Error: 2.46
Last SG, Last State: ( -1.84,   1.08), (  0.12,  -0.92)  SG Improvement:0.38460 

Goal, Curr: (-0.90,  0.89), (  0.27,  -0.60)   Error: 1.89
Last SG, Last State: ( -1.82,   1.40), (  0.17,  -0.61)  SG Improvement:0.46307 

Goal, Curr: (-1.22,  1.17), (  0.32,  -0.82)   Error: 2.52
Last SG, Last State: ( -1.88,   1.16), (  0.29,  -0.82)  SG Improvement:0.71469 

episode:01400, mean:0.01, std:0.20, median:-0.04, success:0.00
Goal, Curr: (-0.97,  1.20), ( -0.36,  -0.62)   Error: 1.91
Last SG, Last State: ( -1.96,   1.40), ( -0.16,  -0.61)  SG Improvement:0.11927 

Goal, Curr: (-1.23,  0.97), ( -0.14,  -0.60)   Error: 1.92
Last SG, Last State: ( -2.50,   1.38), ( -0.34,  -0.60)  SG Improvement:0.53007 

Goal, Curr: (-0.76,  1.14), ( -0.08,  -0.60)   Error: 1.87
Last SG, Last State: ( -1.91,   1.40), (  0.10,  -0.60)  SG Improvement:0.51858 

Goal, Curr: (-0.75,  0.98), ( -0.11,  -0.60)   Error: 1.71
Last SG, Last State: ( -2.48,   1.39), ( -0.30,  -0.60)  SG Improvement:0.35368 

Goal, Curr: (-0.81,  0.79), ( -0.40,  -0.60)   Error: 1.45
Last SG, Last State: ( -2.60,   1.38), ( -0.57,  -0.60)  SG Improvement:0.58343 

Goal, Curr: (-1.06,  0.99), (  0.03,  -0.65)   Error: 1.97
Last SG, Last State: ( -1.79,   1.33), (  0.21,  -0.67)  SG Improvement:0.44395 

Goal, Curr: (-1.15,  1.11), ( -0.09,  -0.60)   Error: 2.01
Last SG, Last State: ( -2.46,   1.39), ( -0.29,  -0.60)  SG Improvement:0.35687 

Goal, Curr: (-1.00,  0.92), ( -0.26,  -0.61)   Error: 1.70
Last SG, Last State: ( -1.89,   1.40), ( -0.06,  -0.60)  SG Improvement:0.55112 

Goal, Curr: (-0.95,  0.75), ( -0.53,  -0.60)   Error: 1.41
Last SG, Last State: ( -2.36,   1.38), ( -0.56,  -0.62)  SG Improvement:0.09989 

Goal, Curr: (-0.83,  1.10), (  0.20,  -0.60)   Error: 1.99
Last SG, Last State: ( -2.19,   1.38), (  0.00,  -0.60)  SG Improvement:-0.35523 

episode:01500, mean:0.22, std:0.14, median:0.28, success:0.00
Goal, Curr: (-0.79,  0.98), ( -0.42,  -0.60)   Error: 1.63
Last SG, Last State: ( -2.19,   1.40), ( -0.24,  -0.60)  SG Improvement:0.64615 

Goal, Curr: (-1.07,  0.91), (  0.12,  -0.60)   Error: 1.92
Last SG, Last State: ( -2.24,   1.40), ( -0.04,  -0.60)  SG Improvement:-0.08737 

Goal, Curr: (-1.24,  1.04), ( -0.10,  -0.60)   Error: 2.00
Last SG, Last State: ( -2.42,   1.40), ( -0.26,  -0.60)  SG Improvement:-0.06612 

Goal, Curr: (-0.82,  0.79), ( -0.29,  -0.60)   Error: 1.49
Last SG, Last State: ( -1.92,   1.39), ( -0.10,  -0.60)  SG Improvement:-0.23915 

Goal, Curr: (-0.84,  0.80), ( -0.45,  -0.60)   Error: 1.45
Last SG, Last State: ( -2.38,   1.40), ( -0.49,  -0.60)  SG Improvement:0.65522 

Goal, Curr: (-1.13,  1.14), ( -0.40,  -0.60)   Error: 1.89
Last SG, Last State: ( -2.16,   1.40), ( -0.21,  -0.60)  SG Improvement:0.65416 

Goal, Curr: (-1.20,  1.17), ( -0.62,  -0.60)   Error: 1.86
Last SG, Last State: ( -2.30,   1.40), ( -0.48,  -0.60)  SG Improvement:0.38642 

Goal, Curr: (-0.87,  1.08), ( -0.53,  -0.60)   Error: 1.72
Last SG, Last State: ( -2.44,   1.40), ( -0.57,  -0.60)  SG Improvement:0.60873 

Goal, Curr: (-1.07,  1.08), ( -0.14,  -0.60)   Error: 1.92
Last SG, Last State: ( -2.25,   1.40), ( -0.09,  -0.60)  SG Improvement:-0.08068 

Goal, Curr: (-1.13,  0.89), ( -0.43,  -0.60)   Error: 1.65
Last SG, Last State: ( -2.32,   1.40), ( -0.47,  -0.60)  SG Improvement:0.35251 

episode:01600, mean:0.17, std:0.20, median:0.11, success:0.00
Goal, Curr: (-1.04,  0.95), ( -0.50,  -0.60)   Error: 1.64
Last SG, Last State: ( -2.52,   1.36), ( -0.54,  -0.63)  SG Improvement:0.06248 

Goal, Curr: (-0.83,  0.85), ( -0.39,  -0.60)   Error: 1.52
Last SG, Last State: ( -2.59,   1.40), ( -0.57,  -0.60)  SG Improvement:0.62736 

Goal, Curr: (-1.00,  1.18), ( -0.35,  -0.60)   Error: 1.90
Last SG, Last State: ( -2.45,   1.40), ( -0.35,  -0.60)  SG Improvement:0.28455 

Goal, Curr: (-1.00,  0.84), ( -0.66,  -0.60)   Error: 1.48
Last SG, Last State: ( -2.65,   1.40), ( -0.72,  -0.60)  SG Improvement:0.67382 

Goal, Curr: (-1.15,  1.12), ( -1.04,  -0.97)   Error: 2.09
Last SG, Last State: ( -3.04,   1.03), ( -1.04,  -0.97)  SG Improvement:0.00000 

Goal, Curr: (-1.00,  1.04), ( -0.38,  -0.60)   Error: 1.75
Last SG, Last State: ( -2.67,   1.40), ( -0.48,  -0.60)  SG Improvement:0.19374 

Goal, Curr: (-1.00,  0.76), ( -0.40,  -0.60)   Error: 1.49
Last SG, Last State: ( -2.68,   1.40), ( -0.50,  -0.60)  SG Improvement:0.21112 

Goal, Curr: (-1.22,  0.90), ( -0.52,  -0.60)   Error: 1.66
Last SG, Last State: ( -2.36,   1.40), ( -0.35,  -0.60)  SG Improvement:0.17551 

Goal, Curr: (-1.06,  0.89), ( -0.54,  -0.60)   Error: 1.58
Last SG, Last State: ( -2.47,   1.40), ( -0.57,  -0.60)  SG Improvement:0.54943 

Goal, Curr: (-0.77,  1.08), ( -0.44,  -0.60)   Error: 1.72
Last SG, Last State: ( -2.34,   1.40), ( -0.33,  -0.60)  SG Improvement:0.62575 

episode:01700, mean:0.30, std:0.20, median:0.33, success:0.00
Goal, Curr: (-1.18,  0.86), ( -0.15,  -0.60)   Error: 1.79
Last SG, Last State: ( -1.98,   1.38), ( -0.18,  -0.60)  SG Improvement:0.24967 

Goal, Curr: (-0.81,  1.20), ( -0.24,  -0.66)   Error: 1.94
Last SG, Last State: ( -1.85,   1.40), ( -0.04,  -0.63)  SG Improvement:0.14539 

Goal, Curr: (-0.88,  1.14), ( -0.01,  -0.63)   Error: 1.97
Last SG, Last State: ( -1.65,   1.39), (  0.19,  -0.60)  SG Improvement:0.81632 

Goal, Curr: (-1.20,  0.82), ( -0.30,  -0.61)   Error: 1.70
Last SG, Last State: ( -1.90,   1.40), ( -0.10,  -0.63)  SG Improvement:0.09908 

Goal, Curr: (-0.89,  1.10), ( -0.10,  -0.60)   Error: 1.87
Last SG, Last State: ( -2.25,   1.39), ( -0.22,  -0.60)  SG Improvement:0.47190 

Goal, Curr: (-0.94,  1.24), ( -0.13,  -0.60)   Error: 2.01
Last SG, Last State: ( -2.27,   1.34), ( -0.24,  -0.62)  SG Improvement:1.14776 

Goal, Curr: (-1.09,  1.18), ( -0.24,  -0.62)   Error: 1.98
Last SG, Last State: ( -2.07,   1.37), ( -0.27,  -0.66)  SG Improvement:0.10030 

Goal, Curr: (-1.02,  0.98), ( -0.02,  -0.60)   Error: 1.87
Last SG, Last State: ( -2.17,   1.39), ( -0.14,  -0.60)  SG Improvement:0.47628 

Goal, Curr: (-1.20,  1.19), ( -0.24,  -0.61)   Error: 2.05
Last SG, Last State: ( -1.85,   1.40), ( -0.05,  -0.63)  SG Improvement:0.13898 

Goal, Curr: (-0.89,  0.91), ( -0.21,  -0.61)   Error: 1.67
Last SG, Last State: ( -1.82,   1.40), ( -0.01,  -0.63)  SG Improvement:0.15419 

episode:01800, mean:0.25, std:0.14, median:0.27, success:0.00
Goal, Curr: (-0.92,  0.89), ( -0.06,  -0.60)   Error: 1.72
Last SG, Last State: ( -2.25,   1.40), ( -0.15,  -0.60)  SG Improvement:-0.11965 

Goal, Curr: (-1.18,  1.16), (  0.11,  -0.60)   Error: 2.19
Last SG, Last State: ( -1.95,   1.40), (  0.11,  -0.60)  SG Improvement:0.54095 

Goal, Curr: (-0.86,  1.09), ( -0.20,  -0.60)   Error: 1.81
Last SG, Last State: ( -2.13,   1.40), ( -0.16,  -0.60)  SG Improvement:0.27679 

Goal, Curr: (-1.12,  0.76), (  0.05,  -0.63)   Error: 1.82
Last SG, Last State: ( -1.90,   1.40), (  0.14,  -0.60)  SG Improvement:0.60851 

Goal, Curr: (-1.21,  1.05), (  0.06,  -0.60)   Error: 2.08
Last SG, Last State: ( -1.77,   1.40), (  0.10,  -0.60)  SG Improvement:0.60977 

Goal, Curr: (-0.98,  0.84), ( -0.29,  -0.60)   Error: 1.60
Last SG, Last State: ( -2.40,   1.40), ( -0.41,  -0.60)  SG Improvement:0.61414 

Goal, Curr: (-1.12,  1.10), (  0.28,  -0.60)   Error: 2.20
Last SG, Last State: ( -1.84,   1.40), (  0.25,  -0.60)  SG Improvement:0.57580 

Goal, Curr: (-1.20,  1.09), (  0.08,  -0.60)   Error: 2.12
Last SG, Last State: ( -2.02,   1.40), (  0.07,  -0.60)  SG Improvement:-0.03995 

Goal, Curr: (-0.88,  1.18), ( -0.20,  -0.60)   Error: 1.90
Last SG, Last State: ( -2.33,   1.40), ( -0.32,  -0.60)  SG Improvement:0.55522 

Goal, Curr: (-0.98,  1.00), (  0.10,  -0.60)   Error: 1.93
Last SG, Last State: ( -1.97,   1.40), (  0.11,  -0.60)  SG Improvement:0.12528 

episode:01900, mean:0.14, std:0.21, median:0.14, success:0.00
Goal, Curr: (-0.86,  0.76), (  0.61,  -0.43)   Error: 1.89
Last SG, Last State: ( -1.49,   1.40), (  0.57,  -0.58)  SG Improvement:0.19400 

Goal, Curr: (-1.19,  1.19), (  0.35,  -0.60)   Error: 2.36
Last SG, Last State: ( -1.73,   1.40), (  0.35,  -0.59)  SG Improvement:0.92792 

Goal, Curr: (-1.02,  0.95), ( -0.03,  -0.60)   Error: 1.85
Last SG, Last State: ( -1.84,   1.37), (  0.00,  -0.60)  SG Improvement:0.62238 

Goal, Curr: (-1.05,  0.78), (  0.54,  -0.59)   Error: 2.10
Last SG, Last State: ( -1.60,   1.40), (  0.48,  -0.60)  SG Improvement:0.20662 

Goal, Curr: (-0.85,  0.97), (  0.47,   0.71)   Error: 1.35
Last SG, Last State: ( -1.40,   2.44), (  0.58,   0.54)  SG Improvement:0.56187 

Goal, Curr: (-1.11,  0.84), (  0.45,  -0.60)   Error: 2.12
Last SG, Last State: ( -1.68,   1.40), (  0.38,  -0.60)  SG Improvement:0.07071 

Goal, Curr: (-1.20,  0.86), (  0.10,  -0.64)   Error: 1.99
Last SG, Last State: ( -1.89,   1.40), (  0.17,  -0.60)  SG Improvement:0.25126 

Goal, Curr: (-1.24,  0.90), (  0.14,  -0.63)   Error: 2.06
Last SG, Last State: ( -1.87,   1.36), (  0.19,  -0.59)  SG Improvement:1.18164 

Goal, Curr: (-1.21,  1.04), (  0.15,  -0.63)   Error: 2.16
Last SG, Last State: ( -1.87,   1.35), (  0.19,  -0.59)  SG Improvement:1.20720 

Goal, Curr: (-1.06,  0.81), (  0.60,   0.45)   Error: 1.70
Last SG, Last State: ( -1.40,   2.21), (  0.60,   0.35)  SG Improvement:-0.07842 

episode:02000, mean:-0.00, std:0.36, median:-0.04, success:0.00
Goal, Curr: (-0.99,  0.76), (  0.21,  -0.60)   Error: 1.82
Last SG, Last State: ( -1.90,   1.40), (  0.20,  -0.60)  SG Improvement:0.57349 

Goal, Curr: (-0.94,  0.99), (  0.18,  -0.65)   Error: 2.00
Last SG, Last State: ( -1.82,   1.35), (  0.25,  -0.60)  SG Improvement:0.44156 

Goal, Curr: (-1.16,  1.18), (  0.42,  -0.60)   Error: 2.38
Last SG, Last State: ( -1.69,   1.40), (  0.38,  -0.60)  SG Improvement:0.12664 

Goal, Curr: (-1.13,  0.89), (  0.52,  -0.60)   Error: 2.22
Last SG, Last State: ( -1.54,   1.40), (  0.49,  -0.60)  SG Improvement:-0.01320 

Goal, Curr: (-0.92,  1.08), (  0.34,  -0.60)   Error: 2.10
Last SG, Last State: ( -1.71,   1.40), (  0.33,  -0.60)  SG Improvement:0.26707 

Goal, Curr: (-1.15,  0.81), (  0.45,  -0.60)   Error: 2.13
Last SG, Last State: ( -1.61,   1.40), (  0.42,  -0.60)  SG Improvement:-0.06012 

Goal, Curr: (-1.21,  1.17), (  0.10,  -0.61)   Error: 2.21
Last SG, Last State: ( -1.95,   1.40), (  0.10,  -0.60)  SG Improvement:-0.12167 

Goal, Curr: (-1.22,  1.17), (  0.16,  -0.67)   Error: 2.30
Last SG, Last State: ( -1.88,   1.34), (  0.17,  -0.59)  SG Improvement:0.18720 

Goal, Curr: (-0.76,  1.07), (  0.59,  -0.55)   Error: 2.11
Last SG, Last State: ( -1.49,   1.40), (  0.55,  -0.59)  SG Improvement:0.05611 

Goal, Curr: (-1.03,  1.15), (  0.10,  -0.60)   Error: 2.09
Last SG, Last State: ( -1.80,   1.40), (  0.10,  -0.60)  SG Improvement:1.12262 

episode:02100, mean:-0.07, std:0.20, median:-0.05, success:0.00
Goal, Curr: (-0.82,  0.79), (  0.19,  -0.60)   Error: 1.71
Last SG, Last State: ( -1.70,   1.40), (  0.25,  -0.62)  SG Improvement:0.91410 

Goal, Curr: (-0.87,  1.06), (  0.95,   0.64)   Error: 1.86
Last SG, Last State: ( -0.76,   2.44), (  1.09,   0.50)  SG Improvement:1.24506 

Goal, Curr: (-1.14,  1.01), (  0.07,  -0.60)   Error: 2.02
Last SG, Last State: ( -1.81,   1.40), (  0.22,  -0.60)  SG Improvement:0.45468 

Goal, Curr: (-1.12,  1.20), (  0.10,  -0.61)   Error: 2.18
Last SG, Last State: ( -1.74,   1.34), (  0.25,  -0.67)  SG Improvement:0.83992 

Goal, Curr: (-0.82,  1.12), (  0.62,  -0.40)   Error: 2.10
Last SG, Last State: ( -1.57,   1.40), (  0.56,  -0.58)  SG Improvement:0.96761 

Goal, Curr: (-0.94,  0.98), (  0.96,   0.02)   Error: 2.12
Last SG, Last State: ( -1.27,  -2.30), (  0.84,  -0.14)  SG Improvement:-0.14817 

Goal, Curr: (-1.17,  1.02), ( -0.23,  -0.60)   Error: 1.88
Last SG, Last State: ( -2.03,   1.40), ( -0.19,  -0.60)  SG Improvement:0.57775 

Goal, Curr: (-0.82,  1.08), ( -0.00,  -0.60)   Error: 1.87
Last SG, Last State: ( -2.09,   1.40), ( -0.05,  -0.60)  SG Improvement:-0.00974 

Goal, Curr: (-1.07,  0.78), ( -0.02,  -0.60)   Error: 1.73
Last SG, Last State: ( -2.14,   1.40), ( -0.07,  -0.60)  SG Improvement:0.08505 

Goal, Curr: (-0.76,  1.01), (  0.16,   0.98)   Error: 0.92
Last SG, Last State: ( -1.52,   2.78), (  0.34,   0.93)  SG Improvement:0.12823 

episode:02200, mean:0.17, std:0.34, median:0.10, success:0.00
Goal, Curr: (-1.13,  0.82), (  0.25,  -0.60)   Error: 1.98
Last SG, Last State: ( -1.62,   1.39), (  0.26,  -0.60)  SG Improvement:0.57362 

Goal, Curr: (-1.20,  1.03), (  0.38,  -0.60)   Error: 2.27
Last SG, Last State: ( -1.83,   1.37), (  0.32,  -0.62)  SG Improvement:0.40843 

Goal, Curr: (-1.21,  1.16), (  0.17,  -0.60)   Error: 2.24
Last SG, Last State: ( -1.89,   1.38), (  0.14,  -0.62)  SG Improvement:0.64721 

Goal, Curr: (-0.98,  1.15), (  0.13,  -0.63)   Error: 2.09
Last SG, Last State: ( -1.76,   1.40), (  0.18,  -0.65)  SG Improvement:1.12339 

Goal, Curr: (-0.93,  0.87), (  0.32,  -0.60)   Error: 1.93
Last SG, Last State: ( -1.51,   1.40), (  0.47,  -0.60)  SG Improvement:0.17507 

Goal, Curr: (-1.21,  0.82), (  0.11,  -0.63)   Error: 1.97
Last SG, Last State: ( -1.92,   1.40), (  0.14,  -0.60)  SG Improvement:0.33726 

Goal, Curr: (-1.01,  0.77), (  0.60,  -0.58)   Error: 2.10
Last SG, Last State: ( -1.53,   1.40), (  0.45,  -0.62)  SG Improvement:0.70290 

Goal, Curr: (-0.87,  1.03), (  0.14,  -0.60)   Error: 1.92
Last SG, Last State: ( -1.93,   1.36), (  0.04,  -0.63)  SG Improvement:0.14490 

Goal, Curr: (-1.13,  1.08), (  0.08,  -0.60)   Error: 2.08
Last SG, Last State: ( -1.79,   1.40), (  0.09,  -0.61)  SG Improvement:1.02354 

Goal, Curr: (-0.85,  0.82), (  0.23,  -0.63)   Error: 1.80
Last SG, Last State: ( -1.67,   1.40), (  0.27,  -0.65)  SG Improvement:1.09634 

episode:02300, mean:-0.14, std:0.11, median:-0.12, success:0.00
Goal, Curr: (-1.06,  0.82), (  0.48,  -0.60)   Error: 2.09
Last SG, Last State: ( -1.51,   1.40), (  0.49,  -0.60)  SG Improvement:0.03908 

Goal, Curr: (-0.80,  1.08), (  0.74,   0.90)   Error: 1.55
Last SG, Last State: ( -1.30,   2.52), (  0.68,   0.72)  SG Improvement:0.62543 

Goal, Curr: (-0.96,  0.94), (  0.77,   0.00)   Error: 1.97
Last SG, Last State: ( -1.30,  -2.34), (  0.69,  -0.17)  SG Improvement:0.66571 

Goal, Curr: (-0.92,  0.77), (  0.75,   0.34)   Error: 1.73
Last SG, Last State: ( -1.28,   1.96), (  0.69,   0.15)  SG Improvement:0.81854 

Goal, Curr: (-0.78,  1.08), (  0.64,   0.27)   Error: 1.63
Last SG, Last State: ( -1.40,   1.90), (  0.67,   0.08)  SG Improvement:0.11192 

Goal, Curr: (-1.02,  1.22), (  0.29,  -0.60)   Error: 2.24
Last SG, Last State: ( -1.81,   1.38), (  0.33,  -0.63)  SG Improvement:0.38104 

Goal, Curr: (-0.98,  0.86), (  0.49,  -0.60)   Error: 2.07
Last SG, Last State: ( -1.56,   1.40), (  0.47,  -0.60)  SG Improvement:0.06180 

Goal, Curr: (-1.08,  0.81), (  0.37,  -0.60)   Error: 2.02
Last SG, Last State: ( -1.68,   1.40), (  0.28,  -0.60)  SG Improvement:0.06884 

Goal, Curr: (-0.89,  1.19), (  0.70,   0.45)   Error: 1.75
Last SG, Last State: ( -1.33,   2.08), (  0.64,   0.27)  SG Improvement:0.67094 

Goal, Curr: (-0.97,  1.18), (  0.75,   0.85)   Error: 1.76
Last SG, Last State: ( -1.30,   2.47), (  0.69,   0.67)  SG Improvement:0.60965 

episode:02400, mean:0.19, std:0.37, median:0.13, success:0.00
Goal, Curr: (-0.78,  1.14), ( -0.41,  -0.60)   Error: 1.78
Last SG, Last State: ( -2.35,   1.40), ( -0.44,  -0.60)  SG Improvement:0.63511 

Goal, Curr: (-0.85,  1.02), ( -0.36,  -0.60)   Error: 1.69
Last SG, Last State: ( -2.42,   1.40), ( -0.41,  -0.60)  SG Improvement:0.58775 

Goal, Curr: (-0.77,  1.17), (  0.11,  -0.60)   Error: 1.98
Last SG, Last State: ( -1.99,   1.40), (  0.15,  -0.60)  SG Improvement:0.53979 

Goal, Curr: (-1.19,  0.76), ( -0.50,  -0.60)   Error: 1.53
Last SG, Last State: ( -2.50,   1.40), ( -0.45,  -0.60)  SG Improvement:0.08239 

Goal, Curr: (-1.12,  1.07), ( -0.49,  -0.60)   Error: 1.79
Last SG, Last State: ( -2.56,   1.40), ( -0.53,  -0.60)  SG Improvement:0.60454 

Goal, Curr: (-0.99,  1.06), ( -0.49,  -0.60)   Error: 1.73
Last SG, Last State: ( -2.46,   1.40), ( -0.43,  -0.60)  SG Improvement:0.42840 

Goal, Curr: (-1.17,  0.94), ( -0.55,  -0.60)   Error: 1.67
Last SG, Last State: ( -2.50,   1.40), ( -0.57,  -0.60)  SG Improvement:0.00395 

Goal, Curr: (-0.94,  0.94), ( -0.46,  -0.60)   Error: 1.61
Last SG, Last State: ( -2.44,   1.40), ( -0.41,  -0.60)  SG Improvement:0.45560 

Goal, Curr: (-0.92,  0.99), ( -0.20,  -0.60)   Error: 1.74
Last SG, Last State: ( -2.14,   1.40), ( -0.25,  -0.60)  SG Improvement:0.54897 

Goal, Curr: (-1.05,  0.79), ( -0.08,  -0.60)   Error: 1.69
Last SG, Last State: ( -1.99,   1.40), (  0.03,  -0.60)  SG Improvement:0.61660 

episode:02500, mean:0.28, std:0.18, median:0.19, success:0.00
Goal, Curr: (-1.21,  0.78), (  0.40,  -0.60)   Error: 2.12
Last SG, Last State: ( -1.57,   1.40), (  0.45,  -0.60)  SG Improvement:0.20689 

Goal, Curr: (-0.98,  0.96), (  0.67,  -0.32)   Error: 2.09
Last SG, Last State: ( -1.46,   1.41), (  0.60,  -0.50)  SG Improvement:0.64940 

Goal, Curr: (-0.90,  0.92), (  1.01,   0.65)   Error: 1.93
Last SG, Last State: (  2.93,   2.26), (  0.99,   0.45)  SG Improvement:0.08432 

Goal, Curr: (-0.80,  0.78), (  0.73,   0.88)   Error: 1.53
Last SG, Last State: (  2.83,   2.51), (  0.83,   0.71)  SG Improvement:0.47080 

Goal, Curr: (-0.90,  1.06), (  0.43,  -0.60)   Error: 2.14
Last SG, Last State: ( -1.54,   1.40), (  0.49,  -0.60)  SG Improvement:0.19144 

Goal, Curr: (-0.94,  1.16), (  0.69,  -0.21)   Error: 2.13
Last SG, Last State: ( -1.42,   1.44), (  0.62,  -0.39)  SG Improvement:0.35049 

Goal, Curr: (-0.78,  0.80), (  0.51,  -0.60)   Error: 1.91
Last SG, Last State: ( -1.59,   1.40), (  0.43,  -0.60)  SG Improvement:0.20977 

Goal, Curr: (-0.78,  1.00), (  0.78,   1.08)   Error: 1.56
Last SG, Last State: (  3.07,   2.83), (  0.96,   0.99)  SG Improvement:0.05453 

Goal, Curr: (-0.80,  1.07), (  0.31,   1.21)   Error: 1.11
Last SG, Last State: ( -1.33,   3.14), (  0.48,   1.12)  SG Improvement:0.86960 

Goal, Curr: (-1.16,  0.89), (  0.43,  -0.60)   Error: 2.18
Last SG, Last State: ( -1.54,   1.40), (  0.41,  -0.60)  SG Improvement:0.23598 

episode:02600, mean:0.11, std:0.31, median:0.12, success:0.00
Goal, Curr: (-0.93,  1.18), (  0.35,  -0.60)   Error: 2.20
Last SG, Last State: ( -1.64,   1.40), (  0.39,  -0.60)  SG Improvement:0.51458 

Goal, Curr: (-1.19,  0.96), ( -0.60,  -0.60)   Error: 1.67
Last SG, Last State: ( -2.48,   1.40), ( -0.61,  -0.60)  SG Improvement:0.05056 

Goal, Curr: (-0.87,  0.80), ( -0.29,  -0.60)   Error: 1.52
Last SG, Last State: ( -2.37,   1.40), ( -0.37,  -0.60)  SG Improvement:0.72430 

Goal, Curr: (-0.84,  1.06), (  0.94,   0.50)   Error: 1.87
Last SG, Last State: ( -1.16,   2.14), (  0.94,   0.31)  SG Improvement:-0.08096 

Goal, Curr: (-0.98,  1.19), ( -0.09,  -0.60)   Error: 2.00
Last SG, Last State: ( -2.00,   1.40), (  0.02,  -0.60)  SG Improvement:0.65667 

Goal, Curr: (-0.99,  1.12), (  0.29,  -0.60)   Error: 2.14
Last SG, Last State: ( -1.71,   1.40), (  0.31,  -0.60)  SG Improvement:0.53310 

Goal, Curr: (-0.96,  1.07), (  0.29,  -0.60)   Error: 2.09
Last SG, Last State: ( -1.76,   1.40), (  0.33,  -0.60)  SG Improvement:0.25697 

Goal, Curr: (-0.91,  1.15), (  0.47,  -0.60)   Error: 2.24
Last SG, Last State: ( -1.66,   1.40), (  0.37,  -0.60)  SG Improvement:0.18656 

Goal, Curr: (-0.77,  1.12), (  0.15,   0.98)   Error: 0.93
Last SG, Last State: ( -1.49,   2.92), (  0.32,   0.90)  SG Improvement:0.77464 

Goal, Curr: (-0.97,  0.88), ( -0.34,  -0.60)   Error: 1.61
Last SG, Last State: ( -2.21,   1.40), ( -0.34,  -0.60)  SG Improvement:0.09844 

episode:02700, mean:0.21, std:0.37, median:0.19, success:0.00
Goal, Curr: (-1.23,  1.13), ( -0.51,  -0.60)   Error: 1.88
Last SG, Last State: ( -2.67,   1.40), ( -0.59,  -0.60)  SG Improvement:0.57789 

Goal, Curr: (-1.22,  1.04), ( -0.63,  -0.60)   Error: 1.75
Last SG, Last State: ( -2.62,   1.40), ( -0.72,  -0.60)  SG Improvement:0.72758 

Goal, Curr: (-0.83,  0.80), (  0.19,  -0.60)   Error: 1.73
Last SG, Last State: ( -1.74,   1.40), (  0.18,  -0.60)  SG Improvement:0.08160 

Goal, Curr: (-1.07,  0.80), ( -0.40,  -0.60)   Error: 1.55
Last SG, Last State: ( -2.17,   1.40), ( -0.30,  -0.60)  SG Improvement:0.11763 

Goal, Curr: (-1.21,  0.89), ( -0.09,  -0.60)   Error: 1.87
Last SG, Last State: ( -2.11,   1.40), ( -0.02,  -0.60)  SG Improvement:0.47702 

Goal, Curr: (-0.98,  1.13), (  0.02,  -0.60)   Error: 2.00
Last SG, Last State: ( -2.03,   1.40), ( -0.06,  -0.60)  SG Improvement:0.54661 

Goal, Curr: (-0.80,  1.07), (  1.01,   0.62)   Error: 1.86
Last SG, Last State: ( -0.79,   2.28), (  1.11,   0.45)  SG Improvement:0.12618 

Goal, Curr: (-1.20,  1.08), (  0.04,  -0.60)   Error: 2.09
Last SG, Last State: ( -2.08,   1.40), ( -0.07,  -0.60)  SG Improvement:0.70683 

Goal, Curr: (-1.17,  0.93), ( -0.50,  -0.60)   Error: 1.67
Last SG, Last State: ( -2.42,   1.40), ( -0.38,  -0.60)  SG Improvement:0.60195 

Goal, Curr: (-1.09,  1.12), ( -0.34,  -0.60)   Error: 1.88
Last SG, Last State: ( -2.14,   1.40), ( -0.23,  -0.60)  SG Improvement:-0.14834 

episode:02800, mean:0.23, std:0.09, median:0.23, success:0.00
Goal, Curr: (-1.07,  0.84), ( -0.08,   1.02)   Error: 1.01
Last SG, Last State: ( -1.72,   2.95), (  0.09,   0.93)  SG Improvement:0.38324 

Goal, Curr: (-0.96,  1.12), (  0.17,   0.83)   Error: 1.17
Last SG, Last State: (  2.56,   2.76), (  0.36,   0.79)  SG Improvement:0.13392 

Goal, Curr: (-1.01,  0.99), (  0.52,   0.68)   Error: 1.56
Last SG, Last State: (  2.91,   2.64), (  0.71,   0.63)  SG Improvement:0.04363 

Goal, Curr: (-1.20,  0.96), (  0.73,   0.68)   Error: 1.95
Last SG, Last State: (  3.00,   2.51), (  0.87,   0.65)  SG Improvement:-0.02363 

Goal, Curr: (-0.87,  1.09), ( -0.18,   0.99)   Error: 0.70
Last SG, Last State: ( -1.81,   2.92), (  0.01,   0.93)  SG Improvement:0.70962 

Goal, Curr: (-0.99,  0.92), ( -0.13,   0.79)   Error: 0.86
Last SG, Last State: ( -1.75,   2.72), (  0.07,   0.80)  SG Improvement:0.10977 

Goal, Curr: (-0.79,  0.79), (  0.06,   0.67)   Error: 0.86
Last SG, Last State: (  2.46,   2.63), (  0.26,   0.66)  SG Improvement:0.13828 

Goal, Curr: (-0.90,  0.75), ( -0.05,   0.95)   Error: 0.88
Last SG, Last State: ( -1.74,   2.83), (  0.11,   0.84)  SG Improvement:0.58618 

Goal, Curr: (-0.92,  0.90), (  0.40,   0.89)   Error: 1.32
Last SG, Last State: ( -1.31,   2.75), (  0.55,   0.88)  SG Improvement:0.83325 

Goal, Curr: (-0.86,  1.18), ( -0.43,   1.10)   Error: 0.44
Last SG, Last State: ( -2.23,   3.04), ( -0.41,   1.10)  SG Improvement:0.82650 

episode:02900, mean:10.80, std:30.00, median:1.02, success:0.10
Goal, Curr: (-0.84,  1.09), ( -0.25,   0.90)   Error: 0.62
Last SG, Last State: ( -1.34,   2.89), ( -0.06,   0.94)  SG Improvement:0.78592 

Goal, Curr: (-1.25,  1.24), ( -0.28,   1.13)   Error: 0.98
Last SG, Last State: ( -1.90,   3.05), ( -0.08,   1.15)  SG Improvement:0.44940 

Goal, Curr: (-0.80,  0.87), (  0.61,   0.74)   Error: 1.41
Last SG, Last State: (  2.93,   2.62), (  0.76,   0.64)  SG Improvement:0.74170 

Goal, Curr: (-1.11,  0.91), ( -0.33,   1.02)   Error: 0.79
Last SG, Last State: ( -1.96,   2.95), ( -0.13,   1.04)  SG Improvement:0.44936 

Goal, Curr: (-0.98,  0.96), ( -0.43,   0.94)   Error: 0.54
Last SG, Last State: ( -2.06,   2.91), ( -0.24,   0.99)  SG Improvement:0.44889 

Goal, Curr: (-0.78,  1.17), (  0.05,   1.09)   Error: 0.84
Last SG, Last State: ( -1.61,   2.95), (  0.24,   1.07)  SG Improvement:0.84976 

Goal, Curr: (-1.15,  1.02), ( -0.28,   1.05)   Error: 0.87
Last SG, Last State: ( -1.91,   2.97), ( -0.08,   1.06)  SG Improvement:0.47636 

Goal, Curr: (-0.86,  0.82), ( -0.44,   0.93)   Error: 0.44
Last SG, Last State: ( -2.09,   2.89), ( -0.27,   0.97)  SG Improvement:0.46524 

Goal, Curr: (-1.04,  1.13), ( -0.30,   1.07)   Error: 0.74
Last SG, Last State: ( -1.93,   2.98), ( -0.10,   1.08)  SG Improvement:0.42997 

Goal, Curr: (-1.16,  1.18), ( -0.11,   0.98)   Error: 1.06
Last SG, Last State: ( -1.28,   2.97), (  0.08,   1.01)  SG Improvement:0.75571 

episode:03000, mean:11.12, std:29.68, median:1.27, success:0.10
