Using device: cpu
no-corrections
Tiny reward, what happened?
Tiny reward, what happened?
Tiny reward, what happened?
Tiny reward, what happened?
Tiny reward, what happened?
Tiny reward, what happened?
Tiny reward, what happened?
Tiny reward, what happened?
Tiny reward, what happened?
Tiny reward, what happened?
Tiny reward, what happened?
Tiny reward, what happened?
Tiny reward, what happened?
Tiny reward, what happened?
Tiny reward, what happened?
Tiny reward, what happened?
Tiny reward, what happened?
Tiny reward, what happened?
Tiny reward, what happened?
Tiny reward, what happened?
Tiny reward, what happened?
Tiny reward, what happened?
Tiny reward, what happened?
Tiny reward, what happened?
Tiny reward, what happened?
Tiny reward, what happened?
Tiny reward, what happened?
Tiny reward, what happened?
Tiny reward, what happened?
Tiny reward, what happened?
Tiny reward, what happened?
Tiny reward, what happened?
Tiny reward, what happened?
Tiny reward, what happened?
Tiny reward, what happened?
Tiny reward, what happened?
Tiny reward, what happened?
Tiny reward, what happened?
Tiny reward, what happened?
Tiny reward, what happened?
Tiny reward, what happened?
Tiny reward, what happened?
Tiny reward, what happened?
Tiny reward, what happened?
Tiny reward, what happened?
Tiny reward, what happened?
Tiny reward, what happened?
Tiny reward, what happened?
Tiny reward, what happened?
Tiny reward, what happened?
Tiny reward, what happened?
Tiny reward, what happened?
Tiny reward, what happened?
Tiny reward, what happened?
Tiny reward, what happened?
Tiny reward, what happened?
Tiny reward, what happened?
Tiny reward, what happened?
Tiny reward, what happened?
Tiny reward, what happened?
Tiny reward, what happened?
Tiny reward, what happened?
Tiny reward, what happened?
Tiny reward, what happened?
Tiny reward, what happened?
Tiny reward, what happened?
Tiny reward, what happened?
Tiny reward, what happened?
Tiny reward, what happened?
Tiny reward, what happened?
Tiny reward, what happened?
Tiny reward, what happened?
Tiny reward, what happened?
Tiny reward, what happened?
Tiny reward, what happened?
Tiny reward, what happened?
Tiny reward, what happened?
Tiny reward, what happened?
Tiny reward, what happened?
Tiny reward, what happened?
Tiny reward, what happened?
Tiny reward, what happened?
Tiny reward, what happened?
Tiny reward, what happened?
Tiny reward, what happened?
Tiny reward, what happened?
Tiny reward, what happened?
Tiny reward, what happened?
Tiny reward, what happened?
Tiny reward, what happened?
Tiny reward, what happened?
Tiny reward, what happened?
Tiny reward, what happened?
Tiny reward, what happened?
Tiny reward, what happened?
Tiny reward, what happened?
Tiny reward, what happened?
Tiny reward, what happened?
Tiny reward, what happened?
Tiny reward, what happened?
Goal, Curr: (-0.81,  1.23), (  1.40,  -0.31)   Error: 2.69
Last SG, Last State: ( -1.20,  -2.55), (  1.40,  -0.68)  SG Improvement:-0.38770 

Goal, Curr: (-0.94,  1.12), (  0.60,   0.12)   Error: 1.84
Last SG, Last State: ( -1.39,  -1.61), (  0.60,   0.04)  SG Improvement:-0.11643 

Goal, Curr: (-0.92,  1.01), (  0.60,   0.12)   Error: 1.76
Last SG, Last State: ( -1.40,  -1.86), (  0.60,   0.05)  SG Improvement:-0.44477 

Goal, Curr: (-1.25,  1.02), (  0.60,   0.06)   Error: 2.08
Last SG, Last State: ( -1.39,  -1.57), (  0.60,  -0.01)  SG Improvement:0.00324 

Goal, Curr: (-0.82,  0.86), (  1.40,  -0.48)   Error: 2.59
Last SG, Last State: ( -1.23,  -2.78), (  1.37,  -0.92)  SG Improvement:-0.40563 

Goal, Curr: (-1.08,  1.15), (  0.60,   0.36)   Error: 1.86
Last SG, Last State: ( -1.39,  -1.36), (  0.60,   0.32)  SG Improvement:-0.01616 

Goal, Curr: (-0.98,  0.96), (  0.60,   0.21)   Error: 1.75
Last SG, Last State: ( -1.39,  -1.37), (  0.60,   0.14)  SG Improvement:0.00838 

Goal, Curr: (-0.95,  0.94), (  0.60,   0.10)   Error: 1.76
Last SG, Last State: ( -1.39,  -1.44), (  0.60,  -0.03)  SG Improvement:0.09940 

Goal, Curr: (-1.23,  0.93), (  0.60,   0.06)   Error: 2.03
Last SG, Last State: ( -1.39,  -1.58), (  0.60,  -0.02)  SG Improvement:-0.00560 

Goal, Curr: (-0.76,  1.09), (  0.60,   0.09)   Error: 1.69
Last SG, Last State: ( -1.39,  -1.44), (  0.60,  -0.04)  SG Improvement:0.13323 

episode:00100, mean:0.04, std:0.33, median:0.18, success:0.00
Tiny reward, what happened?
Tiny reward, what happened?
Tiny reward, what happened?
Tiny reward, what happened?
Tiny reward, what happened?
Tiny reward, what happened?
Tiny reward, what happened?
Tiny reward, what happened?
Tiny reward, what happened?
Tiny reward, what happened?
Tiny reward, what happened?
Tiny reward, what happened?
Tiny reward, what happened?
Tiny reward, what happened?
Tiny reward, what happened?
Tiny reward, what happened?
Tiny reward, what happened?
Tiny reward, what happened?
Tiny reward, what happened?
Tiny reward, what happened?
Tiny reward, what happened?
Tiny reward, what happened?
Tiny reward, what happened?
Tiny reward, what happened?
Tiny reward, what happened?
Tiny reward, what happened?
Tiny reward, what happened?
Tiny reward, what happened?
Tiny reward, what happened?
Tiny reward, what happened?
Tiny reward, what happened?
Tiny reward, what happened?
Tiny reward, what happened?
Tiny reward, what happened?
Tiny reward, what happened?
Tiny reward, what happened?
Tiny reward, what happened?
Tiny reward, what happened?
Tiny reward, what happened?
Tiny reward, what happened?
Tiny reward, what happened?
Tiny reward, what happened?
Tiny reward, what happened?
Tiny reward, what happened?
Tiny reward, what happened?
Tiny reward, what happened?
Tiny reward, what happened?
Tiny reward, what happened?
Tiny reward, what happened?
Tiny reward, what happened?
Tiny reward, what happened?
Tiny reward, what happened?
Tiny reward, what happened?
Tiny reward, what happened?
Tiny reward, what happened?
Tiny reward, what happened?
Tiny reward, what happened?
Tiny reward, what happened?
Tiny reward, what happened?
Tiny reward, what happened?
Tiny reward, what happened?
Tiny reward, what happened?
Tiny reward, what happened?
Tiny reward, what happened?
Tiny reward, what happened?
Tiny reward, what happened?
Tiny reward, what happened?
Tiny reward, what happened?
Tiny reward, what happened?
Tiny reward, what happened?
Tiny reward, what happened?
Tiny reward, what happened?
Tiny reward, what happened?
Tiny reward, what happened?
Tiny reward, what happened?
Tiny reward, what happened?
Tiny reward, what happened?
Tiny reward, what happened?
Tiny reward, what happened?
Tiny reward, what happened?
Tiny reward, what happened?
Tiny reward, what happened?
Tiny reward, what happened?
Tiny reward, what happened?
Tiny reward, what happened?
Tiny reward, what happened?
Tiny reward, what happened?
Tiny reward, what happened?
Tiny reward, what happened?
Tiny reward, what happened?
Tiny reward, what happened?
Tiny reward, what happened?
Tiny reward, what happened?
Tiny reward, what happened?
Tiny reward, what happened?
Tiny reward, what happened?
Tiny reward, what happened?
Tiny reward, what happened?
Tiny reward, what happened?
Tiny reward, what happened?
Goal, Curr: (-0.89,  0.97), (  1.31,  -1.13)   Error: 3.04
Last SG, Last State: ( -1.09,  -2.12), (  1.19,  -1.40)  SG Improvement:-1.14700 

Goal, Curr: (-0.76,  1.13), (  0.33,  -1.40)   Error: 2.75
Last SG, Last State: ( -1.06,  -2.56), (  0.50,  -1.40)  SG Improvement:-0.27545 

Goal, Curr: (-1.19,  1.12), ( -1.40,  -1.40)   Error: 2.52
Last SG, Last State: ( -2.86,  -1.74), ( -1.15,  -1.40)  SG Improvement:0.22392 

Goal, Curr: (-0.92,  1.13), ( -0.39,  -1.40)   Error: 2.58
Last SG, Last State: ( -1.88,  -2.66), ( -0.24,  -1.40)  SG Improvement:-0.36023 

Goal, Curr: (-0.90,  0.99), (  1.40,  -1.37)   Error: 3.30
Last SG, Last State: ( -1.35,  -2.34), (  1.07,  -1.40)  SG Improvement:-0.56902 

Goal, Curr: (-1.14,  1.19), ( -1.40,  -1.34)   Error: 2.54
Last SG, Last State: ( -3.31,  -1.79), ( -1.40,  -1.40)  SG Improvement:-0.29884 

Goal, Curr: (-0.88,  0.99), ( -1.40,  -1.40)   Error: 2.45
Last SG, Last State: ( -2.80,  -1.63), ( -1.09,  -1.40)  SG Improvement:0.22686 

Goal, Curr: (-0.81,  1.02), ( -1.01,  -1.40)   Error: 2.43
Last SG, Last State: ( -2.47,  -1.66), ( -0.72,  -1.40)  SG Improvement:0.17808 

Goal, Curr: (-0.85,  0.85), ( -0.84,  -1.40)   Error: 2.25
Last SG, Last State: ( -2.37,  -1.37), ( -0.57,  -1.40)  SG Improvement:0.17682 

Goal, Curr: (-1.24,  0.76), ( -0.42,  -1.40)   Error: 2.31
Last SG, Last State: ( -1.91,  -2.39), ( -0.22,  -1.40)  SG Improvement:-0.24288 

episode:00200, mean:-0.58, std:0.30, median:-0.56, success:0.00
