Using device: cpu
no-correct-ccc-buffer30
Goal, Curr: (-0.84,  1.11), ( -0.81,  -1.40)   Error: 2.51
Last SG, Last State: ( -2.02,   0.10), ( -0.47,  -1.40)  SG Improvement:0.10065 

Goal, Curr: (-1.14,  1.18), ( -0.42,  -1.40)   Error: 2.68
Last SG, Last State: ( -1.57,  -0.20), ( -0.14,  -1.40)  SG Improvement:0.08293 

Goal, Curr: (-1.08,  1.08), ( -0.07,  -1.40)   Error: 2.68
Last SG, Last State: (  0.90,  -3.04), ( -0.42,  -1.33)  SG Improvement:-0.48431 

Goal, Curr: (-0.95,  0.86), ( -0.13,  -1.40)   Error: 2.41
Last SG, Last State: (  0.06,  -2.88), (  0.06,  -1.40)  SG Improvement:0.41889 

Goal, Curr: (-1.20,  0.88), ( -0.67,  -1.07)   Error: 2.02
Last SG, Last State: (  0.76,  -2.53), ( -0.65,  -1.16)  SG Improvement:-0.17464 

Goal, Curr: (-1.21,  1.05), ( -0.68,  -1.14)   Error: 2.26
Last SG, Last State: (  0.53,  -2.40), ( -0.69,  -1.14)  SG Improvement:-0.00655 

Goal, Curr: (-1.14,  1.18), ( -0.41,  -1.40)   Error: 2.68
Last SG, Last State: ( -1.70,  -0.10), ( -0.11,  -1.40)  SG Improvement:-0.00687 

Goal, Curr: (-0.79,  0.98), ( -0.41,  -1.40)   Error: 2.41
Last SG, Last State: ( -1.43,  -1.18), ( -0.17,  -1.40)  SG Improvement:0.41533 

Goal, Curr: (-1.17,  0.99), ( -0.26,  -1.40)   Error: 2.55
Last SG, Last State: ( -0.88,  -2.15), ( -0.02,  -1.40)  SG Improvement:0.31388 

Goal, Curr: (-0.79,  0.94), ( -0.33,  -1.40)   Error: 2.38
Last SG, Last State: ( -1.34,  -1.28), ( -0.11,  -1.40)  SG Improvement:0.44373 

episode:00100, mean:-0.29, std:0.18, median:-0.35, success:0.00
Goal, Curr: (-1.18,  1.01), ( -0.84,  -1.38)   Error: 2.41
Last SG, Last State: ( -1.63,  -0.88), ( -0.24,  -1.40)  SG Improvement:0.66716 

Goal, Curr: (-0.87,  1.14), ( -0.70,  -1.40)   Error: 2.54
Last SG, Last State: ( -1.50,  -1.03), ( -0.10,  -1.40)  SG Improvement:0.67557 

Goal, Curr: (-1.01,  1.23), ( -0.84,  -1.37)   Error: 2.61
Last SG, Last State: ( -1.64,  -0.98), ( -0.24,  -1.40)  SG Improvement:0.67673 

Goal, Curr: (-1.21,  0.83), ( -1.32,  -1.27)   Error: 2.10
Last SG, Last State: ( -2.04,   0.49), ( -0.74,  -1.38)  SG Improvement:0.30862 

Goal, Curr: (-0.98,  0.93), ( -0.81,  -1.40)   Error: 2.33
Last SG, Last State: ( -1.60,  -0.67), ( -0.21,  -1.40)  SG Improvement:0.66131 

Goal, Curr: (-0.93,  1.18), ( -0.73,  -1.39)   Error: 2.58
Last SG, Last State: ( -1.53,  -0.97), ( -0.13,  -1.40)  SG Improvement:0.65058 

Goal, Curr: (-1.17,  0.95), ( -0.62,  -1.38)   Error: 2.40
Last SG, Last State: ( -1.45,  -1.64), ( -0.02,  -1.40)  SG Improvement:0.60886 

Goal, Curr: (-0.88,  0.92), ( -0.21,  -1.40)   Error: 2.41
Last SG, Last State: ( -1.11,  -3.16), (  0.38,  -1.40)  SG Improvement:0.55506 

Goal, Curr: (-0.82,  1.19), ( -0.21,  -1.40)   Error: 2.66
Last SG, Last State: ( -1.11,  -3.17), (  0.38,  -1.40)  SG Improvement:0.52484 

Goal, Curr: (-1.03,  1.09), ( -1.11,  -1.32)   Error: 2.41
Last SG, Last State: ( -1.88,   0.15), ( -0.51,  -1.38)  SG Improvement:0.48356 

episode:00200, mean:-0.38, std:0.09, median:-0.42, success:0.00
Goal, Curr: (-1.21,  1.24), (  1.40,   1.40)   Error: 2.61
Last SG, Last State: (  2.11,   1.77), (  1.40,   1.40)  SG Improvement:0.07382 

Goal, Curr: (-1.05,  0.94), (  1.40,   1.40)   Error: 2.49
Last SG, Last State: (  2.07,   1.76), (  1.40,   1.40)  SG Improvement:0.05654 

Goal, Curr: (-0.91,  1.12), (  1.40,   1.40)   Error: 2.33
Last SG, Last State: (  2.08,   1.84), (  1.40,   1.40)  SG Improvement:0.03393 

Goal, Curr: (-1.20,  1.23), (  1.40,   1.40)   Error: 2.61
Last SG, Last State: (  2.39,   2.54), (  1.40,   1.40)  SG Improvement:-0.60081 

Goal, Curr: (-1.19,  0.80), (  1.40,   1.40)   Error: 2.66
Last SG, Last State: (  2.07,   1.73), (  1.40,   1.40)  SG Improvement:0.06123 

Goal, Curr: (-0.83,  0.92), (  1.40,   1.40)   Error: 2.28
Last SG, Last State: (  2.10,   2.76), (  1.40,   1.40)  SG Improvement:-1.82910 

Goal, Curr: (-0.96,  1.22), (  1.40,   1.40)   Error: 2.36
Last SG, Last State: (  2.85,   2.49), (  1.40,   1.40)  SG Improvement:-0.84700 

Goal, Curr: (-1.06,  0.99), (  1.40,   1.40)   Error: 2.49
Last SG, Last State: (  2.10,   2.77), (  1.40,   1.40)  SG Improvement:-1.64877 

Goal, Curr: (-1.08,  1.15), (  1.40,   1.40)   Error: 2.49
Last SG, Last State: (  2.10,   1.93), (  1.40,   1.40)  SG Improvement:0.02981 

Goal, Curr: (-0.83,  0.87), (  1.40,   1.40)   Error: 2.29
Last SG, Last State: (  2.05,   1.73), (  1.40,   1.40)  SG Improvement:0.04106 

episode:00300, mean:-0.50, std:0.18, median:-0.45, success:0.00
Goal, Curr: (-1.22,  1.04), (  1.32,   1.10)   Error: 2.55
Last SG, Last State: (  1.00,   1.15), (  1.11,   0.55)  SG Improvement:-0.03704 

Goal, Curr: (-1.20,  0.77), (  1.40,   1.40)   Error: 2.67
Last SG, Last State: (  2.02,   2.34), (  1.40,   1.40)  SG Improvement:-0.98543 

Goal, Curr: (-1.18,  1.22), (  1.40,   1.40)   Error: 2.58
Last SG, Last State: (  2.05,   2.68), (  1.40,   1.40)  SG Improvement:-0.02597 

Goal, Curr: (-0.88,  0.84), (  1.40,   1.40)   Error: 2.35
Last SG, Last State: (  2.00,   2.22), (  1.40,   1.40)  SG Improvement:-0.95327 

Goal, Curr: (-0.91,  0.78), (  1.12,   0.67)   Error: 2.03
Last SG, Last State: (  0.21,   0.34), (  0.88,   0.13)  SG Improvement:0.66800 

Goal, Curr: (-1.19,  0.85), (  1.40,   1.40)   Error: 2.65
Last SG, Last State: (  1.89,   2.64), (  1.40,   1.40)  SG Improvement:-1.38030 

Goal, Curr: (-1.24,  1.23), (  1.40,   1.40)   Error: 2.64
Last SG, Last State: (  1.30,   1.88), (  1.32,   1.08)  SG Improvement:0.19063 

Goal, Curr: (-0.98,  0.97), (  1.40,   1.40)   Error: 2.42
Last SG, Last State: (  1.34,   1.92), (  1.33,   1.12)  SG Improvement:0.19912 

Goal, Curr: (-0.95,  1.07), (  1.40,   1.40)   Error: 2.37
Last SG, Last State: (  1.26,   1.82), (  1.30,   1.02)  SG Improvement:0.20961 

Goal, Curr: (-1.23,  0.91), (  1.40,   1.40)   Error: 2.68
Last SG, Last State: (  2.04,   2.43), (  1.40,   1.40)  SG Improvement:-1.08512 

episode:00400, mean:-0.50, std:0.32, median:-0.35, success:0.00
Goal, Curr: (-0.85,  1.06), ( -1.40,  -0.60)   Error: 1.75
Last SG, Last State: ( -2.24,   0.41), ( -1.37,  -0.60)  SG Improvement:-0.10733 

Goal, Curr: (-0.76,  0.82), ( -0.48,  -0.60)   Error: 1.44
Last SG, Last State: ( -0.12,   0.21), ( -0.10,  -0.60)  SG Improvement:0.09518 

Goal, Curr: (-1.06,  0.80), ( -0.53,  -0.80)   Error: 1.69
Last SG, Last State: (  0.20,  -0.03), ( -0.51,  -0.83)  SG Improvement:0.02685 

Goal, Curr: (-0.91,  0.93), ( -0.57,  -0.95)   Error: 1.90
Last SG, Last State: (  0.10,  -0.11), ( -0.57,  -0.95)  SG Improvement:0.00186 

Goal, Curr: (-0.97,  0.81), ( -1.25,  -0.60)   Error: 1.43
Last SG, Last State: (  0.18,  -0.06), ( -0.88,  -0.60)  SG Improvement:0.12786 

Goal, Curr: (-0.84,  0.96), ( -0.69,  -0.60)   Error: 1.57
Last SG, Last State: ( -0.50,   0.22), ( -0.23,  -0.62)  SG Improvement:0.03162 

Goal, Curr: (-1.11,  1.12), ( -0.51,  -1.10)   Error: 2.31
Last SG, Last State: ( -0.45,  -0.06), ( -0.52,  -1.09)  SG Improvement:0.10127 

Goal, Curr: (-1.05,  1.20), ( -0.97,  -0.60)   Error: 1.81
Last SG, Last State: ( -0.23,   0.18), ( -0.52,  -0.60)  SG Improvement:0.29351 

Goal, Curr: (-1.24,  0.77), ( -0.55,  -0.99)   Error: 1.89
Last SG, Last State: (  0.17,  -0.23), ( -0.48,  -1.05)  SG Improvement:0.07808 

Goal, Curr: (-1.23,  1.11), ( -0.93,  -0.60)   Error: 1.74
Last SG, Last State: ( -0.91,  -0.05), ( -0.53,  -0.78)  SG Improvement:0.19968 

episode:00500, mean:0.29, std:0.19, median:0.28, success:0.00
Goal, Curr: (-1.08,  1.16), ( -0.65,  -1.04)   Error: 2.23
Last SG, Last State: ( -0.57,  -0.44), ( -0.66,  -1.02)  SG Improvement:0.00808 

Goal, Curr: (-0.95,  0.99), ( -0.31,  -0.60)   Error: 1.71
Last SG, Last State: ( -0.61,   0.30), ( -0.33,  -0.60)  SG Improvement:-0.00591 

Goal, Curr: (-1.10,  0.78), ( -0.94,  -0.77)   Error: 1.56
Last SG, Last State: ( -0.61,  -0.25), ( -0.93,  -0.77)  SG Improvement:-0.00279 

Goal, Curr: (-0.77,  1.23), ( -0.33,  -0.60)   Error: 1.88
Last SG, Last State: ( -0.65,   0.32), ( -0.35,  -0.60)  SG Improvement:-0.00737 

Goal, Curr: (-1.03,  0.93), ( -0.35,  -0.60)   Error: 1.68
Last SG, Last State: ( -0.68,   0.32), ( -0.37,  -0.60)  SG Improvement:-0.01855 

Goal, Curr: (-0.79,  0.79), ( -0.39,  -0.74)   Error: 1.58
Last SG, Last State: ( -0.24,  -0.27), ( -0.40,  -0.73)  SG Improvement:-0.00199 

Goal, Curr: (-0.77,  1.20), ( -0.52,  -0.60)   Error: 1.82
Last SG, Last State: ( -1.20,   0.42), ( -0.60,  -0.60)  SG Improvement:-0.10943 

Goal, Curr: (-0.92,  0.88), ( -0.36,  -0.60)   Error: 1.59
Last SG, Last State: ( -0.72,   0.32), ( -0.37,  -0.60)  SG Improvement:-0.01329 

Goal, Curr: (-0.96,  1.07), ( -0.86,  -0.84)   Error: 1.91
Last SG, Last State: ( -0.61,  -0.34), ( -0.86,  -0.83)  SG Improvement:-0.00396 

Goal, Curr: (-1.06,  1.24), ( -0.72,  -0.60)   Error: 1.87
Last SG, Last State: ( -1.55,   0.54), ( -0.85,  -0.60)  SG Improvement:-0.08618 

episode:00600, mean:0.15, std:0.12, median:0.14, success:0.00
Goal, Curr: (-0.77,  0.82), ( -0.87,  -0.84)   Error: 1.66
Last SG, Last State: ( -1.26,   0.41), ( -0.87,  -0.84)  SG Improvement:-0.00000 

Goal, Curr: (-0.94,  0.82), ( -1.13,  -0.60)   Error: 1.44
Last SG, Last State: ( -1.02,   0.73), ( -1.15,  -0.64)  SG Improvement:0.01562 

Goal, Curr: (-0.84,  1.12), ( -0.95,  -1.07)   Error: 2.19
Last SG, Last State: ( -1.40,   0.27), ( -0.95,  -1.07)  SG Improvement:-0.00052 

Goal, Curr: (-1.21,  0.98), ( -1.12,  -0.95)   Error: 1.93
Last SG, Last State: ( -0.64,   0.24), ( -1.12,  -0.95)  SG Improvement:-0.01651 

Goal, Curr: (-0.80,  0.90), ( -0.96,  -0.97)   Error: 1.88
Last SG, Last State: ( -1.36,   0.20), ( -0.95,  -0.99)  SG Improvement:-0.07722 

Goal, Curr: (-1.14,  1.19), ( -0.91,  -1.01)   Error: 2.22
Last SG, Last State: ( -1.44,   0.31), ( -0.91,  -1.01)  SG Improvement:-0.00000 

Goal, Curr: (-1.21,  0.89), ( -0.83,  -0.86)   Error: 1.80
Last SG, Last State: ( -1.30,   0.39), ( -0.83,  -0.86)  SG Improvement:-0.00000 

Goal, Curr: (-1.24,  0.86), ( -1.05,  -0.81)   Error: 1.68
Last SG, Last State: ( -1.45,   0.57), ( -1.04,  -0.80)  SG Improvement:0.00149 

Goal, Curr: (-1.18,  0.92), ( -1.01,  -1.01)   Error: 1.95
Last SG, Last State: ( -1.46,   0.38), ( -1.01,  -1.01)  SG Improvement:0.00063 

Goal, Curr: (-1.15,  1.13), ( -1.02,  -1.11)   Error: 2.25
Last SG, Last State: ( -1.52,   0.27), ( -1.02,  -1.11)  SG Improvement:0.00101 

episode:00700, mean:0.11, std:0.16, median:0.03, success:0.00
Goal, Curr: (-0.86,  0.82), ( -0.93,  -1.23)   Error: 2.05
Last SG, Last State: ( -0.29,  -0.72), ( -0.97,  -1.19)  SG Improvement:0.04758 

Goal, Curr: (-1.03,  0.92), ( -1.13,  -1.01)   Error: 1.93
Last SG, Last State: ( -1.23,  -0.10), ( -1.17,  -1.13)  SG Improvement:0.06085 

Goal, Curr: (-1.09,  1.18), ( -1.18,  -1.03)   Error: 2.20
Last SG, Last State: ( -1.91,   0.15), ( -1.25,  -0.98)  SG Improvement:0.01109 

Goal, Curr: (-1.13,  0.97), ( -1.31,  -1.03)   Error: 2.00
Last SG, Last State: (  0.18,   0.46), ( -1.23,  -0.91)  SG Improvement:0.12497 

Goal, Curr: (-0.78,  1.20), ( -0.70,  -1.39)   Error: 2.60
Last SG, Last State: ( -0.58,  -0.67), ( -0.75,  -1.39)  SG Improvement:-0.07130 

Goal, Curr: (-0.79,  0.91), ( -1.40,  -1.17)   Error: 2.17
Last SG, Last State: ( -1.73,  -0.15), ( -1.39,  -1.30)  SG Improvement:0.44160 

Goal, Curr: (-0.81,  1.22), ( -1.07,  -0.92)   Error: 2.15
Last SG, Last State: ( -1.79,   0.52), ( -1.12,  -0.79)  SG Improvement:0.43840 

Goal, Curr: (-0.79,  0.79), ( -1.39,  -1.15)   Error: 2.03
Last SG, Last State: ( -1.64,  -0.36), ( -1.40,  -1.32)  SG Improvement:0.07521 

Goal, Curr: (-1.12,  1.13), ( -1.38,  -1.08)   Error: 2.23
Last SG, Last State: ( -1.67,  -0.02), ( -1.40,  -1.20)  SG Improvement:0.14870 

Goal, Curr: (-0.81,  1.03), ( -1.26,  -0.60)   Error: 1.69
Last SG, Last State: ( -1.49,   0.43), ( -1.34,  -0.71)  SG Improvement:0.07804 

episode:00800, mean:-0.06, std:0.21, median:-0.08, success:0.00
Goal, Curr: (-0.93,  0.92), ( -0.86,  -0.75)   Error: 1.67
Last SG, Last State: ( -0.63,   0.21), ( -0.86,  -0.75)  SG Improvement:-0.00612 

Goal, Curr: (-0.99,  1.05), ( -0.81,  -0.66)   Error: 1.71
Last SG, Last State: ( -1.16,   0.38), ( -0.82,  -0.60)  SG Improvement:-0.25931 

Goal, Curr: (-0.92,  0.92), ( -0.81,  -0.70)   Error: 1.62
Last SG, Last State: (  0.34,   0.07), ( -0.79,  -0.75)  SG Improvement:0.17985 

Goal, Curr: (-0.76,  1.22), ( -0.67,  -0.75)   Error: 1.97
Last SG, Last State: (  0.64,  -0.03), ( -0.64,  -0.80)  SG Improvement:0.03571 

Goal, Curr: (-0.83,  0.75), ( -0.82,  -0.70)   Error: 1.45
Last SG, Last State: ( -0.98,   0.04), ( -0.83,  -0.68)  SG Improvement:-0.22148 

Goal, Curr: (-0.85,  1.19), ( -0.90,  -1.01)   Error: 2.20
Last SG, Last State: ( -1.22,  -0.18), ( -0.86,  -0.90)  SG Improvement:0.52307 

Goal, Curr: (-1.00,  1.13), ( -0.59,  -0.91)   Error: 2.09
Last SG, Last State: ( -1.23,  -0.01), ( -0.69,  -0.78)  SG Improvement:-0.16854 

Goal, Curr: (-0.90,  0.87), ( -0.86,  -0.74)   Error: 1.61
Last SG, Last State: ( -1.34,   0.20), ( -0.91,  -0.64)  SG Improvement:-0.08325 

Goal, Curr: (-1.03,  1.02), ( -0.91,  -0.76)   Error: 1.78
Last SG, Last State: (  0.16,   0.41), ( -0.89,  -0.77)  SG Improvement:-0.16951 

Goal, Curr: (-0.90,  1.17), ( -0.39,  -0.94)   Error: 2.16
Last SG, Last State: (  0.11,  -0.38), ( -0.56,  -0.84)  SG Improvement:0.02505 

episode:00900, mean:0.18, std:0.22, median:0.21, success:0.00
Goal, Curr: (-1.19,  0.91), ( -0.83,  -0.60)   Error: 1.55
Last SG, Last State: ( -1.49,   0.61), ( -1.05,  -0.60)  SG Improvement:-0.03131 

Goal, Curr: (-1.10,  1.13), ( -0.67,  -0.81)   Error: 1.99
Last SG, Last State: ( -0.50,   0.29), ( -0.80,  -0.84)  SG Improvement:-0.25283 

Goal, Curr: (-0.81,  0.87), ( -0.77,  -0.60)   Error: 1.48
Last SG, Last State: ( -1.06,   0.74), ( -0.71,  -0.62)  SG Improvement:0.50107 

Goal, Curr: (-1.10,  0.82), ( -0.96,  -0.70)   Error: 1.53
Last SG, Last State: ( -1.68,   0.16), ( -0.88,  -0.89)  SG Improvement:0.42414 

Goal, Curr: (-1.15,  0.89), ( -0.88,  -0.76)   Error: 1.68
Last SG, Last State: ( -0.29,  -0.20), ( -0.86,  -0.78)  SG Improvement:-0.05965 

Goal, Curr: (-0.93,  0.87), ( -0.74,  -0.60)   Error: 1.49
Last SG, Last State: ( -1.08,   0.71), ( -0.68,  -0.63)  SG Improvement:0.44667 

Goal, Curr: (-0.84,  1.15), ( -0.57,  -0.94)   Error: 2.11
Last SG, Last State: (  0.64,  -0.07), ( -0.53,  -0.97)  SG Improvement:-0.13671 

Goal, Curr: (-1.21,  0.79), ( -0.66,  -0.65)   Error: 1.54
Last SG, Last State: ( -0.34,   0.08), ( -0.67,  -0.60)  SG Improvement:-0.45488 

Goal, Curr: (-1.13,  1.04), ( -0.47,  -1.03)   Error: 2.17
Last SG, Last State: (  0.66,  -0.33), ( -0.44,  -1.05)  SG Improvement:-0.01609 

Goal, Curr: (-0.87,  1.11), ( -0.68,  -0.60)   Error: 1.73
Last SG, Last State: ( -0.94,   0.69), ( -0.63,  -0.64)  SG Improvement:0.43453 

episode:01000, mean:0.21, std:0.24, median:0.20, success:0.00
Goal, Curr: (-1.02,  1.17), ( -1.24,  -0.60)   Error: 1.79
Last SG, Last State: ( -0.55,  -0.00), ( -1.27,  -0.60)  SG Improvement:-0.39370 

Goal, Curr: (-1.01,  1.24), (  0.60,  -0.30)   Error: 2.23
Last SG, Last State: (  1.88,   0.14), (  0.60,  -0.31)  SG Improvement:-0.11708 

Goal, Curr: (-1.07,  1.02), ( -1.40,  -0.60)   Error: 1.65
Last SG, Last State: ( -1.44,   0.50), ( -1.38,  -0.60)  SG Improvement:-0.07485 

Goal, Curr: (-0.86,  0.80), (  0.33,  -0.60)   Error: 1.83
Last SG, Last State: (  0.63,  -0.06), (  0.24,  -0.60)  SG Improvement:-0.02943 

Goal, Curr: (-1.03,  0.85), ( -0.48,  -0.60)   Error: 1.55
Last SG, Last State: ( -1.38,   0.55), ( -0.59,  -0.60)  SG Improvement:-0.04880 

Goal, Curr: (-0.79,  0.92), ( -0.21,  -0.60)   Error: 1.63
Last SG, Last State: ( -0.05,   0.19), ( -0.16,  -0.60)  SG Improvement:-0.16731 

Goal, Curr: (-0.78,  1.03), ( -1.36,  -0.60)   Error: 1.73
Last SG, Last State: ( -1.27,   0.47), ( -1.37,  -0.60)  SG Improvement:-0.07004 

Goal, Curr: (-0.81,  1.10), (  0.42,  -0.82)   Error: 2.28
Last SG, Last State: (  1.56,   0.01), (  0.47,  -0.66)  SG Improvement:0.11223 

Goal, Curr: (-0.95,  0.95), ( -1.35,  -0.60)   Error: 1.61
Last SG, Last State: ( -1.84,   0.65), ( -1.30,  -0.60)  SG Improvement:-0.48182 

Goal, Curr: (-0.94,  1.21), ( -1.02,  -0.60)   Error: 1.82
Last SG, Last State: ( -1.03,   0.43), ( -0.92,  -0.60)  SG Improvement:-0.04028 

episode:01100, mean:0.20, std:0.29, median:0.25, success:0.00
Goal, Curr: (-1.06,  1.25), ( -0.52,  -0.60)   Error: 1.93
Last SG, Last State: ( -1.07,   0.29), ( -0.48,  -0.60)  SG Improvement:-0.01019 

Goal, Curr: (-0.86,  1.16), (  0.18,  -0.60)   Error: 2.04
Last SG, Last State: (  0.24,  -0.29), (  0.07,  -0.60)  SG Improvement:0.03029 

Goal, Curr: (-1.18,  0.96), ( -1.00,  -0.60)   Error: 1.57
Last SG, Last State: ( -1.82,   0.59), ( -1.00,  -0.60)  SG Improvement:-0.05401 

Goal, Curr: (-0.86,  0.80), (  0.41,  -0.60)   Error: 1.89
Last SG, Last State: (  0.98,  -0.52), (  0.31,  -0.60)  SG Improvement:0.04843 

Goal, Curr: (-0.81,  0.78), ( -0.09,  -0.60)   Error: 1.56
Last SG, Last State: ( -1.07,  -0.08), ( -0.39,  -0.60)  SG Improvement:-0.40490 

Goal, Curr: (-1.06,  1.02), (  0.71,  -0.19)   Error: 2.14
Last SG, Last State: (  2.36,   0.43), (  0.68,  -0.12)  SG Improvement:-0.18218 

Goal, Curr: (-0.97,  1.13), ( -0.10,  -0.60)   Error: 1.94
Last SG, Last State: ( -0.89,  -0.20), ( -0.29,  -0.60)  SG Improvement:-0.08613 

Goal, Curr: (-0.85,  1.06), ( -0.18,  -0.60)   Error: 1.79
Last SG, Last State: ( -0.61,   0.47), ( -0.18,  -0.60)  SG Improvement:-0.09685 

Goal, Curr: (-1.09,  1.17), ( -0.36,  -0.60)   Error: 1.91
Last SG, Last State: ( -0.76,   0.48), ( -0.32,  -0.60)  SG Improvement:0.00305 

Goal, Curr: (-0.77,  0.92), ( -1.23,  -0.60)   Error: 1.58
Last SG, Last State: ( -1.25,   0.56), ( -1.17,  -0.60)  SG Improvement:0.00417 

episode:01200, mean:0.27, std:0.18, median:0.33, success:0.00
Goal, Curr: (-0.77,  1.24), (  0.49,  -0.60)   Error: 2.23
Last SG, Last State: (  0.82,  -0.88), (  0.26,  -0.60)  SG Improvement:0.11131 

Goal, Curr: (-1.20,  1.17), ( -1.10,  -0.60)   Error: 1.77
Last SG, Last State: ( -0.78,   0.04), ( -1.27,  -0.69)  SG Improvement:-0.00578 

Goal, Curr: (-1.20,  1.24), (  1.40,  -1.06)   Error: 3.47
Last SG, Last State: (  2.45,   0.02), (  1.40,  -0.74)  SG Improvement:-0.00288 

Goal, Curr: (-1.00,  0.98), (  0.74,  -0.49)   Error: 2.28
Last SG, Last State: (  1.91,  -1.28), (  0.70,  -0.37)  SG Improvement:-0.27003 

Goal, Curr: (-0.97,  1.08), ( -0.00,  -0.60)   Error: 1.94
Last SG, Last State: ( -0.83,   0.61), ( -0.18,  -0.60)  SG Improvement:-0.59086 

Goal, Curr: (-0.94,  0.86), ( -1.19,  -0.60)   Error: 1.49
Last SG, Last State: ( -1.66,   0.52), ( -1.17,  -0.60)  SG Improvement:-0.00567 

Goal, Curr: (-0.92,  0.90), (  0.99,  -0.14)   Error: 2.18
Last SG, Last State: (  1.85,  -0.48), (  0.92,  -0.20)  SG Improvement:0.00965 

Goal, Curr: (-0.78,  0.95), (  0.60,  -0.29)   Error: 1.86
Last SG, Last State: (  1.62,  -0.96), (  0.58,  -0.55)  SG Improvement:0.39077 

Goal, Curr: (-0.95,  0.97), ( -1.06,  -0.60)   Error: 1.58
Last SG, Last State: ( -0.46,   0.04), ( -1.16,  -0.71)  SG Improvement:0.05606 

Goal, Curr: (-0.89,  0.92), (  0.98,  -0.53)   Error: 2.36
Last SG, Last State: (  1.93,   0.10), (  0.86,  -0.46)  SG Improvement:-0.10631 

episode:01300, mean:-0.03, std:0.52, median:0.09, success:0.00
Goal, Curr: (-0.98,  0.84), (  1.40,  -0.86)   Error: 2.92
Last SG, Last State: (  2.42,  -0.24), (  1.28,  -0.66)  SG Improvement:-0.05630 

Goal, Curr: (-1.11,  1.12), ( -1.32,  -0.60)   Error: 1.73
Last SG, Last State: ( -1.30,   0.53), ( -1.14,  -0.60)  SG Improvement:-0.00125 

Goal, Curr: (-1.07,  0.86), (  0.95,  -0.43)   Error: 2.39
Last SG, Last State: (  2.02,  -0.22), (  0.93,  -0.42)  SG Improvement:0.00958 

Goal, Curr: (-1.15,  1.04), (  0.67,  -0.20)   Error: 2.20
Last SG, Last State: (  2.00,  -0.72), (  0.71,  -0.33)  SG Improvement:0.41736 

Goal, Curr: (-0.84,  0.96), (  0.92,  -0.42)   Error: 2.24
Last SG, Last State: (  1.82,  -0.55), (  0.83,  -0.16)  SG Improvement:0.06114 

Goal, Curr: (-0.87,  1.09), ( -1.40,  -0.60)   Error: 1.77
Last SG, Last State: ( -1.26,   0.35), ( -1.40,  -0.60)  SG Improvement:0.13479 

Goal, Curr: (-0.76,  1.02), (  1.40,  -1.40)   Error: 3.24
Last SG, Last State: (  2.85,  -0.60), (  1.40,  -1.20)  SG Improvement:0.09273 

Goal, Curr: (-1.01,  1.19), (  0.99,  -0.53)   Error: 2.63
Last SG, Last State: (  2.37,  -0.59), (  0.85,  -0.33)  SG Improvement:0.69049 

Goal, Curr: (-1.09,  0.98), ( -1.37,  -0.60)   Error: 1.61
Last SG, Last State: ( -1.32,   0.50), ( -1.18,  -0.60)  SG Improvement:-0.00593 

Goal, Curr: (-0.78,  1.16), (  0.86,   0.30)   Error: 1.85
Last SG, Last State: (  1.80,   0.48), (  0.92,   0.25)  SG Improvement:0.04202 

episode:01400, mean:-0.25, std:0.60, median:-0.15, success:0.00
Goal, Curr: (-0.80,  1.03), ( -1.00,  -0.60)   Error: 1.64
Last SG, Last State: ( -0.80,   0.17), ( -1.07,  -0.60)  SG Improvement:-0.01773 

Goal, Curr: (-0.92,  1.08), (  0.82,  -0.33)   Error: 2.24
Last SG, Last State: (  2.02,  -0.06), (  0.89,  -0.37)  SG Improvement:-0.00998 

Goal, Curr: (-0.82,  0.84), ( -1.40,  -0.60)   Error: 1.55
Last SG, Last State: ( -0.97,   0.44), ( -1.40,  -0.60)  SG Improvement:-0.01153 

Goal, Curr: (-1.09,  0.76), (  1.30,  -0.92)   Error: 2.92
Last SG, Last State: (  2.58,  -0.52), (  1.40,  -0.92)  SG Improvement:-0.03190 

Goal, Curr: (-1.16,  1.24), ( -0.46,  -0.60)   Error: 1.97
Last SG, Last State: ( -1.29,   0.60), ( -0.71,  -0.60)  SG Improvement:-0.21763 

Goal, Curr: (-1.22,  1.25), (  1.28,  -0.47)   Error: 3.04
Last SG, Last State: (  2.09,  -0.18), (  1.32,  -0.73)  SG Improvement:-0.65272 

Goal, Curr: (-1.14,  0.98), ( -1.40,  -0.60)   Error: 1.60
Last SG, Last State: ( -1.32,   0.57), ( -1.40,  -0.60)  SG Improvement:0.02476 

Goal, Curr: (-0.78,  0.76), (  1.25,  -0.25)   Error: 2.27
Last SG, Last State: (  2.42,  -0.09), (  1.25,  -0.47)  SG Improvement:0.00455 

Goal, Curr: (-0.88,  1.06), ( -1.40,  -0.60)   Error: 1.74
Last SG, Last State: ( -1.13,   0.54), ( -1.40,  -0.60)  SG Improvement:-0.00852 

Goal, Curr: (-0.89,  1.20), (  1.35,  -0.65)   Error: 2.91
Last SG, Last State: (  2.47,  -0.17), (  1.29,  -0.55)  SG Improvement:-0.06823 

episode:01500, mean:-0.25, std:0.57, median:-0.05, success:0.00
Goal, Curr: (-0.88,  0.78), (  1.14,  -1.18)   Error: 2.82
Last SG, Last State: (  2.84,  -0.65), (  1.40,  -1.40)  SG Improvement:-0.37371 

Goal, Curr: (-1.18,  0.97), ( -0.69,  -0.64)   Error: 1.69
Last SG, Last State: ( -0.67,   0.61), ( -0.68,  -0.64)  SG Improvement:0.02423 

Goal, Curr: (-1.12,  0.99), ( -1.16,  -1.13)   Error: 2.12
Last SG, Last State: ( -1.89,  -0.73), ( -1.16,  -1.13)  SG Improvement:0.00418 

Goal, Curr: (-0.80,  0.97), ( -0.77,  -1.18)   Error: 2.16
Last SG, Last State: ( -1.34,  -0.97), ( -0.77,  -1.18)  SG Improvement:-0.00489 

Goal, Curr: (-0.84,  1.10), ( -0.69,  -0.88)   Error: 1.99
Last SG, Last State: ( -1.33,  -0.53), ( -0.69,  -0.88)  SG Improvement:0.00240 

Goal, Curr: (-1.14,  0.80), ( -0.55,  -0.60)   Error: 1.52
Last SG, Last State: ( -1.27,   0.49), ( -0.77,  -0.60)  SG Improvement:-0.17422 

Goal, Curr: (-1.03,  0.76), ( -0.59,  -0.62)   Error: 1.44
Last SG, Last State: ( -0.52,   0.61), ( -0.58,  -0.62)  SG Improvement:0.03500 

Goal, Curr: (-1.07,  1.01), ( -0.74,  -0.91)   Error: 1.95
Last SG, Last State: ( -1.40,  -0.47), ( -0.74,  -0.91)  SG Improvement:-0.00289 

Goal, Curr: (-0.88,  1.15), ( -0.92,  -1.21)   Error: 2.35
Last SG, Last State: ( -1.53,  -0.88), ( -0.91,  -1.20)  SG Improvement:0.00483 

Goal, Curr: (-0.77,  0.82), ( -1.08,  -0.65)   Error: 1.50
Last SG, Last State: ( -1.54,   0.28), ( -1.08,  -0.63)  SG Improvement:0.05592 

episode:01600, mean:-0.02, std:0.43, median:0.02, success:0.00
Goal, Curr: (-0.79,  0.99), ( -0.94,  -1.24)   Error: 2.24
Last SG, Last State: ( -0.51,  -0.14), ( -0.95,  -1.24)  SG Improvement:0.00340 

Goal, Curr: (-0.89,  0.80), (  0.46,  -1.40)   Error: 2.58
Last SG, Last State: (  0.51,  -0.91), (  0.78,  -1.40)  SG Improvement:0.49857 

Goal, Curr: (-0.93,  1.09), (  0.60,  -0.53)   Error: 2.23
Last SG, Last State: (  2.00,  -0.90), (  0.88,  -0.79)  SG Improvement:0.10949 

Goal, Curr: (-0.84,  1.18), ( -0.89,  -0.89)   Error: 2.07
Last SG, Last State: ( -0.74,   0.39), ( -0.95,  -0.82)  SG Improvement:-0.05772 

Goal, Curr: (-1.14,  1.05), (  1.05,   0.35)   Error: 2.30
Last SG, Last State: (  1.92,   0.44), (  1.09,   0.30)  SG Improvement:0.08400 

Goal, Curr: (-0.82,  1.01), ( -1.25,  -0.99)   Error: 2.05
Last SG, Last State: ( -0.47,  -0.64), ( -1.11,  -1.00)  SG Improvement:-0.03161 

Goal, Curr: (-0.84,  0.85), (  0.89,   0.70)   Error: 1.73
Last SG, Last State: (  1.95,   0.72), (  0.92,   0.56)  SG Improvement:0.05723 

Goal, Curr: (-1.23,  1.16), (  1.05,  -0.18)   Error: 2.65
Last SG, Last State: (  1.05,  -0.71), (  0.60,  -0.55)  SG Improvement:-0.15471 

Goal, Curr: (-1.11,  0.78), ( -0.62,  -0.66)   Error: 1.52
Last SG, Last State: ( -0.54,   0.37), ( -0.62,  -0.66)  SG Improvement:0.00291 

Goal, Curr: (-0.77,  1.18), (  1.21,  -1.26)   Error: 3.13
Last SG, Last State: (  2.34,  -0.77), (  1.31,  -1.11)  SG Improvement:-0.13263 

episode:01700, mean:-0.30, std:0.40, median:-0.18, success:0.00
Goal, Curr: (-1.03,  1.25), ( -1.07,  -1.04)   Error: 2.29
Last SG, Last State: ( -0.66,   0.16), ( -1.06,  -1.06)  SG Improvement:-0.01232 

Goal, Curr: (-1.01,  1.07), (  1.00,   0.23)   Error: 2.19
Last SG, Last State: (  2.58,   1.01), (  1.00,   0.26)  SG Improvement:0.00895 

Goal, Curr: (-0.87,  0.86), ( -1.17,  -0.95)   Error: 1.83
Last SG, Last State: ( -0.55,  -0.10), ( -1.13,  -1.00)  SG Improvement:0.03235 

Goal, Curr: (-0.92,  0.87), (  1.32,   0.01)   Error: 2.40
Last SG, Last State: (  2.90,  -0.95), (  1.28,  -0.10)  SG Improvement:0.09167 

Goal, Curr: (-1.12,  1.06), ( -1.40,  -0.60)   Error: 1.68
Last SG, Last State: ( -0.49,  -0.35), ( -1.36,  -0.63)  SG Improvement:-0.02839 

Goal, Curr: (-1.24,  0.93), ( -1.29,  -0.85)   Error: 1.79
Last SG, Last State: ( -0.78,   0.10), ( -1.27,  -0.89)  SG Improvement:0.02501 

Goal, Curr: (-1.01,  1.01), (  1.23,  -0.03)   Error: 2.47
Last SG, Last State: (  2.73,  -0.42), (  1.27,  -0.11)  SG Improvement:0.81375 

Goal, Curr: (-0.81,  0.80), ( -1.40,  -0.60)   Error: 1.52
Last SG, Last State: ( -1.38,   0.42), ( -1.40,  -0.60)  SG Improvement:0.02233 

Goal, Curr: (-0.90,  1.08), (  0.67,   0.26)   Error: 1.77
Last SG, Last State: (  2.00,  -0.46), (  0.80,  -0.08)  SG Improvement:-0.07935 

Goal, Curr: (-1.16,  0.92), ( -1.19,  -0.74)   Error: 1.66
Last SG, Last State: ( -0.52,  -0.19), ( -1.11,  -0.81)  SG Improvement:0.02599 

episode:01800, mean:0.02, std:0.31, median:0.11, success:0.00
Goal, Curr: (-0.89,  1.24), ( -0.76,  -0.96)   Error: 2.20
Last SG, Last State: ( -0.75,   0.13), ( -0.76,  -0.99)  SG Improvement:0.02680 

Goal, Curr: (-1.10,  1.21), (  0.68,  -1.40)   Error: 3.15
Last SG, Last State: (  3.02,  -1.47), (  1.17,  -1.40)  SG Improvement:-0.18809 

Goal, Curr: (-1.24,  1.21), ( -0.51,  -0.60)   Error: 1.95
Last SG, Last State: ( -0.87,   0.60), ( -0.53,  -0.60)  SG Improvement:-0.07411 

Goal, Curr: (-0.95,  0.94), ( -0.53,  -0.60)   Error: 1.60
Last SG, Last State: ( -1.03,   0.46), ( -0.54,  -0.60)  SG Improvement:-0.03404 

Goal, Curr: (-0.91,  0.96), ( -1.11,  -0.91)   Error: 1.88
Last SG, Last State: ( -0.92,   0.25), ( -1.12,  -0.91)  SG Improvement:0.08563 

Goal, Curr: (-1.23,  1.07), ( -0.89,  -0.76)   Error: 1.86
Last SG, Last State: ( -1.15,   0.29), ( -0.89,  -0.80)  SG Improvement:-0.00077 

Goal, Curr: (-1.24,  1.19), (  0.17,  -0.60)   Error: 2.28
Last SG, Last State: (  0.86,   1.04), ( -0.35,  -0.62)  SG Improvement:0.53432 

Goal, Curr: (-0.96,  1.22), ( -0.57,  -0.60)   Error: 1.86
Last SG, Last State: ( -1.12,   0.42), ( -0.58,  -0.60)  SG Improvement:-0.00394 

Goal, Curr: (-1.20,  1.10), ( -0.90,  -0.90)   Error: 2.02
Last SG, Last State: ( -1.10,   0.13), ( -0.91,  -0.95)  SG Improvement:0.01797 

Goal, Curr: (-1.20,  0.87), ( -1.38,  -0.60)   Error: 1.48
Last SG, Last State: ( -1.16,   0.37), ( -1.23,  -0.63)  SG Improvement:-0.23986 

episode:01900, mean:0.03, std:0.41, median:0.19, success:0.00
Goal, Curr: (-0.91,  1.01), ( -1.27,  -0.88)   Error: 1.93
Last SG, Last State: ( -0.97,   0.09), ( -1.28,  -0.87)  SG Improvement:0.00355 

Goal, Curr: (-0.82,  1.01), ( -1.12,  -0.63)   Error: 1.66
Last SG, Last State: ( -1.01,   0.66), ( -1.09,  -0.65)  SG Improvement:0.01621 

Goal, Curr: (-1.09,  0.83), ( -1.22,  -0.67)   Error: 1.51
Last SG, Last State: ( -1.18,   0.61), ( -1.20,  -0.70)  SG Improvement:0.01765 

Goal, Curr: (-0.84,  1.13), ( -1.36,  -1.04)   Error: 2.24
Last SG, Last State: ( -0.89,  -0.15), ( -1.37,  -1.04)  SG Improvement:-0.05256 

Goal, Curr: (-0.88,  0.93), ( -1.21,  -0.68)   Error: 1.65
Last SG, Last State: ( -1.12,   0.60), ( -1.19,  -0.71)  SG Improvement:0.01536 

Goal, Curr: (-1.15,  1.25), ( -0.98,  -0.78)   Error: 2.04
Last SG, Last State: ( -0.63,   0.43), ( -0.98,  -0.78)  SG Improvement:0.00380 

Goal, Curr: (-0.85,  1.03), ( -0.94,  -1.00)   Error: 2.03
Last SG, Last State: ( -0.36,   0.03), ( -0.94,  -1.01)  SG Improvement:-0.05710 

Goal, Curr: (-1.20,  0.84), ( -1.31,  -0.66)   Error: 1.51
Last SG, Last State: ( -1.28,   0.62), ( -1.29,  -0.69)  SG Improvement:0.01712 

Goal, Curr: (-1.08,  1.06), ( -1.13,  -1.01)   Error: 2.07
Last SG, Last State: ( -0.72,   0.10), ( -1.13,  -1.02)  SG Improvement:0.00758 

Goal, Curr: (-1.14,  0.93), ( -1.30,  -0.65)   Error: 1.59
Last SG, Last State: ( -1.26,   0.65), ( -1.28,  -0.68)  SG Improvement:0.01571 

episode:02000, mean:0.16, std:0.16, median:0.24, success:0.00
Goal, Curr: (-0.80,  1.24), ( -1.40,  -0.60)   Error: 1.93
Last SG, Last State: ( -1.11,   0.47), ( -1.40,  -0.60)  SG Improvement:-0.00323 

Goal, Curr: (-0.75,  0.84), ( -1.40,  -0.60)   Error: 1.58
Last SG, Last State: ( -1.18,   0.36), ( -1.40,  -0.60)  SG Improvement:0.00532 

Goal, Curr: (-0.87,  1.23), ( -1.40,  -0.62)   Error: 1.92
Last SG, Last State: ( -0.43,  -0.62), ( -1.40,  -0.75)  SG Improvement:-0.39539 

Goal, Curr: (-1.06,  0.93), ( -1.40,  -0.60)   Error: 1.57
Last SG, Last State: ( -1.20,   0.48), ( -1.40,  -0.60)  SG Improvement:-0.00154 

Goal, Curr: (-1.20,  1.11), ( -1.40,  -0.60)   Error: 1.73
Last SG, Last State: ( -1.20,   0.53), ( -1.40,  -0.60)  SG Improvement:0.00111 

Goal, Curr: (-0.94,  0.95), ( -1.40,  -0.60)   Error: 1.61
Last SG, Last State: ( -0.43,   0.23), ( -1.40,  -0.60)  SG Improvement:-0.46260 

Goal, Curr: (-0.91,  0.93), ( -1.40,  -0.60)   Error: 1.61
Last SG, Last State: ( -1.24,   0.38), ( -1.40,  -0.60)  SG Improvement:0.01756 

Goal, Curr: (-1.08,  0.91), ( -1.40,  -0.60)   Error: 1.54
Last SG, Last State: ( -1.22,   0.47), ( -1.40,  -0.60)  SG Improvement:0.00045 

Goal, Curr: (-0.89,  1.06), ( -1.40,  -0.60)   Error: 1.74
Last SG, Last State: ( -0.60,   0.02), ( -1.40,  -0.67)  SG Improvement:0.13572 

Goal, Curr: (-0.80,  1.08), ( -1.40,  -0.60)   Error: 1.78
Last SG, Last State: ( -1.15,   0.43), ( -1.40,  -0.60)  SG Improvement:-0.00038 

episode:02100, mean:0.35, std:0.15, median:0.32, success:0.00
Goal, Curr: (-0.80,  1.17), ( -1.40,  -0.87)   Error: 2.13
Last SG, Last State: ( -0.52,  -0.59), ( -1.40,  -0.93)  SG Improvement:0.00484 

Goal, Curr: (-1.09,  0.94), ( -1.40,  -0.93)   Error: 1.90
Last SG, Last State: ( -0.75,  -0.34), ( -1.39,  -0.94)  SG Improvement:-0.00215 

Goal, Curr: (-1.22,  1.05), ( -0.92,  -0.82)   Error: 1.90
Last SG, Last State: ( -0.06,   0.08), ( -0.91,  -0.84)  SG Improvement:-0.06900 

Goal, Curr: (-0.78,  0.88), ( -1.30,  -0.96)   Error: 1.91
Last SG, Last State: ( -0.48,  -0.62), ( -1.28,  -0.98)  SG Improvement:-0.00679 

Goal, Curr: (-0.97,  1.12), ( -1.00,  -0.95)   Error: 2.07
Last SG, Last State: ( -0.24,  -0.16), ( -1.00,  -0.95)  SG Improvement:-0.00970 

Goal, Curr: (-1.15,  0.77), ( -0.93,  -0.91)   Error: 1.69
Last SG, Last State: ( -0.22,  -0.10), ( -0.92,  -0.91)  SG Improvement:-0.00063 

Goal, Curr: (-0.77,  1.15), ( -1.19,  -0.97)   Error: 2.16
Last SG, Last State: ( -0.49,  -0.24), ( -1.19,  -0.97)  SG Improvement:-0.01641 

Goal, Curr: (-0.92,  0.84), ( -1.07,  -0.97)   Error: 1.82
Last SG, Last State: ( -0.30,  -0.36), ( -1.06,  -0.98)  SG Improvement:-0.01407 

Goal, Curr: (-1.16,  0.75), ( -1.19,  -0.96)   Error: 1.71
Last SG, Last State: ( -0.43,  -0.36), ( -1.17,  -0.98)  SG Improvement:-0.00902 

Goal, Curr: (-1.19,  1.22), ( -1.02,  -0.92)   Error: 2.15
Last SG, Last State: ( -0.29,   0.00), ( -1.01,  -0.93)  SG Improvement:-0.01572 

episode:02200, mean:0.08, std:0.09, median:0.10, success:0.00
Goal, Curr: (-1.10,  0.99), ( -1.27,  -0.60)   Error: 1.60
Last SG, Last State: ( -0.40,   0.34), ( -1.12,  -0.60)  SG Improvement:-0.52325 

Goal, Curr: (-0.77,  1.19), ( -1.03,  -0.60)   Error: 1.81
Last SG, Last State: ( -0.29,   0.28), ( -1.03,  -0.61)  SG Improvement:-0.01078 

Goal, Curr: (-1.14,  0.83), ( -1.40,  -0.76)   Error: 1.62
Last SG, Last State: ( -0.76,  -0.01), ( -1.39,  -0.77)  SG Improvement:-0.00092 

Goal, Curr: (-1.07,  1.15), ( -1.35,  -0.78)   Error: 1.94
Last SG, Last State: ( -0.64,   0.01), ( -1.36,  -0.74)  SG Improvement:-0.07064 

Goal, Curr: (-1.17,  0.99), ( -1.17,  -0.60)   Error: 1.59
Last SG, Last State: ( -0.38,   0.30), ( -1.13,  -0.60)  SG Improvement:-0.01017 

Goal, Curr: (-0.85,  1.11), ( -1.30,  -0.84)   Error: 2.00
Last SG, Last State: ( -0.62,  -0.08), ( -1.30,  -0.83)  SG Improvement:-0.01694 

Goal, Curr: (-0.82,  0.82), ( -1.13,  -0.64)   Error: 1.50
Last SG, Last State: ( -0.38,   0.10), ( -1.13,  -0.66)  SG Improvement:-0.01941 

Goal, Curr: (-1.22,  1.23), ( -1.38,  -0.60)   Error: 1.83
Last SG, Last State: ( -1.34,   0.21), ( -1.22,  -0.60)  SG Improvement:0.01980 

Goal, Curr: (-0.94,  0.98), ( -1.29,  -0.92)   Error: 1.94
Last SG, Last State: ( -0.67,  -0.22), ( -1.29,  -0.98)  SG Improvement:0.00709 

Goal, Curr: (-0.99,  1.24), ( -1.14,  -0.60)   Error: 1.85
Last SG, Last State: ( -0.49,   0.31), ( -1.13,  -0.60)  SG Improvement:0.00149 

episode:02300, mean:0.27, std:0.15, median:0.28, success:0.00
Goal, Curr: (-1.06,  1.11), ( -1.40,  -0.60)   Error: 1.74
Last SG, Last State: ( -1.57,   0.27), ( -1.40,  -0.60)  SG Improvement:0.09510 

Goal, Curr: (-1.07,  0.92), ( -0.66,  -0.63)   Error: 1.60
Last SG, Last State: ( -1.29,   0.34), ( -0.67,  -0.60)  SG Improvement:-0.20355 

Goal, Curr: (-1.20,  1.11), ( -0.77,  -0.73)   Error: 1.89
Last SG, Last State: ( -0.90,   0.57), ( -1.09,  -0.70)  SG Improvement:-0.47888 

Goal, Curr: (-0.93,  0.84), (  1.40,  -0.37)   Error: 2.62
Last SG, Last State: (  2.99,   0.57), (  1.36,  -0.61)  SG Improvement:0.08019 

Goal, Curr: (-0.81,  1.07), ( -1.40,  -0.60)   Error: 1.77
Last SG, Last State: ( -1.48,   0.27), ( -1.40,  -0.60)  SG Improvement:-0.01652 

Goal, Curr: (-1.24,  0.94), ( -0.80,  -0.60)   Error: 1.60
Last SG, Last State: ( -1.09,   0.33), ( -1.02,  -0.60)  SG Improvement:-0.10016 

Goal, Curr: (-1.19,  1.21), ( -1.40,  -0.60)   Error: 1.82
Last SG, Last State: ( -1.65,   0.24), ( -1.33,  -0.60)  SG Improvement:0.04093 

Goal, Curr: (-0.96,  1.05), ( -0.94,  -0.60)   Error: 1.65
Last SG, Last State: ( -1.14,   0.15), ( -1.15,  -0.60)  SG Improvement:-0.12986 

Goal, Curr: (-1.02,  1.06), (  1.00,  -0.42)   Error: 2.50
Last SG, Last State: (  2.70,   0.51), (  0.93,  -0.44)  SG Improvement:0.08616 

Goal, Curr: (-1.23,  0.92), ( -1.35,  -0.60)   Error: 1.52
Last SG, Last State: ( -1.53,   0.29), ( -1.21,  -0.60)  SG Improvement:0.04293 

episode:02400, mean:0.19, std:0.49, median:0.39, success:0.00
Goal, Curr: (-0.87,  0.97), ( -1.32,  -0.60)   Error: 1.64
Last SG, Last State: ( -1.11,  -0.07), ( -1.35,  -0.60)  SG Improvement:-0.00344 

Goal, Curr: (-1.03,  1.02), ( -0.90,  -1.15)   Error: 2.17
Last SG, Last State: ( -1.67,  -1.01), ( -0.90,  -1.15)  SG Improvement:-0.00061 

Goal, Curr: (-0.76,  1.13), ( -1.40,  -0.60)   Error: 1.85
Last SG, Last State: ( -0.60,  -0.57), ( -1.38,  -0.60)  SG Improvement:-1.12112 

Goal, Curr: (-1.07,  1.05), ( -1.40,  -0.60)   Error: 1.68
Last SG, Last State: ( -0.59,  -0.47), ( -1.39,  -0.60)  SG Improvement:-1.14065 

Goal, Curr: (-0.79,  0.78), ( -1.10,  -0.97)   Error: 1.77
Last SG, Last State: ( -1.91,  -0.99), ( -1.10,  -0.97)  SG Improvement:-0.02534 

Goal, Curr: (-0.96,  0.97), ( -1.40,  -0.60)   Error: 1.63
Last SG, Last State: ( -1.29,   0.46), ( -1.40,  -0.60)  SG Improvement:-0.00012 

Goal, Curr: (-0.83,  0.79), ( -1.40,  -0.60)   Error: 1.51
Last SG, Last State: ( -0.36,  -0.53), ( -1.40,  -0.60)  SG Improvement:-0.77907 

Goal, Curr: (-1.11,  0.96), ( -1.40,  -0.60)   Error: 1.58
Last SG, Last State: ( -1.32,   0.51), ( -1.40,  -0.60)  SG Improvement:-0.00033 

Goal, Curr: (-1.05,  1.01), ( -1.40,  -0.60)   Error: 1.65
Last SG, Last State: ( -1.51,   0.30), ( -1.40,  -0.60)  SG Improvement:0.06271 

Goal, Curr: (-0.78,  1.01), ( -1.40,  -0.60)   Error: 1.73
Last SG, Last State: ( -1.39,   0.28), ( -1.40,  -0.60)  SG Improvement:0.05020 

episode:02500, mean:0.29, std:0.23, median:0.37, success:0.00
Goal, Curr: (-1.16,  0.90), ( -1.40,  -0.60)   Error: 1.52
Last SG, Last State: ( -1.50,   0.19), ( -1.40,  -0.60)  SG Improvement:0.00219 

Goal, Curr: (-0.96,  0.92), ( -1.40,  -0.60)   Error: 1.58
Last SG, Last State: ( -1.48,   0.11), ( -1.40,  -0.60)  SG Improvement:0.00093 

Goal, Curr: (-0.77,  1.09), ( -1.40,  -0.60)   Error: 1.81
Last SG, Last State: ( -1.57,  -0.05), ( -1.40,  -0.60)  SG Improvement:0.03235 

Goal, Curr: (-1.00,  1.07), ( -1.40,  -0.60)   Error: 1.72
Last SG, Last State: ( -1.56,   0.07), ( -1.40,  -0.60)  SG Improvement:-0.01766 

Goal, Curr: (-1.04,  0.85), ( -1.40,  -0.60)   Error: 1.49
Last SG, Last State: ( -1.61,   0.03), ( -1.40,  -0.60)  SG Improvement:0.01806 

Goal, Curr: (-0.88,  0.89), ( -1.40,  -0.60)   Error: 1.58
Last SG, Last State: ( -1.49,   0.06), ( -1.40,  -0.60)  SG Improvement:-0.00270 

Goal, Curr: (-1.25,  0.87), ( -1.40,  -0.60)   Error: 1.48
Last SG, Last State: ( -1.52,   0.21), ( -1.40,  -0.60)  SG Improvement:0.00635 

Goal, Curr: (-1.02,  1.23), ( -1.40,  -0.60)   Error: 1.87
Last SG, Last State: ( -0.23,   0.41), ( -1.31,  -0.60)  SG Improvement:-0.86200 

Goal, Curr: (-1.13,  1.01), ( -1.27,  -0.60)   Error: 1.62
Last SG, Last State: ( -0.17,   0.29), ( -1.29,  -0.66)  SG Improvement:0.13836 

Goal, Curr: (-1.05,  1.23), ( -1.40,  -0.60)   Error: 1.86
Last SG, Last State: ( -0.34,   0.51), ( -1.27,  -0.60)  SG Improvement:-0.46955 

episode:02600, mean:0.39, std:0.15, median:0.41, success:0.00
Goal, Curr: (-0.84,  0.84), ( -1.21,  -0.63)   Error: 1.51
Last SG, Last State: ( -0.50,   0.44), ( -1.21,  -0.60)  SG Improvement:-0.64081 

Goal, Curr: (-0.78,  1.21), ( -1.20,  -0.63)   Error: 1.89
Last SG, Last State: ( -0.49,   0.39), ( -1.21,  -0.60)  SG Improvement:-0.61192 

Goal, Curr: (-1.07,  1.15), ( -1.11,  -1.16)   Error: 2.32
Last SG, Last State: ( -1.59,  -0.89), ( -1.11,  -1.16)  SG Improvement:0.00060 

Goal, Curr: (-1.16,  0.80), ( -1.40,  -0.60)   Error: 1.42
Last SG, Last State: ( -0.90,   0.30), ( -1.26,  -0.60)  SG Improvement:-0.07239 

Goal, Curr: (-1.01,  0.85), ( -1.03,  -0.65)   Error: 1.50
Last SG, Last State: ( -0.06,  -0.44), ( -1.06,  -0.60)  SG Improvement:-1.26696 

Goal, Curr: (-1.19,  0.91), ( -1.21,  -0.60)   Error: 1.51
Last SG, Last State: ( -1.79,  -0.07), ( -1.03,  -0.65)  SG Improvement:0.11228 

Goal, Curr: (-1.05,  1.14), ( -1.31,  -0.60)   Error: 1.76
Last SG, Last State: ( -1.79,  -0.11), ( -1.12,  -0.63)  SG Improvement:0.12370 

Goal, Curr: (-1.01,  1.11), ( -0.46,  -0.60)   Error: 1.80
Last SG, Last State: ( -0.83,   0.61), ( -0.66,  -0.60)  SG Improvement:-0.02127 

Goal, Curr: (-0.76,  0.99), ( -1.12,  -0.62)   Error: 1.65
Last SG, Last State: ( -0.38,   0.50), ( -1.13,  -0.60)  SG Improvement:-0.63592 

Goal, Curr: (-1.03,  0.90), ( -1.07,  -0.66)   Error: 1.56
Last SG, Last State: ( -0.08,  -0.47), ( -1.10,  -0.60)  SG Improvement:-1.30473 

episode:02700, mean:0.35, std:0.16, median:0.37, success:0.00
Goal, Curr: (-0.76,  0.94), ( -0.65,  -0.80)   Error: 1.74
Last SG, Last State: ( -1.13,  -0.51), ( -0.66,  -0.81)  SG Improvement:0.15564 

Goal, Curr: (-0.82,  1.15), ( -0.81,  -0.67)   Error: 1.82
Last SG, Last State: ( -0.25,  -0.19), ( -0.84,  -0.60)  SG Improvement:-1.19773 

Goal, Curr: (-0.94,  0.91), (  0.18,  -0.85)   Error: 2.08
Last SG, Last State: (  0.27,  -0.08), (  0.12,  -0.60)  SG Improvement:-0.12602 

Goal, Curr: (-0.84,  1.00), ( -0.89,  -0.60)   Error: 1.60
Last SG, Last State: ( -0.61,   0.58), ( -0.70,  -0.60)  SG Improvement:-0.31606 

Goal, Curr: (-1.21,  0.90), ( -0.57,  -0.60)   Error: 1.63
Last SG, Last State: ( -0.76,   0.70), ( -0.69,  -0.60)  SG Improvement:-0.00669 

Goal, Curr: (-1.12,  1.10), ( -0.65,  -0.60)   Error: 1.77
Last SG, Last State: ( -0.20,   0.98), ( -0.49,  -0.60)  SG Improvement:-0.30766 

Goal, Curr: (-0.91,  1.19), ( -0.27,  -0.60)   Error: 1.91
Last SG, Last State: ( -0.83,   0.77), ( -0.43,  -0.60)  SG Improvement:-0.16156 

Goal, Curr: (-1.22,  1.11), (  0.28,  -1.34)   Error: 2.87
Last SG, Last State: (  0.89,  -0.20), (  0.04,  -0.90)  SG Improvement:0.40190 

Goal, Curr: (-1.19,  0.76), (  0.03,  -0.60)   Error: 1.83
Last SG, Last State: ( -0.88,   0.87), ( -0.31,  -0.60)  SG Improvement:-0.22592 

Goal, Curr: (-0.81,  0.84), ( -0.13,  -0.60)   Error: 1.59
Last SG, Last State: ( -0.82,   0.73), ( -0.42,  -0.60)  SG Improvement:-0.09640 

episode:02800, mean:0.12, std:0.34, median:0.10, success:0.00
Goal, Curr: (-0.82,  1.02), ( -1.29,  -0.60)   Error: 1.69
Last SG, Last State: ( -1.66,   0.39), ( -1.23,  -0.60)  SG Improvement:-0.17828 

Goal, Curr: (-1.18,  1.10), ( -0.92,  -0.60)   Error: 1.72
Last SG, Last State: ( -1.01,   0.41), ( -1.05,  -0.60)  SG Improvement:0.02637 

Goal, Curr: (-0.94,  1.01), ( -0.49,  -0.60)   Error: 1.68
Last SG, Last State: ( -0.71,   0.70), ( -0.60,  -0.60)  SG Improvement:-0.00786 

Goal, Curr: (-1.00,  1.00), ( -1.15,  -0.60)   Error: 1.61
Last SG, Last State: ( -1.55,   0.08), ( -1.12,  -0.60)  SG Improvement:0.11305 

Goal, Curr: (-1.20,  1.17), ( -1.11,  -0.60)   Error: 1.78
Last SG, Last State: ( -1.05,   0.38), ( -1.09,  -0.60)  SG Improvement:-0.32414 

Goal, Curr: (-0.82,  1.09), ( -0.92,  -0.61)   Error: 1.70
Last SG, Last State: ( -1.61,  -0.15), ( -0.84,  -0.69)  SG Improvement:0.22155 

Goal, Curr: (-1.23,  1.11), ( -0.42,  -0.60)   Error: 1.90
Last SG, Last State: (  0.07,   0.11), ( -0.41,  -0.62)  SG Improvement:-0.33205 

Goal, Curr: (-1.05,  0.90), ( -0.84,  -0.60)   Error: 1.52
Last SG, Last State: ( -0.47,   0.28), ( -0.89,  -0.60)  SG Improvement:-0.09142 

Goal, Curr: (-1.10,  0.94), ( -1.35,  -0.60)   Error: 1.57
Last SG, Last State: ( -1.97,  -0.26), ( -1.17,  -0.66)  SG Improvement:0.13946 

Goal, Curr: (-0.95,  0.86), ( -1.03,  -0.62)   Error: 1.48
Last SG, Last State: ( -0.23,  -0.24), ( -1.03,  -0.60)  SG Improvement:-0.83430 

episode:02900, mean:0.41, std:0.14, median:0.38, success:0.00
Goal, Curr: (-1.08,  1.18), ( -0.99,  -0.71)   Error: 1.89
Last SG, Last State: (  0.01,   0.53), ( -1.02,  -0.60)  SG Improvement:-0.68581 

Goal, Curr: (-1.06,  1.21), ( -0.98,  -0.70)   Error: 1.92
Last SG, Last State: (  0.04,   0.49), ( -1.01,  -0.60)  SG Improvement:-0.71057 

Goal, Curr: (-0.99,  1.06), ( -0.72,  -0.60)   Error: 1.69
Last SG, Last State: ( -0.75,   0.99), ( -0.83,  -0.60)  SG Improvement:-0.27973 

Goal, Curr: (-0.84,  0.81), ( -0.77,  -0.60)   Error: 1.42
Last SG, Last State: (  0.20,   0.02), ( -0.77,  -0.64)  SG Improvement:0.07863 

Goal, Curr: (-0.95,  0.80), ( -1.32,  -0.60)   Error: 1.45
Last SG, Last State: ( -1.46,   0.32), ( -1.33,  -0.60)  SG Improvement:0.09979 

Goal, Curr: (-0.82,  0.92), ( -0.75,  -0.66)   Error: 1.59
Last SG, Last State: ( -0.78,   0.63), ( -0.73,  -0.68)  SG Improvement:-0.20874 

Goal, Curr: (-0.88,  0.91), ( -0.95,  -0.60)   Error: 1.52
Last SG, Last State: ( -0.75,   0.28), ( -1.03,  -0.60)  SG Improvement:0.01975 

Goal, Curr: (-0.95,  0.96), ( -1.00,  -0.60)   Error: 1.56
Last SG, Last State: ( -1.78,   0.36), ( -1.02,  -0.66)  SG Improvement:0.07625 

Goal, Curr: (-1.12,  1.05), ( -0.90,  -0.68)   Error: 1.74
Last SG, Last State: ( -1.63,  -0.19), ( -0.85,  -0.75)  SG Improvement:0.18495 

Goal, Curr: (-0.76,  1.14), ( -0.88,  -0.60)   Error: 1.75
Last SG, Last State: ( -0.46,   0.18), ( -0.93,  -0.60)  SG Improvement:-0.06695 

episode:03000, mean:0.38, std:0.16, median:0.36, success:0.00
