Using device: cpu
no-corrections-aaa
Goal, Curr: (-1.03,  0.97), ( -0.52,  -1.40)   Error: 2.42
Last SG, Last State: ( -0.23,  -3.34), ( -0.56,  -1.40)  SG Improvement:0.00514 

Goal, Curr: (-1.17,  0.81), ( -0.40,  -1.40)   Error: 2.33
Last SG, Last State: ( -0.17,  -3.32), ( -0.43,  -1.40)  SG Improvement:0.00336 

Goal, Curr: (-1.12,  0.96), ( -0.60,  -1.40)   Error: 2.42
Last SG, Last State: ( -0.29,  -3.35), ( -0.64,  -1.40)  SG Improvement:0.00572 

Goal, Curr: (-1.17,  1.22), ( -0.75,  -1.40)   Error: 2.65
Last SG, Last State: ( -0.34,  -3.36), ( -0.79,  -1.40)  SG Improvement:0.00549 

Goal, Curr: (-1.08,  1.24), ( -0.62,  -1.40)   Error: 2.68
Last SG, Last State: ( -0.22,  -3.35), ( -0.65,  -1.40)  SG Improvement:0.00502 

Goal, Curr: (-0.76,  1.08), ( -0.40,  -1.40)   Error: 2.51
Last SG, Last State: ( -0.08,  -3.32), ( -0.42,  -1.40)  SG Improvement:0.00429 

Goal, Curr: (-0.90,  0.85), ( -0.51,  -1.40)   Error: 2.28
Last SG, Last State: ( -0.25,  -3.33), ( -0.56,  -1.40)  SG Improvement:0.00539 

Goal, Curr: (-1.14,  0.77), ( -0.50,  -1.40)   Error: 2.26
Last SG, Last State: ( -0.26,  -3.33), ( -0.54,  -1.40)  SG Improvement:0.00459 

Goal, Curr: (-0.89,  1.04), ( -0.70,  -1.40)   Error: 2.44
Last SG, Last State: ( -0.35,  -3.35), ( -0.75,  -1.40)  SG Improvement:0.00710 

Goal, Curr: (-1.11,  0.91), ( -0.69,  -1.40)   Error: 2.35
Last SG, Last State: ( -0.38,  -3.35), ( -0.74,  -1.40)  SG Improvement:0.00643 

episode:00100, mean:-0.46, std:0.12, median:-0.43, success:0.00
Goal, Curr: (-0.78,  0.82), ( -1.10,  -1.40)   Error: 2.24
Last SG, Last State: ( -2.82,  -2.79), ( -1.10,  -1.40)  SG Improvement:0.00238 

Goal, Curr: (-1.17,  1.08), ( -1.33,  -1.04)   Error: 2.13
Last SG, Last State: ( -3.15,  -2.65), ( -1.32,  -1.06)  SG Improvement:-0.00689 

Goal, Curr: (-0.79,  0.89), ( -1.15,  -1.40)   Error: 2.32
Last SG, Last State: ( -2.90,  -2.80), ( -1.16,  -1.40)  SG Improvement:-0.00698 

Goal, Curr: (-0.92,  1.00), ( -0.89,  -1.03)   Error: 2.03
Last SG, Last State: ( -2.74,  -1.96), ( -0.94,  -0.98)  SG Improvement:0.05158 

Goal, Curr: (-0.88,  1.24), ( -1.16,  -1.27)   Error: 2.52
Last SG, Last State: ( -2.99,  -2.73), ( -1.15,  -1.29)  SG Improvement:-0.01489 

Goal, Curr: (-0.80,  0.76), ( -1.13,  -1.40)   Error: 2.18
Last SG, Last State: ( -2.89,  -2.73), ( -1.14,  -1.40)  SG Improvement:-0.01087 

Goal, Curr: (-0.81,  0.79), ( -1.14,  -1.40)   Error: 2.22
Last SG, Last State: ( -2.90,  -2.76), ( -1.15,  -1.40)  SG Improvement:-0.01059 

Goal, Curr: (-1.05,  1.07), ( -1.18,  -0.80)   Error: 1.88
Last SG, Last State: ( -0.70,  -2.74), ( -1.18,  -0.80)  SG Improvement:0.00341 

Goal, Curr: (-0.76,  0.97), ( -1.23,  -1.01)   Error: 2.03
Last SG, Last State: ( -0.58,  -2.94), ( -1.22,  -1.01)  SG Improvement:-0.00968 

Goal, Curr: (-1.22,  0.78), ( -1.20,  -0.85)   Error: 1.63
Last SG, Last State: ( -2.98,  -2.29), ( -1.20,  -0.84)  SG Improvement:0.04862 

episode:00200, mean:-0.18, std:0.15, median:-0.19, success:0.00
Goal, Curr: (-1.12,  1.18), (  0.10,  -0.62)   Error: 2.18
Last SG, Last State: (  0.37,  -1.41), (  0.06,  -0.60)  SG Improvement:-0.00961 

Goal, Curr: (-0.89,  1.10), (  0.38,  -0.60)   Error: 2.12
Last SG, Last State: (  0.23,  -1.21), (  0.28,  -0.60)  SG Improvement:-0.05290 

Goal, Curr: (-0.95,  0.88), (  0.44,  -0.65)   Error: 2.06
Last SG, Last State: (  0.21,  -1.12), (  0.46,  -0.60)  SG Improvement:-0.22686 

Goal, Curr: (-1.02,  1.21), (  0.11,  -0.62)   Error: 2.16
Last SG, Last State: (  0.24,  -1.26), (  0.11,  -0.62)  SG Improvement:-0.21919 

Goal, Curr: (-1.25,  0.75), (  0.48,  -0.75)   Error: 2.29
Last SG, Last State: (  0.13,  -1.11), (  0.41,  -0.63)  SG Improvement:-0.49903 

Goal, Curr: (-1.04,  0.86), (  0.43,  -0.63)   Error: 2.09
Last SG, Last State: (  0.15,  -1.11), (  0.36,  -0.60)  SG Improvement:-0.02399 

Goal, Curr: (-1.00,  0.90), (  0.84,  -1.03)   Error: 2.67
Last SG, Last State: (  0.31,  -1.29), (  0.53,  -0.77)  SG Improvement:-0.37773 

Goal, Curr: (-1.16,  1.20), (  0.04,  -0.61)   Error: 2.17
Last SG, Last State: (  0.30,  -1.39), ( -0.01,  -0.60)  SG Improvement:-0.02636 

Goal, Curr: (-1.07,  0.94), (  0.38,  -0.63)   Error: 2.14
Last SG, Last State: (  0.16,  -1.16), (  0.29,  -0.60)  SG Improvement:-0.01721 

Goal, Curr: (-0.85,  0.78), (  0.55,  -0.73)   Error: 2.06
Last SG, Last State: (  0.26,  -1.08), (  0.49,  -0.61)  SG Improvement:-0.56354 

episode:00300, mean:-0.20, std:0.29, median:-0.14, success:0.00
Goal, Curr: (-1.01,  1.07), (  0.95,   0.39)   Error: 2.07
Last SG, Last State: (  0.11,   0.35), (  0.91,   0.31)  SG Improvement:0.04316 

Goal, Curr: (-1.18,  1.03), (  0.85,   0.14)   Error: 2.22
Last SG, Last State: ( -0.16,  -0.06), (  0.78,  -0.04)  SG Improvement:-0.04752 

Goal, Curr: (-0.83,  0.84), (  0.73,  -0.22)   Error: 1.88
Last SG, Last State: (  0.03,  -0.58), (  0.63,  -0.46)  SG Improvement:0.10999 

Goal, Curr: (-1.09,  1.08), (  0.59,  -0.56)   Error: 2.35
Last SG, Last State: ( -0.21,  -1.02), (  0.59,  -0.56)  SG Improvement:-0.00703 

Goal, Curr: (-0.75,  0.77), (  0.90,   0.32)   Error: 1.71
Last SG, Last State: ( -0.23,   0.25), (  0.85,   0.17)  SG Improvement:-0.00630 

Goal, Curr: (-1.03,  1.17), (  0.90,   0.34)   Error: 2.10
Last SG, Last State: ( -0.15,   0.18), (  0.84,   0.18)  SG Improvement:0.03316 

Goal, Curr: (-0.96,  0.82), (  0.73,  -0.21)   Error: 1.98
Last SG, Last State: (  0.00,  -0.58), (  0.63,  -0.46)  SG Improvement:0.12845 

Goal, Curr: (-0.85,  0.91), (  0.83,   0.05)   Error: 1.88
Last SG, Last State: (  0.00,  -0.43), (  0.72,  -0.22)  SG Improvement:-0.01965 

Goal, Curr: (-0.95,  1.11), (  0.91,   0.28)   Error: 2.04
Last SG, Last State: ( -0.16,   0.17), (  0.85,   0.13)  SG Improvement:0.02215 

Goal, Curr: (-0.91,  0.86), (  0.90,   0.26)   Error: 1.91
Last SG, Last State: ( -0.00,   0.10), (  0.83,   0.10)  SG Improvement:-0.00768 

episode:00400, mean:0.05, std:0.16, median:0.06, success:0.00
Goal, Curr: (-0.96,  1.05), (  0.89,   0.17)   Error: 2.05
Last SG, Last State: ( -0.07,   0.32), (  0.83,   0.05)  SG Improvement:0.06065 

Goal, Curr: (-0.79,  1.19), ( -1.40,  -0.60)   Error: 1.89
Last SG, Last State: ( -0.49,  -1.04), ( -1.31,  -0.60)  SG Improvement:-0.12249 

Goal, Curr: (-0.82,  1.10), (  0.80,  -0.01)   Error: 1.96
Last SG, Last State: ( -0.05,  -0.15), (  0.73,  -0.16)  SG Improvement:-0.02217 

Goal, Curr: (-1.19,  1.07), ( -1.24,  -0.60)   Error: 1.67
Last SG, Last State: ( -1.09,  -0.90), ( -1.38,  -0.60)  SG Improvement:0.19623 

Goal, Curr: (-0.76,  1.14), ( -1.20,  -0.72)   Error: 1.91
Last SG, Last State: ( -3.12,  -1.21), ( -1.34,  -0.66)  SG Improvement:-0.23681 

Goal, Curr: (-1.25,  1.10), (  0.82,  -0.00)   Error: 2.34
Last SG, Last State: ( -0.33,   0.03), (  0.75,  -0.18)  SG Improvement:-0.04869 

Goal, Curr: (-0.88,  0.82), ( -0.41,  -0.60)   Error: 1.50
Last SG, Last State: ( -1.82,   0.05), ( -0.77,  -0.60)  SG Improvement:-0.11893 

Goal, Curr: (-1.10,  1.16), (  0.87,   0.09)   Error: 2.24
Last SG, Last State: ( -0.18,   0.22), (  0.81,  -0.05)  SG Improvement:0.06585 

Goal, Curr: (-0.95,  1.09), (  0.75,  -0.17)   Error: 2.11
Last SG, Last State: ( -0.08,  -0.80), (  0.66,  -0.37)  SG Improvement:0.12573 

Goal, Curr: (-0.84,  1.25), ( -1.40,  -0.60)   Error: 1.93
Last SG, Last State: ( -0.32,  -1.08), ( -1.20,  -0.60)  SG Improvement:-0.17056 

episode:00500, mean:0.07, std:0.16, median:0.12, success:0.00
Goal, Curr: (-1.01,  1.15), ( -0.22,  -0.64)   Error: 1.96
Last SG, Last State: ( -0.53,  -0.98), ( -0.22,  -0.64)  SG Improvement:-0.30323 

Goal, Curr: (-0.94,  1.20), (  0.92,  -0.04)   Error: 2.24
Last SG, Last State: (  0.14,   0.24), (  0.79,  -0.30)  SG Improvement:0.09575 

Goal, Curr: (-0.85,  0.84), (  0.16,  -0.60)   Error: 1.76
Last SG, Last State: ( -0.63,  -0.57), ( -0.23,  -0.60)  SG Improvement:0.49362 

Goal, Curr: (-0.90,  1.15), ( -0.64,  -0.63)   Error: 1.80
Last SG, Last State: ( -1.43,  -0.16), ( -0.68,  -0.68)  SG Improvement:-0.32743 

Goal, Curr: (-0.89,  0.89), ( -0.27,  -0.60)   Error: 1.61
Last SG, Last State: ( -0.42,  -0.69), ( -0.44,  -0.60)  SG Improvement:-0.17531 

Goal, Curr: (-1.11,  1.02), (  0.45,  -0.60)   Error: 2.26
Last SG, Last State: ( -0.09,  -0.57), (  0.43,  -0.62)  SG Improvement:-0.02105 

Goal, Curr: (-1.02,  1.22), ( -0.10,  -0.64)   Error: 2.07
Last SG, Last State: ( -0.73,  -0.35), (  0.00,  -0.63)  SG Improvement:0.09499 

Goal, Curr: (-1.09,  1.07), (  0.16,  -0.60)   Error: 2.09
Last SG, Last State: (  0.11,  -0.93), ( -0.22,  -0.60)  SG Improvement:0.42623 

Goal, Curr: (-1.21,  0.78), (  0.58,  -0.56)   Error: 2.24
Last SG, Last State: (  0.10,  -0.49), (  0.47,  -0.60)  SG Improvement:0.10587 

Goal, Curr: (-1.11,  1.02), ( -1.07,  -0.85)   Error: 1.87
Last SG, Last State: ( -1.77,  -1.77), ( -1.10,  -0.90)  SG Improvement:0.74106 

episode:00600, mean:0.12, std:0.27, median:0.19, success:0.00
Goal, Curr: (-1.11,  0.80), ( -0.29,  -0.73)   Error: 1.73
Last SG, Last State: ( -1.84,   0.54), ( -0.14,  -0.60)  SG Improvement:0.37685 

Goal, Curr: (-0.99,  0.97), ( -0.36,  -0.80)   Error: 1.88
Last SG, Last State: ( -0.12,  -0.86), ( -0.34,  -0.78)  SG Improvement:0.03951 

Goal, Curr: (-0.99,  0.83), ( -0.37,  -0.60)   Error: 1.57
Last SG, Last State: ( -1.19,  -0.08), ( -0.67,  -0.74)  SG Improvement:-0.57404 

Goal, Curr: (-0.87,  0.96), (  0.06,  -0.66)   Error: 1.87
Last SG, Last State: ( -1.18,   0.13), (  0.11,  -0.62)  SG Improvement:-0.03681 

Goal, Curr: (-0.95,  1.06), ( -0.46,  -0.60)   Error: 1.73
Last SG, Last State: ( -1.33,  -0.46), ( -0.77,  -0.70)  SG Improvement:-0.51367 

Goal, Curr: (-0.79,  0.89), ( -0.46,  -0.76)   Error: 1.68
Last SG, Last State: ( -0.21,  -0.89), ( -0.43,  -0.71)  SG Improvement:0.19829 

Goal, Curr: (-0.91,  1.22), (  0.04,  -0.60)   Error: 2.06
Last SG, Last State: ( -0.39,  -1.07), ( -0.29,  -0.60)  SG Improvement:0.66919 

Goal, Curr: (-1.23,  0.95), ( -0.07,  -0.60)   Error: 1.94
Last SG, Last State: ( -1.38,   0.44), ( -0.15,  -0.60)  SG Improvement:-0.09935 

Goal, Curr: (-0.91,  0.77), ( -0.78,  -0.75)   Error: 1.53
Last SG, Last State: ( -1.16,  -0.41), ( -0.78,  -0.74)  SG Improvement:-0.16277 

Goal, Curr: (-0.79,  0.84), (  0.92,  -0.04)   Error: 1.92
Last SG, Last State: ( -0.01,   0.01), (  0.79,  -0.28)  SG Improvement:-0.02401 

episode:00700, mean:0.21, std:0.16, median:0.23, success:0.00
Goal, Curr: (-0.90,  1.13), (  1.40,  -0.64)   Error: 2.90
Last SG, Last State: (  0.31,  -0.87), (  1.33,  -0.52)  SG Improvement:-0.22541 

Goal, Curr: (-1.20,  0.89), ( -0.49,  -0.64)   Error: 1.68
Last SG, Last State: ( -1.27,  -0.68), ( -0.33,  -0.62)  SG Improvement:0.09473 

Goal, Curr: (-1.13,  1.17), ( -0.72,  -0.91)   Error: 2.12
Last SG, Last State: ( -0.81,  -1.01), ( -0.69,  -0.86)  SG Improvement:0.11970 

Goal, Curr: (-0.75,  0.95), (  0.85,  -0.17)   Error: 1.96
Last SG, Last State: ( -0.23,   0.26), (  0.73,  -0.34)  SG Improvement:-0.50520 

Goal, Curr: (-0.99,  1.07), ( -0.35,  -0.60)   Error: 1.79
Last SG, Last State: ( -1.76,  -1.28), ( -0.04,  -0.60)  SG Improvement:0.15361 

Goal, Curr: (-1.14,  0.95), (  1.23,  -0.28)   Error: 2.67
Last SG, Last State: (  0.57,  -0.37), (  1.10,  -0.40)  SG Improvement:-0.14303 

Goal, Curr: (-1.14,  0.80), (  0.12,  -0.63)   Error: 1.91
Last SG, Last State: ( -1.31,   0.00), (  0.26,  -0.61)  SG Improvement:0.05562 

Goal, Curr: (-0.86,  0.88), (  1.03,  -0.03)   Error: 2.09
Last SG, Last State: ( -0.08,  -0.21), (  0.90,  -0.20)  SG Improvement:-0.14365 

Goal, Curr: (-0.87,  1.24), ( -0.74,  -0.90)   Error: 2.14
Last SG, Last State: ( -0.97,  -0.89), ( -0.71,  -0.85)  SG Improvement:-0.02596 

Goal, Curr: (-0.99,  0.84), (  1.10,  -0.22)   Error: 2.34
Last SG, Last State: (  0.49,  -0.04), (  0.97,  -0.35)  SG Improvement:0.00694 

episode:00800, mean:-0.14, std:0.34, median:-0.06, success:0.00
Goal, Curr: (-0.92,  1.13), (  0.60,  -0.49)   Error: 2.22
Last SG, Last State: ( -1.29,   0.71), (  0.39,  -0.60)  SG Improvement:-0.28552 

Goal, Curr: (-1.17,  1.10), (  0.65,  -0.38)   Error: 2.35
Last SG, Last State: ( -0.28,   0.54), (  0.60,  -0.51)  SG Improvement:-0.57476 

Goal, Curr: (-1.07,  1.21), (  0.77,  -0.41)   Error: 2.45
Last SG, Last State: ( -0.57,   0.58), (  0.67,  -0.50)  SG Improvement:-0.18387 

Goal, Curr: (-1.03,  1.23), (  1.00,   0.39)   Error: 2.20
Last SG, Last State: ( -0.18,   0.67), (  0.94,   0.22)  SG Improvement:-0.00470 

Goal, Curr: (-0.77,  0.76), ( -1.40,  -0.98)   Error: 1.85
Last SG, Last State: ( -2.70,  -0.70), ( -1.40,  -0.91)  SG Improvement:0.14953 

Goal, Curr: (-0.81,  0.80), (  0.83,   0.08)   Error: 1.80
Last SG, Last State: ( -0.01,   0.35), (  0.74,  -0.17)  SG Improvement:-0.11770 

Goal, Curr: (-0.94,  0.94), ( -0.62,  -0.64)   Error: 1.61
Last SG, Last State: ( -1.63,  -0.41), ( -0.50,  -0.62)  SG Improvement:0.23744 

Goal, Curr: (-0.97,  0.83), ( -0.50,  -0.63)   Error: 1.54
Last SG, Last State: ( -1.74,  -0.84), ( -0.46,  -0.62)  SG Improvement:-0.34766 

Goal, Curr: (-0.78,  0.94), ( -0.49,  -0.62)   Error: 1.59
Last SG, Last State: ( -1.51,  -1.25), ( -0.38,  -0.60)  SG Improvement:-0.25951 

Goal, Curr: (-1.07,  1.08), (  0.79,  -0.27)   Error: 2.31
Last SG, Last State: ( -0.12,   0.17), (  0.76,  -0.33)  SG Improvement:-0.00153 

episode:00900, mean:0.03, std:0.19, median:0.05, success:0.00
Goal, Curr: (-1.22,  1.05), (  1.24,   1.40)   Error: 2.49
Last SG, Last State: ( -0.32,   1.45), (  1.07,   1.40)  SG Improvement:-1.27175 

Goal, Curr: (-1.02,  0.76), (  1.40,   1.40)   Error: 2.50
Last SG, Last State: (  0.02,   1.70), (  1.28,   1.40)  SG Improvement:-1.25293 

Goal, Curr: (-0.83,  0.86), (  1.31,  -1.40)   Error: 3.11
Last SG, Last State: ( -0.20,  -2.10), (  1.21,  -1.40)  SG Improvement:-0.06442 

Goal, Curr: (-0.76,  1.10), (  1.29,  -0.49)   Error: 2.59
Last SG, Last State: (  0.74,  -1.56), (  1.18,  -0.92)  SG Improvement:-0.09576 

Goal, Curr: (-1.13,  0.85), (  1.22,   1.40)   Error: 2.42
Last SG, Last State: ( -0.37,   1.60), (  1.06,   1.40)  SG Improvement:-1.18061 

Goal, Curr: (-0.84,  0.84), (  1.29,   1.40)   Error: 2.20
Last SG, Last State: (  0.08,   1.17), (  1.24,   1.13)  SG Improvement:-0.00992 

Goal, Curr: (-1.06,  1.05), (  1.21,   1.40)   Error: 2.30
Last SG, Last State: ( -0.38,   1.51), (  1.04,   1.40)  SG Improvement:-1.14881 

Goal, Curr: (-0.96,  1.08), (  1.14,   1.40)   Error: 2.12
Last SG, Last State: ( -0.25,   1.27), (  1.07,   1.23)  SG Improvement:-0.01376 

Goal, Curr: (-0.76,  1.01), (  1.08,   1.29)   Error: 1.86
Last SG, Last State: ( -0.06,   0.81), (  0.99,   0.72)  SG Improvement:0.13425 

Goal, Curr: (-0.93,  1.21), (  1.11,   1.34)   Error: 2.04
Last SG, Last State: ( -0.15,   0.88), (  1.02,   0.77)  SG Improvement:0.12641 

episode:01000, mean:-0.36, std:0.39, median:-0.38, success:0.00
Goal, Curr: (-0.86,  1.05), (  1.40,  -0.60)   Error: 2.79
Last SG, Last State: (  2.34,  -1.35), (  1.40,  -0.64)  SG Improvement:-0.07588 

Goal, Curr: (-1.20,  1.06), (  1.40,  -0.56)   Error: 3.07
Last SG, Last State: (  2.30,  -1.38), (  1.40,  -0.60)  SG Improvement:-0.08369 

Goal, Curr: (-0.98,  1.16), (  1.40,  -0.49)   Error: 2.90
Last SG, Last State: (  2.27,  -1.33), (  1.40,  -0.53)  SG Improvement:-0.06297 

Goal, Curr: (-1.12,  1.16), (  1.40,  -0.22)   Error: 2.88
Last SG, Last State: (  2.63,  -1.60), (  1.40,  -0.35)  SG Improvement:-0.01710 

Goal, Curr: (-1.25,  1.06), (  1.40,  -0.14)   Error: 2.91
Last SG, Last State: (  2.27,  -1.12), (  1.40,  -0.23)  SG Improvement:-0.03053 

Goal, Curr: (-0.92,  1.17), (  1.40,  -0.08)   Error: 2.64
Last SG, Last State: (  2.24,  -1.01), (  1.40,  -0.15)  SG Improvement:-0.10484 

Goal, Curr: (-1.08,  1.05), (  1.40,  -0.58)   Error: 2.97
Last SG, Last State: (  2.30,  -1.37), (  1.40,  -0.62)  SG Improvement:-0.08163 

Goal, Curr: (-1.23,  1.05), (  1.40,  -0.08)   Error: 2.86
Last SG, Last State: (  2.23,  -1.01), (  1.40,  -0.15)  SG Improvement:-0.10515 

Goal, Curr: (-1.02,  1.07), (  1.40,  -0.62)   Error: 2.95
Last SG, Last State: (  2.37,  -1.41), (  1.40,  -0.66)  SG Improvement:-0.04298 

Goal, Curr: (-0.78,  1.07), (  1.40,  -0.59)   Error: 2.74
Last SG, Last State: (  2.35,  -1.34), (  1.40,  -0.63)  SG Improvement:-0.07576 

episode:01100, mean:-0.71, std:0.11, median:-0.75, success:0.00
Goal, Curr: (-0.81,  1.13), (  1.40,  -0.52)   Error: 2.75
Last SG, Last State: (  2.25,   0.48), (  1.40,  -0.60)  SG Improvement:0.10234 

Goal, Curr: (-1.20,  0.77), (  1.40,  -0.71)   Error: 2.98
Last SG, Last State: (  1.87,  -1.60), (  1.40,  -0.69)  SG Improvement:0.02850 

Goal, Curr: (-0.79,  0.83), (  1.40,  -0.80)   Error: 2.73
Last SG, Last State: (  2.02,  -1.10), (  1.40,  -0.82)  SG Improvement:-0.00993 

Goal, Curr: (-1.10,  1.11), (  1.40,  -0.53)   Error: 2.99
Last SG, Last State: (  2.29,  -1.88), (  1.40,  -0.46)  SG Improvement:0.01565 

Goal, Curr: (-1.14,  1.09), (  1.40,  -0.54)   Error: 3.02
Last SG, Last State: (  2.07,  -2.26), (  1.40,  -0.51)  SG Improvement:0.02627 

Goal, Curr: (-0.76,  0.88), (  1.40,  -0.38)   Error: 2.50
Last SG, Last State: (  2.39,   0.46), (  1.40,  -0.50)  SG Improvement:0.09941 

Goal, Curr: (-1.06,  0.86), (  1.40,  -0.38)   Error: 2.76
Last SG, Last State: (  2.45,   0.45), (  1.40,  -0.52)  SG Improvement:0.11474 

Goal, Curr: (-0.79,  1.08), (  1.40,  -0.77)   Error: 2.86
Last SG, Last State: (  2.10,  -1.18), (  1.40,  -0.77)  SG Improvement:-0.00073 

Goal, Curr: (-1.22,  1.11), (  1.40,  -0.84)   Error: 3.27
Last SG, Last State: (  2.04,  -1.34), (  1.40,  -0.81)  SG Improvement:0.04047 

Goal, Curr: (-0.85,  1.17), (  1.40,  -0.81)   Error: 3.00
Last SG, Last State: (  2.08,  -1.21), (  1.40,  -0.81)  SG Improvement:-0.00168 

episode:01200, mean:-0.90, std:0.20, median:-0.94, success:0.00
Goal, Curr: (-1.01,  0.93), (  1.30,  -1.17)   Error: 3.12
Last SG, Last State: (  2.80,  -0.16), (  1.38,  -1.04)  SG Improvement:0.34127 

Goal, Curr: (-0.86,  1.23), ( -1.17,  -0.84)   Error: 2.09
Last SG, Last State: ( -2.36,  -2.79), ( -0.95,  -1.26)  SG Improvement:-0.40600 

Goal, Curr: (-0.81,  0.80), ( -1.40,  -1.39)   Error: 2.28
Last SG, Last State: ( -3.34,  -2.44), ( -1.40,  -1.40)  SG Improvement:0.28048 

Goal, Curr: (-1.21,  0.78), (  1.40,  -0.82)   Error: 3.05
Last SG, Last State: (  1.90,  -0.47), (  1.40,  -0.88)  SG Improvement:0.82365 

Goal, Curr: (-0.99,  1.06), ( -0.54,  -1.40)   Error: 2.50
Last SG, Last State: ( -0.83,  -2.72), (  0.04,  -1.40)  SG Improvement:-0.13629 

Goal, Curr: (-1.20,  0.84), (  0.14,  -1.40)   Error: 2.61
Last SG, Last State: ( -1.24,  -0.99), (  0.51,  -1.40)  SG Improvement:0.31510 

Goal, Curr: (-0.84,  1.06), (  1.01,  -1.25)   Error: 2.96
Last SG, Last State: (  2.23,  -1.54), (  1.17,  -1.10)  SG Improvement:0.20505 

Goal, Curr: (-1.07,  0.92), ( -1.20,  -0.82)   Error: 1.75
Last SG, Last State: ( -2.40,  -2.77), ( -0.99,  -1.24)  SG Improvement:-0.47467 

Goal, Curr: (-0.95,  1.00), (  0.30,  -1.40)   Error: 2.71
Last SG, Last State: ( -0.84,  -0.25), (  0.73,  -1.40)  SG Improvement:0.70356 

Goal, Curr: (-1.05,  0.85), (  0.52,  -1.40)   Error: 2.74
Last SG, Last State: ( -1.15,  -0.68), (  0.73,  -1.40)  SG Improvement:0.20470 

episode:01300, mean:-0.69, std:0.51, median:-0.64, success:0.00
Goal, Curr: (-0.91,  1.07), (  1.39,  -0.71)   Error: 2.91
Last SG, Last State: (  1.79,   0.52), (  1.40,  -0.72)  SG Improvement:0.10011 

Goal, Curr: (-1.14,  1.15), ( -1.25,  -1.39)   Error: 2.54
Last SG, Last State: ( -2.06,  -3.17), ( -0.69,  -1.24)  SG Improvement:0.27994 

Goal, Curr: (-1.01,  0.84), ( -0.08,  -1.23)   Error: 2.26
Last SG, Last State: ( -0.94,  -1.76), (  0.49,  -1.40)  SG Improvement:0.18704 

Goal, Curr: (-1.00,  0.98), (  0.81,  -1.26)   Error: 2.88
Last SG, Last State: (  1.55,  -1.52), (  0.81,  -1.29)  SG Improvement:1.19124 

Goal, Curr: (-1.03,  1.16), (  1.40,  -1.00)   Error: 3.25
Last SG, Last State: (  1.40,   0.16), (  1.37,  -1.03)  SG Improvement:-0.10463 

Goal, Curr: (-1.18,  1.13), (  1.40,  -0.64)   Error: 3.13
Last SG, Last State: (  1.54,   0.48), (  1.40,  -0.73)  SG Improvement:0.02159 

Goal, Curr: (-1.05,  0.89), (  1.40,  -0.86)   Error: 3.01
Last SG, Last State: (  1.50,  -1.73), (  1.29,  -0.94)  SG Improvement:0.49980 

Goal, Curr: (-1.17,  1.10), (  1.40,  -1.02)   Error: 3.33
Last SG, Last State: (  1.38,   0.11), (  1.36,  -1.05)  SG Improvement:-0.06452 

Goal, Curr: (-0.90,  1.07), (  0.15,  -0.89)   Error: 2.22
Last SG, Last State: ( -1.22,  -2.78), (  0.31,  -1.13)  SG Improvement:-1.44173 

Goal, Curr: (-0.84,  0.94), ( -0.36,  -1.18)   Error: 2.17
Last SG, Last State: ( -1.15,  -3.11), (  0.19,  -1.40)  SG Improvement:0.24154 

episode:01400, mean:-0.78, std:0.42, median:-0.82, success:0.00
Goal, Curr: (-0.79,  0.91), ( -0.94,  -0.92)   Error: 1.84
Last SG, Last State: ( -0.93,  -0.96), ( -0.94,  -0.92)  SG Improvement:-0.00111 

Goal, Curr: (-0.85,  0.96), (  0.72,  -1.25)   Error: 2.70
Last SG, Last State: (  1.22,  -0.19), (  1.04,  -1.33)  SG Improvement:-0.75400 

Goal, Curr: (-1.11,  1.19), ( -0.86,  -0.97)   Error: 2.17
Last SG, Last State: ( -2.37,  -1.54), ( -0.85,  -0.94)  SG Improvement:-0.01628 

Goal, Curr: (-0.76,  1.11), ( -0.78,  -0.87)   Error: 1.98
Last SG, Last State: ( -0.84,  -1.15), ( -0.77,  -0.84)  SG Improvement:-0.33824 

Goal, Curr: (-1.06,  1.00), ( -0.83,  -0.60)   Error: 1.62
Last SG, Last State: ( -0.62,  -0.72), ( -0.65,  -0.60)  SG Improvement:-0.38804 

Goal, Curr: (-1.23,  0.98), (  0.66,  -0.57)   Error: 2.45
Last SG, Last State: (  3.09,  -1.14), (  0.83,  -0.87)  SG Improvement:0.33321 

Goal, Curr: (-0.99,  1.01), ( -0.92,  -0.89)   Error: 1.90
Last SG, Last State: ( -1.42,  -1.20), ( -0.92,  -0.89)  SG Improvement:-0.05522 

Goal, Curr: (-0.85,  0.84), ( -0.86,  -1.12)   Error: 1.96
Last SG, Last State: ( -0.99,  -1.53), ( -0.84,  -1.08)  SG Improvement:-0.39751 

Goal, Curr: (-1.14,  0.95), ( -1.39,  -1.39)   Error: 2.35
Last SG, Last State: ( -3.24,  -2.12), ( -1.40,  -1.40)  SG Improvement:0.41614 

Goal, Curr: (-0.98,  1.10), (  1.29,  -1.12)   Error: 3.17
Last SG, Last State: (  1.24,  -0.09), (  1.22,  -1.14)  SG Improvement:-0.55289 

episode:01500, mean:-0.23, std:0.41, median:-0.03, success:0.00
Goal, Curr: (-0.77,  0.90), (  1.28,  -1.36)   Error: 3.05
Last SG, Last State: (  1.21,  -0.21), (  1.24,  -1.40)  SG Improvement:-0.52232 

Goal, Curr: (-0.80,  1.24), ( -1.39,  -1.40)   Error: 2.70
Last SG, Last State: ( -2.80,  -1.24), ( -1.26,  -1.22)  SG Improvement:-0.21135 

Goal, Curr: (-0.97,  0.82), ( -1.37,  -1.36)   Error: 2.21
Last SG, Last State: ( -3.10,  -1.64), ( -1.40,  -1.36)  SG Improvement:0.24096 

Goal, Curr: (-0.97,  1.25), ( -1.40,  -1.40)   Error: 2.68
Last SG, Last State: ( -3.27,  -1.91), ( -1.40,  -1.40)  SG Improvement:0.02991 

Goal, Curr: (-0.95,  1.16), ( -1.40,  -1.40)   Error: 2.60
Last SG, Last State: ( -3.21,  -1.81), ( -1.40,  -1.40)  SG Improvement:0.02001 

Goal, Curr: (-0.98,  1.02), ( -1.40,  -1.25)   Error: 2.30
Last SG, Last State: ( -3.13,  -1.71), ( -1.40,  -1.40)  SG Improvement:0.16456 

Goal, Curr: (-0.83,  1.01), ( -1.40,  -1.40)   Error: 2.48
Last SG, Last State: ( -3.15,  -2.09), ( -1.40,  -1.40)  SG Improvement:-0.17788 

Goal, Curr: (-1.20,  1.17), ( -1.40,  -1.40)   Error: 2.58
Last SG, Last State: ( -3.22,  -1.81), ( -1.40,  -1.40)  SG Improvement:0.01317 

Goal, Curr: (-0.98,  1.04), ( -1.40,  -1.40)   Error: 2.47
Last SG, Last State: ( -3.29,  -1.89), ( -1.40,  -1.40)  SG Improvement:0.04869 

Goal, Curr: (-0.78,  0.90), ( -1.40,  -1.40)   Error: 2.38
Last SG, Last State: ( -3.29,  -1.86), ( -1.40,  -1.40)  SG Improvement:0.05122 

episode:01600, mean:-0.47, std:0.22, median:-0.43, success:0.00
Goal, Curr: (-0.79,  0.85), ( -1.40,  -1.08)   Error: 2.03
Last SG, Last State: ( -3.38,  -0.67), ( -1.40,  -1.24)  SG Improvement:0.09930 

Goal, Curr: (-1.03,  0.90), ( -1.40,  -0.60)   Error: 1.54
Last SG, Last State: ( -3.37,   0.47), ( -1.40,  -0.72)  SG Improvement:0.13666 

Goal, Curr: (-0.97,  1.19), ( -1.40,  -0.60)   Error: 1.85
Last SG, Last State: ( -3.35,   0.42), ( -1.40,  -0.66)  SG Improvement:0.15284 

Goal, Curr: (-1.15,  1.14), ( -1.40,  -0.69)   Error: 1.85
Last SG, Last State: ( -3.36,  -0.22), ( -1.40,  -0.90)  SG Improvement:0.17193 

Goal, Curr: (-1.25,  0.77), ( -1.40,  -0.90)   Error: 1.67
Last SG, Last State: ( -3.38,  -0.37), ( -1.40,  -1.10)  SG Improvement:0.12561 

Goal, Curr: (-0.89,  0.99), ( -1.40,  -1.08)   Error: 2.13
Last SG, Last State: ( -3.38,  -0.71), ( -1.40,  -1.23)  SG Improvement:0.09288 

Goal, Curr: (-0.90,  0.99), ( -1.40,  -1.20)   Error: 2.25
Last SG, Last State: ( -3.38,  -1.05), ( -1.40,  -1.31)  SG Improvement:0.09973 

Goal, Curr: (-1.03,  1.03), ( -1.40,  -1.21)   Error: 2.27
Last SG, Last State: ( -3.38,  -1.09), ( -1.40,  -1.31)  SG Improvement:0.10323 

Goal, Curr: (-0.87,  0.76), ( -1.32,  -0.70)   Error: 1.53
Last SG, Last State: ( -3.35,   0.95), ( -1.40,  -0.60)  SG Improvement:-0.51928 

Goal, Curr: (-1.14,  1.11), ( -1.40,  -0.71)   Error: 1.84
Last SG, Last State: ( -3.37,  -0.06), ( -1.40,  -0.93)  SG Improvement:0.12923 

episode:01700, mean:0.10, std:0.24, median:0.07, success:0.00
Goal, Curr: (-1.00,  0.83), ( -1.33,  -0.63)   Error: 1.51
Last SG, Last State: ( -3.32,  -0.38), ( -1.31,  -0.62)  SG Improvement:-0.09119 

Goal, Curr: (-1.23,  1.09), ( -1.40,  -0.60)   Error: 1.70
Last SG, Last State: ( -3.40,  -1.77), ( -1.40,  -0.60)  SG Improvement:0.01423 

Goal, Curr: (-1.04,  1.12), ( -1.40,  -0.63)   Error: 1.78
Last SG, Last State: ( -3.35,  -0.44), ( -1.33,  -0.62)  SG Improvement:-0.38770 

Goal, Curr: (-0.86,  0.97), ( -1.37,  -0.69)   Error: 1.74
Last SG, Last State: ( -3.33,  -0.49), ( -1.28,  -0.64)  SG Improvement:-0.45410 

Goal, Curr: (-1.04,  0.77), ( -1.34,  -0.64)   Error: 1.44
Last SG, Last State: ( -3.38,  -0.61), ( -1.31,  -0.62)  SG Improvement:-0.65553 

Goal, Curr: (-1.21,  1.20), ( -1.40,  -0.64)   Error: 1.86
Last SG, Last State: ( -3.35,  -0.49), ( -1.32,  -0.61)  SG Improvement:-0.40572 

Goal, Curr: (-1.05,  0.99), ( -1.40,  -0.60)   Error: 1.62
Last SG, Last State: ( -3.27,  -0.93), ( -1.40,  -0.89)  SG Improvement:0.30154 

Goal, Curr: (-1.14,  0.88), ( -1.30,  -0.61)   Error: 1.49
Last SG, Last State: ( -3.40,   0.46), ( -1.40,  -0.60)  SG Improvement:-0.41563 

Goal, Curr: (-0.99,  0.77), ( -1.01,  -0.87)   Error: 1.64
Last SG, Last State: ( -2.98,  -0.46), ( -1.01,  -0.87)  SG Improvement:0.19568 

Goal, Curr: (-0.92,  1.02), ( -1.39,  -0.82)   Error: 1.90
Last SG, Last State: ( -3.36,  -0.73), ( -1.30,  -0.79)  SG Improvement:-0.45444 

episode:01800, mean:0.33, std:0.16, median:0.41, success:0.00
Goal, Curr: (-0.87,  1.14), (  0.49,   0.62)   Error: 1.46
Last SG, Last State: ( -0.04,   1.94), (  0.59,   0.54)  SG Improvement:0.20843 

Goal, Curr: (-1.25,  0.88), ( -0.35,   0.60)   Error: 0.94
Last SG, Last State: (  0.79,   0.05), ( -0.27,   0.75)  SG Improvement:0.71001 

Goal, Curr: (-1.09,  1.18), (  0.47,   0.65)   Error: 1.65
Last SG, Last State: ( -0.12,   1.95), (  0.59,   0.54)  SG Improvement:0.24516 

Goal, Curr: (-0.83,  1.19), (  0.63,   1.34)   Error: 1.47
Last SG, Last State: (  0.87,   0.18), (  0.64,   0.77)  SG Improvement:0.04168 

Goal, Curr: (-0.92,  1.17), ( -0.41,   0.60)   Error: 0.76
Last SG, Last State: (  1.00,   0.03), ( -0.19,   0.84)  SG Improvement:0.68329 

Goal, Curr: (-0.78,  0.86), (  0.34,   0.76)   Error: 1.12
Last SG, Last State: (  0.52,   1.53), (  0.51,   0.63)  SG Improvement:0.17212 

Goal, Curr: (-0.91,  1.14), (  0.75,   0.15)   Error: 1.93
Last SG, Last State: (  1.09,   1.72), (  0.65,   0.29)  SG Improvement:-0.11447 

Goal, Curr: (-0.86,  1.07), (  0.22,   0.88)   Error: 1.09
Last SG, Last State: (  0.25,   1.90), (  0.55,   0.58)  SG Improvement:0.79589 

Goal, Curr: (-0.94,  1.15), (  0.73,   1.14)   Error: 1.68
Last SG, Last State: (  1.04,   0.11), (  0.71,   0.94)  SG Improvement:0.19441 

Goal, Curr: (-1.14,  1.21), (  0.74,   1.40)   Error: 1.89
Last SG, Last State: (  1.10,   0.12), (  0.80,   0.98)  SG Improvement:0.25850 

episode:01900, mean:0.74, std:0.37, median:0.69, success:0.00
Goal, Curr: (-1.03,  1.10), (  0.61,  -0.07)   Error: 2.02
Last SG, Last State: (  0.77,   1.20), (  0.61,  -0.13)  SG Improvement:-0.14311 

Goal, Curr: (-0.87,  0.95), (  0.90,   0.00)   Error: 2.01
Last SG, Last State: (  0.48,   0.81), (  0.93,  -0.03)  SG Improvement:0.14687 

Goal, Curr: (-1.02,  1.22), (  0.63,   0.09)   Error: 2.00
Last SG, Last State: (  0.16,   1.29), (  0.62,  -0.08)  SG Improvement:-0.11058 

Goal, Curr: (-1.12,  0.87), (  0.91,  -0.04)   Error: 2.22
Last SG, Last State: (  0.55,   1.10), (  0.95,   0.13)  SG Improvement:0.17820 

Goal, Curr: (-0.99,  1.16), (  0.64,  -0.06)   Error: 2.03
Last SG, Last State: (  0.69,   1.12), (  0.63,  -0.15)  SG Improvement:-0.34356 

Goal, Curr: (-0.89,  0.99), (  1.00,   0.65)   Error: 1.92
Last SG, Last State: (  0.64,  -0.10), (  1.10,   0.55)  SG Improvement:0.00172 

Goal, Curr: (-0.96,  1.00), (  0.94,   0.43)   Error: 1.99
Last SG, Last State: (  0.74,   1.28), (  0.98,   0.39)  SG Improvement:0.30900 

Goal, Curr: (-1.08,  1.01), (  0.53,  -1.05)   Error: 2.61
Last SG, Last State: ( -0.90,  -0.52), (  0.61,  -1.03)  SG Improvement:0.85106 

Goal, Curr: (-1.02,  0.77), (  1.04,   0.20)   Error: 2.14
Last SG, Last State: (  0.41,   1.42), (  1.09,   0.11)  SG Improvement:0.19354 

Goal, Curr: (-0.94,  1.15), (  0.79,  -0.79)   Error: 2.61
Last SG, Last State: ( -1.01,  -1.52), (  0.77,  -0.80)  SG Improvement:0.19513 

episode:02000, mean:-0.11, std:0.31, median:-0.01, success:0.00
Goal, Curr: (-1.14,  1.04), ( -0.18,  -0.60)   Error: 1.90
Last SG, Last State: ( -2.20,  -0.64), ( -0.07,  -0.60)  SG Improvement:0.03947 

Goal, Curr: (-1.09,  0.84), (  0.46,   0.69)   Error: 1.55
Last SG, Last State: (  0.57,   2.14), (  0.51,   0.63)  SG Improvement:0.71294 

Goal, Curr: (-1.00,  1.01), ( -0.21,  -0.60)   Error: 1.80
Last SG, Last State: ( -2.21,  -0.59), ( -0.10,  -0.60)  SG Improvement:-0.03091 

Goal, Curr: (-1.00,  1.05), (  0.73,   0.13)   Error: 1.96
Last SG, Last State: (  0.07,   0.75), (  0.92,  -0.09)  SG Improvement:0.24528 

Goal, Curr: (-1.16,  0.86), ( -0.05,  -0.60)   Error: 1.84
Last SG, Last State: ( -1.80,   1.01), ( -0.19,  -0.60)  SG Improvement:0.50619 

Goal, Curr: (-0.90,  0.85), ( -0.19,  -0.60)   Error: 1.61
Last SG, Last State: ( -2.10,   0.64), ( -0.36,  -0.60)  SG Improvement:0.17457 

Goal, Curr: (-1.19,  1.14), (  0.85,   0.00)   Error: 2.33
Last SG, Last State: (  0.43,   0.87), (  0.85,   0.06)  SG Improvement:0.16757 

Goal, Curr: (-0.79,  0.93), (  0.32,   0.79)   Error: 1.12
Last SG, Last State: (  1.56,   0.91), (  0.60,   0.55)  SG Improvement:-0.30303 

Goal, Curr: (-0.94,  0.94), (  0.60,  -0.09)   Error: 1.85
Last SG, Last State: ( -1.14,   0.61), (  0.66,  -0.30)  SG Improvement:0.88918 

Goal, Curr: (-0.82,  0.93), ( -0.14,  -0.60)   Error: 1.68
Last SG, Last State: ( -2.04,   0.58), ( -0.31,  -0.60)  SG Improvement:0.18276 

episode:02100, mean:0.10, std:0.23, median:0.04, success:0.00
Goal, Curr: (-0.97,  1.08), (  0.20,  -0.60)   Error: 2.05
Last SG, Last State: ( -1.52,  -0.03), (  0.06,  -0.60)  SG Improvement:-0.19344 

Goal, Curr: (-1.02,  1.09), (  1.14,  -0.03)   Error: 2.44
Last SG, Last State: ( -0.32,   0.74), (  1.33,  -0.28)  SG Improvement:0.19518 

Goal, Curr: (-1.11,  1.05), ( -0.00,  -0.60)   Error: 1.99
Last SG, Last State: ( -1.34,   0.48), (  0.13,  -0.60)  SG Improvement:0.13351 

Goal, Curr: (-0.89,  0.76), (  0.93,  -0.37)   Error: 2.14
Last SG, Last State: ( -0.73,   1.16), (  0.93,  -0.29)  SG Improvement:-0.05379 

Goal, Curr: (-1.16,  0.78), (  0.95,  -0.40)   Error: 2.41
Last SG, Last State: ( -0.69,   1.23), (  0.94,  -0.40)  SG Improvement:0.01781 

Goal, Curr: (-1.15,  0.81), (  0.82,  -0.27)   Error: 2.25
Last SG, Last State: (  1.02,   0.85), (  0.80,  -0.47)  SG Improvement:0.33099 

Goal, Curr: (-1.15,  1.00), (  0.96,  -0.32)   Error: 2.49
Last SG, Last State: ( -0.51,   1.01), (  0.96,  -0.31)  SG Improvement:-0.14521 

Goal, Curr: (-0.99,  1.06), (  0.70,  -0.25)   Error: 2.14
Last SG, Last State: (  0.08,   0.35), (  0.74,  -0.42)  SG Improvement:0.21488 

Goal, Curr: (-1.13,  0.95), (  0.73,  -0.13)   Error: 2.16
Last SG, Last State: (  0.79,   0.63), (  0.69,  -0.32)  SG Improvement:0.24203 

Goal, Curr: (-1.03,  1.01), (  1.17,  -0.11)   Error: 2.47
Last SG, Last State: ( -0.20,   0.68), (  1.34,  -0.35)  SG Improvement:0.30697 

episode:02200, mean:-0.30, std:0.23, median:-0.36, success:0.00
Goal, Curr: (-0.86,  0.98), (  0.02,  -0.60)   Error: 1.81
Last SG, Last State: ( -1.74,  -0.76), (  0.03,  -0.60)  SG Improvement:0.17538 

Goal, Curr: (-1.02,  0.88), (  0.78,  -0.05)   Error: 2.02
Last SG, Last State: (  0.61,   0.71), (  0.84,  -0.22)  SG Improvement:0.31409 

Goal, Curr: (-0.82,  1.11), (  1.09,  -0.20)   Error: 2.31
Last SG, Last State: ( -0.29,   0.68), (  1.10,  -0.26)  SG Improvement:0.13296 

Goal, Curr: (-0.80,  1.16), (  0.24,  -0.60)   Error: 2.04
Last SG, Last State: ( -1.22,   0.20), (  0.17,  -0.60)  SG Improvement:-0.01763 

Goal, Curr: (-1.13,  1.16), (  0.76,  -0.19)   Error: 2.32
Last SG, Last State: (  0.21,   0.34), (  0.81,  -0.36)  SG Improvement:0.30999 

Goal, Curr: (-1.24,  0.81), ( -0.06,  -0.60)   Error: 1.85
Last SG, Last State: ( -1.82,  -0.85), ( -0.06,  -0.60)  SG Improvement:0.15471 

Goal, Curr: (-1.00,  1.10), (  1.02,  -0.16)   Error: 2.38
Last SG, Last State: (  0.20,   0.80), (  1.02,  -0.05)  SG Improvement:0.05281 

Goal, Curr: (-1.03,  0.78), (  1.01,  -0.15)   Error: 2.24
Last SG, Last State: (  0.18,   0.61), (  1.02,  -0.17)  SG Improvement:0.18629 

Goal, Curr: (-1.00,  0.90), (  0.30,  -0.60)   Error: 1.98
Last SG, Last State: ( -1.27,   0.22), (  0.12,  -0.60)  SG Improvement:0.01063 

Goal, Curr: (-0.77,  0.92), (  0.88,  -0.56)   Error: 2.22
Last SG, Last State: ( -0.45,   1.06), (  0.93,  -0.23)  SG Improvement:-0.17321 

episode:02300, mean:-0.13, std:0.25, median:-0.12, success:0.00
Goal, Curr: (-1.17,  1.23), (  1.03,  -0.58)   Error: 2.85
Last SG, Last State: ( -0.11,  -0.04), (  1.10,  -0.73)  SG Improvement:0.27112 

Goal, Curr: (-0.88,  1.20), (  1.15,  -0.68)   Error: 2.77
Last SG, Last State: (  0.08,   0.05), (  1.14,  -0.66)  SG Improvement:0.14523 

Goal, Curr: (-0.77,  0.80), (  0.11,  -1.40)   Error: 2.37
Last SG, Last State: ( -1.50,  -2.71), (  0.52,  -1.34)  SG Improvement:-0.06321 

Goal, Curr: (-0.99,  0.93), (  0.26,  -0.60)   Error: 1.98
Last SG, Last State: ( -1.26,  -0.00), (  0.30,  -0.60)  SG Improvement:-0.01736 

Goal, Curr: (-1.14,  1.02), (  0.99,  -0.32)   Error: 2.51
Last SG, Last State: ( -0.83,   0.79), (  0.98,  -0.49)  SG Improvement:-0.04851 

Goal, Curr: (-0.81,  0.75), (  0.12,  -0.60)   Error: 1.64
Last SG, Last State: ( -1.33,  -0.30), (  0.17,  -0.60)  SG Improvement:-0.09446 

Goal, Curr: (-1.18,  0.76), (  0.85,  -0.33)   Error: 2.30
Last SG, Last State: ( -0.10,   0.12), (  0.91,  -0.52)  SG Improvement:0.34779 

Goal, Curr: (-0.85,  0.94), (  0.30,  -0.60)   Error: 1.92
Last SG, Last State: ( -1.12,   0.28), (  0.12,  -0.60)  SG Improvement:0.08874 

Goal, Curr: (-0.89,  0.91), (  0.43,  -1.34)   Error: 2.60
Last SG, Last State: ( -1.42,  -2.49), (  0.54,  -1.29)  SG Improvement:-0.05072 

Goal, Curr: (-1.16,  0.76), ( -0.14,  -0.60)   Error: 1.70
Last SG, Last State: ( -1.39,  -0.96), ( -0.09,  -0.60)  SG Improvement:-0.07362 

episode:02400, mean:-0.30, std:0.31, median:-0.39, success:0.00
Goal, Curr: (-1.22,  0.84), (  1.35,   0.12)   Error: 2.66
Last SG, Last State: ( -0.01,   0.41), (  1.30,  -0.20)  SG Improvement:0.25597 

Goal, Curr: (-1.04,  0.85), ( -0.03,  -0.60)   Error: 1.77
Last SG, Last State: ( -0.43,   0.22), ( -0.24,  -0.60)  SG Improvement:0.46143 

Goal, Curr: (-1.16,  1.13), (  1.10,  -0.80)   Error: 2.97
Last SG, Last State: ( -0.45,  -0.38), (  1.09,  -0.78)  SG Improvement:-0.11463 

Goal, Curr: (-1.03,  1.13), (  0.89,  -0.43)   Error: 2.47
Last SG, Last State: ( -0.96,  -0.77), (  0.96,  -0.85)  SG Improvement:0.39200 

Goal, Curr: (-1.20,  0.95), (  0.13,  -0.60)   Error: 2.04
Last SG, Last State: ( -1.18,  -0.86), (  0.15,  -0.60)  SG Improvement:0.13605 

Goal, Curr: (-1.03,  0.93), (  0.02,  -0.60)   Error: 1.85
Last SG, Last State: ( -1.50,  -1.29), ( -0.02,  -0.60)  SG Improvement:0.08213 

Goal, Curr: (-1.04,  0.81), (  0.17,  -0.60)   Error: 1.86
Last SG, Last State: ( -0.66,  -0.18), (  0.19,  -0.60)  SG Improvement:0.01252 

Goal, Curr: (-0.92,  0.86), (  0.16,  -0.60)   Error: 1.82
Last SG, Last State: ( -1.08,  -0.71), (  0.16,  -0.60)  SG Improvement:0.03295 

Goal, Curr: (-1.13,  1.09), (  0.20,  -0.60)   Error: 2.16
Last SG, Last State: ( -1.15,  -0.85), (  0.18,  -0.60)  SG Improvement:0.10697 

Goal, Curr: (-0.98,  1.16), (  0.08,  -0.60)   Error: 2.05
Last SG, Last State: ( -1.20,  -1.04), (  0.07,  -0.60)  SG Improvement:0.10110 

episode:02500, mean:-0.07, std:0.39, median:0.10, success:0.00
Goal, Curr: (-0.80,  0.84), (  0.36,  -1.32)   Error: 2.45
Last SG, Last State: ( -1.61,  -2.99), (  0.28,  -1.39)  SG Improvement:0.10805 

Goal, Curr: (-1.02,  1.07), (  0.17,  -0.60)   Error: 2.05
Last SG, Last State: (  0.56,   0.40), ( -0.04,  -0.60)  SG Improvement:0.29937 

Goal, Curr: (-1.02,  1.24), (  0.89,   0.12)   Error: 2.22
Last SG, Last State: ( -0.47,   0.15), (  1.06,  -0.29)  SG Improvement:-0.20162 

Goal, Curr: (-1.25,  1.25), (  0.37,  -0.60)   Error: 2.45
Last SG, Last State: ( -0.62,  -0.53), (  0.36,  -0.60)  SG Improvement:-0.00692 

Goal, Curr: (-0.98,  1.20), (  1.18,  -0.06)   Error: 2.50
Last SG, Last State: ( -0.23,  -0.10), (  1.03,  -0.57)  SG Improvement:0.32703 

Goal, Curr: (-1.16,  0.97), (  0.23,  -0.60)   Error: 2.09
Last SG, Last State: ( -0.68,  -0.71), (  0.19,  -0.60)  SG Improvement:-0.02285 

Goal, Curr: (-1.16,  1.07), (  0.31,  -0.60)   Error: 2.22
Last SG, Last State: ( -0.72,  -0.61), (  0.32,  -0.60)  SG Improvement:0.01490 

Goal, Curr: (-1.05,  1.15), (  0.94,  -0.15)   Error: 2.38
Last SG, Last State: ( -0.68,   0.03), (  1.08,  -0.54)  SG Improvement:0.14174 

Goal, Curr: (-0.85,  0.98), (  0.14,  -0.60)   Error: 1.86
Last SG, Last State: (  0.36,   0.36), (  0.04,  -0.60)  SG Improvement:0.45237 

Goal, Curr: (-0.87,  0.94), (  0.91,   0.26)   Error: 1.91
Last SG, Last State: ( -0.46,   0.11), (  1.12,  -0.20)  SG Improvement:-0.26556 

episode:02600, mean:-0.17, std:0.23, median:-0.09, success:0.00
Goal, Curr: (-0.97,  1.15), (  0.42,  -0.60)   Error: 2.23
Last SG, Last State: ( -0.33,  -0.49), (  0.45,  -0.60)  SG Improvement:-0.01608 

Goal, Curr: (-0.88,  0.98), (  0.33,  -0.60)   Error: 2.00
Last SG, Last State: ( -0.38,  -0.59), (  0.36,  -0.60)  SG Improvement:-0.00650 

Goal, Curr: (-0.97,  0.85), (  1.06,   0.18)   Error: 2.14
Last SG, Last State: ( -0.10,  -0.02), (  1.13,  -0.33)  SG Improvement:-0.02735 

Goal, Curr: (-0.77,  0.84), (  0.28,  -0.60)   Error: 1.78
Last SG, Last State: ( -0.41,  -0.54), (  0.31,  -0.60)  SG Improvement:0.00144 

Goal, Curr: (-1.18,  1.19), (  0.44,  -0.60)   Error: 2.42
Last SG, Last State: ( -0.61,  -0.72), (  0.44,  -0.60)  SG Improvement:0.01537 

Goal, Curr: (-0.90,  1.11), (  1.19,   0.33)   Error: 2.23
Last SG, Last State: ( -0.09,   0.36), (  1.40,  -0.15)  SG Improvement:0.21165 

Goal, Curr: (-0.94,  1.02), (  0.40,  -0.60)   Error: 2.10
Last SG, Last State: ( -0.10,  -0.36), (  0.35,  -0.60)  SG Improvement:-0.00207 

Goal, Curr: (-1.18,  0.97), (  0.40,  -0.60)   Error: 2.23
Last SG, Last State: ( -0.39,  -0.53), (  0.42,  -0.60)  SG Improvement:-0.01572 

Goal, Curr: (-0.91,  0.94), (  1.02,   0.29)   Error: 2.03
Last SG, Last State: ( -0.23,   0.01), (  1.16,  -0.25)  SG Improvement:-0.04079 

Goal, Curr: (-0.75,  0.95), (  0.36,  -0.60)   Error: 1.91
Last SG, Last State: ( -0.28,  -0.44), (  0.37,  -0.60)  SG Improvement:-0.00441 

episode:02700, mean:-0.13, std:0.24, median:-0.22, success:0.00
Goal, Curr: (-0.80,  1.07), (  0.46,  -0.60)   Error: 2.09
Last SG, Last State: ( -0.09,  -0.50), (  0.49,  -0.60)  SG Improvement:0.00112 

Goal, Curr: (-1.21,  1.00), (  0.46,  -0.60)   Error: 2.32
Last SG, Last State: ( -0.24,  -0.60), (  0.49,  -0.60)  SG Improvement:-0.01093 

Goal, Curr: (-0.92,  0.79), (  0.96,   1.00)   Error: 1.89
Last SG, Last State: (  1.44,   1.93), (  1.07,   0.79)  SG Improvement:0.49066 

Goal, Curr: (-1.13,  1.07), (  0.46,  -0.60)   Error: 2.31
Last SG, Last State: ( -0.43,  -0.59), (  0.49,  -0.60)  SG Improvement:0.03488 

Goal, Curr: (-1.14,  0.88), (  1.05,   0.81)   Error: 2.19
Last SG, Last State: ( -0.15,   0.76), (  1.22,   0.43)  SG Improvement:0.45774 

Goal, Curr: (-0.81,  1.01), (  0.48,  -0.60)   Error: 2.07
Last SG, Last State: (  0.02,  -0.45), (  0.48,  -0.60)  SG Improvement:0.00420 

Goal, Curr: (-0.91,  0.96), (  0.42,  -0.60)   Error: 2.05
Last SG, Last State: ( -0.15,  -0.57), (  0.46,  -0.60)  SG Improvement:0.00381 

Goal, Curr: (-0.76,  1.04), (  0.49,  -0.60)   Error: 2.07
Last SG, Last State: (  0.07,  -0.42), (  0.48,  -0.60)  SG Improvement:0.00213 

Goal, Curr: (-0.79,  0.76), (  0.36,  -0.60)   Error: 1.79
Last SG, Last State: ( -0.10,  -0.50), (  0.41,  -0.60)  SG Improvement:0.02050 

Goal, Curr: (-1.09,  1.08), (  0.46,  -0.60)   Error: 2.29
Last SG, Last State: ( -0.42,  -0.58), (  0.49,  -0.60)  SG Improvement:0.03521 

episode:02800, mean:-0.22, std:0.15, median:-0.25, success:0.00
Goal, Curr: (-0.80,  0.77), (  0.21,  -0.60)   Error: 1.70
Last SG, Last State: ( -0.49,  -0.90), (  0.24,  -0.60)  SG Improvement:-0.01529 

Goal, Curr: (-1.14,  0.86), (  0.29,  -0.60)   Error: 2.04
Last SG, Last State: ( -0.34,  -0.78), (  0.33,  -0.60)  SG Improvement:-0.01537 

Goal, Curr: (-0.98,  1.05), (  0.31,  -0.60)   Error: 2.09
Last SG, Last State: ( -0.71,  -1.04), (  0.30,  -0.60)  SG Improvement:0.19001 

Goal, Curr: (-0.91,  1.00), (  0.26,  -0.60)   Error: 1.99
Last SG, Last State: ( -0.52,  -0.90), (  0.29,  -0.60)  SG Improvement:-0.01865 

Goal, Curr: (-1.04,  0.85), (  0.27,  -0.60)   Error: 1.95
Last SG, Last State: ( -0.20,  -0.64), (  0.44,  -0.60)  SG Improvement:0.03945 

Goal, Curr: (-1.13,  1.13), (  1.09,   0.78)   Error: 2.25
Last SG, Last State: (  0.17,   0.83), (  1.19,   0.50)  SG Improvement:0.64978 

Goal, Curr: (-0.93,  0.99), (  0.30,  -0.60)   Error: 2.01
Last SG, Last State: ( -0.71,  -1.05), (  0.29,  -0.60)  SG Improvement:0.19121 

Goal, Curr: (-1.16,  0.87), (  0.28,  -0.60)   Error: 2.06
Last SG, Last State: ( -0.31,  -0.75), (  0.43,  -0.60)  SG Improvement:0.01841 

Goal, Curr: (-0.93,  1.10), (  0.32,  -0.60)   Error: 2.11
Last SG, Last State: ( -0.22,  -0.67), (  0.46,  -0.60)  SG Improvement:0.02041 

Goal, Curr: (-0.87,  1.19), (  0.33,  -0.60)   Error: 2.16
Last SG, Last State: ( -0.41,  -0.85), (  0.34,  -0.60)  SG Improvement:-0.04637 

episode:02900, mean:-0.08, std:0.16, median:-0.16, success:0.00
Goal, Curr: (-1.15,  0.84), (  0.28,  -0.60)   Error: 2.03
Last SG, Last State: ( -0.42,  -0.97), (  0.30,  -0.60)  SG Improvement:0.00948 

Goal, Curr: (-0.86,  1.09), (  1.09,  -0.72)   Error: 2.67
Last SG, Last State: ( -0.05,  -0.95), (  1.09,  -0.75)  SG Improvement:-0.00409 

Goal, Curr: (-1.16,  0.89), (  0.27,  -0.60)   Error: 2.07
Last SG, Last State: ( -0.55,  -0.96), (  0.27,  -0.60)  SG Improvement:0.04084 

Goal, Curr: (-0.82,  1.24), (  0.29,  -0.60)   Error: 2.15
Last SG, Last State: ( -0.50,  -0.93), (  0.28,  -0.60)  SG Improvement:0.02257 

Goal, Curr: (-1.15,  1.14), (  1.11,  -0.10)   Error: 2.58
Last SG, Last State: (  0.17,  -0.60), (  1.07,  -0.39)  SG Improvement:0.03329 

Goal, Curr: (-1.00,  0.85), (  0.24,  -0.60)   Error: 1.91
Last SG, Last State: ( -0.40,  -1.00), (  0.28,  -0.60)  SG Improvement:0.00673 

Goal, Curr: (-1.05,  1.18), (  0.30,  -0.60)   Error: 2.24
Last SG, Last State: ( -0.50,  -0.94), (  0.31,  -0.60)  SG Improvement:0.01368 

Goal, Curr: (-1.08,  0.82), (  0.40,   1.40)   Error: 1.58
Last SG, Last State: (  0.92,   1.09), (  0.55,   1.40)  SG Improvement:-0.23089 

Goal, Curr: (-1.02,  0.98), (  0.28,  -0.60)   Error: 2.05
Last SG, Last State: ( -0.36,  -0.96), (  0.32,  -0.60)  SG Improvement:0.00214 

Goal, Curr: (-0.92,  1.02), (  0.27,  -0.60)   Error: 2.01
Last SG, Last State: ( -0.51,  -0.98), (  0.27,  -0.60)  SG Improvement:0.03485 

episode:03000, mean:-0.06, std:0.36, median:0.06, success:0.00
