Using device: cpu
no-correct-less-crazy-per-2
Initializing with critic LR:  0.05  actor LR:  1e-05
Initializing with critic LR:  0.001  actor LR:  0.0005
Goal, Curr: (-0.79,  1.10), (  0.03,  -0.60)   Error: 1.89
Last SG, Last State: (  0.32,  -0.41), (  0.02,  -0.60)  SG Improvement:0.00726 

Goal, Curr: (-0.97,  0.89), (  0.04,  -0.60)   Error: 1.81
Last SG, Last State: (  0.33,  -0.41), (  0.04,  -0.60)  SG Improvement:0.00534 

Goal, Curr: (-0.76,  1.08), (  0.04,  -0.60)   Error: 1.86
Last SG, Last State: (  0.33,  -0.41), (  0.03,  -0.60)  SG Improvement:0.00654 

Goal, Curr: (-0.96,  1.15), ( -0.00,  -0.60)   Error: 1.99
Last SG, Last State: (  0.30,  -0.40), ( -0.01,  -0.60)  SG Improvement:0.00759 

Goal, Curr: (-0.86,  1.25), ( -0.00,  -0.60)   Error: 2.04
Last SG, Last State: (  0.30,  -0.40), ( -0.01,  -0.60)  SG Improvement:0.00748 

Goal, Curr: (-1.25,  1.03), ( -0.01,  -0.60)   Error: 2.04
Last SG, Last State: (  0.31,  -0.40), ( -0.02,  -0.60)  SG Improvement:0.00498 

Goal, Curr: (-1.24,  0.85), (  0.02,  -0.60)   Error: 1.92
Last SG, Last State: (  0.33,  -0.40), (  0.02,  -0.60)  SG Improvement:0.00512 

Goal, Curr: (-1.05,  0.87), (  0.03,  -0.60)   Error: 1.83
Last SG, Last State: (  0.33,  -0.41), (  0.03,  -0.60)  SG Improvement:0.00572 

Goal, Curr: (-0.89,  0.78), (  0.06,  -0.60)   Error: 1.68
Last SG, Last State: (  0.35,  -0.41), (  0.06,  -0.60)  SG Improvement:0.00399 

Goal, Curr: (-1.05,  1.09), (  0.01,  -0.60)   Error: 1.99
Last SG, Last State: (  0.32,  -0.40), (  0.01,  -0.60)  SG Improvement:0.00597 

Goal, Curr: (-1.25,  1.04), ( -0.01,  -0.60)   Error: 2.05
Last SG, Last State: (  0.31,  -0.40), ( -0.02,  -0.60)  SG Improvement:0.00494 

Goal, Curr: (-0.96,  0.85), (  0.04,  -0.60)   Error: 1.76
Last SG, Last State: (  0.32,  -0.41), (  0.03,  -0.60)  SG Improvement:0.00754 

Goal, Curr: (-1.15,  1.05), ( -0.00,  -0.60)   Error: 2.01
Last SG, Last State: (  0.31,  -0.40), ( -0.01,  -0.60)  SG Improvement:0.00579 

Goal, Curr: (-0.93,  1.01), (  0.02,  -0.60)   Error: 1.88
Last SG, Last State: (  0.32,  -0.41), (  0.02,  -0.60)  SG Improvement:0.00744 

Goal, Curr: (-0.97,  0.76), (  0.05,  -0.60)   Error: 1.70
Last SG, Last State: (  0.33,  -0.41), (  0.05,  -0.60)  SG Improvement:0.00709 

Goal, Curr: (-1.15,  0.82), (  0.02,  -0.60)   Error: 1.84
Last SG, Last State: (  0.32,  -0.41), (  0.02,  -0.60)  SG Improvement:0.00740 

Goal, Curr: (-1.06,  0.85), (  0.04,  -0.60)   Error: 1.82
Last SG, Last State: (  0.33,  -0.41), (  0.03,  -0.60)  SG Improvement:0.00515 

Goal, Curr: (-0.86,  1.11), (  0.02,  -0.60)   Error: 1.92
Last SG, Last State: (  0.31,  -0.41), (  0.01,  -0.60)  SG Improvement:0.00810 

Goal, Curr: (-0.89,  1.06), (  0.03,  -0.60)   Error: 1.90
Last SG, Last State: (  0.33,  -0.41), (  0.03,  -0.60)  SG Improvement:0.00555 

Goal, Curr: (-0.85,  1.21), (  0.02,  -0.60)   Error: 2.01
Last SG, Last State: (  0.33,  -0.40), (  0.02,  -0.60)  SG Improvement:0.00546 

Goal, Curr: (-0.91,  1.13), (  0.02,  -0.60)   Error: 1.96
Last SG, Last State: (  0.32,  -0.40), (  0.01,  -0.60)  SG Improvement:0.00667 

Goal, Curr: (-0.77,  0.90), (  0.06,  -0.60)   Error: 1.72
Last SG, Last State: (  0.35,  -0.41), (  0.06,  -0.60)  SG Improvement:0.00429 

Goal, Curr: (-1.16,  0.81), (  0.02,  -0.60)   Error: 1.84
Last SG, Last State: (  0.32,  -0.41), (  0.02,  -0.60)  SG Improvement:0.00658 

Goal, Curr: (-1.22,  0.98), ( -0.02,  -0.60)   Error: 1.99
Last SG, Last State: (  0.29,  -0.40), ( -0.03,  -0.60)  SG Improvement:0.00777 

Goal, Curr: (-0.83,  0.86), (  0.06,  -0.60)   Error: 1.72
Last SG, Last State: (  0.35,  -0.41), (  0.06,  -0.60)  SG Improvement:0.00407 

Goal, Curr: (-0.81,  1.13), (  0.03,  -0.60)   Error: 1.92
Last SG, Last State: (  0.33,  -0.41), (  0.03,  -0.60)  SG Improvement:0.00577 

Goal, Curr: (-1.04,  1.11), ( -0.01,  -0.60)   Error: 2.00
Last SG, Last State: (  0.30,  -0.40), ( -0.01,  -0.60)  SG Improvement:0.00738 

Goal, Curr: (-1.20,  0.76), (  0.03,  -0.60)   Error: 1.83
Last SG, Last State: (  0.33,  -0.41), (  0.03,  -0.60)  SG Improvement:0.00566 

Goal, Curr: (-1.00,  0.97), (  0.02,  -0.60)   Error: 1.87
Last SG, Last State: (  0.31,  -0.41), (  0.01,  -0.60)  SG Improvement:0.00811 

Goal, Curr: (-0.90,  1.07), (  0.02,  -0.60)   Error: 1.92
Last SG, Last State: (  0.32,  -0.41), (  0.02,  -0.60)  SG Improvement:0.00665 

Goal, Curr: (-1.18,  0.77), (  0.02,  -0.60)   Error: 1.82
Last SG, Last State: (  0.31,  -0.41), (  0.01,  -0.60)  SG Improvement:0.00859 

Goal, Curr: (-1.07,  1.13), ( -0.02,  -0.60)   Error: 2.03
Last SG, Last State: (  0.29,  -0.40), ( -0.02,  -0.60)  SG Improvement:0.00711 

Goal, Curr: (-1.01,  1.07), (  0.02,  -0.60)   Error: 1.96
Last SG, Last State: (  0.33,  -0.40), (  0.02,  -0.60)  SG Improvement:0.00509 

Goal, Curr: (-1.14,  0.86), (  0.03,  -0.60)   Error: 1.87
Last SG, Last State: (  0.33,  -0.41), (  0.02,  -0.60)  SG Improvement:0.00548 

Goal, Curr: (-0.92,  0.90), (  0.03,  -0.60)   Error: 1.78
Last SG, Last State: (  0.32,  -0.41), (  0.03,  -0.60)  SG Improvement:0.00838 

Goal, Curr: (-1.17,  0.84), (  0.03,  -0.60)   Error: 1.88
Last SG, Last State: (  0.33,  -0.40), (  0.03,  -0.60)  SG Improvement:0.00449 

Goal, Curr: (-0.81,  1.15), (  0.04,  -0.60)   Error: 1.94
Last SG, Last State: (  0.34,  -0.41), (  0.04,  -0.60)  SG Improvement:0.00390 

Goal, Curr: (-0.99,  1.04), (  0.02,  -0.60)   Error: 1.93
Last SG, Last State: (  0.32,  -0.40), (  0.02,  -0.60)  SG Improvement:0.00611 

Goal, Curr: (-1.07,  1.06), (  0.01,  -0.60)   Error: 1.98
Last SG, Last State: (  0.32,  -0.40), (  0.01,  -0.60)  SG Improvement:0.00625 

Goal, Curr: (-1.01,  1.05), (  0.02,  -0.60)   Error: 1.95
Last SG, Last State: (  0.33,  -0.40), (  0.02,  -0.60)  SG Improvement:0.00503 

Goal, Curr: (-1.01,  0.91), (  0.04,  -0.60)   Error: 1.84
Last SG, Last State: (  0.34,  -0.41), (  0.04,  -0.60)  SG Improvement:0.00410 

Goal, Curr: (-1.00,  1.16), (  0.00,  -0.60)   Error: 2.02
Last SG, Last State: (  0.31,  -0.40), ( -0.00,  -0.60)  SG Improvement:0.00681 

Goal, Curr: (-0.86,  0.93), (  0.04,  -0.60)   Error: 1.77
Last SG, Last State: (  0.32,  -0.41), (  0.03,  -0.60)  SG Improvement:0.00816 

Goal, Curr: (-1.13,  1.01), (  0.01,  -0.60)   Error: 1.98
Last SG, Last State: (  0.32,  -0.40), (  0.01,  -0.60)  SG Improvement:0.00533 

Goal, Curr: (-0.83,  1.21), (  0.02,  -0.60)   Error: 2.01
Last SG, Last State: (  0.33,  -0.40), (  0.02,  -0.60)  SG Improvement:0.00504 

Goal, Curr: (-1.13,  0.82), (  0.02,  -0.60)   Error: 1.83
Last SG, Last State: (  0.31,  -0.41), (  0.01,  -0.60)  SG Improvement:0.00871 

Goal, Curr: (-0.75,  0.84), (  0.07,  -0.60)   Error: 1.66
Last SG, Last State: (  0.34,  -0.41), (  0.06,  -0.60)  SG Improvement:0.00562 

Goal, Curr: (-0.92,  1.09), (  0.01,  -0.60)   Error: 1.93
Last SG, Last State: (  0.31,  -0.41), (  0.00,  -0.60)  SG Improvement:0.00877 

Goal, Curr: (-0.88,  1.16), (  0.01,  -0.60)   Error: 1.98
Last SG, Last State: (  0.31,  -0.41), (  0.00,  -0.60)  SG Improvement:0.00860 

Goal, Curr: (-1.20,  0.86), (  0.02,  -0.60)   Error: 1.91
Last SG, Last State: (  0.33,  -0.40), (  0.02,  -0.60)  SG Improvement:0.00502 

episode:00100, mean:5.46, std:0.39, median:5.46, success:0.00
Goal, Curr: (-0.77,  0.89), (  0.60,  -0.34)   Error: 1.84
Last SG, Last State: (  1.10,  -0.26), (  0.61,  -0.43)  SG Improvement:-0.00340 

Goal, Curr: (-0.77,  0.90), (  0.75,   1.11)   Error: 1.53
Last SG, Last State: (  1.23,   0.97), (  0.73,   0.92)  SG Improvement:0.04609 

Goal, Curr: (-0.93,  0.95), (  1.02,   1.40)   Error: 2.00
Last SG, Last State: (  1.20,   1.26), (  0.99,   1.40)  SG Improvement:0.07357 

Goal, Curr: (-0.91,  1.21), (  0.55,   0.64)   Error: 1.57
Last SG, Last State: (  0.86,   0.46), (  0.60,   0.52)  SG Improvement:-0.01274 

Goal, Curr: (-0.89,  1.16), (  0.80,   1.34)   Error: 1.71
Last SG, Last State: (  1.26,   1.51), (  0.82,   1.40)  SG Improvement:-2.05366 

Goal, Curr: (-1.11,  1.08), (  0.53,   0.89)   Error: 1.65
Last SG, Last State: (  0.73,   0.72), (  0.54,   0.80)  SG Improvement:-0.00086 

Goal, Curr: (-0.97,  0.83), (  0.60,   0.01)   Error: 1.77
Last SG, Last State: (  0.88,  -0.08), (  0.60,  -0.12)  SG Improvement:-0.15971 

Goal, Curr: (-0.85,  1.17), (  0.69,  -0.39)   Error: 2.19
Last SG, Last State: (  1.20,  -0.20), (  0.69,  -0.39)  SG Improvement:0.10705 

Goal, Curr: (-0.84,  0.98), (  0.58,   0.61)   Error: 1.46
Last SG, Last State: (  0.83,   0.43), (  0.60,   0.49)  SG Improvement:-0.12826 

Goal, Curr: (-1.07,  0.98), (  0.61,   0.77)   Error: 1.70
Last SG, Last State: (  0.89,   0.71), (  0.60,   0.65)  SG Improvement:-0.55494 

Goal, Curr: (-0.79,  0.80), (  0.60,   0.43)   Error: 1.44
Last SG, Last State: (  0.82,   0.24), (  0.60,   0.29)  SG Improvement:-0.08733 

Goal, Curr: (-0.95,  1.03), (  0.70,  -0.38)   Error: 2.17
Last SG, Last State: (  1.21,  -0.20), (  0.70,  -0.39)  SG Improvement:-0.09449 

Goal, Curr: (-0.96,  0.99), (  0.80,   1.37)   Error: 1.80
Last SG, Last State: (  1.22,   1.28), (  0.90,   1.38)  SG Improvement:0.18099 

Goal, Curr: (-1.11,  1.08), (  0.59,   0.76)   Error: 1.73
Last SG, Last State: (  0.91,   0.72), (  0.59,   0.64)  SG Improvement:-0.57102 

Goal, Curr: (-0.92,  0.84), (  0.97,   1.40)   Error: 1.97
Last SG, Last State: (  1.13,   1.26), (  0.91,   1.40)  SG Improvement:0.31573 

Goal, Curr: (-1.05,  1.08), (  0.60,   0.16)   Error: 1.89
Last SG, Last State: (  0.95,   0.03), (  0.60,   0.01)  SG Improvement:0.22882 

Goal, Curr: (-0.79,  1.04), (  0.60,   0.12)   Error: 1.66
Last SG, Last State: (  0.87,   0.02), (  0.60,  -0.01)  SG Improvement:-0.22356 

Goal, Curr: (-1.04,  0.82), (  0.92,   1.38)   Error: 2.04
Last SG, Last State: (  1.18,   1.21), (  0.98,   1.40)  SG Improvement:0.41949 

Goal, Curr: (-0.96,  1.01), (  0.58,   0.85)   Error: 1.54
Last SG, Last State: (  0.71,   0.65), (  0.58,   0.76)  SG Improvement:0.03912 

Goal, Curr: (-1.13,  0.95), (  0.87,   1.37)   Error: 2.05
Last SG, Last State: (  1.17,   1.24), (  0.90,   1.40)  SG Improvement:0.46793 

Goal, Curr: (-0.76,  1.13), (  0.60,   0.44)   Error: 1.53
Last SG, Last State: (  0.86,   0.26), (  0.60,   0.30)  SG Improvement:-0.05291 

Goal, Curr: (-1.13,  0.92), (  0.57,   1.39)   Error: 1.77
Last SG, Last State: (  1.20,   1.37), (  0.70,   1.34)  SG Improvement:0.31887 

Goal, Curr: (-0.78,  0.83), (  0.96,   1.38)   Error: 1.82
Last SG, Last State: (  1.17,   1.25), (  0.99,   1.40)  SG Improvement:0.05085 

Goal, Curr: (-0.82,  0.83), (  0.82,   1.34)   Error: 1.72
Last SG, Last State: (  1.24,   1.47), (  0.86,   1.40)  SG Improvement:-2.07381 

Goal, Curr: (-1.01,  0.92), (  0.60,   1.40)   Error: 1.68
Last SG, Last State: (  1.20,   1.37), (  0.73,   1.35)  SG Improvement:0.43502 

Goal, Curr: (-1.15,  0.88), (  0.60,  -0.24)   Error: 2.08
Last SG, Last State: (  1.12,  -0.25), (  0.60,  -0.37)  SG Improvement:0.19975 

Goal, Curr: (-0.86,  0.89), (  0.69,  -0.42)   Error: 2.03
Last SG, Last State: (  1.17,  -0.24), (  0.70,  -0.41)  SG Improvement:0.10699 

Goal, Curr: (-0.81,  0.88), (  0.68,   1.35)   Error: 1.56
Last SG, Last State: (  1.16,   1.36), (  0.80,   1.35)  SG Improvement:0.03817 

Goal, Curr: (-0.83,  0.90), (  0.82,   1.35)   Error: 1.72
Last SG, Last State: (  1.25,   1.45), (  0.85,   1.40)  SG Improvement:-2.10162 

Goal, Curr: (-0.95,  1.07), (  0.60,   0.50)   Error: 1.66
Last SG, Last State: (  0.86,   0.32), (  0.60,   0.36)  SG Improvement:-0.00392 

Goal, Curr: (-1.05,  0.85), (  0.73,   1.35)   Error: 1.85
Last SG, Last State: (  1.13,   1.21), (  0.84,   1.36)  SG Improvement:0.39780 

Goal, Curr: (-0.78,  1.15), (  0.66,  -0.45)   Error: 2.16
Last SG, Last State: (  1.14,  -0.28), (  0.65,  -0.47)  SG Improvement:-0.01543 

Goal, Curr: (-0.91,  1.15), (  0.56,   0.90)   Error: 1.49
Last SG, Last State: (  0.73,   0.72), (  0.56,   0.81)  SG Improvement:-0.10759 

Goal, Curr: (-0.95,  1.16), (  0.68,   1.34)   Error: 1.64
Last SG, Last State: (  1.24,   1.38), (  0.80,   1.34)  SG Improvement:0.07066 

Goal, Curr: (-1.21,  1.01), (  0.96,   1.40)   Error: 2.20
Last SG, Last State: (  1.32,   1.53), (  0.86,   1.40)  SG Improvement:-1.90281 

Goal, Curr: (-0.83,  1.11), (  0.60,   0.48)   Error: 1.56
Last SG, Last State: (  0.86,   0.39), (  0.60,   0.38)  SG Improvement:-0.12483 

Goal, Curr: (-0.91,  0.89), (  0.70,   1.34)   Error: 1.67
Last SG, Last State: (  1.13,   1.23), (  0.82,   1.35)  SG Improvement:0.37485 

Goal, Curr: (-0.89,  0.83), (  0.58,   1.39)   Error: 1.57
Last SG, Last State: (  1.15,   1.36), (  0.71,   1.34)  SG Improvement:0.39167 

Goal, Curr: (-1.08,  1.23), (  0.60,   0.25)   Error: 1.95
Last SG, Last State: (  0.93,   0.16), (  0.60,   0.11)  SG Improvement:-0.41065 

Goal, Curr: (-1.18,  1.07), (  0.58,   0.67)   Error: 1.80
Last SG, Last State: (  0.87,   0.51), (  0.58,   0.56)  SG Improvement:0.01186 

Goal, Curr: (-1.09,  1.10), (  0.85,   1.36)   Error: 1.97
Last SG, Last State: (  1.32,   1.52), (  0.87,   1.40)  SG Improvement:-2.17906 

Goal, Curr: (-1.22,  1.05), (  0.87,   1.37)   Error: 2.12
Last SG, Last State: (  1.27,   1.31), (  0.88,   1.40)  SG Improvement:0.29678 

Goal, Curr: (-1.19,  0.88), (  0.58,   0.79)   Error: 1.77
Last SG, Last State: (  0.77,   0.64), (  0.58,   0.69)  SG Improvement:-0.32983 

Goal, Curr: (-1.14,  0.99), (  0.79,   1.35)   Error: 1.96
Last SG, Last State: (  1.13,   1.20), (  0.84,   1.38)  SG Improvement:0.53343 

Goal, Curr: (-1.11,  0.91), (  1.01,   1.40)   Error: 2.18
Last SG, Last State: (  1.20,   1.29), (  0.94,   1.40)  SG Improvement:0.17055 

Goal, Curr: (-1.22,  1.10), (  0.60,   0.19)   Error: 2.04
Last SG, Last State: (  0.94,   0.10), (  0.60,   0.05)  SG Improvement:-0.13884 

Goal, Curr: (-0.97,  1.19), (  0.58,   0.61)   Error: 1.65
Last SG, Last State: (  0.88,   0.45), (  0.60,   0.49)  SG Improvement:-0.13247 

Goal, Curr: (-0.79,  1.12), (  0.65,   1.39)   Error: 1.47
Last SG, Last State: (  1.22,   1.37), (  0.78,   1.34)  SG Improvement:0.34593 

Goal, Curr: (-0.82,  1.03), (  0.83,   1.40)   Error: 1.70
Last SG, Last State: (  1.26,   1.33), (  0.79,   1.34)  SG Improvement:-0.03594 

Goal, Curr: (-1.05,  0.94), (  0.55,   1.40)   Error: 1.66
Last SG, Last State: (  1.16,   1.41), (  0.67,   1.37)  SG Improvement:0.46469 

episode:00200, mean:6.20, std:0.53, median:6.25, success:0.00
Goal, Curr: (-1.03,  0.82), (  1.14,  -0.66)   Error: 2.63
Last SG, Last State: (  2.83,   0.81), (  1.08,  -0.84)  SG Improvement:0.16416 

Goal, Curr: (-0.90,  0.88), (  1.04,  -1.40)   Error: 2.99
Last SG, Last State: (  2.43,   0.04), (  1.04,  -1.40)  SG Improvement:-0.00000 

Goal, Curr: (-0.81,  1.13), (  1.02,  -1.40)   Error: 3.12
Last SG, Last State: (  2.48,   0.10), (  1.02,  -1.40)  SG Improvement:-0.00001 

Goal, Curr: (-1.18,  0.96), (  1.00,  -1.40)   Error: 3.21
Last SG, Last State: (  2.53,   0.17), (  1.00,  -1.40)  SG Improvement:0.00000 

Goal, Curr: (-1.14,  1.01), (  1.00,  -1.40)   Error: 3.22
Last SG, Last State: (  2.54,   0.18), (  1.00,  -1.40)  SG Improvement:0.00000 

Goal, Curr: (-0.95,  1.23), (  1.00,  -1.40)   Error: 3.27
Last SG, Last State: (  2.54,   0.18), (  1.00,  -1.40)  SG Improvement:0.00008 

Goal, Curr: (-1.01,  1.23), (  0.99,  -1.40)   Error: 3.30
Last SG, Last State: (  2.56,   0.20), (  0.99,  -1.40)  SG Improvement:-0.00000 

Goal, Curr: (-0.98,  1.10), (  1.00,  -1.40)   Error: 3.19
Last SG, Last State: (  2.52,   0.15), (  1.00,  -1.40)  SG Improvement:-0.00001 

Goal, Curr: (-0.79,  0.80), (  1.30,   0.32)   Error: 2.14
Last SG, Last State: (  2.99,   1.86), (  1.30,   0.24)  SG Improvement:0.05742 

Goal, Curr: (-1.15,  1.25), (  0.97,  -1.40)   Error: 3.39
Last SG, Last State: (  2.59,   0.25), (  0.97,  -1.40)  SG Improvement:0.00000 

Goal, Curr: (-1.13,  0.85), (  1.02,  -1.40)   Error: 3.10
Last SG, Last State: (  2.49,   0.12), (  1.02,  -1.40)  SG Improvement:0.00000 

Goal, Curr: (-0.78,  0.94), (  1.05,  -1.40)   Error: 2.97
Last SG, Last State: (  2.41,   0.01), (  1.05,  -1.40)  SG Improvement:-0.00000 

Goal, Curr: (-0.87,  1.24), (  1.00,  -1.40)   Error: 3.24
Last SG, Last State: (  2.53,   0.16), (  1.00,  -1.40)  SG Improvement:0.00000 

Goal, Curr: (-1.07,  1.23), (  0.98,  -1.40)   Error: 3.33
Last SG, Last State: (  2.57,   0.22), (  0.98,  -1.40)  SG Improvement:-0.00001 

Goal, Curr: (-0.75,  1.00), (  1.04,  -1.39)   Error: 2.99
Last SG, Last State: (  2.41,   0.03), (  1.04,  -1.39)  SG Improvement:0.00000 

Goal, Curr: (-1.18,  1.13), (  0.98,  -1.40)   Error: 3.33
Last SG, Last State: (  2.58,   0.23), (  0.98,  -1.40)  SG Improvement:-0.00013 

Goal, Curr: (-0.94,  0.95), (  1.25,  -0.04)   Error: 2.41
Last SG, Last State: (  3.00,   1.45), (  1.24,  -0.21)  SG Improvement:-0.02829 

Goal, Curr: (-1.11,  0.87), (  1.02,  -1.40)   Error: 3.11
Last SG, Last State: (  2.49,   0.12), (  1.02,  -1.40)  SG Improvement:-0.00000 

Goal, Curr: (-1.03,  1.07), (  1.00,  -1.40)   Error: 3.20
Last SG, Last State: (  2.52,   0.16), (  1.00,  -1.40)  SG Improvement:0.00000 

Goal, Curr: (-0.80,  1.13), (  1.21,  -0.38)   Error: 2.51
Last SG, Last State: (  2.93,   1.12), (  1.17,  -0.54)  SG Improvement:0.14213 

Goal, Curr: (-0.93,  0.77), (  1.06,  -1.40)   Error: 2.94
Last SG, Last State: (  2.40,   0.00), (  1.06,  -1.40)  SG Improvement:0.00000 

Goal, Curr: (-0.86,  0.89), (  1.04,  -1.39)   Error: 2.97
Last SG, Last State: (  2.41,   0.03), (  1.04,  -1.39)  SG Improvement:0.00000 

Goal, Curr: (-0.91,  0.87), (  1.04,  -1.39)   Error: 2.98
Last SG, Last State: (  2.42,   0.04), (  1.04,  -1.39)  SG Improvement:-0.00000 

Goal, Curr: (-1.24,  1.07), (  0.98,  -1.40)   Error: 3.32
Last SG, Last State: (  2.58,   0.23), (  0.98,  -1.40)  SG Improvement:-0.00000 

Goal, Curr: (-0.85,  0.80), (  1.30,   0.06)   Error: 2.27
Last SG, Last State: (  3.00,   1.52), (  1.29,  -0.08)  SG Improvement:0.11864 

Goal, Curr: (-0.86,  0.78), (  1.29,   0.22)   Error: 2.22
Last SG, Last State: (  3.06,   1.80), (  1.30,   0.12)  SG Improvement:-0.32896 

Goal, Curr: (-1.14,  1.10), (  0.99,  -1.40)   Error: 3.29
Last SG, Last State: (  2.56,   0.21), (  0.99,  -1.40)  SG Improvement:-0.00000 

Goal, Curr: (-0.81,  1.02), (  1.04,  -1.40)   Error: 3.04
Last SG, Last State: (  2.44,   0.05), (  1.04,  -1.40)  SG Improvement:-0.00001 

Goal, Curr: (-1.20,  0.81), (  1.01,  -1.40)   Error: 3.13
Last SG, Last State: (  2.50,   0.13), (  1.01,  -1.40)  SG Improvement:-0.00000 

Goal, Curr: (-0.79,  0.85), (  1.29,   0.37)   Error: 2.14
Last SG, Last State: (  3.01,   1.96), (  1.30,   0.30)  SG Improvement:-0.09571 

Goal, Curr: (-0.91,  0.75), (  1.28,   0.29)   Error: 2.24
Last SG, Last State: (  3.01,   1.84), (  1.29,   0.19)  SG Improvement:-0.04825 

Goal, Curr: (-0.99,  0.84), (  1.26,  -0.05)   Error: 2.42
Last SG, Last State: (  3.00,   1.44), (  1.25,  -0.21)  SG Improvement:-0.06573 

Goal, Curr: (-0.83,  0.88), (  1.29,  -0.01)   Error: 2.29
Last SG, Last State: (  2.99,   1.43), (  1.28,  -0.18)  SG Improvement:0.10248 

Goal, Curr: (-0.93,  1.02), (  1.01,  -1.39)   Error: 3.10
Last SG, Last State: (  2.48,   0.11), (  1.01,  -1.39)  SG Improvement:0.00001 

Goal, Curr: (-1.02,  0.95), (  1.02,  -1.40)   Error: 3.11
Last SG, Last State: (  2.49,   0.11), (  1.02,  -1.40)  SG Improvement:-0.00000 

Goal, Curr: (-0.95,  0.87), (  1.03,  -1.39)   Error: 3.01
Last SG, Last State: (  2.44,   0.06), (  1.03,  -1.39)  SG Improvement:0.00000 

Goal, Curr: (-0.94,  0.86), (  1.04,  -1.40)   Error: 3.00
Last SG, Last State: (  2.43,   0.04), (  1.04,  -1.40)  SG Improvement:-0.00000 

Goal, Curr: (-1.25,  1.25), (  1.16,   0.29)   Error: 2.59
Last SG, Last State: (  2.99,   2.03), (  1.16,   0.25)  SG Improvement:-0.05888 

Goal, Curr: (-0.76,  1.23), (  1.01,  -1.40)   Error: 3.17
Last SG, Last State: (  2.49,   0.12), (  1.01,  -1.40)  SG Improvement:0.00000 

Goal, Curr: (-0.81,  0.95), (  1.08,  -0.85)   Error: 2.61
Last SG, Last State: (  2.71,   0.55), (  1.02,  -1.03)  SG Improvement:0.37014 

Goal, Curr: (-0.91,  0.95), (  1.26,   0.01)   Error: 2.36
Last SG, Last State: (  3.00,   1.49), (  1.25,  -0.14)  SG Improvement:0.11654 

Goal, Curr: (-0.85,  1.07), (  1.23,   0.06)   Error: 2.32
Last SG, Last State: (  3.00,   1.58), (  1.24,  -0.07)  SG Improvement:0.17756 

Goal, Curr: (-0.91,  0.83), (  1.28,   0.12)   Error: 2.30
Last SG, Last State: (  3.03,   1.64), (  1.28,   0.00)  SG Improvement:0.09474 

Goal, Curr: (-1.22,  0.90), (  1.00,  -1.40)   Error: 3.20
Last SG, Last State: (  2.53,   0.17), (  1.00,  -1.40)  SG Improvement:-0.00013 

Goal, Curr: (-0.97,  1.01), (  1.01,  -1.40)   Error: 3.12
Last SG, Last State: (  2.49,   0.11), (  1.01,  -1.40)  SG Improvement:-0.00000 

Goal, Curr: (-0.87,  0.86), (  1.04,  -1.39)   Error: 2.95
Last SG, Last State: (  2.41,   0.03), (  1.04,  -1.39)  SG Improvement:0.00000 

Goal, Curr: (-1.03,  1.08), (  1.00,  -1.40)   Error: 3.21
Last SG, Last State: (  2.53,   0.16), (  1.00,  -1.40)  SG Improvement:-0.00000 

Goal, Curr: (-0.88,  0.77), (  1.29,   0.42)   Error: 2.20
Last SG, Last State: (  2.99,   2.02), (  1.30,   0.36)  SG Improvement:-0.07239 

Goal, Curr: (-1.09,  0.89), (  1.06,  -1.39)   Error: 3.14
Last SG, Last State: (  2.53,   0.12), (  1.06,  -1.39)  SG Improvement:0.00000 

Goal, Curr: (-1.16,  1.24), (  1.08,  -0.67)   Error: 2.94
Last SG, Last State: (  2.84,   0.87), (  1.02,  -0.84)  SG Improvement:0.16173 

episode:00300, mean:7.50, std:0.44, median:7.48, success:0.00
Goal, Curr: (-0.75,  1.10), (  1.40,   1.40)   Error: 2.17
Last SG, Last State: (  3.32,   3.31), (  1.40,   1.40)  SG Improvement:-0.00173 

Goal, Curr: (-1.20,  1.14), (  1.40,   1.40)   Error: 2.61
Last SG, Last State: (  3.36,   3.35), (  1.40,   1.40)  SG Improvement:-0.00037 

Goal, Curr: (-0.96,  0.97), (  1.40,   1.40)   Error: 2.40
Last SG, Last State: (  3.33,   3.32), (  1.40,   1.40)  SG Improvement:-0.00016 

Goal, Curr: (-0.80,  1.01), (  1.40,   1.40)   Error: 2.23
Last SG, Last State: (  3.31,   3.30), (  1.40,   1.40)  SG Improvement:-0.00008 

Goal, Curr: (-0.93,  0.76), (  1.40,   1.40)   Error: 2.41
Last SG, Last State: (  3.30,   3.29), (  1.40,   1.40)  SG Improvement:-0.00037 

Goal, Curr: (-0.92,  0.91), (  1.40,   1.40)   Error: 2.37
Last SG, Last State: (  3.32,   3.31), (  1.40,   1.40)  SG Improvement:-0.00078 

Goal, Curr: (-1.03,  1.03), (  1.40,   1.40)   Error: 2.46
Last SG, Last State: (  3.34,   3.33), (  1.40,   1.40)  SG Improvement:-0.00090 

Goal, Curr: (-1.08,  0.86), (  1.40,   1.40)   Error: 2.54
Last SG, Last State: (  3.33,   3.32), (  1.40,   1.40)  SG Improvement:-0.00066 

Goal, Curr: (-0.78,  0.96), (  1.40,   1.40)   Error: 2.22
Last SG, Last State: (  3.31,   3.30), (  1.40,   1.40)  SG Improvement:-0.00024 

Goal, Curr: (-1.05,  0.88), (  1.40,   1.40)   Error: 2.51
Last SG, Last State: (  3.33,   3.32), (  1.40,   1.40)  SG Improvement:-0.00176 

Goal, Curr: (-1.05,  0.77), (  1.40,   1.40)   Error: 2.53
Last SG, Last State: (  3.32,   3.31), (  1.40,   1.40)  SG Improvement:-0.00036 

Goal, Curr: (-1.16,  1.04), (  1.40,   1.40)   Error: 2.58
Last SG, Last State: (  3.35,   3.34), (  1.40,   1.40)  SG Improvement:-0.00066 

Goal, Curr: (-0.84,  0.83), (  1.40,   1.40)   Error: 2.31
Last SG, Last State: (  3.30,   3.29), (  1.40,   1.40)  SG Improvement:-0.00033 

Goal, Curr: (-1.17,  0.97), (  1.40,   1.40)   Error: 2.61
Last SG, Last State: (  3.34,   3.33), (  1.40,   1.40)  SG Improvement:-0.00024 

Goal, Curr: (-0.80,  1.09), (  1.40,   1.40)   Error: 2.22
Last SG, Last State: (  3.32,   3.31), (  1.40,   1.40)  SG Improvement:-0.00009 

Goal, Curr: (-0.88,  0.78), (  1.40,   1.40)   Error: 2.36
Last SG, Last State: (  3.30,   3.29), (  1.40,   1.40)  SG Improvement:-0.00035 

Goal, Curr: (-0.85,  1.15), (  1.40,   1.40)   Error: 2.26
Last SG, Last State: (  3.33,   3.32), (  1.40,   1.40)  SG Improvement:-0.00035 

Goal, Curr: (-0.97,  0.84), (  1.40,   1.40)   Error: 2.43
Last SG, Last State: (  3.31,   3.30), (  1.40,   1.40)  SG Improvement:-0.00020 

Goal, Curr: (-0.94,  1.23), (  1.40,   1.40)   Error: 2.35
Last SG, Last State: (  3.35,   3.34), (  1.40,   1.40)  SG Improvement:-0.00020 

Goal, Curr: (-0.90,  1.16), (  1.40,   1.40)   Error: 2.31
Last SG, Last State: (  3.34,   3.33), (  1.40,   1.40)  SG Improvement:-0.00062 

Goal, Curr: (-0.92,  1.21), (  1.40,   1.40)   Error: 2.33
Last SG, Last State: (  3.34,   3.33), (  1.40,   1.40)  SG Improvement:-0.00038 

Goal, Curr: (-1.16,  1.11), (  1.40,   1.40)   Error: 2.57
Last SG, Last State: (  3.35,   3.34), (  1.40,   1.40)  SG Improvement:-0.00003 

Goal, Curr: (-1.25,  1.06), (  1.40,   1.40)   Error: 2.67
Last SG, Last State: (  3.35,   3.35), (  1.40,   1.40)  SG Improvement:-0.00003 

Goal, Curr: (-1.07,  1.19), (  1.40,   1.40)   Error: 2.47
Last SG, Last State: (  3.35,   3.34), (  1.40,   1.40)  SG Improvement:-0.00003 

Goal, Curr: (-1.15,  0.84), (  1.40,   1.40)   Error: 2.61
Last SG, Last State: (  3.33,   3.32), (  1.40,   1.40)  SG Improvement:-0.00037 

Goal, Curr: (-1.09,  1.16), (  1.40,   1.40)   Error: 2.50
Last SG, Last State: (  3.35,   3.34), (  1.40,   1.40)  SG Improvement:-0.00035 

Goal, Curr: (-1.23,  1.18), (  1.40,   1.40)   Error: 2.64
Last SG, Last State: (  3.36,   3.35), (  1.40,   1.40)  SG Improvement:-0.00033 

Goal, Curr: (-0.94,  0.92), (  1.40,   1.40)   Error: 2.39
Last SG, Last State: (  3.32,   3.31), (  1.40,   1.40)  SG Improvement:-0.00019 

Goal, Curr: (-0.85,  0.78), (  1.40,   1.40)   Error: 2.34
Last SG, Last State: (  3.29,   3.28), (  1.40,   1.40)  SG Improvement:-0.00069 

Goal, Curr: (-1.16,  0.92), (  1.40,   1.40)   Error: 2.60
Last SG, Last State: (  3.34,   3.33), (  1.40,   1.40)  SG Improvement:-0.00008 

Goal, Curr: (-0.97,  1.13), (  1.40,   1.40)   Error: 2.38
Last SG, Last State: (  3.34,   3.33), (  1.40,   1.40)  SG Improvement:-0.00041 

Goal, Curr: (-0.75,  0.97), (  1.40,   1.40)   Error: 2.19
Last SG, Last State: (  3.30,   3.29), (  1.40,   1.40)  SG Improvement:-0.00065 

Goal, Curr: (-1.20,  1.07), (  1.40,   1.40)   Error: 2.62
Last SG, Last State: (  3.35,   3.34), (  1.40,   1.40)  SG Improvement:-0.00007 

Goal, Curr: (-1.16,  1.20), (  1.40,   1.40)   Error: 2.56
Last SG, Last State: (  3.36,   3.35), (  1.40,   1.40)  SG Improvement:-0.00050 

Goal, Curr: (-1.22,  0.90), (  1.40,   1.40)   Error: 2.67
Last SG, Last State: (  3.34,   3.33), (  1.40,   1.40)  SG Improvement:-0.00124 

Goal, Curr: (-0.99,  1.05), (  1.40,   1.40)   Error: 2.42
Last SG, Last State: (  3.34,   3.33), (  1.40,   1.40)  SG Improvement:-0.00012 

Goal, Curr: (-1.06,  0.83), (  1.40,   1.40)   Error: 2.52
Last SG, Last State: (  3.32,   3.31), (  1.40,   1.40)  SG Improvement:-0.00009 

Goal, Curr: (-0.94,  0.87), (  1.40,   1.40)   Error: 2.39
Last SG, Last State: (  3.31,   3.30), (  1.40,   1.40)  SG Improvement:-0.00019 

Goal, Curr: (-1.00,  1.00), (  1.40,   1.40)   Error: 2.43
Last SG, Last State: (  3.33,   3.32), (  1.40,   1.40)  SG Improvement:-0.00057 

Goal, Curr: (-1.15,  0.75), (  1.40,   1.40)   Error: 2.63
Last SG, Last State: (  3.33,   3.32), (  1.40,   1.40)  SG Improvement:-0.00018 

Goal, Curr: (-1.02,  1.24), (  1.40,   1.40)   Error: 2.42
Last SG, Last State: (  3.35,   3.34), (  1.40,   1.40)  SG Improvement:-0.00022 

Goal, Curr: (-1.01,  0.99), (  1.40,   1.40)   Error: 2.45
Last SG, Last State: (  3.33,   3.32), (  1.40,   1.40)  SG Improvement:-0.00002 

Goal, Curr: (-0.80,  1.13), (  1.40,   1.40)   Error: 2.21
Last SG, Last State: (  3.33,   3.32), (  1.40,   1.40)  SG Improvement:-0.00065 

Goal, Curr: (-0.76,  0.80), (  1.40,   1.40)   Error: 2.24
Last SG, Last State: (  3.28,   3.27), (  1.40,   1.40)  SG Improvement:-0.00028 

Goal, Curr: (-1.15,  1.21), (  1.40,   1.40)   Error: 2.55
Last SG, Last State: (  3.36,   3.35), (  1.40,   1.40)  SG Improvement:-0.00049 

Goal, Curr: (-1.06,  1.17), (  1.40,   1.40)   Error: 2.47
Last SG, Last State: (  3.35,   3.34), (  1.40,   1.40)  SG Improvement:-0.00036 

Goal, Curr: (-0.85,  0.95), (  1.40,   1.40)   Error: 2.30
Last SG, Last State: (  3.31,   3.30), (  1.40,   1.40)  SG Improvement:-0.00019 

Goal, Curr: (-1.08,  1.15), (  1.40,   1.40)   Error: 2.49
Last SG, Last State: (  3.35,   3.34), (  1.40,   1.40)  SG Improvement:-0.00017 

Goal, Curr: (-1.19,  0.82), (  1.40,   1.40)   Error: 2.66
Last SG, Last State: (  3.33,   3.32), (  1.40,   1.40)  SG Improvement:-0.00019 

Goal, Curr: (-0.82,  1.10), (  1.40,   1.40)   Error: 2.24
Last SG, Last State: (  3.33,   3.32), (  1.40,   1.40)  SG Improvement:-0.00034 

episode:00400, mean:6.43, std:0.47, median:6.39, success:0.00
Goal, Curr: (-0.76,  1.23), (  1.40,   1.40)   Error: 2.16
Last SG, Last State: (  2.86,   1.24), (  1.40,   1.40)  SG Improvement:-0.01052 

Goal, Curr: (-1.00,  1.05), (  1.40,   1.40)   Error: 2.42
Last SG, Last State: (  2.86,   1.23), (  1.40,   1.40)  SG Improvement:0.00786 

Goal, Curr: (-1.06,  1.06), (  1.40,   1.40)   Error: 2.48
Last SG, Last State: (  2.98,   1.46), (  1.40,   1.40)  SG Improvement:-0.00834 

Goal, Curr: (-0.99,  0.91), (  1.40,   1.40)   Error: 2.44
Last SG, Last State: (  2.79,   1.15), (  1.40,   1.40)  SG Improvement:-0.00683 

Goal, Curr: (-0.85,  1.21), (  1.40,   1.40)   Error: 2.25
Last SG, Last State: (  2.89,   1.29), (  1.40,   1.40)  SG Improvement:-0.02473 

Goal, Curr: (-1.24,  1.16), (  1.24,   1.40)   Error: 2.49
Last SG, Last State: (  3.07,   2.17), (  1.26,   1.40)  SG Improvement:-0.00099 

Goal, Curr: (-1.18,  0.84), (  1.40,   1.40)   Error: 2.64
Last SG, Last State: (  2.86,   1.24), (  1.40,   1.40)  SG Improvement:0.00422 

Goal, Curr: (-0.89,  0.94), (  1.40,   1.40)   Error: 2.34
Last SG, Last State: (  2.73,   1.06), (  1.40,   1.40)  SG Improvement:-0.00099 

Goal, Curr: (-0.90,  0.92), (  1.40,   1.40)   Error: 2.35
Last SG, Last State: (  2.72,   1.05), (  1.40,   1.40)  SG Improvement:0.00039 

Goal, Curr: (-0.83,  0.75), (  1.40,   1.40)   Error: 2.32
Last SG, Last State: (  2.50,   0.83), (  1.40,   1.40)  SG Improvement:-0.00960 

Goal, Curr: (-0.85,  1.04), (  1.40,   1.40)   Error: 2.28
Last SG, Last State: (  2.78,   1.12), (  1.40,   1.40)  SG Improvement:-0.00473 

Goal, Curr: (-0.99,  1.19), (  1.40,   1.40)   Error: 2.40
Last SG, Last State: (  2.98,   1.45), (  1.40,   1.40)  SG Improvement:-0.00985 

Goal, Curr: (-0.82,  0.96), (  1.40,   1.40)   Error: 2.26
Last SG, Last State: (  2.69,   1.02), (  1.40,   1.40)  SG Improvement:-0.00614 

Goal, Curr: (-0.97,  0.92), (  1.40,   1.40)   Error: 2.41
Last SG, Last State: (  2.78,   1.13), (  1.40,   1.40)  SG Improvement:-0.00131 

Goal, Curr: (-1.18,  0.96), (  1.40,   1.40)   Error: 2.61
Last SG, Last State: (  2.95,   1.39), (  1.40,   1.40)  SG Improvement:-0.01284 

Goal, Curr: (-1.15,  0.91), (  1.40,   1.40)   Error: 2.60
Last SG, Last State: (  2.90,   1.30), (  1.40,   1.40)  SG Improvement:-0.00584 

Goal, Curr: (-1.04,  0.78), (  1.40,   1.40)   Error: 2.51
Last SG, Last State: (  2.73,   1.06), (  1.40,   1.40)  SG Improvement:-0.00960 

Goal, Curr: (-1.06,  0.85), (  1.40,   1.40)   Error: 2.52
Last SG, Last State: (  2.79,   1.14), (  1.40,   1.40)  SG Improvement:0.00210 

Goal, Curr: (-1.03,  1.19), (  1.40,   1.40)   Error: 2.44
Last SG, Last State: (  3.01,   1.49), (  1.40,   1.40)  SG Improvement:-0.00581 

Goal, Curr: (-0.83,  0.77), (  1.40,   1.40)   Error: 2.32
Last SG, Last State: (  2.51,   0.84), (  1.40,   1.40)  SG Improvement:0.00440 

Goal, Curr: (-1.04,  0.82), (  1.40,   1.40)   Error: 2.51
Last SG, Last State: (  2.77,   1.13), (  1.40,   1.40)  SG Improvement:-0.00874 

Goal, Curr: (-1.01,  0.97), (  1.40,   1.40)   Error: 2.45
Last SG, Last State: (  2.85,   1.22), (  1.40,   1.40)  SG Improvement:-0.00096 

Goal, Curr: (-0.91,  0.76), (  1.40,   1.40)   Error: 2.40
Last SG, Last State: (  2.62,   0.95), (  1.40,   1.40)  SG Improvement:-0.03792 

Goal, Curr: (-1.04,  0.90), (  1.40,   1.40)   Error: 2.49
Last SG, Last State: (  2.83,   1.20), (  1.40,   1.40)  SG Improvement:-0.01072 

Goal, Curr: (-0.81,  1.22), (  1.40,   1.40)   Error: 2.21
Last SG, Last State: (  2.87,   1.24), (  1.40,   1.40)  SG Improvement:0.00021 

Goal, Curr: (-1.24,  0.85), (  1.40,   1.40)   Error: 2.69
Last SG, Last State: (  2.93,   1.35), (  1.40,   1.40)  SG Improvement:-0.01763 

Goal, Curr: (-0.98,  0.97), (  1.40,   1.40)   Error: 2.42
Last SG, Last State: (  2.83,   1.19), (  1.40,   1.40)  SG Improvement:-0.00289 

Goal, Curr: (-0.90,  1.08), (  1.40,   1.40)   Error: 2.32
Last SG, Last State: (  2.83,   1.19), (  1.40,   1.40)  SG Improvement:0.00581 

Goal, Curr: (-0.83,  1.10), (  1.40,   1.40)   Error: 2.24
Last SG, Last State: (  2.80,   1.15), (  1.40,   1.40)  SG Improvement:-0.00053 

Goal, Curr: (-1.19,  1.13), (  1.34,   1.40)   Error: 2.55
Last SG, Last State: (  3.07,   1.90), (  1.34,   1.40)  SG Improvement:0.00636 

Goal, Curr: (-1.12,  0.98), (  1.40,   1.40)   Error: 2.56
Last SG, Last State: (  3.00,   1.53), (  1.40,   1.40)  SG Improvement:-0.04803 

Goal, Curr: (-1.18,  1.16), (  1.31,   1.40)   Error: 2.50
Last SG, Last State: (  3.09,   2.00), (  1.32,   1.40)  SG Improvement:-0.00878 

Goal, Curr: (-1.07,  0.94), (  1.40,   1.40)   Error: 2.52
Last SG, Last State: (  2.84,   1.19), (  1.40,   1.40)  SG Improvement:0.01409 

Goal, Curr: (-0.85,  1.09), (  1.40,   1.40)   Error: 2.27
Last SG, Last State: (  2.80,   1.15), (  1.40,   1.40)  SG Improvement:0.01026 

Goal, Curr: (-0.81,  1.07), (  1.40,   1.40)   Error: 2.23
Last SG, Last State: (  2.76,   1.10), (  1.40,   1.40)  SG Improvement:0.00552 

Goal, Curr: (-0.82,  1.02), (  1.40,   1.40)   Error: 2.25
Last SG, Last State: (  2.74,   1.07), (  1.40,   1.40)  SG Improvement:0.00003 

Goal, Curr: (-0.77,  0.94), (  1.40,   1.40)   Error: 2.22
Last SG, Last State: (  2.61,   0.93), (  1.40,   1.40)  SG Improvement:0.01556 

Goal, Curr: (-1.12,  1.14), (  1.32,   1.40)   Error: 2.45
Last SG, Last State: (  3.04,   1.88), (  1.31,   1.40)  SG Improvement:0.01578 

Goal, Curr: (-0.91,  0.79), (  1.40,   1.40)   Error: 2.39
Last SG, Last State: (  2.63,   0.96), (  1.40,   1.40)  SG Improvement:-0.02998 

Goal, Curr: (-0.89,  0.85), (  1.40,   1.40)   Error: 2.35
Last SG, Last State: (  2.65,   0.98), (  1.40,   1.40)  SG Improvement:0.00297 

Goal, Curr: (-1.14,  1.18), (  1.32,   1.40)   Error: 2.47
Last SG, Last State: (  3.08,   1.96), (  1.32,   1.40)  SG Improvement:-0.00077 

Goal, Curr: (-1.15,  1.13), (  1.40,   1.40)   Error: 2.56
Last SG, Last State: (  3.07,   1.65), (  1.40,   1.40)  SG Improvement:-0.00330 

Goal, Curr: (-1.24,  1.23), (  1.22,   1.40)   Error: 2.47
Last SG, Last State: (  3.07,   2.24), (  1.24,   1.40)  SG Improvement:-0.00163 

Goal, Curr: (-0.85,  1.19), (  1.40,   1.40)   Error: 2.26
Last SG, Last State: (  2.89,   1.27), (  1.40,   1.40)  SG Improvement:-0.02507 

Goal, Curr: (-0.92,  0.86), (  1.34,   1.40)   Error: 2.33
Last SG, Last State: (  2.88,   1.62), (  1.31,   1.40)  SG Improvement:0.08223 

Goal, Curr: (-0.98,  1.14), (  1.40,   1.40)   Error: 2.39
Last SG, Last State: (  2.96,   1.44), (  1.40,   1.40)  SG Improvement:-0.16436 

Goal, Curr: (-0.78,  0.81), (  1.40,   1.40)   Error: 2.25
Last SG, Last State: (  2.49,   0.82), (  1.40,   1.40)  SG Improvement:-0.00740 

Goal, Curr: (-0.96,  1.13), (  1.40,   1.40)   Error: 2.37
Last SG, Last State: (  2.93,   1.37), (  1.40,   1.40)  SG Improvement:-0.26643 

Goal, Curr: (-1.04,  0.91), (  1.40,   1.40)   Error: 2.48
Last SG, Last State: (  2.82,   1.18), (  1.40,   1.40)  SG Improvement:0.00298 

Goal, Curr: (-0.98,  0.85), (  1.40,   1.40)   Error: 2.44
Last SG, Last State: (  2.73,   1.07), (  1.40,   1.40)  SG Improvement:-0.00025 

episode:00500, mean:6.35, std:0.44, median:6.35, success:0.00
Goal, Curr: (-1.08,  0.89), (  1.16,   0.24)   Error: 2.34
Last SG, Last State: (  2.16,  -0.15), (  1.16,   0.23)  SG Improvement:0.11632 

Goal, Curr: (-0.95,  0.79), (  1.24,   0.19)   Error: 2.27
Last SG, Last State: (  1.99,  -0.48), (  1.24,   0.18)  SG Improvement:0.00301 

Goal, Curr: (-1.18,  1.02), (  1.28,   0.06)   Error: 2.64
Last SG, Last State: (  2.29,  -0.42), (  1.29,   0.08)  SG Improvement:-0.08552 

Goal, Curr: (-0.95,  1.02), (  1.18,   0.23)   Error: 2.27
Last SG, Last State: (  2.13,  -0.26), (  1.18,   0.23)  SG Improvement:-0.00685 

Goal, Curr: (-1.03,  1.08), (  1.30,   0.15)   Error: 2.50
Last SG, Last State: (  2.25,  -0.38), (  1.29,   0.15)  SG Improvement:-0.02948 

Goal, Curr: (-1.10,  1.05), (  1.29,   0.16)   Error: 2.55
Last SG, Last State: (  2.26,  -0.37), (  1.29,   0.16)  SG Improvement:-0.02506 

Goal, Curr: (-1.16,  1.09), (  1.30,   0.04)   Error: 2.68
Last SG, Last State: (  2.75,   0.36), (  1.30,   0.04)  SG Improvement:-0.10533 

Goal, Curr: (-1.03,  0.93), (  1.24,   0.19)   Error: 2.39
Last SG, Last State: (  2.13,  -0.37), (  1.24,   0.18)  SG Improvement:-0.03601 

Goal, Curr: (-1.23,  0.90), (  1.16,   0.25)   Error: 2.47
Last SG, Last State: (  2.24,  -0.08), (  1.16,   0.25)  SG Improvement:0.10608 

Goal, Curr: (-1.02,  1.00), (  1.12,   0.23)   Error: 2.28
Last SG, Last State: (  2.10,  -0.23), (  1.12,   0.23)  SG Improvement:-0.14772 

Goal, Curr: (-0.84,  1.17), (  1.19,   0.26)   Error: 2.22
Last SG, Last State: (  2.15,  -0.22), (  1.18,   0.25)  SG Improvement:-0.00295 

Goal, Curr: (-1.21,  1.13), (  1.29,   0.09)   Error: 2.71
Last SG, Last State: (  2.82,   0.50), (  1.29,   0.04)  SG Improvement:0.09931 

Goal, Curr: (-1.07,  1.10), (  1.22,   0.22)   Error: 2.46
Last SG, Last State: (  2.23,  -0.27), (  1.22,   0.21)  SG Improvement:-0.02481 

Goal, Curr: (-1.14,  0.98), (  1.20,   0.26)   Error: 2.44
Last SG, Last State: (  2.22,  -0.19), (  1.20,   0.25)  SG Improvement:-0.00396 

Goal, Curr: (-1.02,  1.22), (  1.16,   0.26)   Error: 2.38
Last SG, Last State: (  2.31,   0.02), (  1.16,   0.26)  SG Improvement:0.27628 

Goal, Curr: (-0.79,  1.22), (  1.24,   0.21)   Error: 2.27
Last SG, Last State: (  2.17,  -0.32), (  1.23,   0.20)  SG Improvement:-0.02105 

Goal, Curr: (-1.03,  0.88), (  1.27,   0.19)   Error: 2.40
Last SG, Last State: (  2.12,  -0.42), (  1.27,   0.18)  SG Improvement:-0.00375 

Goal, Curr: (-0.88,  1.02), (  1.21,   0.19)   Error: 2.25
Last SG, Last State: (  2.09,  -0.37), (  1.20,   0.17)  SG Improvement:-0.03441 

Goal, Curr: (-1.20,  1.17), (  1.20,   0.27)   Error: 2.56
Last SG, Last State: (  2.31,  -0.17), (  1.21,   0.28)  SG Improvement:0.00779 

Goal, Curr: (-0.84,  1.25), (  1.29,   0.16)   Error: 2.39
Last SG, Last State: (  2.23,  -0.39), (  1.29,   0.16)  SG Improvement:-0.02414 

Goal, Curr: (-1.20,  0.95), (  1.22,   0.22)   Error: 2.53
Last SG, Last State: (  2.24,  -0.24), (  1.22,   0.21)  SG Improvement:-0.00723 

Goal, Curr: (-0.77,  0.95), (  1.11,   0.13)   Error: 2.06
Last SG, Last State: (  2.06,  -0.17), (  1.11,   0.11)  SG Improvement:0.37750 

Goal, Curr: (-0.94,  0.87), (  1.22,   0.17)   Error: 2.27
Last SG, Last State: (  2.04,  -0.42), (  1.21,   0.16)  SG Improvement:-0.00735 

Goal, Curr: (-0.85,  0.79), (  1.20,   0.19)   Error: 2.14
Last SG, Last State: (  1.92,  -0.47), (  1.20,   0.17)  SG Improvement:0.00212 

Goal, Curr: (-1.21,  1.23), (  1.36,   0.11)   Error: 2.80
Last SG, Last State: (  2.46,  -0.33), (  1.36,   0.13)  SG Improvement:-0.10900 

Goal, Curr: (-1.20,  0.95), (  1.29,   0.14)   Error: 2.61
Last SG, Last State: (  2.26,  -0.40), (  1.29,   0.15)  SG Improvement:-0.05222 

Goal, Curr: (-1.10,  1.06), (  1.27,   0.18)   Error: 2.53
Last SG, Last State: (  2.26,  -0.33), (  1.27,   0.18)  SG Improvement:-0.01845 

Goal, Curr: (-1.20,  1.02), (  1.16,   0.26)   Error: 2.49
Last SG, Last State: (  2.23,  -0.16), (  1.17,   0.26)  SG Improvement:-0.02766 

Goal, Curr: (-1.19,  0.84), (  1.28,   0.17)   Error: 2.56
Last SG, Last State: (  2.19,  -0.40), (  1.28,   0.16)  SG Improvement:-0.02362 

Goal, Curr: (-0.94,  0.96), (  1.25,   0.16)   Error: 2.33
Last SG, Last State: (  2.10,  -0.42), (  1.25,   0.15)  SG Improvement:-0.00068 

Goal, Curr: (-1.22,  0.83), (  1.17,   0.24)   Error: 2.46
Last SG, Last State: (  2.10,  -0.36), (  1.16,   0.23)  SG Improvement:-0.38818 

Goal, Curr: (-1.13,  1.10), (  1.22,   0.18)   Error: 2.52
Last SG, Last State: (  2.39,  -0.00), (  1.22,   0.18)  SG Improvement:0.36994 

Goal, Curr: (-1.17,  1.10), (  1.17,   0.25)   Error: 2.50
Last SG, Last State: (  2.27,  -0.14), (  1.18,   0.26)  SG Improvement:-0.04117 

Goal, Curr: (-1.09,  1.11), (  1.29,   0.08)   Error: 2.59
Last SG, Last State: (  2.59,   0.08), (  1.29,   0.09)  SG Improvement:0.41143 

Goal, Curr: (-1.10,  0.97), (  1.18,   0.24)   Error: 2.40
Last SG, Last State: (  2.22,  -0.12), (  1.18,   0.23)  SG Improvement:0.14596 

Goal, Curr: (-0.82,  1.11), (  1.22,   0.17)   Error: 2.24
Last SG, Last State: (  2.10,  -0.39), (  1.21,   0.15)  SG Improvement:-0.08474 

Goal, Curr: (-0.88,  0.96), (  1.24,   0.17)   Error: 2.26
Last SG, Last State: (  2.06,  -0.43), (  1.23,   0.15)  SG Improvement:-0.00445 

Goal, Curr: (-0.91,  1.12), (  1.19,   0.23)   Error: 2.28
Last SG, Last State: (  2.18,  -0.21), (  1.18,   0.22)  SG Improvement:0.04170 

Goal, Curr: (-0.84,  0.98), (  1.24,   0.17)   Error: 2.23
Last SG, Last State: (  2.05,  -0.44), (  1.23,   0.16)  SG Improvement:-0.00915 

Goal, Curr: (-0.85,  0.95), (  1.22,   0.17)   Error: 2.21
Last SG, Last State: (  2.03,  -0.43), (  1.21,   0.16)  SG Improvement:-0.00699 

Goal, Curr: (-1.12,  0.90), (  1.16,   0.24)   Error: 2.37
Last SG, Last State: (  2.08,  -0.36), (  1.15,   0.23)  SG Improvement:-0.40934 

Goal, Curr: (-1.09,  1.16), (  1.17,   0.25)   Error: 2.43
Last SG, Last State: (  2.26,  -0.13), (  1.17,   0.26)  SG Improvement:-0.06488 

Goal, Curr: (-1.10,  0.88), (  1.27,   0.16)   Error: 2.48
Last SG, Last State: (  2.17,  -0.38), (  1.26,   0.15)  SG Improvement:0.04731 

Goal, Curr: (-1.03,  0.95), (  1.20,   0.19)   Error: 2.36
Last SG, Last State: (  2.18,  -0.21), (  1.19,   0.18)  SG Improvement:0.16746 

Goal, Curr: (-0.83,  0.98), (  1.14,   0.23)   Error: 2.11
Last SG, Last State: (  2.03,  -0.26), (  1.14,   0.22)  SG Improvement:0.01695 

Goal, Curr: (-0.87,  1.24), (  1.25,   0.21)   Error: 2.36
Last SG, Last State: (  2.22,  -0.30), (  1.24,   0.20)  SG Improvement:-0.01708 

Goal, Curr: (-1.03,  1.22), (  1.17,   0.27)   Error: 2.40
Last SG, Last State: (  2.26,  -0.13), (  1.17,   0.27)  SG Improvement:-0.04411 

Goal, Curr: (-0.99,  1.15), (  1.20,   0.24)   Error: 2.37
Last SG, Last State: (  2.23,  -0.19), (  1.19,   0.23)  SG Improvement:-0.00276 

Goal, Curr: (-0.90,  0.83), (  1.14,   0.14)   Error: 2.16
Last SG, Last State: (  1.93,  -0.47), (  1.13,   0.13)  SG Improvement:-0.24385 

Goal, Curr: (-1.05,  0.85), (  1.16,   0.25)   Error: 2.30
Last SG, Last State: (  2.08,  -0.25), (  1.16,   0.24)  SG Improvement:-0.02188 

episode:00600, mean:6.39, std:0.43, median:6.35, success:0.00
Goal, Curr: (-1.18,  1.20), (  1.40,   1.12)   Error: 2.58
Last SG, Last State: (  1.90,   0.70), (  1.40,   1.09)  SG Improvement:-0.02676 

Goal, Curr: (-0.95,  1.22), (  1.40,   0.85)   Error: 2.37
Last SG, Last State: (  1.90,   0.56), (  1.40,   0.82)  SG Improvement:-0.01854 

Goal, Curr: (-0.95,  0.93), (  1.40,   0.54)   Error: 2.38
Last SG, Last State: (  0.88,  -0.86), (  1.40,   0.50)  SG Improvement:-1.38269 

Goal, Curr: (-1.08,  0.98), (  1.40,   0.88)   Error: 2.48
Last SG, Last State: (  1.70,   0.36), (  1.40,   0.87)  SG Improvement:-0.05147 

Goal, Curr: (-1.24,  0.87), (  1.40,   0.85)   Error: 2.64
Last SG, Last State: (  1.86,   0.51), (  1.40,   0.83)  SG Improvement:-0.09327 

Goal, Curr: (-0.96,  1.25), (  1.40,   0.92)   Error: 2.38
Last SG, Last State: (  1.92,   0.62), (  1.40,   0.89)  SG Improvement:-0.08088 

Goal, Curr: (-0.89,  1.09), (  1.40,   0.48)   Error: 2.37
Last SG, Last State: (  1.86,   0.33), (  1.40,   0.47)  SG Improvement:-0.00262 

Goal, Curr: (-0.93,  1.11), (  1.40,   0.57)   Error: 2.39
Last SG, Last State: (  1.92,   0.45), (  1.40,   0.53)  SG Improvement:0.06457 

Goal, Curr: (-0.99,  1.04), (  1.40,   0.85)   Error: 2.40
Last SG, Last State: (  1.77,   0.40), (  1.40,   0.83)  SG Improvement:-0.13489 

Goal, Curr: (-0.79,  0.79), (  1.40,   0.55)   Error: 2.20
Last SG, Last State: (  1.68,   0.09), (  1.40,   0.49)  SG Improvement:-0.22295 

Goal, Curr: (-1.21,  1.18), (  1.40,   1.14)   Error: 2.61
Last SG, Last State: (  1.89,   0.71), (  1.40,   1.12)  SG Improvement:-0.02438 

Goal, Curr: (-1.08,  0.85), (  1.40,   0.51)   Error: 2.50
Last SG, Last State: (  2.05,   0.92), (  1.33,   0.44)  SG Improvement:1.04657 

Goal, Curr: (-0.76,  1.24), (  1.40,   0.88)   Error: 2.19
Last SG, Last State: (  1.66,   0.30), (  1.40,   0.87)  SG Improvement:-0.06120 

Goal, Curr: (-1.24,  1.05), (  1.40,   1.05)   Error: 2.64
Last SG, Last State: (  1.84,   0.61), (  1.40,   1.04)  SG Improvement:-0.07849 

Goal, Curr: (-1.13,  0.94), (  1.40,   0.66)   Error: 2.54
Last SG, Last State: (  1.94,   0.52), (  1.40,   0.63)  SG Improvement:-0.03422 

Goal, Curr: (-0.92,  0.90), (  1.40,   0.67)   Error: 2.33
Last SG, Last State: (  1.78,   0.28), (  1.40,   0.61)  SG Improvement:-0.00834 

Goal, Curr: (-1.21,  0.91), (  1.40,   0.88)   Error: 2.61
Last SG, Last State: (  1.93,   0.60), (  1.40,   0.85)  SG Improvement:-0.11321 

Goal, Curr: (-0.83,  0.86), (  1.40,   0.61)   Error: 2.25
Last SG, Last State: (  1.61,   0.02), (  1.40,   0.55)  SG Improvement:-0.06656 

Goal, Curr: (-0.81,  0.78), (  1.40,   0.62)   Error: 2.22
Last SG, Last State: (  1.57,  -0.02), (  1.40,   0.56)  SG Improvement:-0.15079 

Goal, Curr: (-0.77,  1.19), (  1.40,   0.49)   Error: 2.28
Last SG, Last State: (  1.85,   0.32), (  1.40,   0.47)  SG Improvement:0.00638 

Goal, Curr: (-1.18,  0.83), (  1.40,   0.81)   Error: 2.58
Last SG, Last State: (  1.84,   0.45), (  1.40,   0.78)  SG Improvement:-0.10017 

Goal, Curr: (-1.11,  1.08), (  1.40,   0.95)   Error: 2.51
Last SG, Last State: (  1.85,   0.55), (  1.40,   0.93)  SG Improvement:-0.10979 

Goal, Curr: (-0.79,  1.14), (  1.32,   0.33)   Error: 2.26
Last SG, Last State: (  2.42,   1.18), (  1.33,   0.33)  SG Improvement:-0.00044 

Goal, Curr: (-1.01,  0.97), (  1.40,   0.84)   Error: 2.41
Last SG, Last State: (  1.69,   0.31), (  1.40,   0.83)  SG Improvement:-0.06451 

Goal, Curr: (-1.23,  1.11), (  1.40,   1.08)   Error: 2.63
Last SG, Last State: (  1.90,   0.68), (  1.40,   1.05)  SG Improvement:-0.02670 

Goal, Curr: (-1.01,  1.20), (  1.40,   0.90)   Error: 2.43
Last SG, Last State: (  1.99,   0.68), (  1.40,   0.86)  SG Improvement:-0.08463 

Goal, Curr: (-1.10,  0.82), (  1.40,   0.34)   Error: 2.55
Last SG, Last State: (  1.89,   0.30), (  1.40,   0.32)  SG Improvement:0.00853 

Goal, Curr: (-1.05,  1.11), (  1.40,   0.75)   Error: 2.48
Last SG, Last State: (  1.99,   0.62), (  1.40,   0.71)  SG Improvement:-0.03438 

Goal, Curr: (-0.96,  1.21), (  1.40,   0.93)   Error: 2.37
Last SG, Last State: (  1.83,   0.53), (  1.40,   0.92)  SG Improvement:-0.13369 

Goal, Curr: (-1.04,  0.75), (  1.33,   0.13)   Error: 2.45
Last SG, Last State: (  2.41,   1.02), (  1.34,   0.12)  SG Improvement:-0.00196 

Goal, Curr: (-0.83,  1.06), (  1.18,   0.40)   Error: 2.11
Last SG, Last State: (  2.80,   1.78), (  1.25,   0.29)  SG Improvement:-0.29147 

Goal, Curr: (-1.05,  0.96), (  1.40,   0.86)   Error: 2.45
Last SG, Last State: (  1.72,   0.36), (  1.40,   0.85)  SG Improvement:-0.10717 

Goal, Curr: (-0.88,  0.95), (  1.32,   0.22)   Error: 2.32
Last SG, Last State: (  2.40,   1.10), (  1.32,   0.22)  SG Improvement:-0.00093 

Goal, Curr: (-1.07,  1.20), (  1.40,   0.97)   Error: 2.47
Last SG, Last State: (  1.91,   0.63), (  1.40,   0.95)  SG Improvement:-0.02679 

Goal, Curr: (-0.99,  1.19), (  1.40,   0.93)   Error: 2.40
Last SG, Last State: (  1.82,   0.52), (  1.40,   0.92)  SG Improvement:-0.11915 

Goal, Curr: (-0.97,  0.76), (  1.24,   0.27)   Error: 2.26
Last SG, Last State: (  2.64,   1.47), (  1.30,   0.18)  SG Improvement:-0.14508 

Goal, Curr: (-0.75,  1.11), (  1.06,   0.64)   Error: 1.87
Last SG, Last State: (  2.35,   1.49), (  1.11,   0.57)  SG Improvement:-0.00067 

Goal, Curr: (-0.75,  1.03), (  1.32,   0.12)   Error: 2.27
Last SG, Last State: (  2.39,   1.01), (  1.33,   0.12)  SG Improvement:-0.00170 

Goal, Curr: (-0.91,  1.07), (  1.40,   0.46)   Error: 2.39
Last SG, Last State: (  1.88,   0.34), (  1.40,   0.45)  SG Improvement:-0.00130 

Goal, Curr: (-1.04,  1.04), (  1.40,   0.88)   Error: 2.45
Last SG, Last State: (  1.72,   0.38), (  1.40,   0.88)  SG Improvement:-0.04672 

Goal, Curr: (-1.16,  1.15), (  1.40,   1.05)   Error: 2.56
Last SG, Last State: (  1.91,   0.68), (  1.40,   1.02)  SG Improvement:-0.02654 

Goal, Curr: (-0.77,  0.89), (  1.40,   0.45)   Error: 2.21
Last SG, Last State: (  1.74,   0.12), (  1.40,   0.40)  SG Improvement:-0.05651 

Goal, Curr: (-0.88,  1.14), (  1.40,   0.86)   Error: 2.30
Last SG, Last State: (  1.68,   0.31), (  1.40,   0.85)  SG Improvement:-0.03713 

Goal, Curr: (-1.06,  1.00), (  1.39,   0.53)   Error: 2.49
Last SG, Last State: (  1.85,   0.38), (  1.38,   0.53)  SG Improvement:-0.00708 

Goal, Curr: (-1.08,  1.02), (  1.40,   0.90)   Error: 2.48
Last SG, Last State: (  1.76,   0.43), (  1.40,   0.89)  SG Improvement:-0.10938 

Goal, Curr: (-1.16,  0.77), (  1.40,   0.79)   Error: 2.56
Last SG, Last State: (  1.77,   0.36), (  1.40,   0.76)  SG Improvement:-0.13156 

Goal, Curr: (-0.87,  1.17), (  1.40,   0.64)   Error: 2.33
Last SG, Last State: (  1.93,   0.48), (  1.40,   0.60)  SG Improvement:-0.05503 

Goal, Curr: (-0.99,  1.04), (  1.40,   0.87)   Error: 2.40
Last SG, Last State: (  1.76,   0.40), (  1.40,   0.85)  SG Improvement:-0.15040 

Goal, Curr: (-1.07,  0.83), (  1.40,   0.63)   Error: 2.48
Last SG, Last State: (  1.83,   0.33), (  1.40,   0.58)  SG Improvement:-0.00943 

Goal, Curr: (-0.87,  1.11), (  1.40,   0.47)   Error: 2.36
Last SG, Last State: (  1.87,   0.34), (  1.40,   0.46)  SG Improvement:-0.00276 

episode:00700, mean:6.54, std:0.32, median:6.54, success:0.00
Goal, Curr: (-0.75,  0.85), (  1.40,  -1.40)   Error: 3.11
Last SG, Last State: (  0.12,   0.39), (  1.40,  -1.40)  SG Improvement:-0.00328 

Goal, Curr: (-1.08,  1.04), (  1.40,  -1.40)   Error: 3.48
Last SG, Last State: (  0.11,   0.51), (  1.40,  -1.40)  SG Improvement:0.00041 

Goal, Curr: (-0.88,  1.16), (  1.40,  -1.40)   Error: 3.43
Last SG, Last State: (  0.11,   0.50), (  1.40,  -1.40)  SG Improvement:0.00000 

Goal, Curr: (-0.87,  1.06), (  1.40,  -1.40)   Error: 3.34
Last SG, Last State: (  0.23,   0.49), (  1.40,  -1.40)  SG Improvement:-0.00193 

Goal, Curr: (-0.94,  1.09), (  1.40,  -1.40)   Error: 3.42
Last SG, Last State: (  0.25,   0.51), (  1.40,  -1.40)  SG Improvement:-0.00231 

Goal, Curr: (-1.20,  0.84), (  1.40,  -1.40)   Error: 3.43
Last SG, Last State: (  0.11,   0.50), (  1.40,  -1.40)  SG Improvement:0.00000 

Goal, Curr: (-1.19,  0.83), (  1.40,  -1.40)   Error: 3.42
Last SG, Last State: (  0.11,   0.50), (  1.40,  -1.40)  SG Improvement:-0.00000 

Goal, Curr: (-0.76,  1.14), (  1.40,  -1.40)   Error: 3.33
Last SG, Last State: (  0.12,   0.47), (  1.40,  -1.40)  SG Improvement:-0.00416 

Goal, Curr: (-1.00,  1.09), (  1.40,  -1.40)   Error: 3.46
Last SG, Last State: (  0.14,   0.50), (  1.40,  -1.40)  SG Improvement:-0.01038 

Goal, Curr: (-1.12,  0.82), (  1.40,  -1.40)   Error: 3.36
Last SG, Last State: (  0.25,   0.49), (  1.40,  -1.40)  SG Improvement:-0.00217 

Goal, Curr: (-1.25,  1.04), (  1.40,  -1.40)   Error: 3.60
Last SG, Last State: ( -0.03,   0.53), (  1.40,  -1.40)  SG Improvement:-0.04022 

Goal, Curr: (-1.20,  1.20), (  1.40,  -1.40)   Error: 3.67
Last SG, Last State: ( -0.03,   0.54), (  1.40,  -1.40)  SG Improvement:-0.09416 

Goal, Curr: (-1.24,  0.85), (  1.40,  -1.40)   Error: 3.46
Last SG, Last State: (  0.11,   0.51), (  1.40,  -1.40)  SG Improvement:0.00024 

Goal, Curr: (-0.91,  1.08), (  1.40,  -1.40)   Error: 3.38
Last SG, Last State: (  0.11,   0.49), (  1.40,  -1.40)  SG Improvement:0.00000 

Goal, Curr: (-1.03,  1.02), (  1.40,  -1.40)   Error: 3.43
Last SG, Last State: (  0.10,   0.50), (  1.40,  -1.40)  SG Improvement:-0.00295 

Goal, Curr: (-0.83,  1.07), (  1.40,  -1.40)   Error: 3.32
Last SG, Last State: (  0.10,   0.47), (  1.40,  -1.40)  SG Improvement:-0.00000 

Goal, Curr: (-0.84,  0.85), (  1.40,  -1.40)   Error: 3.18
Last SG, Last State: (  0.11,   0.42), (  1.40,  -1.40)  SG Improvement:0.00000 

Goal, Curr: (-1.04,  0.99), (  1.40,  -1.40)   Error: 3.41
Last SG, Last State: (  0.15,   0.50), (  1.40,  -1.40)  SG Improvement:-0.00388 

Goal, Curr: (-0.90,  0.90), (  1.40,  -1.40)   Error: 3.25
Last SG, Last State: (  0.08,   0.44), (  1.40,  -1.40)  SG Improvement:-0.00572 

Goal, Curr: (-1.13,  1.24), (  1.40,  -1.40)   Error: 3.65
Last SG, Last State: (  0.10,   0.54), (  1.40,  -1.40)  SG Improvement:-0.01409 

Goal, Curr: (-0.82,  0.80), (  1.40,  -1.40)   Error: 3.12
Last SG, Last State: (  0.11,   0.39), (  1.40,  -1.40)  SG Improvement:-0.00000 

Goal, Curr: (-0.99,  1.08), (  1.40,  -1.40)   Error: 3.45
Last SG, Last State: (  0.12,   0.51), (  1.40,  -1.40)  SG Improvement:-0.00549 

Goal, Curr: (-1.21,  1.11), (  1.40,  -1.40)   Error: 3.61
Last SG, Last State: (  0.12,   0.54), (  1.40,  -1.40)  SG Improvement:-0.00046 

Goal, Curr: (-0.88,  0.89), (  1.40,  -1.40)   Error: 3.23
Last SG, Last State: (  0.10,   0.44), (  1.40,  -1.40)  SG Improvement:0.00000 

Goal, Curr: (-1.06,  1.10), (  1.40,  -1.40)   Error: 3.50
Last SG, Last State: (  0.11,   0.52), (  1.40,  -1.40)  SG Improvement:-0.00199 

Goal, Curr: (-1.11,  0.93), (  1.40,  -1.40)   Error: 3.42
Last SG, Last State: ( -0.02,   0.49), (  1.40,  -1.40)  SG Improvement:0.01850 

Goal, Curr: (-0.86,  1.16), (  1.40,  -1.40)   Error: 3.42
Last SG, Last State: (  0.21,   0.50), (  1.40,  -1.40)  SG Improvement:-0.00267 

Goal, Curr: (-0.93,  1.19), (  1.40,  -1.40)   Error: 3.49
Last SG, Last State: (  0.21,   0.52), (  1.40,  -1.40)  SG Improvement:-0.00320 

Goal, Curr: (-1.11,  0.84), (  1.40,  -1.40)   Error: 3.36
Last SG, Last State: (  0.14,   0.46), (  1.40,  -1.40)  SG Improvement:0.00633 

Goal, Curr: (-1.13,  0.83), (  1.40,  -1.40)   Error: 3.38
Last SG, Last State: (  0.13,   0.47), (  1.40,  -1.40)  SG Improvement:-0.00707 

Goal, Curr: (-0.77,  0.92), (  1.40,  -1.40)   Error: 3.17
Last SG, Last State: (  0.09,   0.41), (  1.40,  -1.40)  SG Improvement:-0.00435 

Goal, Curr: (-0.79,  0.95), (  1.40,  -1.40)   Error: 3.21
Last SG, Last State: (  0.30,   0.45), (  1.40,  -1.40)  SG Improvement:-0.00331 

Goal, Curr: (-0.76,  1.25), (  1.40,  -1.40)   Error: 3.42
Last SG, Last State: (  0.10,   0.49), (  1.40,  -1.40)  SG Improvement:-0.00016 

Goal, Curr: (-0.80,  0.82), (  1.40,  -1.40)   Error: 3.13
Last SG, Last State: (  0.11,   0.40), (  1.40,  -1.40)  SG Improvement:-0.00370 

Goal, Curr: (-1.05,  0.95), (  1.40,  -1.40)   Error: 3.39
Last SG, Last State: (  0.11,   0.49), (  1.40,  -1.40)  SG Improvement:0.00004 

Goal, Curr: (-0.95,  0.99), (  1.40,  -1.40)   Error: 3.35
Last SG, Last State: (  0.19,   0.49), (  1.40,  -1.40)  SG Improvement:-0.00249 

Goal, Curr: (-1.20,  1.13), (  1.40,  -1.40)   Error: 3.62
Last SG, Last State: (  0.09,   0.54), (  1.40,  -1.40)  SG Improvement:-0.01627 

Goal, Curr: (-0.97,  0.84), (  1.40,  -1.40)   Error: 3.26
Last SG, Last State: (  0.21,   0.46), (  1.40,  -1.40)  SG Improvement:-0.00161 

Goal, Curr: (-1.17,  0.88), (  1.40,  -1.40)   Error: 3.44
Last SG, Last State: (  0.11,   0.50), (  1.40,  -1.40)  SG Improvement:-0.00001 

Goal, Curr: (-1.03,  0.81), (  1.40,  -1.40)   Error: 3.28
Last SG, Last State: (  0.14,   0.46), (  1.40,  -1.40)  SG Improvement:-0.00340 

Goal, Curr: (-1.00,  1.04), (  1.40,  -1.40)   Error: 3.42
Last SG, Last State: (  0.11,   0.50), (  1.40,  -1.40)  SG Improvement:0.00000 

Goal, Curr: (-1.25,  0.89), (  1.40,  -1.40)   Error: 3.50
Last SG, Last State: ( -0.03,   0.51), (  1.40,  -1.40)  SG Improvement:-0.01326 

Goal, Curr: (-1.17,  1.04), (  1.40,  -1.40)   Error: 3.54
Last SG, Last State: (  0.11,   0.53), (  1.40,  -1.40)  SG Improvement:-0.00188 

Goal, Curr: (-0.82,  1.03), (  1.40,  -1.40)   Error: 3.29
Last SG, Last State: (  0.19,   0.47), (  1.40,  -1.40)  SG Improvement:-0.00193 

Goal, Curr: (-0.90,  0.84), (  1.40,  -1.40)   Error: 3.21
Last SG, Last State: (  0.26,   0.45), (  1.40,  -1.40)  SG Improvement:-0.00213 

Goal, Curr: (-0.82,  0.85), (  1.40,  -1.40)   Error: 3.16
Last SG, Last State: (  0.17,   0.42), (  1.40,  -1.40)  SG Improvement:-0.00138 

Goal, Curr: (-0.81,  1.12), (  1.40,  -1.40)   Error: 3.35
Last SG, Last State: (  0.09,   0.48), (  1.40,  -1.40)  SG Improvement:-0.01139 

Goal, Curr: (-0.90,  0.97), (  1.40,  -1.40)   Error: 3.31
Last SG, Last State: (  0.10,   0.47), (  1.40,  -1.40)  SG Improvement:0.00000 

Goal, Curr: (-1.21,  0.90), (  1.40,  -1.40)   Error: 3.48
Last SG, Last State: (  0.24,   0.52), (  1.40,  -1.40)  SG Improvement:-0.00274 

Goal, Curr: (-0.76,  0.84), (  1.40,  -1.40)   Error: 3.11
Last SG, Last State: (  0.11,   0.39), (  1.40,  -1.40)  SG Improvement:0.00000 

episode:00800, mean:7.27, std:0.44, median:7.25, success:0.00
Goal, Curr: (-0.80,  1.04), (  1.40,  -1.40)   Error: 3.29
Last SG, Last State: ( -0.46,   0.53), (  1.40,  -1.40)  SG Improvement:0.00013 

Goal, Curr: (-0.92,  0.93), (  1.40,  -1.40)   Error: 3.29
Last SG, Last State: ( -0.46,   0.53), (  1.40,  -1.40)  SG Improvement:0.00022 

Goal, Curr: (-1.12,  1.25), (  1.40,  -1.40)   Error: 3.66
Last SG, Last State: ( -0.52,   0.57), (  1.40,  -1.40)  SG Improvement:0.00018 

Goal, Curr: (-0.96,  0.87), (  1.40,  -1.40)   Error: 3.27
Last SG, Last State: ( -0.46,   0.52), (  1.40,  -1.40)  SG Improvement:0.00028 

Goal, Curr: (-1.15,  0.98), (  1.40,  -1.40)   Error: 3.48
Last SG, Last State: ( -0.50,   0.56), (  1.40,  -1.40)  SG Improvement:0.00010 

Goal, Curr: (-1.07,  1.00), (  1.40,  -1.40)   Error: 3.44
Last SG, Last State: ( -0.49,   0.55), (  1.40,  -1.40)  SG Improvement:0.00021 

Goal, Curr: (-0.81,  1.24), (  1.40,  -1.40)   Error: 3.44
Last SG, Last State: ( -0.49,   0.55), (  1.40,  -1.40)  SG Improvement:0.00043 

Goal, Curr: (-1.08,  0.78), (  1.40,  -1.40)   Error: 3.30
Last SG, Last State: ( -0.46,   0.53), (  1.40,  -1.40)  SG Improvement:0.00021 

Goal, Curr: (-1.04,  1.21), (  1.40,  -1.40)   Error: 3.57
Last SG, Last State: ( -0.51,   0.57), (  1.40,  -1.40)  SG Improvement:0.00008 

Goal, Curr: (-0.77,  1.15), (  1.40,  -1.40)   Error: 3.34
Last SG, Last State: ( -0.47,   0.53), (  1.40,  -1.40)  SG Improvement:0.00023 

Goal, Curr: (-1.07,  0.99), (  1.40,  -1.40)   Error: 3.44
Last SG, Last State: ( -0.49,   0.55), (  1.40,  -1.40)  SG Improvement:0.00015 

Goal, Curr: (-0.93,  1.21), (  1.40,  -1.40)   Error: 3.50
Last SG, Last State: ( -0.50,   0.56), (  1.40,  -1.40)  SG Improvement:0.00007 

Goal, Curr: (-0.85,  0.79), (  1.40,  -1.40)   Error: 3.14
Last SG, Last State: ( -0.42,   0.49), (  1.40,  -1.40)  SG Improvement:0.00017 

Goal, Curr: (-1.22,  1.12), (  1.40,  -1.40)   Error: 3.63
Last SG, Last State: ( -0.52,   0.57), (  1.40,  -1.40)  SG Improvement:0.00016 

Goal, Curr: (-1.18,  1.08), (  1.40,  -1.40)   Error: 3.57
Last SG, Last State: ( -0.51,   0.57), (  1.40,  -1.40)  SG Improvement:0.00008 

Goal, Curr: (-0.87,  0.99), (  1.40,  -1.40)   Error: 3.30
Last SG, Last State: ( -0.46,   0.53), (  1.40,  -1.40)  SG Improvement:0.00012 

Goal, Curr: (-1.00,  0.89), (  1.40,  -1.40)   Error: 3.32
Last SG, Last State: ( -0.47,   0.53), (  1.40,  -1.40)  SG Improvement:0.00023 

Goal, Curr: (-1.23,  1.18), (  1.40,  -1.40)   Error: 3.68
Last SG, Last State: ( -0.52,   0.57), (  1.40,  -1.40)  SG Improvement:0.00029 

Goal, Curr: (-1.09,  0.76), (  1.40,  -1.40)   Error: 3.30
Last SG, Last State: ( -0.46,   0.53), (  1.40,  -1.40)  SG Improvement:0.00019 

Goal, Curr: (-0.95,  1.25), (  1.40,  -1.40)   Error: 3.54
Last SG, Last State: ( -0.50,   0.56), (  1.40,  -1.40)  SG Improvement:0.00021 

Goal, Curr: (-0.96,  0.97), (  1.40,  -1.40)   Error: 3.34
Last SG, Last State: ( -0.47,   0.54), (  1.40,  -1.40)  SG Improvement:0.00037 

Goal, Curr: (-1.01,  1.01), (  1.40,  -1.40)   Error: 3.41
Last SG, Last State: ( -0.48,   0.55), (  1.40,  -1.40)  SG Improvement:0.00016 

Goal, Curr: (-0.83,  1.20), (  1.40,  -1.40)   Error: 3.43
Last SG, Last State: ( -0.49,   0.55), (  1.40,  -1.40)  SG Improvement:0.00010 

Goal, Curr: (-1.07,  1.15), (  1.40,  -1.40)   Error: 3.55
Last SG, Last State: ( -0.51,   0.56), (  1.40,  -1.40)  SG Improvement:0.00013 

Goal, Curr: (-0.93,  0.79), (  1.40,  -1.40)   Error: 3.20
Last SG, Last State: ( -0.44,   0.51), (  1.40,  -1.40)  SG Improvement:0.00011 

Goal, Curr: (-0.79,  0.85), (  1.40,  -1.40)   Error: 3.14
Last SG, Last State: ( -0.42,   0.49), (  1.40,  -1.40)  SG Improvement:0.00048 

Goal, Curr: (-0.89,  0.77), (  1.40,  -1.40)   Error: 3.15
Last SG, Last State: ( -0.42,   0.50), (  1.40,  -1.40)  SG Improvement:0.00049 

Goal, Curr: (-0.84,  0.76), (  1.40,  -1.40)   Error: 3.12
Last SG, Last State: ( -0.41,   0.49), (  1.40,  -1.40)  SG Improvement:0.00046 

Goal, Curr: (-0.98,  0.92), (  1.40,  -1.40)   Error: 3.32
Last SG, Last State: ( -0.47,   0.53), (  1.40,  -1.40)  SG Improvement:0.00037 

Goal, Curr: (-0.76,  0.79), (  1.40,  -1.40)   Error: 3.08
Last SG, Last State: ( -0.40,   0.48), (  1.40,  -1.40)  SG Improvement:0.00022 

Goal, Curr: (-0.85,  1.01), (  1.40,  -1.40)   Error: 3.30
Last SG, Last State: ( -0.46,   0.53), (  1.40,  -1.40)  SG Improvement:0.00020 

Goal, Curr: (-1.18,  0.83), (  1.40,  -1.40)   Error: 3.40
Last SG, Last State: ( -0.48,   0.55), (  1.40,  -1.40)  SG Improvement:0.00012 

Goal, Curr: (-0.92,  0.93), (  1.40,  -1.40)   Error: 3.29
Last SG, Last State: ( -0.46,   0.53), (  1.40,  -1.40)  SG Improvement:0.00020 

Goal, Curr: (-0.88,  1.04), (  1.40,  -1.40)   Error: 3.34
Last SG, Last State: ( -0.47,   0.54), (  1.40,  -1.40)  SG Improvement:0.00022 

Goal, Curr: (-1.01,  1.23), (  1.40,  -1.40)   Error: 3.57
Last SG, Last State: ( -0.51,   0.56), (  1.40,  -1.40)  SG Improvement:0.00020 

Goal, Curr: (-0.81,  0.97), (  1.40,  -1.40)   Error: 3.24
Last SG, Last State: ( -0.45,   0.52), (  1.40,  -1.40)  SG Improvement:0.00051 

Goal, Curr: (-1.17,  1.18), (  1.40,  -1.40)   Error: 3.64
Last SG, Last State: ( -0.52,   0.57), (  1.40,  -1.40)  SG Improvement:0.00016 

Goal, Curr: (-0.85,  1.05), (  1.40,  -1.40)   Error: 3.32
Last SG, Last State: ( -0.47,   0.53), (  1.40,  -1.40)  SG Improvement:0.00006 

Goal, Curr: (-1.22,  1.00), (  1.40,  -1.40)   Error: 3.55
Last SG, Last State: ( -0.51,   0.56), (  1.40,  -1.40)  SG Improvement:0.00011 

Goal, Curr: (-1.08,  1.19), (  1.40,  -1.40)   Error: 3.59
Last SG, Last State: ( -0.51,   0.57), (  1.40,  -1.40)  SG Improvement:0.00025 

Goal, Curr: (-1.09,  1.01), (  1.40,  -1.40)   Error: 3.46
Last SG, Last State: ( -0.49,   0.55), (  1.40,  -1.40)  SG Improvement:0.00008 

Goal, Curr: (-1.25,  1.21), (  1.40,  -1.40)   Error: 3.71
Last SG, Last State: ( -0.53,   0.58), (  1.40,  -1.40)  SG Improvement:0.00010 

Goal, Curr: (-1.24,  1.11), (  1.40,  -1.40)   Error: 3.64
Last SG, Last State: ( -0.52,   0.57), (  1.40,  -1.40)  SG Improvement:0.00010 

Goal, Curr: (-1.07,  1.13), (  1.40,  -1.40)   Error: 3.54
Last SG, Last State: ( -0.51,   0.56), (  1.40,  -1.40)  SG Improvement:0.00008 

Goal, Curr: (-0.79,  1.16), (  1.40,  -1.40)   Error: 3.36
Last SG, Last State: ( -0.47,   0.54), (  1.40,  -1.40)  SG Improvement:0.00039 

Goal, Curr: (-0.94,  0.79), (  1.40,  -1.40)   Error: 3.21
Last SG, Last State: ( -0.44,   0.51), (  1.40,  -1.40)  SG Improvement:0.00054 

Goal, Curr: (-0.91,  0.79), (  1.40,  -1.40)   Error: 3.18
Last SG, Last State: ( -0.43,   0.50), (  1.40,  -1.40)  SG Improvement:0.00031 

Goal, Curr: (-1.19,  0.86), (  1.40,  -1.40)   Error: 3.44
Last SG, Last State: ( -0.49,   0.55), (  1.40,  -1.40)  SG Improvement:0.00009 

Goal, Curr: (-0.80,  1.12), (  1.40,  -1.40)   Error: 3.34
Last SG, Last State: ( -0.47,   0.53), (  1.40,  -1.40)  SG Improvement:0.00023 

Goal, Curr: (-1.22,  0.83), (  1.40,  -1.40)   Error: 3.44
Last SG, Last State: ( -0.49,   0.55), (  1.40,  -1.40)  SG Improvement:0.00025 

episode:00900, mean:7.75, std:0.48, median:7.72, success:0.00
Goal, Curr: (-1.10,  0.83), (  1.40,  -1.40)   Error: 3.35
Last SG, Last State: ( -0.59,   0.53), (  1.40,  -1.40)  SG Improvement:0.00019 

Goal, Curr: (-0.75,  1.24), (  1.30,  -1.40)   Error: 3.35
Last SG, Last State: ( -0.90,   0.49), (  1.19,  -1.40)  SG Improvement:-0.06541 

Goal, Curr: (-1.16,  0.84), (  1.40,  -1.40)   Error: 3.40
Last SG, Last State: ( -0.59,   0.54), (  1.40,  -1.40)  SG Improvement:0.01653 

Goal, Curr: (-1.07,  1.12), (  1.40,  -1.40)   Error: 3.53
Last SG, Last State: ( -0.59,   0.56), (  1.40,  -1.40)  SG Improvement:0.00015 

Goal, Curr: (-1.15,  1.06), (  1.40,  -1.40)   Error: 3.54
Last SG, Last State: ( -0.59,   0.56), (  1.40,  -1.40)  SG Improvement:0.00003 

Goal, Curr: (-1.24,  0.92), (  1.40,  -1.40)   Error: 3.52
Last SG, Last State: ( -0.59,   0.56), (  1.40,  -1.40)  SG Improvement:0.00135 

Goal, Curr: (-0.79,  1.21), (  1.40,  -1.40)   Error: 3.41
Last SG, Last State: ( -0.59,   0.54), (  1.40,  -1.40)  SG Improvement:0.00004 

Goal, Curr: (-1.08,  1.11), (  1.40,  -1.40)   Error: 3.53
Last SG, Last State: ( -0.59,   0.56), (  1.40,  -1.40)  SG Improvement:0.00001 

Goal, Curr: (-0.78,  0.90), (  1.40,  -1.40)   Error: 3.17
Last SG, Last State: ( -0.67,   0.37), (  1.40,  -1.40)  SG Improvement:-0.06493 

Goal, Curr: (-1.19,  0.79), (  1.40,  -1.40)   Error: 3.39
Last SG, Last State: ( -0.59,   0.54), (  1.40,  -1.40)  SG Improvement:0.01758 

Goal, Curr: (-0.84,  1.11), (  1.40,  -1.40)   Error: 3.36
Last SG, Last State: ( -0.59,   0.53), (  1.40,  -1.40)  SG Improvement:0.00013 

Goal, Curr: (-0.94,  1.21), (  1.40,  -1.40)   Error: 3.50
Last SG, Last State: ( -0.73,   0.48), (  1.37,  -1.40)  SG Improvement:-0.06613 

Goal, Curr: (-0.86,  1.14), (  1.40,  -1.40)   Error: 3.40
Last SG, Last State: ( -0.59,   0.54), (  1.40,  -1.40)  SG Improvement:0.00046 

Goal, Curr: (-1.06,  0.82), (  1.40,  -1.40)   Error: 3.31
Last SG, Last State: ( -0.59,   0.52), (  1.40,  -1.40)  SG Improvement:0.00005 

Goal, Curr: (-0.86,  1.01), (  1.40,  -1.40)   Error: 3.30
Last SG, Last State: ( -0.59,   0.52), (  1.40,  -1.40)  SG Improvement:0.00056 

Goal, Curr: (-0.91,  0.95), (  1.40,  -1.40)   Error: 3.30
Last SG, Last State: ( -0.59,   0.52), (  1.40,  -1.40)  SG Improvement:0.00001 

Goal, Curr: (-0.90,  1.04), (  1.40,  -1.40)   Error: 3.35
Last SG, Last State: ( -0.59,   0.53), (  1.40,  -1.40)  SG Improvement:0.00044 

Goal, Curr: (-1.18,  1.23), (  1.40,  -1.40)   Error: 3.68
Last SG, Last State: ( -0.60,   0.57), (  1.40,  -1.40)  SG Improvement:0.00000 

Goal, Curr: (-1.21,  1.18), (  1.40,  -1.40)   Error: 3.67
Last SG, Last State: ( -0.60,   0.50), (  1.40,  -1.40)  SG Improvement:-0.69563 

Goal, Curr: (-1.04,  1.14), (  1.40,  -1.40)   Error: 3.52
Last SG, Last State: ( -0.59,   0.56), (  1.40,  -1.40)  SG Improvement:0.01588 

Goal, Curr: (-0.79,  1.02), (  1.40,  -1.40)   Error: 3.26
Last SG, Last State: ( -0.58,   0.52), (  1.40,  -1.40)  SG Improvement:0.00573 

Goal, Curr: (-0.85,  1.02), (  1.40,  -1.40)   Error: 3.31
Last SG, Last State: ( -0.71,   0.43), (  1.37,  -1.40)  SG Improvement:-0.06511 

Goal, Curr: (-1.09,  0.93), (  1.40,  -1.40)   Error: 3.40
Last SG, Last State: ( -0.59,   0.54), (  1.40,  -1.40)  SG Improvement:0.00014 

Goal, Curr: (-0.84,  0.82), (  1.40,  -1.40)   Error: 3.15
Last SG, Last State: ( -0.57,   0.52), (  1.40,  -1.40)  SG Improvement:0.11544 

Goal, Curr: (-1.10,  0.88), (  1.40,  -1.40)   Error: 3.38
Last SG, Last State: ( -0.59,   0.54), (  1.40,  -1.40)  SG Improvement:0.00000 

Goal, Curr: (-0.88,  1.25), (  1.40,  -1.40)   Error: 3.49
Last SG, Last State: ( -0.59,   0.55), (  1.40,  -1.40)  SG Improvement:0.00015 

Goal, Curr: (-0.78,  0.95), (  1.40,  -1.40)   Error: 3.20
Last SG, Last State: ( -0.58,   0.50), (  1.40,  -1.40)  SG Improvement:0.00006 

Goal, Curr: (-0.87,  0.89), (  1.40,  -1.40)   Error: 3.23
Last SG, Last State: ( -0.58,   0.51), (  1.40,  -1.40)  SG Improvement:0.01672 

Goal, Curr: (-1.17,  0.92), (  1.32,  -1.40)   Error: 3.40
Last SG, Last State: ( -0.89,   0.50), (  1.21,  -1.40)  SG Improvement:-0.06628 

Goal, Curr: (-1.02,  1.11), (  1.40,  -1.40)   Error: 3.49
Last SG, Last State: ( -0.59,   0.55), (  1.40,  -1.40)  SG Improvement:0.00466 

Goal, Curr: (-1.02,  1.16), (  1.40,  -1.40)   Error: 3.52
Last SG, Last State: ( -0.59,   0.56), (  1.40,  -1.40)  SG Improvement:0.07281 

Goal, Curr: (-0.79,  1.17), (  1.40,  -1.40)   Error: 3.38
Last SG, Last State: ( -0.58,   0.55), (  1.40,  -1.40)  SG Improvement:0.10215 

Goal, Curr: (-1.04,  0.83), (  1.40,  -1.40)   Error: 3.31
Last SG, Last State: ( -0.58,   0.53), (  1.40,  -1.40)  SG Improvement:0.05325 

Goal, Curr: (-1.22,  0.87), (  1.09,  -1.40)   Error: 3.24
Last SG, Last State: ( -1.12,   0.53), (  0.97,  -1.40)  SG Improvement:-0.06448 

Goal, Curr: (-0.79,  1.13), (  1.24,  -1.40)   Error: 3.24
Last SG, Last State: ( -0.96,   0.48), (  1.13,  -1.40)  SG Improvement:-0.06458 

Goal, Curr: (-1.06,  1.23), (  1.40,  -1.40)   Error: 3.60
Last SG, Last State: ( -0.59,   0.56), (  1.40,  -1.40)  SG Improvement:0.00001 

Goal, Curr: (-1.03,  0.95), (  1.40,  -1.40)   Error: 3.38
Last SG, Last State: ( -0.59,   0.54), (  1.40,  -1.40)  SG Improvement:0.00001 

Goal, Curr: (-1.23,  1.12), (  1.40,  -1.40)   Error: 3.64
Last SG, Last State: ( -0.59,   0.57), (  1.40,  -1.40)  SG Improvement:0.00146 

Goal, Curr: (-0.88,  1.09), (  1.40,  -1.40)   Error: 3.38
Last SG, Last State: ( -0.78,   0.46), (  1.31,  -1.40)  SG Improvement:-0.06579 

Goal, Curr: (-1.20,  1.24), (  1.40,  -1.40)   Error: 3.71
Last SG, Last State: ( -0.60,   0.57), (  1.40,  -1.40)  SG Improvement:0.00016 

Goal, Curr: (-1.03,  1.20), (  1.40,  -1.40)   Error: 3.56
Last SG, Last State: ( -0.67,   0.49), (  1.40,  -1.40)  SG Improvement:-0.86171 

Goal, Curr: (-0.91,  1.21), (  1.40,  -1.40)   Error: 3.48
Last SG, Last State: ( -0.59,   0.55), (  1.40,  -1.40)  SG Improvement:0.00153 

Goal, Curr: (-0.80,  0.80), (  1.40,  -1.40)   Error: 3.11
Last SG, Last State: ( -0.58,   0.47), (  1.40,  -1.40)  SG Improvement:0.00180 

Goal, Curr: (-0.80,  0.99), (  1.40,  -1.40)   Error: 3.25
Last SG, Last State: ( -0.58,   0.51), (  1.40,  -1.40)  SG Improvement:0.00546 

Goal, Curr: (-0.87,  0.85), (  1.40,  -1.40)   Error: 3.20
Last SG, Last State: ( -0.58,   0.50), (  1.40,  -1.40)  SG Improvement:0.00016 

Goal, Curr: (-1.01,  1.16), (  1.40,  -1.40)   Error: 3.51
Last SG, Last State: ( -0.59,   0.56), (  1.40,  -1.40)  SG Improvement:0.01604 

Goal, Curr: (-0.89,  1.01), (  1.40,  -1.40)   Error: 3.32
Last SG, Last State: ( -0.59,   0.53), (  1.40,  -1.40)  SG Improvement:0.00050 

Goal, Curr: (-0.99,  0.78), (  1.40,  -1.40)   Error: 3.23
Last SG, Last State: ( -0.58,   0.51), (  1.40,  -1.40)  SG Improvement:0.00005 

Goal, Curr: (-0.93,  1.10), (  1.40,  -1.40)   Error: 3.42
Last SG, Last State: ( -0.59,   0.54), (  1.40,  -1.40)  SG Improvement:0.00409 

Goal, Curr: (-1.08,  0.85), (  1.02,  -1.40)   Error: 3.08
Last SG, Last State: ( -1.18,   0.52), (  0.91,  -1.40)  SG Improvement:-0.06693 

episode:01000, mean:7.12, std:0.52, median:7.08, success:0.00
Goal, Curr: (-0.88,  1.21), (  1.13,  -1.40)   Error: 3.29
Last SG, Last State: ( -1.04,   0.35), (  1.04,  -1.40)  SG Improvement:-0.06476 

Goal, Curr: (-0.89,  0.83), (  1.40,  -1.40)   Error: 3.20
Last SG, Last State: ( -0.72,   0.09), (  1.33,  -1.40)  SG Improvement:-0.06819 

Goal, Curr: (-1.10,  1.18), (  1.40,  -1.40)   Error: 3.59
Last SG, Last State: ( -0.59,   0.44), (  1.40,  -1.40)  SG Improvement:0.00152 

Goal, Curr: (-1.14,  0.82), (  1.40,  -1.40)   Error: 3.37
Last SG, Last State: ( -0.59,   0.39), (  1.40,  -1.40)  SG Improvement:0.01873 

Goal, Curr: (-1.09,  1.24), (  1.40,  -1.40)   Error: 3.63
Last SG, Last State: ( -0.59,   0.46), (  1.40,  -1.40)  SG Improvement:0.00635 

Goal, Curr: (-1.09,  1.11), (  1.40,  -1.40)   Error: 3.53
Last SG, Last State: ( -0.59,   0.43), (  1.40,  -1.40)  SG Improvement:0.00331 

Goal, Curr: (-1.21,  0.76), (  1.40,  -1.40)   Error: 3.38
Last SG, Last State: ( -0.59,   0.38), (  1.40,  -1.40)  SG Improvement:0.00791 

Goal, Curr: (-0.91,  0.94), (  1.40,  -1.40)   Error: 3.29
Last SG, Last State: ( -0.59,   0.34), (  1.40,  -1.40)  SG Improvement:0.00396 

Goal, Curr: (-1.17,  0.84), (  1.40,  -1.40)   Error: 3.41
Last SG, Last State: ( -0.59,   0.39), (  1.40,  -1.40)  SG Improvement:0.00748 

Goal, Curr: (-0.86,  0.98), (  1.40,  -1.40)   Error: 3.28
Last SG, Last State: ( -0.58,   0.34), (  1.40,  -1.40)  SG Improvement:0.00827 

Goal, Curr: (-0.99,  0.99), (  1.26,  -1.40)   Error: 3.28
Last SG, Last State: ( -0.90,   0.27), (  1.17,  -1.40)  SG Improvement:-0.06723 

Goal, Curr: (-0.78,  1.08), (  1.39,  -1.40)   Error: 3.29
Last SG, Last State: ( -0.76,   0.16), (  1.31,  -1.40)  SG Improvement:-0.06728 

Goal, Curr: (-0.85,  1.02), (  1.24,  -1.40)   Error: 3.20
Last SG, Last State: ( -0.92,   0.24), (  1.15,  -1.40)  SG Improvement:-0.06610 

Goal, Curr: (-0.88,  1.08), (  1.40,  -1.40)   Error: 3.37
Last SG, Last State: ( -0.59,   0.37), (  1.40,  -1.40)  SG Improvement:0.00729 

Goal, Curr: (-1.14,  0.82), (  1.40,  -1.40)   Error: 3.37
Last SG, Last State: ( -0.59,   0.39), (  1.40,  -1.40)  SG Improvement:0.03164 

Goal, Curr: (-0.99,  1.23), (  1.40,  -1.40)   Error: 3.55
Last SG, Last State: ( -0.59,   0.43), (  1.40,  -1.40)  SG Improvement:0.00687 

Goal, Curr: (-0.76,  0.78), (  1.40,  -1.40)   Error: 3.07
Last SG, Last State: ( -0.69,  -0.01), (  1.36,  -1.40)  SG Improvement:-0.06936 

Goal, Curr: (-1.08,  0.92), (  1.40,  -1.40)   Error: 3.39
Last SG, Last State: ( -0.59,   0.39), (  1.40,  -1.40)  SG Improvement:0.00715 

Goal, Curr: (-0.77,  1.01), (  0.69,  -1.40)   Error: 2.82
Last SG, Last State: ( -1.47,   0.42), (  0.59,  -1.40)  SG Improvement:-0.04431 

Goal, Curr: (-0.86,  0.97), (  1.39,  -1.40)   Error: 3.27
Last SG, Last State: ( -0.76,   0.16), (  1.31,  -1.40)  SG Improvement:-0.06718 

Goal, Curr: (-0.77,  0.75), (  1.40,  -1.40)   Error: 3.05
Last SG, Last State: ( -0.57,   0.24), (  1.40,  -1.40)  SG Improvement:0.02058 

Goal, Curr: (-1.19,  0.83), (  1.40,  -1.40)   Error: 3.42
Last SG, Last State: ( -0.68,   0.19), (  1.39,  -1.40)  SG Improvement:-0.06941 

Goal, Curr: (-1.09,  0.81), (  1.40,  -1.40)   Error: 3.33
Last SG, Last State: ( -0.69,   0.15), (  1.38,  -1.40)  SG Improvement:-0.06847 

Goal, Curr: (-1.08,  0.75), (  1.40,  -1.40)   Error: 3.28
Last SG, Last State: ( -0.72,   0.14), (  1.34,  -1.40)  SG Improvement:-0.06821 

Goal, Curr: (-0.77,  0.86), (  1.34,  -1.40)   Error: 3.10
Last SG, Last State: ( -0.79,   0.09), (  1.26,  -1.40)  SG Improvement:-0.06578 

Goal, Curr: (-1.12,  0.80), (  1.27,  -1.40)   Error: 3.25
Last SG, Last State: ( -0.89,   0.25), (  1.18,  -1.40)  SG Improvement:-0.06706 

Goal, Curr: (-1.05,  1.01), (  1.40,  -1.40)   Error: 3.44
Last SG, Last State: ( -0.59,   0.41), (  1.40,  -1.40)  SG Improvement:0.01601 

Goal, Curr: (-0.90,  1.16), (  1.40,  -1.40)   Error: 3.44
Last SG, Last State: ( -0.59,   0.41), (  1.40,  -1.40)  SG Improvement:0.01109 

Goal, Curr: (-0.87,  0.85), (  1.40,  -1.40)   Error: 3.20
Last SG, Last State: ( -0.58,   0.29), (  1.40,  -1.40)  SG Improvement:0.00413 

Goal, Curr: (-0.95,  1.15), (  1.11,  -1.40)   Error: 3.28
Last SG, Last State: ( -1.06,   0.36), (  1.02,  -1.40)  SG Improvement:-0.06426 

Goal, Curr: (-0.93,  1.22), (  1.40,  -1.40)   Error: 3.50
Last SG, Last State: ( -0.72,   0.25), (  1.35,  -1.40)  SG Improvement:-0.06994 

Goal, Curr: (-1.21,  0.94), (  1.17,  -1.40)   Error: 3.33
Last SG, Last State: ( -1.01,   0.36), (  1.07,  -1.40)  SG Improvement:-0.06701 

Goal, Curr: (-1.08,  0.93), (  1.40,  -1.40)   Error: 3.40
Last SG, Last State: ( -0.59,   0.39), (  1.40,  -1.40)  SG Improvement:0.00745 

Goal, Curr: (-0.79,  1.05), (  1.40,  -1.40)   Error: 3.28
Last SG, Last State: ( -0.58,   0.34), (  1.40,  -1.40)  SG Improvement:0.00833 

Goal, Curr: (-0.96,  0.99), (  1.40,  -1.40)   Error: 3.36
Last SG, Last State: ( -0.59,   0.37), (  1.40,  -1.40)  SG Improvement:0.00776 

Goal, Curr: (-1.22,  1.14), (  1.40,  -1.40)   Error: 3.65
Last SG, Last State: ( -0.59,   0.46), (  1.40,  -1.40)  SG Improvement:0.00667 

Goal, Curr: (-0.90,  1.14), (  1.40,  -1.40)   Error: 3.42
Last SG, Last State: ( -0.73,   0.22), (  1.34,  -1.40)  SG Improvement:-0.06910 

Goal, Curr: (-0.87,  0.82), (  1.40,  -1.40)   Error: 3.17
Last SG, Last State: ( -0.61,   0.02), (  1.40,  -1.40)  SG Improvement:-0.49862 

Goal, Curr: (-1.14,  1.04), (  1.40,  -1.40)   Error: 3.52
Last SG, Last State: ( -0.59,   0.42), (  1.40,  -1.40)  SG Improvement:0.00328 

Goal, Curr: (-1.19,  0.83), (  1.18,  -1.40)   Error: 3.26
Last SG, Last State: ( -0.99,   0.32), (  1.09,  -1.40)  SG Improvement:-0.06586 

Goal, Curr: (-0.82,  1.02), (  1.40,  -1.40)   Error: 3.28
Last SG, Last State: ( -0.58,   0.35), (  1.40,  -1.40)  SG Improvement:0.02822 

Goal, Curr: (-0.90,  1.03), (  1.40,  -1.40)   Error: 3.34
Last SG, Last State: ( -0.59,   0.36), (  1.40,  -1.40)  SG Improvement:0.00808 

Goal, Curr: (-1.15,  1.15), (  1.40,  -1.40)   Error: 3.61
Last SG, Last State: ( -0.59,   0.46), (  1.40,  -1.40)  SG Improvement:0.03535 

Goal, Curr: (-1.07,  1.07), (  1.40,  -1.40)   Error: 3.49
Last SG, Last State: ( -0.59,   0.43), (  1.40,  -1.40)  SG Improvement:0.02065 

Goal, Curr: (-1.18,  1.04), (  1.40,  -1.40)   Error: 3.55
Last SG, Last State: ( -0.59,   0.44), (  1.40,  -1.40)  SG Improvement:0.00681 

Goal, Curr: (-0.86,  1.10), (  1.40,  -1.40)   Error: 3.37
Last SG, Last State: ( -0.75,   0.20), (  1.32,  -1.40)  SG Improvement:-0.06791 

Goal, Curr: (-1.02,  0.85), (  1.28,  -1.40)   Error: 3.22
Last SG, Last State: ( -0.88,   0.22), (  1.19,  -1.40)  SG Improvement:-0.06690 

Goal, Curr: (-1.18,  1.11), (  1.23,  -1.40)   Error: 3.47
Last SG, Last State: ( -0.95,   0.37), (  1.14,  -1.40)  SG Improvement:-0.06917 

Goal, Curr: (-0.94,  0.77), (  1.22,  -1.40)   Error: 3.06
Last SG, Last State: ( -0.93,   0.19), (  1.13,  -1.40)  SG Improvement:-0.06443 

Goal, Curr: (-1.03,  0.80), (  1.40,  -1.40)   Error: 3.27
Last SG, Last State: ( -0.75,   0.15), (  1.32,  -1.40)  SG Improvement:-0.06757 

episode:01100, mean:6.74, std:0.53, median:6.71, success:0.00
Goal, Curr: (-0.79,  1.12), ( -0.57,  -1.40)   Error: 2.53
Last SG, Last State: ( -2.55,   0.56), ( -0.58,  -1.40)  SG Improvement:-0.00505 

Goal, Curr: (-0.78,  0.85), ( -0.53,  -1.40)   Error: 2.26
Last SG, Last State: ( -2.48,   0.54), ( -0.53,  -1.40)  SG Improvement:-0.00394 

Goal, Curr: (-1.04,  0.97), ( -0.50,  -1.40)   Error: 2.43
Last SG, Last State: ( -2.48,   0.56), ( -0.50,  -1.40)  SG Improvement:-0.00290 

Goal, Curr: (-1.13,  0.94), ( -0.52,  -1.40)   Error: 2.42
Last SG, Last State: ( -2.50,   0.56), ( -0.52,  -1.40)  SG Improvement:-0.00316 

Goal, Curr: (-0.92,  1.03), ( -0.62,  -1.40)   Error: 2.45
Last SG, Last State: ( -2.60,   0.56), ( -0.62,  -1.40)  SG Improvement:-0.00636 

Goal, Curr: (-0.82,  0.92), ( -0.62,  -1.40)   Error: 2.33
Last SG, Last State: ( -2.59,   0.55), ( -0.63,  -1.40)  SG Improvement:-0.00675 

Goal, Curr: (-1.01,  1.19), ( -0.48,  -1.32)   Error: 2.57
Last SG, Last State: ( -2.47,   0.65), ( -0.49,  -1.31)  SG Improvement:-0.00777 

Goal, Curr: (-0.91,  1.13), ( -0.53,  -1.39)   Error: 2.55
Last SG, Last State: ( -2.51,   0.58), ( -0.54,  -1.38)  SG Improvement:-0.00769 

Goal, Curr: (-0.90,  1.01), ( -0.56,  -1.40)   Error: 2.44
Last SG, Last State: ( -2.53,   0.56), ( -0.56,  -1.40)  SG Improvement:-0.04185 

Goal, Curr: (-0.89,  0.95), ( -0.47,  -1.31)   Error: 2.30
Last SG, Last State: ( -2.44,   0.63), ( -0.48,  -1.31)  SG Improvement:-0.00430 

Goal, Curr: (-1.02,  0.90), ( -0.60,  -1.40)   Error: 2.34
Last SG, Last State: ( -2.58,   0.56), ( -0.60,  -1.40)  SG Improvement:-0.00575 

Goal, Curr: (-1.17,  0.99), ( -0.53,  -1.40)   Error: 2.47
Last SG, Last State: ( -2.52,   0.56), ( -0.54,  -1.40)  SG Improvement:-0.00354 

Goal, Curr: (-0.76,  0.84), ( -0.51,  -1.40)   Error: 2.25
Last SG, Last State: ( -2.47,   0.54), ( -0.52,  -1.40)  SG Improvement:-0.00417 

Goal, Curr: (-1.05,  1.11), ( -0.61,  -1.40)   Error: 2.55
Last SG, Last State: ( -2.61,   0.57), ( -0.62,  -1.40)  SG Improvement:-0.00601 

Goal, Curr: (-1.19,  1.02), ( -0.47,  -1.34)   Error: 2.47
Last SG, Last State: ( -2.46,   0.62), ( -0.47,  -1.34)  SG Improvement:-0.00333 

Goal, Curr: (-1.14,  0.81), ( -0.59,  -1.40)   Error: 2.28
Last SG, Last State: ( -2.58,   0.56), ( -0.60,  -1.40)  SG Improvement:-0.00549 

Goal, Curr: (-0.88,  1.05), ( -0.49,  -1.40)   Error: 2.48
Last SG, Last State: ( -2.47,   0.55), ( -0.50,  -1.40)  SG Improvement:-0.00254 

Goal, Curr: (-1.21,  1.09), ( -0.51,  -1.39)   Error: 2.58
Last SG, Last State: ( -2.50,   0.58), ( -0.51,  -1.39)  SG Improvement:-0.00549 

Goal, Curr: (-1.07,  0.77), ( -0.53,  -1.36)   Error: 2.20
Last SG, Last State: ( -2.50,   0.60), ( -0.53,  -1.36)  SG Improvement:-0.00768 

Goal, Curr: (-1.12,  0.83), ( -0.59,  -1.40)   Error: 2.29
Last SG, Last State: ( -2.57,   0.56), ( -0.60,  -1.40)  SG Improvement:-0.00553 

Goal, Curr: (-0.93,  1.15), ( -0.58,  -1.40)   Error: 2.58
Last SG, Last State: ( -2.57,   0.57), ( -0.59,  -1.40)  SG Improvement:-0.00500 

Goal, Curr: (-0.84,  0.85), ( -0.47,  -1.32)   Error: 2.21
Last SG, Last State: ( -2.43,   0.61), ( -0.47,  -1.32)  SG Improvement:-0.00446 

Goal, Curr: (-1.13,  1.10), ( -0.49,  -1.40)   Error: 2.58
Last SG, Last State: ( -2.48,   0.56), ( -0.49,  -1.40)  SG Improvement:-0.00240 

Goal, Curr: (-0.90,  0.93), ( -0.46,  -1.34)   Error: 2.31
Last SG, Last State: ( -2.43,   0.61), ( -0.46,  -1.34)  SG Improvement:-0.00352 

Goal, Curr: (-0.95,  0.83), ( -0.50,  -1.36)   Error: 2.23
Last SG, Last State: ( -2.47,   0.59), ( -0.51,  -1.35)  SG Improvement:-0.00628 

Goal, Curr: (-0.79,  1.06), ( -0.47,  -1.40)   Error: 2.47
Last SG, Last State: ( -2.44,   0.55), ( -0.47,  -1.40)  SG Improvement:-0.00195 

Goal, Curr: (-1.03,  1.13), ( -0.60,  -1.40)   Error: 2.56
Last SG, Last State: ( -2.59,   0.57), ( -0.61,  -1.40)  SG Improvement:-0.00568 

Goal, Curr: (-1.24,  1.24), ( -0.53,  -1.40)   Error: 2.73
Last SG, Last State: ( -2.53,   0.57), ( -0.54,  -1.40)  SG Improvement:-0.00345 

Goal, Curr: (-0.93,  0.83), ( -0.53,  -1.35)   Error: 2.22
Last SG, Last State: ( -2.50,   0.60), ( -0.54,  -1.35)  SG Improvement:-0.00838 

Goal, Curr: (-0.93,  0.94), ( -0.48,  -1.40)   Error: 2.38
Last SG, Last State: ( -2.45,   0.55), ( -0.48,  -1.40)  SG Improvement:-0.00210 

Goal, Curr: (-0.79,  1.13), ( -0.57,  -1.40)   Error: 2.54
Last SG, Last State: ( -2.55,   0.56), ( -0.58,  -1.40)  SG Improvement:-0.00490 

Goal, Curr: (-0.76,  0.76), ( -0.52,  -1.36)   Error: 2.13
Last SG, Last State: ( -2.46,   0.57), ( -0.53,  -1.36)  SG Improvement:-0.00821 

Goal, Curr: (-0.90,  0.78), ( -0.56,  -1.40)   Error: 2.20
Last SG, Last State: ( -2.53,   0.55), ( -0.57,  -1.40)  SG Improvement:-0.00503 

Goal, Curr: (-0.89,  0.79), ( -0.49,  -1.40)   Error: 2.23
Last SG, Last State: ( -2.45,   0.54), ( -0.49,  -1.40)  SG Improvement:-0.02470 

Goal, Curr: (-0.76,  0.99), ( -0.55,  -1.40)   Error: 2.39
Last SG, Last State: ( -2.52,   0.55), ( -0.56,  -1.40)  SG Improvement:-0.00463 

Goal, Curr: (-1.07,  0.88), ( -0.54,  -1.40)   Error: 2.34
Last SG, Last State: ( -2.52,   0.56), ( -0.55,  -1.40)  SG Improvement:-0.00404 

Goal, Curr: (-0.88,  1.11), ( -0.45,  -1.30)   Error: 2.45
Last SG, Last State: ( -2.42,   0.65), ( -0.45,  -1.30)  SG Improvement:-0.00149 

Goal, Curr: (-0.81,  1.12), ( -0.59,  -1.40)   Error: 2.53
Last SG, Last State: ( -2.58,   0.56), ( -0.60,  -1.40)  SG Improvement:-0.00568 

Goal, Curr: (-0.78,  1.24), ( -0.51,  -1.40)   Error: 2.65
Last SG, Last State: ( -2.50,   0.56), ( -0.52,  -1.40)  SG Improvement:-0.00315 

Goal, Curr: (-0.94,  0.84), ( -0.60,  -1.40)   Error: 2.26
Last SG, Last State: ( -2.57,   0.55), ( -0.61,  -1.40)  SG Improvement:-0.00606 

Goal, Curr: (-1.13,  0.76), ( -0.62,  -1.40)   Error: 2.22
Last SG, Last State: ( -2.60,   0.56), ( -0.63,  -1.40)  SG Improvement:-0.00653 

Goal, Curr: (-1.10,  1.05), ( -0.53,  -1.40)   Error: 2.51
Last SG, Last State: ( -2.52,   0.56), ( -0.53,  -1.40)  SG Improvement:-0.00344 

Goal, Curr: (-0.78,  1.17), ( -0.52,  -1.40)   Error: 2.58
Last SG, Last State: ( -2.49,   0.56), ( -0.52,  -1.40)  SG Improvement:-0.00324 

Goal, Curr: (-0.82,  1.04), ( -0.59,  -1.40)   Error: 2.44
Last SG, Last State: ( -2.57,   0.56), ( -0.60,  -1.40)  SG Improvement:-0.00553 

Goal, Curr: (-0.96,  0.91), ( -0.56,  -1.40)   Error: 2.35
Last SG, Last State: ( -2.54,   0.56), ( -0.57,  -1.40)  SG Improvement:-0.00478 

Goal, Curr: (-1.04,  1.24), ( -0.63,  -1.40)   Error: 2.67
Last SG, Last State: ( -2.63,   0.57), ( -0.64,  -1.40)  SG Improvement:-0.00649 

Goal, Curr: (-0.78,  0.83), ( -0.56,  -1.40)   Error: 2.24
Last SG, Last State: ( -2.52,   0.54), ( -0.57,  -1.40)  SG Improvement:-0.00127 

Goal, Curr: (-1.11,  1.17), ( -0.56,  -1.38)   Error: 2.60
Last SG, Last State: ( -2.56,   0.60), ( -0.57,  -1.37)  SG Improvement:-0.00969 

Goal, Curr: (-0.91,  1.12), ( -0.50,  -1.40)   Error: 2.55
Last SG, Last State: ( -2.49,   0.56), ( -0.51,  -1.40)  SG Improvement:-0.00287 

Goal, Curr: (-0.96,  1.08), ( -0.51,  -1.38)   Error: 2.49
Last SG, Last State: ( -2.49,   0.59), ( -0.52,  -1.37)  SG Improvement:-0.00624 

episode:01200, mean:6.54, std:0.59, median:6.62, success:0.00
Goal, Curr: (-0.92,  0.80), ( -1.00,  -1.27)   Error: 2.07
Last SG, Last State: ( -2.98,   0.70), ( -1.00,  -1.27)  SG Improvement:-0.04626 

Goal, Curr: (-1.14,  1.22), ( -1.14,  -0.92)   Error: 2.14
Last SG, Last State: ( -3.13,   1.04), ( -1.13,  -0.92)  SG Improvement:-0.08409 

Goal, Curr: (-0.85,  0.89), ( -0.99,  -1.22)   Error: 2.12
Last SG, Last State: ( -2.97,   0.74), ( -0.99,  -1.22)  SG Improvement:0.15502 

Goal, Curr: (-1.22,  1.22), ( -0.96,  -0.88)   Error: 2.11
Last SG, Last State: ( -2.98,   1.08), ( -0.98,  -0.87)  SG Improvement:-0.01016 

Goal, Curr: (-1.08,  1.13), ( -0.77,  -1.01)   Error: 2.16
Last SG, Last State: ( -2.79,   0.93), ( -0.79,  -1.00)  SG Improvement:-0.00826 

Goal, Curr: (-0.97,  1.00), ( -1.05,  -1.19)   Error: 2.19
Last SG, Last State: ( -3.04,   0.78), ( -1.05,  -1.18)  SG Improvement:-0.28609 

Goal, Curr: (-1.22,  1.25), ( -0.67,  -1.06)   Error: 2.37
Last SG, Last State: ( -2.69,   0.87), ( -0.68,  -1.06)  SG Improvement:-0.00784 

Goal, Curr: (-0.84,  0.96), ( -1.06,  -1.03)   Error: 2.01
Last SG, Last State: ( -3.05,   0.93), ( -1.06,  -1.04)  SG Improvement:0.16840 

Goal, Curr: (-1.17,  0.79), ( -1.04,  -1.29)   Error: 2.08
Last SG, Last State: ( -3.02,   0.67), ( -1.03,  -1.30)  SG Improvement:0.20962 

Goal, Curr: (-1.04,  1.10), ( -0.82,  -1.02)   Error: 2.12
Last SG, Last State: ( -2.84,   0.92), ( -0.83,  -1.01)  SG Improvement:0.02257 

Goal, Curr: (-0.84,  1.14), ( -1.03,  -1.23)   Error: 2.38
Last SG, Last State: ( -3.03,   0.75), ( -1.03,  -1.23)  SG Improvement:0.42520 

Goal, Curr: (-1.09,  1.24), ( -0.55,  -1.14)   Error: 2.44
Last SG, Last State: ( -2.57,   0.78), ( -0.56,  -1.13)  SG Improvement:-0.00965 

Goal, Curr: (-1.18,  0.78), ( -0.87,  -0.95)   Error: 1.76
Last SG, Last State: ( -2.88,   0.99), ( -0.88,  -0.94)  SG Improvement:0.23334 

Goal, Curr: (-0.95,  1.04), ( -0.97,  -0.91)   Error: 1.95
Last SG, Last State: ( -2.97,   1.02), ( -0.97,  -0.91)  SG Improvement:0.01968 

Goal, Curr: (-0.96,  0.93), ( -0.90,  -0.93)   Error: 1.86
Last SG, Last State: ( -2.91,   1.00), ( -0.91,  -0.92)  SG Improvement:-0.03887 

Goal, Curr: (-1.20,  0.76), ( -0.76,  -1.01)   Error: 1.82
Last SG, Last State: ( -2.77,   0.91), ( -0.77,  -1.00)  SG Improvement:-0.08020 

Goal, Curr: (-0.84,  0.84), ( -1.02,  -1.06)   Error: 1.91
Last SG, Last State: ( -2.98,   0.87), ( -1.01,  -1.06)  SG Improvement:0.00904 

Goal, Curr: (-0.99,  1.15), ( -1.17,  -0.97)   Error: 2.13
Last SG, Last State: ( -3.15,   0.99), ( -1.17,  -0.98)  SG Improvement:0.18290 

Goal, Curr: (-1.03,  0.84), ( -1.03,  -1.00)   Error: 1.85
Last SG, Last State: ( -3.01,   0.93), ( -1.03,  -1.01)  SG Improvement:0.00752 

Goal, Curr: (-1.07,  0.85), ( -1.10,  -1.05)   Error: 1.90
Last SG, Last State: ( -3.09,   0.91), ( -1.11,  -1.05)  SG Improvement:-0.42693 

Goal, Curr: (-0.97,  1.16), ( -1.15,  -0.96)   Error: 2.12
Last SG, Last State: ( -3.13,   0.99), ( -1.14,  -0.96)  SG Improvement:-0.10287 

Goal, Curr: (-0.96,  0.86), ( -1.08,  -1.04)   Error: 1.90
Last SG, Last State: ( -3.06,   0.90), ( -1.08,  -1.05)  SG Improvement:-0.31953 

Goal, Curr: (-1.20,  1.22), ( -0.66,  -1.02)   Error: 2.31
Last SG, Last State: ( -2.68,   0.91), ( -0.67,  -1.01)  SG Improvement:-0.01085 

Goal, Curr: (-0.78,  1.06), ( -1.09,  -1.01)   Error: 2.09
Last SG, Last State: ( -3.07,   0.95), ( -1.10,  -1.00)  SG Improvement:-0.63227 

Goal, Curr: (-0.91,  1.00), ( -0.81,  -1.00)   Error: 2.00
Last SG, Last State: ( -2.82,   0.93), ( -0.82,  -0.99)  SG Improvement:0.06321 

Goal, Curr: (-1.20,  1.02), ( -1.24,  -0.94)   Error: 1.96
Last SG, Last State: ( -3.23,   1.02), ( -1.23,  -0.95)  SG Improvement:0.04534 

Goal, Curr: (-1.20,  1.10), ( -0.97,  -0.91)   Error: 2.02
Last SG, Last State: ( -2.99,   1.05), ( -0.98,  -0.90)  SG Improvement:-0.00847 

Goal, Curr: (-0.78,  1.21), ( -1.08,  -1.04)   Error: 2.27
Last SG, Last State: ( -3.07,   0.94), ( -1.08,  -1.04)  SG Improvement:0.35500 

Goal, Curr: (-1.24,  0.75), ( -1.09,  -1.32)   Error: 2.08
Last SG, Last State: ( -3.07,   0.65), ( -1.08,  -1.32)  SG Improvement:0.10756 

Goal, Curr: (-1.19,  1.06), ( -0.73,  -1.11)   Error: 2.22
Last SG, Last State: ( -2.74,   0.82), ( -0.74,  -1.11)  SG Improvement:-0.00896 

Goal, Curr: (-1.06,  0.79), ( -0.99,  -0.98)   Error: 1.77
Last SG, Last State: ( -2.96,   0.95), ( -0.98,  -0.99)  SG Improvement:0.07306 

Goal, Curr: (-1.04,  0.87), ( -1.01,  -1.22)   Error: 2.09
Last SG, Last State: ( -3.00,   0.75), ( -1.02,  -1.21)  SG Improvement:0.03896 

Goal, Curr: (-0.94,  0.98), ( -1.02,  -0.94)   Error: 1.92
Last SG, Last State: ( -3.00,   0.99), ( -1.02,  -0.94)  SG Improvement:-0.10240 

Goal, Curr: (-1.01,  0.87), ( -1.11,  -1.00)   Error: 1.87
Last SG, Last State: ( -3.09,   0.95), ( -1.11,  -1.00)  SG Improvement:-0.17113 

Goal, Curr: (-0.88,  0.95), ( -1.05,  -1.05)   Error: 2.00
Last SG, Last State: ( -3.03,   0.91), ( -1.05,  -1.05)  SG Improvement:0.08351 

Goal, Curr: (-0.99,  1.14), ( -1.04,  -0.97)   Error: 2.12
Last SG, Last State: ( -3.03,   0.99), ( -1.03,  -0.98)  SG Improvement:0.57837 

Goal, Curr: (-1.23,  0.76), ( -1.11,  -1.01)   Error: 1.78
Last SG, Last State: ( -3.08,   0.93), ( -1.10,  -1.02)  SG Improvement:-0.12478 

Goal, Curr: (-0.99,  1.20), ( -1.23,  -0.89)   Error: 2.10
Last SG, Last State: ( -3.22,   1.08), ( -1.23,  -0.89)  SG Improvement:0.04276 

Goal, Curr: (-0.76,  0.92), ( -0.36,  -1.18)   Error: 2.14
Last SG, Last State: ( -2.39,   0.65), ( -0.38,  -1.16)  SG Improvement:-0.02227 

Goal, Curr: (-0.80,  0.93), ( -1.03,  -1.32)   Error: 2.26
Last SG, Last State: ( -3.00,   0.63), ( -1.03,  -1.32)  SG Improvement:0.17362 

Goal, Curr: (-0.82,  1.14), ( -1.02,  -1.07)   Error: 2.22
Last SG, Last State: ( -3.01,   0.90), ( -1.01,  -1.08)  SG Improvement:0.41795 

Goal, Curr: (-1.01,  1.21), ( -1.22,  -0.89)   Error: 2.11
Last SG, Last State: ( -3.20,   1.07), ( -1.21,  -0.90)  SG Improvement:-0.08629 

Goal, Curr: (-0.83,  0.80), ( -1.02,  -1.01)   Error: 1.82
Last SG, Last State: ( -2.99,   0.92), ( -1.03,  -1.00)  SG Improvement:-0.41258 

Goal, Curr: (-1.22,  1.19), ( -1.28,  -0.82)   Error: 2.01
Last SG, Last State: ( -3.28,   1.15), ( -1.28,  -0.82)  SG Improvement:0.11522 

Goal, Curr: (-1.19,  1.13), ( -1.17,  -1.15)   Error: 2.28
Last SG, Last State: ( -3.15,   0.82), ( -1.16,  -1.16)  SG Improvement:-0.08941 

Goal, Curr: (-0.98,  1.13), ( -0.58,  -1.03)   Error: 2.20
Last SG, Last State: ( -2.61,   0.88), ( -0.60,  -1.02)  SG Improvement:-0.00716 

Goal, Curr: (-0.80,  1.17), ( -1.03,  -1.23)   Error: 2.42
Last SG, Last State: ( -3.02,   0.73), ( -1.03,  -1.23)  SG Improvement:-0.35858 

Goal, Curr: (-0.90,  0.82), ( -0.97,  -1.17)   Error: 1.99
Last SG, Last State: ( -2.94,   0.77), ( -0.96,  -1.18)  SG Improvement:-0.09109 

Goal, Curr: (-1.20,  1.07), ( -0.23,  -1.31)   Error: 2.56
Last SG, Last State: ( -2.28,   0.57), ( -0.26,  -1.29)  SG Improvement:-0.03677 

Goal, Curr: (-0.82,  0.86), ( -0.94,  -1.20)   Error: 2.06
Last SG, Last State: ( -2.92,   0.75), ( -0.94,  -1.21)  SG Improvement:0.09734 

episode:01300, mean:6.10, std:0.55, median:6.05, success:0.00
