Using device: cpu
no-correction-eee-buff10
Goal, Curr: (-0.75,  0.87), ( -0.44,  -0.61)   Error: 1.51
Last SG, Last State: ( -0.37,  -0.89), ( -0.53,  -0.60)  SG Improvement:-0.09883 

Goal, Curr: (-1.05,  1.19), ( -0.27,  -0.60)   Error: 1.95
Last SG, Last State: (  1.15,  -2.00), ( -0.22,  -0.61)  SG Improvement:0.08346 

Goal, Curr: (-1.09,  1.17), ( -0.74,  -0.60)   Error: 1.81
Last SG, Last State: (  1.01,  -2.25), ( -0.71,  -0.60)  SG Improvement:0.04271 

Goal, Curr: (-1.17,  1.00), (  0.10,  -1.40)   Error: 2.71
Last SG, Last State: ( -0.78,  -0.95), ( -0.01,  -1.40)  SG Improvement:-0.17741 

Goal, Curr: (-0.82,  1.19), ( -0.75,  -0.61)   Error: 1.80
Last SG, Last State: (  0.87,  -2.08), ( -0.74,  -0.61)  SG Improvement:0.06357 

Goal, Curr: (-1.19,  1.18), ( -1.01,  -0.95)   Error: 2.14
Last SG, Last State: (  0.77,  -2.67), ( -1.01,  -0.95)  SG Improvement:0.02020 

Goal, Curr: (-1.15,  0.76), ( -0.07,  -1.40)   Error: 2.41
Last SG, Last State: ( -1.33,  -1.44), ( -0.04,  -1.40)  SG Improvement:0.01116 

Goal, Curr: (-1.15,  0.92), ( -0.27,  -1.40)   Error: 2.48
Last SG, Last State: ( -1.68,  -1.30), ( -0.25,  -1.40)  SG Improvement:0.01128 

Goal, Curr: (-1.07,  0.98), ( -0.60,  -0.76)   Error: 1.80
Last SG, Last State: ( -2.00,  -0.74), ( -0.79,  -0.70)  SG Improvement:0.11520 

Goal, Curr: (-0.96,  1.19), ( -0.27,  -1.40)   Error: 2.68
Last SG, Last State: ( -1.77,  -1.29), ( -0.30,  -1.40)  SG Improvement:-0.00045 

episode:00100, mean:-0.04, std:0.46, median:-0.05, success:0.00
Goal, Curr: (-1.15,  1.24), ( -1.06,  -0.60)   Error: 1.84
Last SG, Last State: ( -3.32,  -1.57), ( -1.21,  -0.60)  SG Improvement:0.26444 

Goal, Curr: (-1.23,  0.77), ( -0.74,  -0.64)   Error: 1.49
Last SG, Last State: ( -2.85,  -1.32), ( -0.84,  -0.60)  SG Improvement:0.46373 

Goal, Curr: (-1.08,  0.79), ( -1.40,  -0.78)   Error: 1.60
Last SG, Last State: ( -0.29,  -0.59), ( -1.40,  -0.92)  SG Improvement:-1.73818 

Goal, Curr: (-1.04,  0.87), ( -1.07,  -0.60)   Error: 1.47
Last SG, Last State: (  0.81,  -2.47), ( -1.02,  -0.61)  SG Improvement:0.07466 

Goal, Curr: (-1.03,  1.11), ( -1.18,  -0.75)   Error: 1.87
Last SG, Last State: ( -0.56,  -0.97), ( -0.99,  -0.72)  SG Improvement:-0.01410 

Goal, Curr: (-1.24,  0.88), ( -0.90,  -0.60)   Error: 1.52
Last SG, Last State: ( -2.32,  -0.09), ( -0.98,  -0.60)  SG Improvement:-0.33700 

Goal, Curr: (-1.11,  0.85), ( -1.05,  -0.90)   Error: 1.75
Last SG, Last State: ( -0.59,  -1.02), ( -0.89,  -0.83)  SG Improvement:0.01700 

Goal, Curr: (-0.89,  0.89), ( -1.03,  -0.60)   Error: 1.50
Last SG, Last State: ( -1.50,  -1.80), ( -0.85,  -0.61)  SG Improvement:0.50832 

Goal, Curr: (-1.11,  0.76), ( -1.06,  -0.60)   Error: 1.36
Last SG, Last State: ( -3.33,  -1.52), ( -1.22,  -0.60)  SG Improvement:0.27316 

Goal, Curr: (-1.17,  0.76), ( -0.70,  -0.60)   Error: 1.44
Last SG, Last State: ( -1.98,  -0.93), ( -0.77,  -0.60)  SG Improvement:-0.95753 

episode:00200, mean:0.34, std:0.09, median:0.34, success:0.00
Goal, Curr: (-0.88,  0.81), ( -1.40,  -0.60)   Error: 1.50
Last SG, Last State: ( -2.98,  -1.09), ( -1.40,  -0.60)  SG Improvement:-0.00079 

Goal, Curr: (-0.96,  0.99), ( -1.40,  -0.60)   Error: 1.65
Last SG, Last State: ( -2.92,  -1.08), ( -1.40,  -0.61)  SG Improvement:0.01227 

Goal, Curr: (-1.20,  0.83), ( -1.40,  -0.63)   Error: 1.47
Last SG, Last State: ( -0.02,  -1.61), ( -1.40,  -0.60)  SG Improvement:0.65190 

Goal, Curr: (-1.00,  0.85), ( -1.40,  -0.60)   Error: 1.51
Last SG, Last State: ( -2.87,  -1.06), ( -1.40,  -0.61)  SG Improvement:0.02778 

Goal, Curr: (-0.79,  1.03), ( -1.40,  -0.60)   Error: 1.74
Last SG, Last State: ( -2.86,  -1.03), ( -1.40,  -0.61)  SG Improvement:-0.01804 

Goal, Curr: (-0.97,  0.79), ( -1.40,  -0.60)   Error: 1.45
Last SG, Last State: ( -2.96,  -1.09), ( -1.40,  -0.61)  SG Improvement:0.00406 

Goal, Curr: (-0.92,  0.78), ( -1.40,  -0.60)   Error: 1.46
Last SG, Last State: ( -0.00,  -1.15), ( -1.40,  -0.60)  SG Improvement:0.24819 

Goal, Curr: (-0.82,  0.77), ( -1.40,  -0.60)   Error: 1.49
Last SG, Last State: (  0.08,  -1.19), ( -1.40,  -0.60)  SG Improvement:0.31267 

Goal, Curr: (-0.76,  1.05), ( -1.40,  -0.60)   Error: 1.77
Last SG, Last State: (  0.08,  -1.26), ( -1.40,  -0.60)  SG Improvement:0.31456 

Goal, Curr: (-1.00,  1.12), ( -1.40,  -0.61)   Error: 1.78
Last SG, Last State: (  0.03,  -1.46), ( -1.40,  -0.60)  SG Improvement:0.39402 

episode:00300, mean:0.34, std:0.17, median:0.35, success:0.00
Goal, Curr: (-0.99,  1.14), ( -1.40,  -0.60)   Error: 1.79
Last SG, Last State: ( -2.11,   0.27), ( -1.40,  -0.60)  SG Improvement:0.00159 

Goal, Curr: (-1.14,  1.23), ( -1.40,  -0.60)   Error: 1.85
Last SG, Last State: ( -2.72,  -0.24), ( -1.40,  -0.60)  SG Improvement:0.03180 

Goal, Curr: (-0.77,  0.93), ( -1.40,  -0.60)   Error: 1.66
Last SG, Last State: ( -3.31,  -1.16), ( -1.40,  -0.60)  SG Improvement:0.00000 

Goal, Curr: (-0.77,  1.18), ( -1.40,  -0.60)   Error: 1.89
Last SG, Last State: ( -1.51,   0.51), ( -1.40,  -0.60)  SG Improvement:0.01034 

Goal, Curr: (-0.86,  0.94), ( -1.40,  -0.60)   Error: 1.64
Last SG, Last State: ( -2.46,  -0.05), ( -1.40,  -0.60)  SG Improvement:0.01090 

Goal, Curr: (-1.09,  1.03), ( -1.40,  -0.60)   Error: 1.66
Last SG, Last State: ( -2.55,  -0.07), ( -1.40,  -0.60)  SG Improvement:0.01838 

Goal, Curr: (-0.96,  0.89), ( -1.40,  -0.60)   Error: 1.55
Last SG, Last State: ( -2.17,   0.26), ( -1.40,  -0.60)  SG Improvement:0.00207 

Goal, Curr: (-1.16,  1.17), ( -1.40,  -0.60)   Error: 1.79
Last SG, Last State: ( -2.14,   0.29), ( -1.40,  -0.60)  SG Improvement:-0.00153 

Goal, Curr: (-0.89,  1.05), ( -1.40,  -0.60)   Error: 1.73
Last SG, Last State: ( -2.15,   0.23), ( -1.40,  -0.60)  SG Improvement:-0.00017 

Goal, Curr: (-1.08,  1.20), ( -1.40,  -0.60)   Error: 1.83
Last SG, Last State: ( -1.63,   0.47), ( -1.40,  -0.60)  SG Improvement:0.00100 

episode:00400, mean:0.45, std:0.12, median:0.45, success:0.00
Goal, Curr: (-1.02,  0.78), ( -1.28,  -0.73)   Error: 1.53
Last SG, Last State: ( -3.37,  -1.41), ( -1.39,  -0.62)  SG Improvement:-0.01356 

Goal, Curr: (-1.08,  1.00), ( -0.37,  -0.70)   Error: 1.84
Last SG, Last State: ( -0.29,  -0.60), ( -0.35,  -0.83)  SG Improvement:0.58866 

Goal, Curr: (-1.06,  0.90), ( -0.78,  -0.61)   Error: 1.54
Last SG, Last State: ( -2.74,  -1.67), ( -0.77,  -0.60)  SG Improvement:-0.40920 

Goal, Curr: (-0.82,  1.03), ( -0.44,  -0.72)   Error: 1.79
Last SG, Last State: ( -2.42,  -1.40), ( -0.52,  -0.64)  SG Improvement:0.27782 

Goal, Curr: (-0.92,  1.15), ( -1.40,  -0.60)   Error: 1.81
Last SG, Last State: ( -3.34,  -1.48), ( -1.40,  -0.60)  SG Improvement:-0.00002 

Goal, Curr: (-0.98,  0.81), ( -1.19,  -0.87)   Error: 1.69
Last SG, Last State: ( -2.26,  -1.57), ( -1.18,  -0.89)  SG Improvement:-0.21496 

Goal, Curr: (-1.21,  0.83), ( -0.18,  -0.60)   Error: 1.76
Last SG, Last State: ( -1.90,  -1.35), ( -0.19,  -0.60)  SG Improvement:0.06881 

Goal, Curr: (-0.93,  0.97), ( -1.37,  -0.60)   Error: 1.63
Last SG, Last State: ( -3.32,  -1.39), ( -1.37,  -0.60)  SG Improvement:0.00578 

Goal, Curr: (-0.92,  1.21), ( -1.40,  -0.60)   Error: 1.88
Last SG, Last State: ( -3.34,  -1.49), ( -1.40,  -0.60)  SG Improvement:-0.00001 

Goal, Curr: (-1.20,  1.16), ( -1.40,  -0.60)   Error: 1.77
Last SG, Last State: ( -3.36,  -1.46), ( -1.40,  -0.60)  SG Improvement:0.00515 

episode:00500, mean:0.22, std:0.09, median:0.22, success:0.00
Goal, Curr: (-0.89,  1.23), ( -0.39,  -1.40)   Error: 2.67
Last SG, Last State: (  1.57,  -1.88), ( -0.41,  -1.40)  SG Improvement:0.01308 

Goal, Curr: (-0.78,  0.77), (  1.38,   0.83)   Error: 2.16
Last SG, Last State: ( -0.22,  -1.56), (  1.40,   0.63)  SG Improvement:-0.10459 

Goal, Curr: (-0.98,  1.01), (  1.40,  -0.11)   Error: 2.63
Last SG, Last State: (  3.32,  -2.34), (  1.40,  -0.22)  SG Improvement:-0.15416 

Goal, Curr: (-1.15,  0.81), (  1.40,  -0.42)   Error: 2.83
Last SG, Last State: ( -0.50,  -2.68), (  1.40,  -0.52)  SG Improvement:-0.12496 

Goal, Curr: (-1.18,  0.89), (  0.05,  -1.40)   Error: 2.59
Last SG, Last State: (  2.00,  -1.89), (  0.02,  -1.40)  SG Improvement:0.01825 

Goal, Curr: (-1.18,  0.85), (  1.40,   0.03)   Error: 2.71
Last SG, Last State: ( -0.46,  -2.19), (  1.40,  -0.08)  SG Improvement:-0.06612 

Goal, Curr: (-1.18,  0.88), (  1.40,  -0.27)   Error: 2.82
Last SG, Last State: (  3.01,  -2.17), (  1.40,  -0.21)  SG Improvement:-0.79646 

Goal, Curr: (-0.90,  1.05), (  1.40,  -0.31)   Error: 2.67
Last SG, Last State: (  3.40,  -2.15), (  1.40,  -0.20)  SG Improvement:-0.22164 

Goal, Curr: (-0.79,  1.11), (  1.40,  -0.49)   Error: 2.72
Last SG, Last State: (  2.13,  -2.31), (  1.40,  -0.37)  SG Improvement:-1.33880 

Goal, Curr: (-0.91,  1.09), (  1.40,  -0.15)   Error: 2.62
Last SG, Last State: (  3.40,  -1.92), (  1.40,  -0.02)  SG Improvement:0.10363 

episode:00600, mean:-0.65, std:0.30, median:-0.53, success:0.00
Goal, Curr: (-1.13,  0.81), ( -0.76,  -0.95)   Error: 1.80
Last SG, Last State: (  1.22,  -0.65), ( -0.76,  -0.95)  SG Improvement:-0.00012 

Goal, Curr: (-0.83,  1.09), ( -0.77,  -0.90)   Error: 2.00
Last SG, Last State: (  1.21,  -0.70), ( -0.77,  -0.90)  SG Improvement:0.00044 

Goal, Curr: (-1.11,  0.89), ( -1.39,  -1.40)   Error: 2.31
Last SG, Last State: (  0.59,  -1.10), ( -1.38,  -1.40)  SG Improvement:-0.00441 

Goal, Curr: (-1.10,  1.13), ( -0.76,  -0.95)   Error: 2.11
Last SG, Last State: (  1.21,  -0.79), ( -0.77,  -0.95)  SG Improvement:0.00058 

Goal, Curr: (-1.16,  0.77), ( -0.13,  -1.01)   Error: 2.05
Last SG, Last State: (  0.87,  -1.32), ( -0.11,  -1.01)  SG Improvement:0.01129 

Goal, Curr: (-0.92,  0.97), ( -1.40,  -1.40)   Error: 2.41
Last SG, Last State: (  0.60,  -1.59), ( -1.40,  -1.40)  SG Improvement:-0.05049 

Goal, Curr: (-0.79,  1.24), ( -1.17,  -1.40)   Error: 2.66
Last SG, Last State: (  0.81,  -1.44), ( -1.18,  -1.40)  SG Improvement:0.00117 

Goal, Curr: (-1.12,  0.96), ( -1.40,  -1.40)   Error: 2.38
Last SG, Last State: (  0.60,  -1.52), ( -1.40,  -1.40)  SG Improvement:-0.05647 

Goal, Curr: (-0.84,  1.22), ( -1.21,  -1.40)   Error: 2.65
Last SG, Last State: (  0.77,  -1.46), ( -1.21,  -1.40)  SG Improvement:0.00178 

Goal, Curr: (-0.89,  1.22), ( -1.25,  -1.40)   Error: 2.64
Last SG, Last State: (  0.73,  -1.53), ( -1.25,  -1.40)  SG Improvement:0.00451 

episode:00700, mean:-0.27, std:0.17, median:-0.25, success:0.00
Goal, Curr: (-1.00,  0.97), ( -0.51,  -1.08)   Error: 2.10
Last SG, Last State: ( -0.47,  -0.85), ( -0.51,  -1.08)  SG Improvement:-0.00625 

Goal, Curr: (-1.14,  0.91), ( -0.58,  -1.19)   Error: 2.17
Last SG, Last State: ( -0.53,  -0.92), ( -0.58,  -1.19)  SG Improvement:0.00035 

Goal, Curr: (-1.25,  0.79), ( -0.53,  -1.02)   Error: 1.94
Last SG, Last State: ( -0.45,  -0.69), ( -0.53,  -1.02)  SG Improvement:-0.00148 

Goal, Curr: (-1.17,  0.83), ( -0.56,  -1.14)   Error: 2.06
Last SG, Last State: ( -0.50,  -0.84), ( -0.57,  -1.14)  SG Improvement:0.00025 

Goal, Curr: (-0.88,  0.93), ( -0.32,  -0.95)   Error: 1.97
Last SG, Last State: (  0.71,  -0.79), ( -0.38,  -0.92)  SG Improvement:-0.01374 

Goal, Curr: (-1.11,  0.92), ( -0.50,  -1.00)   Error: 2.02
Last SG, Last State: ( -0.44,  -0.74), ( -0.50,  -1.00)  SG Improvement:-0.00104 

Goal, Curr: (-0.81,  0.85), ( -0.51,  -1.11)   Error: 1.98
Last SG, Last State: ( -0.43,  -0.93), ( -0.51,  -1.11)  SG Improvement:0.00078 

Goal, Curr: (-0.80,  0.76), ( -0.57,  -1.25)   Error: 2.02
Last SG, Last State: ( -0.43,  -1.06), ( -0.57,  -1.25)  SG Improvement:0.00002 

Goal, Curr: (-0.75,  1.01), ( -0.56,  -1.26)   Error: 2.28
Last SG, Last State: ( -0.49,  -1.11), ( -0.56,  -1.26)  SG Improvement:0.00056 

Goal, Curr: (-0.90,  0.92), ( -0.60,  -1.28)   Error: 2.22
Last SG, Last State: ( -0.51,  -1.08), ( -0.60,  -1.28)  SG Improvement:0.00076 

episode:00800, mean:-0.11, std:0.07, median:-0.11, success:0.00
Goal, Curr: (-0.77,  1.11), ( -1.12,  -1.40)   Error: 2.53
Last SG, Last State: ( -1.42,  -0.31), ( -1.12,  -1.40)  SG Improvement:0.00002 

Goal, Curr: (-0.93,  0.83), ( -1.20,  -1.40)   Error: 2.24
Last SG, Last State: ( -1.54,  -0.26), ( -1.20,  -1.40)  SG Improvement:-0.00025 

Goal, Curr: (-0.75,  1.01), ( -1.10,  -1.40)   Error: 2.43
Last SG, Last State: ( -1.32,  -0.37), ( -1.09,  -1.40)  SG Improvement:0.00019 

Goal, Curr: (-1.15,  0.99), ( -1.11,  -1.40)   Error: 2.39
Last SG, Last State: ( -1.21,  -0.83), ( -1.08,  -1.40)  SG Improvement:-0.01615 

Goal, Curr: (-0.84,  0.83), ( -1.17,  -1.40)   Error: 2.25
Last SG, Last State: ( -1.48,  -0.28), ( -1.17,  -1.40)  SG Improvement:-0.00011 

Goal, Curr: (-0.85,  0.90), ( -0.03,  -1.11)   Error: 2.17
Last SG, Last State: (  0.61,  -1.24), (  0.04,  -1.10)  SG Improvement:0.02979 

Goal, Curr: (-0.78,  0.76), ( -1.10,  -1.40)   Error: 2.18
Last SG, Last State: ( -1.28,  -0.40), ( -1.08,  -1.40)  SG Improvement:-0.00028 

Goal, Curr: (-0.87,  0.75), ( -0.90,  -1.40)   Error: 2.15
Last SG, Last State: ( -0.88,  -0.82), ( -0.86,  -1.40)  SG Improvement:0.13943 

Goal, Curr: (-1.10,  0.94), ( -1.22,  -1.40)   Error: 2.34
Last SG, Last State: ( -1.57,  -0.29), ( -1.21,  -1.40)  SG Improvement:-0.00005 

Goal, Curr: (-0.78,  0.91), ( -1.11,  -1.40)   Error: 2.33
Last SG, Last State: ( -1.35,  -0.39), ( -1.10,  -1.40)  SG Improvement:-0.00144 

episode:00900, mean:-0.48, std:0.14, median:-0.53, success:0.00
Goal, Curr: (-1.15,  0.79), ( -1.18,  -1.39)   Error: 2.18
Last SG, Last State: ( -1.19,  -0.78), ( -1.19,  -1.40)  SG Improvement:0.23039 

Goal, Curr: (-1.09,  0.97), ( -1.04,  -1.39)   Error: 2.36
Last SG, Last State: ( -1.11,  -0.99), ( -1.04,  -1.40)  SG Improvement:0.12019 

Goal, Curr: (-1.17,  1.07), ( -1.22,  -1.40)   Error: 2.47
Last SG, Last State: ( -1.57,  -1.18), ( -1.16,  -1.39)  SG Improvement:-0.30998 

Goal, Curr: (-0.92,  1.04), ( -0.86,  -1.40)   Error: 2.44
Last SG, Last State: ( -0.60,  -1.28), ( -0.76,  -1.37)  SG Improvement:1.31078 

Goal, Curr: (-1.10,  0.79), ( -1.22,  -1.40)   Error: 2.19
Last SG, Last State: ( -1.16,  -0.88), ( -1.19,  -1.40)  SG Improvement:0.36717 

Goal, Curr: (-0.96,  0.97), ( -1.14,  -1.38)   Error: 2.35
Last SG, Last State: ( -1.22,  -0.82), ( -1.17,  -1.39)  SG Improvement:0.19014 

Goal, Curr: (-0.81,  0.99), ( -1.08,  -1.39)   Error: 2.40
Last SG, Last State: ( -0.84,  -0.63), ( -1.08,  -1.40)  SG Improvement:0.52610 

Goal, Curr: (-0.92,  1.21), ( -0.91,  -1.40)   Error: 2.61
Last SG, Last State: ( -1.00,  -1.24), ( -0.88,  -1.40)  SG Improvement:-0.03212 

Goal, Curr: (-0.77,  0.89), ( -0.84,  -1.36)   Error: 2.24
Last SG, Last State: ( -1.16,  -0.80), ( -0.80,  -1.33)  SG Improvement:-0.37998 

Goal, Curr: (-1.21,  1.11), ( -1.02,  -1.38)   Error: 2.49
Last SG, Last State: ( -0.73,  -1.25), ( -0.99,  -1.39)  SG Improvement:-0.00468 

episode:01000, mean:-0.34, std:0.12, median:-0.32, success:0.00
Goal, Curr: (-0.88,  0.89), ( -1.27,  -1.06)   Error: 1.99
Last SG, Last State: ( -1.56,  -0.46), ( -1.36,  -1.11)  SG Improvement:1.00627 

Goal, Curr: (-0.82,  1.02), ( -0.62,  -1.40)   Error: 2.42
Last SG, Last State: ( -0.69,  -1.09), ( -0.69,  -1.39)  SG Improvement:-0.56808 

Goal, Curr: (-1.21,  1.21), ( -1.19,  -1.29)   Error: 2.50
Last SG, Last State: ( -1.80,  -0.48), ( -1.17,  -1.29)  SG Improvement:-0.51442 

Goal, Curr: (-1.14,  1.18), ( -1.40,  -1.40)   Error: 2.59
Last SG, Last State: ( -1.85,  -0.86), ( -1.40,  -1.40)  SG Improvement:0.00000 

Goal, Curr: (-1.12,  1.15), ( -0.94,  -1.38)   Error: 2.54
Last SG, Last State: ( -1.10,  -0.95), ( -0.96,  -1.38)  SG Improvement:0.04939 

Goal, Curr: (-0.89,  0.95), ( -1.40,  -1.40)   Error: 2.40
Last SG, Last State: ( -1.82,  -0.98), ( -1.40,  -1.40)  SG Improvement:-0.00000 

Goal, Curr: (-0.89,  1.05), ( -1.12,  -1.14)   Error: 2.20
Last SG, Last State: ( -1.78,  -0.59), ( -1.10,  -1.14)  SG Improvement:-0.35047 

Goal, Curr: (-1.22,  0.88), ( -1.40,  -1.40)   Error: 2.28
Last SG, Last State: ( -1.82,  -0.89), ( -1.40,  -1.40)  SG Improvement:0.00000 

Goal, Curr: (-1.17,  1.17), ( -1.40,  -1.40)   Error: 2.58
Last SG, Last State: ( -1.85,  -0.86), ( -1.40,  -1.40)  SG Improvement:0.00000 

Goal, Curr: (-0.78,  1.20), ( -1.06,  -1.22)   Error: 2.43
Last SG, Last State: ( -1.04,  -1.63), ( -1.03,  -1.21)  SG Improvement:0.75408 

episode:01100, mean:-0.31, std:0.18, median:-0.31, success:0.00
Goal, Curr: (-1.10,  1.16), ( -1.08,  -1.17)   Error: 2.33
Last SG, Last State: ( -1.15,  -1.10), ( -0.91,  -1.09)  SG Improvement:0.13125 

Goal, Curr: (-1.11,  0.76), ( -1.36,  -1.25)   Error: 2.03
Last SG, Last State: ( -1.91,  -0.19), ( -1.30,  -1.24)  SG Improvement:-0.46437 

Goal, Curr: (-0.83,  0.80), ( -1.40,  -1.31)   Error: 2.19
Last SG, Last State: ( -1.27,  -0.28), ( -1.38,  -1.29)  SG Improvement:0.65750 

Goal, Curr: (-1.09,  0.81), ( -1.17,  -1.18)   Error: 2.00
Last SG, Last State: ( -1.25,  -0.43), ( -1.15,  -1.19)  SG Improvement:-0.22689 

Goal, Curr: (-1.20,  1.23), ( -1.12,  -1.25)   Error: 2.48
Last SG, Last State: ( -1.82,  -0.64), ( -1.16,  -1.23)  SG Improvement:-0.59359 

Goal, Curr: (-0.75,  1.00), ( -0.99,  -0.99)   Error: 2.00
Last SG, Last State: ( -0.79,  -1.46), ( -1.00,  -1.02)  SG Improvement:1.40537 

Goal, Curr: (-1.14,  0.75), ( -1.40,  -1.40)   Error: 2.17
Last SG, Last State: ( -1.63,  -1.29), ( -1.40,  -1.40)  SG Improvement:-0.03206 

Goal, Curr: (-0.98,  0.87), ( -1.40,  -1.40)   Error: 2.30
Last SG, Last State: ( -2.83,  -1.39), ( -1.40,  -1.31)  SG Improvement:-0.13137 

Goal, Curr: (-0.88,  0.87), ( -1.23,  -1.30)   Error: 2.19
Last SG, Last State: ( -1.62,  -0.85), ( -1.14,  -1.29)  SG Improvement:-0.76841 

Goal, Curr: (-1.21,  0.80), ( -1.31,  -1.32)   Error: 2.12
Last SG, Last State: ( -1.37,  -2.16), ( -1.40,  -1.33)  SG Improvement:1.12210 

episode:01200, mean:-0.22, std:0.13, median:-0.18, success:0.00
Goal, Curr: (-1.06,  0.82), ( -1.14,  -1.28)   Error: 2.10
Last SG, Last State: ( -0.96,  -0.41), ( -1.03,  -1.27)  SG Improvement:0.10520 

Goal, Curr: (-1.04,  1.13), ( -1.25,  -1.24)   Error: 2.38
Last SG, Last State: ( -1.38,  -0.79), ( -1.27,  -1.25)  SG Improvement:1.10943 

Goal, Curr: (-1.24,  0.92), ( -0.92,  -1.08)   Error: 2.02
Last SG, Last State: ( -1.47,  -0.06), ( -0.99,  -1.04)  SG Improvement:-0.23446 

Goal, Curr: (-1.18,  1.03), ( -1.40,  -1.40)   Error: 2.43
Last SG, Last State: ( -1.35,  -1.35), ( -1.40,  -1.40)  SG Improvement:0.00405 

Goal, Curr: (-0.89,  0.94), ( -0.94,  -1.30)   Error: 2.24
Last SG, Last State: ( -1.14,  -2.04), ( -0.92,  -1.30)  SG Improvement:0.71982 

Goal, Curr: (-1.04,  0.82), ( -1.01,  -1.22)   Error: 2.04
Last SG, Last State: ( -1.32,  -0.93), ( -1.12,  -1.22)  SG Improvement:-0.20791 

Goal, Curr: (-0.82,  0.78), ( -1.26,  -1.37)   Error: 2.19
Last SG, Last State: ( -1.43,  -0.70), ( -1.24,  -1.36)  SG Improvement:0.34669 

Goal, Curr: (-0.81,  0.95), ( -0.83,  -1.36)   Error: 2.32
Last SG, Last State: ( -1.31,  -0.92), ( -0.97,  -1.36)  SG Improvement:0.21760 

Goal, Curr: (-0.93,  1.07), ( -0.52,  -1.37)   Error: 2.47
Last SG, Last State: ( -0.45,  -1.09), ( -0.58,  -1.33)  SG Improvement:0.14711 

Goal, Curr: (-0.82,  1.05), ( -1.15,  -1.34)   Error: 2.41
Last SG, Last State: ( -1.00,   0.62), ( -1.18,  -1.36)  SG Improvement:-0.08814 

episode:01300, mean:-0.29, std:0.20, median:-0.23, success:0.00
Goal, Curr: (-0.97,  1.07), ( -1.12,  -1.16)   Error: 2.24
Last SG, Last State: ( -0.22,  -1.48), ( -1.08,  -1.16)  SG Improvement:-0.22427 

Goal, Curr: (-1.14,  0.86), ( -0.90,  -0.91)   Error: 1.79
Last SG, Last State: ( -0.78,  -1.00), ( -0.90,  -0.91)  SG Improvement:-0.00000 

Goal, Curr: (-0.79,  0.93), (  0.58,  -1.40)   Error: 2.70
Last SG, Last State: (  1.66,  -1.65), (  0.62,  -1.40)  SG Improvement:0.06598 

Goal, Curr: (-0.83,  0.80), ( -0.83,  -0.95)   Error: 1.75
Last SG, Last State: ( -0.21,  -1.19), ( -0.83,  -0.95)  SG Improvement:-0.04092 

Goal, Curr: (-0.76,  1.23), ( -1.21,  -1.03)   Error: 2.30
Last SG, Last State: ( -0.37,  -1.14), ( -1.31,  -1.00)  SG Improvement:-0.50532 

Goal, Curr: (-1.12,  1.06), ( -0.43,  -1.39)   Error: 2.54
Last SG, Last State: ( -0.19,  -1.07), ( -0.49,  -1.34)  SG Improvement:-0.07629 

Goal, Curr: (-0.87,  1.24), ( -0.67,  -1.15)   Error: 2.41
Last SG, Last State: (  0.09,  -1.11), ( -0.66,  -1.18)  SG Improvement:0.06707 

Goal, Curr: (-1.21,  0.93), ( -1.23,  -1.10)   Error: 2.04
Last SG, Last State: ( -1.39,  -3.09), ( -1.23,  -1.10)  SG Improvement:0.15394 

Goal, Curr: (-1.13,  1.05), ( -1.40,  -1.02)   Error: 2.09
Last SG, Last State: ( -0.11,  -0.53), ( -1.40,  -0.94)  SG Improvement:-0.42264 

Goal, Curr: (-0.77,  0.81), (  0.44,  -1.36)   Error: 2.48
Last SG, Last State: (  0.63,  -1.65), (  0.31,  -1.37)  SG Improvement:0.10014 

episode:01400, mean:-0.22, std:0.20, median:-0.16, success:0.00
Goal, Curr: (-0.76,  1.09), ( -1.40,  -0.72)   Error: 1.92
Last SG, Last State: (  0.45,  -0.30), ( -1.40,  -0.74)  SG Improvement:-0.00439 

Goal, Curr: (-1.00,  1.06), ( -0.70,  -0.75)   Error: 1.83
Last SG, Last State: ( -0.55,  -0.67), ( -0.70,  -0.75)  SG Improvement:0.93729 

Goal, Curr: (-0.84,  0.95), ( -1.17,  -0.86)   Error: 1.85
Last SG, Last State: ( -0.35,  -0.76), ( -1.15,  -0.87)  SG Improvement:-0.00020 

Goal, Curr: (-1.08,  1.11), ( -1.37,  -0.80)   Error: 1.93
Last SG, Last State: (  0.39,  -0.32), ( -1.38,  -0.80)  SG Improvement:-0.00053 

Goal, Curr: (-0.82,  0.80), ( -1.32,  -0.85)   Error: 1.72
Last SG, Last State: (  0.07,  -0.74), ( -1.36,  -0.86)  SG Improvement:-0.46159 

Goal, Curr: (-1.00,  0.83), ( -1.05,  -0.78)   Error: 1.61
Last SG, Last State: ( -0.71,  -0.57), ( -1.05,  -0.78)  SG Improvement:-0.00000 

Goal, Curr: (-1.05,  0.85), ( -0.87,  -0.70)   Error: 1.56
Last SG, Last State: (  0.05,  -0.72), ( -0.83,  -0.70)  SG Improvement:0.01126 

Goal, Curr: (-0.96,  1.24), ( -1.40,  -0.60)   Error: 1.90
Last SG, Last State: ( -0.32,  -0.85), ( -1.33,  -0.60)  SG Improvement:-0.01624 

Goal, Curr: (-0.79,  0.95), ( -1.40,  -0.88)   Error: 1.93
Last SG, Last State: ( -0.70,  -1.29), ( -1.39,  -0.89)  SG Improvement:-0.03625 

Goal, Curr: (-0.92,  1.18), ( -0.83,  -0.62)   Error: 1.80
Last SG, Last State: ( -0.73,  -0.21), ( -0.84,  -0.63)  SG Improvement:-0.03395 

episode:01500, mean:0.17, std:0.13, median:0.16, success:0.00
Goal, Curr: (-0.97,  1.24), ( -1.40,  -1.15)   Error: 2.43
Last SG, Last State: ( -0.52,  -1.14), ( -1.40,  -1.14)  SG Improvement:0.04484 

Goal, Curr: (-1.24,  0.86), ( -1.40,  -1.18)   Error: 2.05
Last SG, Last State: ( -1.20,  -1.87), ( -1.40,  -1.19)  SG Improvement:-0.00248 

Goal, Curr: (-1.05,  0.77), ( -1.40,  -1.02)   Error: 1.82
Last SG, Last State: ( -1.61,  -1.55), ( -1.40,  -1.05)  SG Improvement:0.00465 

Goal, Curr: (-0.95,  1.19), ( -1.40,  -1.13)   Error: 2.36
Last SG, Last State: ( -0.08,  -1.09), ( -1.40,  -1.13)  SG Improvement:-0.04225 

Goal, Curr: (-0.89,  0.78), ( -1.40,  -1.07)   Error: 1.92
Last SG, Last State: ( -1.63,  -1.56), ( -1.40,  -1.06)  SG Improvement:0.09992 

Goal, Curr: (-0.98,  0.98), ( -1.40,  -1.09)   Error: 2.11
Last SG, Last State: ( -0.04,  -1.04), ( -1.40,  -1.09)  SG Improvement:-0.18378 

Goal, Curr: (-1.03,  1.04), ( -1.40,  -1.16)   Error: 2.23
Last SG, Last State: ( -0.58,  -1.26), ( -1.40,  -1.15)  SG Improvement:-0.02228 

Goal, Curr: (-1.03,  0.94), ( -1.40,  -1.07)   Error: 2.04
Last SG, Last State: ( -0.12,  -1.10), ( -1.40,  -1.07)  SG Improvement:-0.06511 

Goal, Curr: (-1.20,  1.10), ( -1.40,  -1.04)   Error: 2.15
Last SG, Last State: ( -1.22,  -1.49), ( -1.40,  -1.07)  SG Improvement:-0.05434 

Goal, Curr: (-0.94,  0.88), ( -1.40,  -0.98)   Error: 1.92
Last SG, Last State: (  0.34,  -0.71), ( -1.40,  -1.00)  SG Improvement:-0.38285 

episode:01600, mean:-0.13, std:0.13, median:-0.12, success:0.00
Goal, Curr: (-0.82,  0.90), ( -0.83,  -0.98)   Error: 1.87
Last SG, Last State: (  0.17,  -1.37), ( -0.73,  -0.97)  SG Improvement:0.05592 

Goal, Curr: (-1.01,  0.77), ( -0.89,  -0.87)   Error: 1.64
Last SG, Last State: (  0.11,  -1.65), ( -0.72,  -0.88)  SG Improvement:0.23042 

Goal, Curr: (-1.07,  0.86), ( -1.40,  -0.60)   Error: 1.50
Last SG, Last State: (  0.57,  -0.39), ( -1.40,  -0.60)  SG Improvement:0.00224 

Goal, Curr: (-1.24,  0.77), ( -1.28,  -0.65)   Error: 1.42
Last SG, Last State: ( -0.20,  -0.91), ( -1.34,  -0.67)  SG Improvement:-0.53963 

Goal, Curr: (-0.76,  0.79), ( -1.40,  -0.72)   Error: 1.64
Last SG, Last State: (  0.60,  -0.05), ( -1.40,  -0.77)  SG Improvement:0.07428 

Goal, Curr: (-0.86,  1.10), ( -1.40,  -0.91)   Error: 2.08
Last SG, Last State: (  0.26,  -0.72), ( -1.40,  -0.92)  SG Improvement:0.04914 

Goal, Curr: (-1.17,  1.13), ( -1.40,  -0.60)   Error: 1.75
Last SG, Last State: (  0.37,  -0.33), ( -1.40,  -0.60)  SG Improvement:0.00152 

Goal, Curr: (-0.91,  0.80), ( -1.40,  -0.60)   Error: 1.48
Last SG, Last State: (  0.60,   0.34), ( -1.40,  -0.60)  SG Improvement:0.00000 

Goal, Curr: (-0.89,  0.89), ( -1.40,  -0.69)   Error: 1.66
Last SG, Last State: (  0.63,   0.14), ( -1.40,  -0.72)  SG Improvement:-0.14988 

Goal, Curr: (-0.80,  0.80), ( -0.60,  -0.92)   Error: 1.74
Last SG, Last State: (  0.57,  -1.21), ( -0.58,  -0.92)  SG Improvement:0.24717 

episode:01700, mean:0.20, std:0.17, median:0.20, success:0.00
Goal, Curr: (-0.87,  1.02), ( -1.40,  -0.60)   Error: 1.70
Last SG, Last State: (  0.61,   0.19), ( -1.40,  -0.60)  SG Improvement:-0.27499 

Goal, Curr: (-1.04,  0.84), ( -1.25,  -0.81)   Error: 1.67
Last SG, Last State: (  0.80,  -0.09), ( -1.25,  -0.81)  SG Improvement:0.10911 

Goal, Curr: (-1.14,  0.83), ( -0.79,  -1.20)   Error: 2.06
Last SG, Last State: (  0.48,  -1.65), ( -0.78,  -1.20)  SG Improvement:-0.04044 

Goal, Curr: (-1.02,  0.86), ( -1.34,  -0.99)   Error: 1.88
Last SG, Last State: ( -0.75,  -1.14), ( -1.30,  -1.00)  SG Improvement:0.64888 

Goal, Curr: (-0.84,  0.98), ( -1.40,  -0.60)   Error: 1.67
Last SG, Last State: (  0.68,  -0.21), ( -1.38,  -0.62)  SG Improvement:0.13307 

Goal, Curr: (-0.95,  1.22), ( -1.29,  -0.90)   Error: 2.15
Last SG, Last State: ( -0.69,  -0.91), ( -1.29,  -0.91)  SG Improvement:-0.06072 

Goal, Curr: (-1.04,  0.95), ( -0.73,  -1.09)   Error: 2.06
Last SG, Last State: (  0.29,  -1.22), ( -0.73,  -1.09)  SG Improvement:-0.00000 

Goal, Curr: (-0.81,  1.01), ( -0.74,  -0.78)   Error: 1.80
Last SG, Last State: ( -0.46,  -0.78), ( -0.79,  -0.80)  SG Improvement:0.00250 

Goal, Curr: (-0.99,  0.98), ( -1.40,  -0.93)   Error: 1.95
Last SG, Last State: (  0.19,  -0.92), ( -1.38,  -0.95)  SG Improvement:0.01467 

Goal, Curr: (-1.01,  1.23), ( -0.77,  -1.13)   Error: 2.37
Last SG, Last State: (  0.17,  -1.13), ( -0.77,  -1.13)  SG Improvement:-0.00000 

episode:01800, mean:0.09, std:0.09, median:0.07, success:0.00
Goal, Curr: (-1.07,  1.14), ( -1.40,  -0.60)   Error: 1.77
Last SG, Last State: ( -1.16,  -0.55), ( -1.40,  -0.60)  SG Improvement:0.03901 

Goal, Curr: (-1.24,  1.20), ( -1.40,  -0.60)   Error: 1.81
Last SG, Last State: ( -0.03,  -0.42), ( -1.40,  -0.60)  SG Improvement:-0.06564 

Goal, Curr: (-0.77,  1.05), ( -1.40,  -0.60)   Error: 1.77
Last SG, Last State: ( -0.65,  -0.63), ( -1.40,  -0.60)  SG Improvement:0.01371 

Goal, Curr: (-1.00,  1.19), ( -1.40,  -0.60)   Error: 1.84
Last SG, Last State: ( -0.21,  -0.52), ( -1.40,  -0.60)  SG Improvement:-0.03542 

Goal, Curr: (-1.11,  0.85), ( -1.40,  -0.60)   Error: 1.48
Last SG, Last State: (  0.60,   0.11), ( -1.40,  -0.60)  SG Improvement:-0.00000 

Goal, Curr: (-1.07,  1.14), ( -1.40,  -0.60)   Error: 1.77
Last SG, Last State: (  0.44,  -0.41), ( -1.40,  -0.60)  SG Improvement:-0.05421 

Goal, Curr: (-1.13,  1.11), ( -1.40,  -0.60)   Error: 1.73
Last SG, Last State: ( -1.09,  -0.55), ( -1.40,  -0.60)  SG Improvement:0.04686 

Goal, Curr: (-1.20,  0.96), ( -1.40,  -0.60)   Error: 1.58
Last SG, Last State: (  0.60,   0.10), ( -1.40,  -0.60)  SG Improvement:-0.00000 

Goal, Curr: (-1.06,  0.92), ( -1.40,  -0.60)   Error: 1.56
Last SG, Last State: ( -0.21,  -0.54), ( -1.40,  -0.60)  SG Improvement:0.00000 

Goal, Curr: (-1.06,  1.06), ( -1.40,  -0.60)   Error: 1.70
Last SG, Last State: (  0.58,  -0.44), ( -1.40,  -0.60)  SG Improvement:-0.04489 

episode:01900, mean:0.35, std:0.17, median:0.32, success:0.00
Goal, Curr: (-1.04,  1.21), ( -1.40,  -0.94)   Error: 2.18
Last SG, Last State: (  0.60,  -0.05), ( -1.40,  -0.92)  SG Improvement:0.07829 

Goal, Curr: (-1.05,  0.93), ( -1.40,  -1.00)   Error: 1.97
Last SG, Last State: (  0.60,  -0.11), ( -1.40,  -1.00)  SG Improvement:0.01227 

Goal, Curr: (-1.04,  1.15), ( -1.40,  -0.87)   Error: 2.05
Last SG, Last State: (  0.60,   0.06), ( -1.40,  -0.87)  SG Improvement:-0.04348 

Goal, Curr: (-1.05,  0.91), ( -1.40,  -1.09)   Error: 2.03
Last SG, Last State: (  0.42,  -0.62), ( -1.40,  -1.09)  SG Improvement:0.05758 

Goal, Curr: (-1.22,  0.93), ( -1.40,  -1.20)   Error: 2.14
Last SG, Last State: ( -1.02,  -1.12), ( -1.40,  -1.19)  SG Improvement:-0.01231 

Goal, Curr: (-1.15,  1.08), ( -1.40,  -1.12)   Error: 2.21
Last SG, Last State: (  0.56,  -0.30), ( -1.40,  -1.11)  SG Improvement:-0.00165 

Goal, Curr: (-0.78,  0.77), ( -1.40,  -0.60)   Error: 1.51
Last SG, Last State: (  0.60,   0.34), ( -1.40,  -0.60)  SG Improvement:-0.00829 

Goal, Curr: (-1.02,  0.91), ( -1.40,  -0.97)   Error: 1.91
Last SG, Last State: (  0.60,  -0.11), ( -1.40,  -0.97)  SG Improvement:0.00108 

Goal, Curr: (-1.07,  0.82), ( -1.40,  -1.10)   Error: 1.94
Last SG, Last State: (  0.35,  -0.72), ( -1.40,  -1.11)  SG Improvement:0.01651 

Goal, Curr: (-1.25,  0.78), ( -1.40,  -1.15)   Error: 1.94
Last SG, Last State: (  0.00,  -1.46), ( -1.40,  -1.11)  SG Improvement:0.02617 

episode:02000, mean:0.02, std:0.10, median:0.02, success:0.00
Goal, Curr: (-0.75,  1.00), ( -1.33,  -0.61)   Error: 1.71
Last SG, Last State: (  0.67,   0.46), ( -1.33,  -0.61)  SG Improvement:0.00754 

Goal, Curr: (-0.75,  0.82), ( -1.40,  -0.98)   Error: 1.92
Last SG, Last State: (  0.60,  -0.29), ( -1.40,  -0.99)  SG Improvement:-0.02438 

Goal, Curr: (-0.90,  1.10), ( -1.37,  -0.65)   Error: 1.81
Last SG, Last State: (  0.62,   0.44), ( -1.37,  -0.65)  SG Improvement:-0.05910 

Goal, Curr: (-1.06,  0.83), ( -1.40,  -0.85)   Error: 1.71
Last SG, Last State: (  0.60,  -0.26), ( -1.40,  -0.87)  SG Improvement:-0.02472 

Goal, Curr: (-0.79,  0.79), ( -1.37,  -0.79)   Error: 1.68
Last SG, Last State: (  0.63,   0.43), ( -1.36,  -0.79)  SG Improvement:-0.12442 

Goal, Curr: (-1.08,  1.06), ( -1.40,  -1.01)   Error: 2.10
Last SG, Last State: (  0.60,  -0.16), ( -1.40,  -1.01)  SG Improvement:0.07011 

Goal, Curr: (-1.06,  0.83), ( -1.40,  -1.02)   Error: 1.88
Last SG, Last State: (  0.60,  -0.18), ( -1.40,  -1.02)  SG Improvement:0.05256 

Goal, Curr: (-0.84,  0.87), ( -1.40,  -0.61)   Error: 1.58
Last SG, Last State: (  0.60,   0.11), ( -1.40,  -0.60)  SG Improvement:-0.02594 

Goal, Curr: (-1.23,  0.85), ( -1.40,  -1.07)   Error: 1.92
Last SG, Last State: (  0.32,  -0.85), ( -1.40,  -1.07)  SG Improvement:0.00097 

Goal, Curr: (-1.01,  1.03), ( -1.40,  -0.99)   Error: 2.06
Last SG, Last State: (  0.60,  -0.17), ( -1.40,  -1.00)  SG Improvement:-0.00143 

episode:02100, mean:-0.01, std:0.21, median:-0.02, success:0.00
Goal, Curr: (-1.11,  0.85), ( -0.75,  -1.01)   Error: 1.90
Last SG, Last State: ( -0.46,  -0.60), ( -0.75,  -1.01)  SG Improvement:0.04414 

Goal, Curr: (-1.06,  1.19), ( -0.85,  -0.89)   Error: 2.10
Last SG, Last State: ( -0.67,  -0.69), ( -0.85,  -0.89)  SG Improvement:0.00182 

Goal, Curr: (-1.04,  0.87), ( -1.20,  -1.09)   Error: 1.97
Last SG, Last State: ( -0.92,  -0.68), ( -1.18,  -1.09)  SG Improvement:0.53079 

Goal, Curr: (-0.84,  1.06), ( -1.40,  -0.60)   Error: 1.75
Last SG, Last State: (  0.54,  -0.07), ( -1.40,  -0.62)  SG Improvement:0.00790 

Goal, Curr: (-1.08,  0.83), ( -0.81,  -0.84)   Error: 1.69
Last SG, Last State: ( -0.59,  -0.51), ( -0.81,  -0.84)  SG Improvement:-0.00025 

Goal, Curr: (-1.13,  1.09), ( -1.01,  -1.12)   Error: 2.21
Last SG, Last State: ( -0.52,  -0.83), ( -1.02,  -1.11)  SG Improvement:-0.05594 

Goal, Curr: (-0.80,  1.09), ( -1.14,  -1.22)   Error: 2.33
Last SG, Last State: ( -1.12,  -0.82), ( -1.09,  -1.23)  SG Improvement:-0.07932 

Goal, Curr: (-0.80,  0.78), ( -0.62,  -0.89)   Error: 1.69
Last SG, Last State: ( -0.44,  -0.67), ( -0.62,  -0.89)  SG Improvement:-0.00842 

Goal, Curr: (-0.96,  0.81), ( -0.86,  -1.07)   Error: 1.88
Last SG, Last State: ( -0.66,  -0.59), ( -0.86,  -1.07)  SG Improvement:0.46892 

Goal, Curr: (-1.05,  0.81), ( -1.16,  -1.16)   Error: 1.98
Last SG, Last State: ( -1.08,  -0.68), ( -1.16,  -1.16)  SG Improvement:-0.00071 

episode:02200, mean:0.03, std:0.09, median:-0.01, success:0.00
Goal, Curr: (-0.82,  0.83), ( -1.40,  -0.64)   Error: 1.58
Last SG, Last State: ( -0.34,  -0.40), ( -1.40,  -0.70)  SG Improvement:-0.06138 

Goal, Curr: (-1.23,  0.86), ( -1.40,  -0.62)   Error: 1.49
Last SG, Last State: ( -0.82,  -0.08), ( -1.40,  -0.61)  SG Improvement:0.58071 

Goal, Curr: (-1.17,  1.25), ( -1.38,  -0.62)   Error: 1.88
Last SG, Last State: ( -1.25,  -0.36), ( -1.37,  -0.62)  SG Improvement:0.09616 

Goal, Curr: (-0.82,  1.03), ( -1.39,  -0.62)   Error: 1.74
Last SG, Last State: ( -1.45,   0.08), ( -1.37,  -0.63)  SG Improvement:0.00048 

Goal, Curr: (-1.23,  0.77), ( -1.40,  -0.87)   Error: 1.65
Last SG, Last State: ( -0.07,  -1.04), ( -1.40,  -0.87)  SG Improvement:0.00745 

Goal, Curr: (-1.16,  0.95), ( -1.40,  -0.63)   Error: 1.60
Last SG, Last State: ( -0.76,   0.01), ( -1.40,  -0.60)  SG Improvement:0.38011 

Goal, Curr: (-0.93,  1.16), ( -1.40,  -0.60)   Error: 1.83
Last SG, Last State: ( -1.03,  -0.16), ( -1.40,  -0.61)  SG Improvement:0.13473 

Goal, Curr: (-1.09,  0.91), ( -1.40,  -0.85)   Error: 1.78
Last SG, Last State: ( -0.29,  -0.83), ( -1.40,  -0.82)  SG Improvement:0.01857 

Goal, Curr: (-1.18,  0.88), ( -1.40,  -0.89)   Error: 1.79
Last SG, Last State: ( -0.97,  -0.67), ( -1.40,  -0.95)  SG Improvement:-0.75935 

Goal, Curr: (-0.93,  1.14), ( -1.40,  -0.92)   Error: 2.11
Last SG, Last State: ( -1.39,  -0.54), ( -1.39,  -0.94)  SG Improvement:0.11144 

episode:02300, mean:0.23, std:0.10, median:0.26, success:0.00
Goal, Curr: (-1.11,  0.94), ( -1.33,  -0.63)   Error: 1.59
Last SG, Last State: ( -1.09,  -0.15), ( -1.34,  -0.63)  SG Improvement:0.21991 

Goal, Curr: (-0.82,  0.92), ( -1.40,  -0.73)   Error: 1.74
Last SG, Last State: ( -0.50,  -0.73), ( -1.40,  -0.74)  SG Improvement:0.43610 

Goal, Curr: (-0.94,  1.09), ( -0.61,  -1.10)   Error: 2.21
Last SG, Last State: ( -0.21,  -0.74), ( -0.63,  -1.10)  SG Improvement:0.43144 

Goal, Curr: (-1.08,  0.95), ( -1.32,  -0.60)   Error: 1.57
Last SG, Last State: ( -1.02,  -0.24), ( -1.39,  -0.60)  SG Improvement:0.04905 

Goal, Curr: (-1.17,  0.84), ( -1.40,  -0.75)   Error: 1.61
Last SG, Last State: (  0.18,  -0.38), ( -1.41,  -0.83)  SG Improvement:-1.09454 

Goal, Curr: (-1.19,  0.89), ( -1.40,  -0.84)   Error: 1.74
Last SG, Last State: ( -0.78,  -0.63), ( -1.40,  -0.83)  SG Improvement:0.11002 

Goal, Curr: (-1.10,  0.97), ( -1.40,  -0.73)   Error: 1.72
Last SG, Last State: ( -0.37,  -1.03), ( -1.40,  -0.81)  SG Improvement:0.03264 

Goal, Curr: (-1.19,  0.95), ( -1.40,  -0.62)   Error: 1.59
Last SG, Last State: ( -1.48,  -0.32), ( -1.40,  -0.62)  SG Improvement:-0.03752 

Goal, Curr: (-0.91,  0.80), ( -1.01,  -0.83)   Error: 1.63
Last SG, Last State: ( -0.49,  -0.31), ( -0.95,  -0.83)  SG Improvement:1.34024 

Goal, Curr: (-1.03,  1.23), ( -1.40,  -0.60)   Error: 1.87
Last SG, Last State: ( -1.45,  -0.20), ( -1.40,  -0.60)  SG Improvement:0.00094 

episode:02400, mean:0.22, std:0.12, median:0.19, success:0.00
Goal, Curr: (-0.88,  1.09), ( -1.40,  -1.14)   Error: 2.29
Last SG, Last State: ( -1.55,  -0.67), ( -1.40,  -1.11)  SG Improvement:-0.50289 

Goal, Curr: (-0.78,  1.19), ( -1.40,  -1.09)   Error: 2.36
Last SG, Last State: ( -1.43,  -0.60), ( -1.40,  -1.07)  SG Improvement:-0.51227 

Goal, Curr: (-0.77,  0.97), ( -1.40,  -1.23)   Error: 2.28
Last SG, Last State: ( -1.53,  -0.97), ( -1.40,  -1.22)  SG Improvement:-0.02165 

Goal, Curr: (-0.81,  0.76), ( -0.82,  -1.17)   Error: 1.92
Last SG, Last State: ( -0.68,  -1.11), ( -0.86,  -1.17)  SG Improvement:0.30887 

Goal, Curr: (-1.09,  1.20), ( -1.40,  -1.17)   Error: 2.39
Last SG, Last State: ( -1.63,  -1.01), ( -1.40,  -1.13)  SG Improvement:0.37841 

Goal, Curr: (-1.14,  0.96), ( -1.40,  -1.12)   Error: 2.10
Last SG, Last State: ( -1.51,  -0.84), ( -1.40,  -1.07)  SG Improvement:0.04807 

Goal, Curr: (-1.11,  1.13), ( -1.40,  -1.26)   Error: 2.41
Last SG, Last State: ( -2.14,   0.14), ( -1.40,  -1.21)  SG Improvement:-0.14068 

Goal, Curr: (-0.98,  1.24), ( -1.39,  -1.20)   Error: 2.47
Last SG, Last State: ( -1.82,  -0.38), ( -1.40,  -1.20)  SG Improvement:-0.39861 

Goal, Curr: (-1.07,  0.87), ( -1.39,  -1.08)   Error: 1.98
Last SG, Last State: ( -1.07,  -1.06), ( -1.39,  -1.08)  SG Improvement:0.41530 

Goal, Curr: (-1.14,  1.04), ( -1.40,  -1.20)   Error: 2.26
Last SG, Last State: ( -1.62,  -1.04), ( -1.40,  -1.25)  SG Improvement:0.39367 

episode:02500, mean:-0.11, std:0.13, median:-0.06, success:0.00
Goal, Curr: (-1.00,  0.87), ( -0.80,  -1.02)   Error: 1.90
Last SG, Last State: ( -0.82,  -0.63), ( -0.80,  -1.02)  SG Improvement:-0.00000 

Goal, Curr: (-0.83,  1.02), ( -1.40,  -0.95)   Error: 2.06
Last SG, Last State: ( -1.33,  -0.93), ( -1.37,  -0.96)  SG Improvement:-0.37057 

Goal, Curr: (-1.20,  1.00), ( -1.40,  -1.20)   Error: 2.20
Last SG, Last State: ( -1.58,  -0.71), ( -1.40,  -1.22)  SG Improvement:-0.00630 

Goal, Curr: (-1.17,  1.06), ( -1.40,  -1.35)   Error: 2.42
Last SG, Last State: ( -1.72,  -1.17), ( -1.40,  -1.34)  SG Improvement:0.27938 

Goal, Curr: (-0.97,  0.77), ( -1.40,  -1.38)   Error: 2.20
Last SG, Last State: ( -1.58,  -1.10), ( -1.40,  -1.35)  SG Improvement:0.07144 

Goal, Curr: (-1.23,  0.97), ( -1.21,  -1.17)   Error: 2.14
Last SG, Last State: ( -1.48,   0.18), ( -1.22,  -1.15)  SG Improvement:0.08497 

Goal, Curr: (-0.93,  1.07), ( -1.40,  -1.24)   Error: 2.36
Last SG, Last State: ( -1.68,  -0.57), ( -1.40,  -1.27)  SG Improvement:-0.00359 

Goal, Curr: (-1.02,  0.99), ( -1.16,  -1.40)   Error: 2.39
Last SG, Last State: ( -1.39,   0.28), ( -1.18,  -1.36)  SG Improvement:-0.02992 

Goal, Curr: (-1.17,  0.84), ( -1.40,  -1.26)   Error: 2.11
Last SG, Last State: ( -1.69,  -1.14), ( -1.40,  -1.29)  SG Improvement:0.26495 

Goal, Curr: (-1.16,  0.80), ( -1.40,  -1.32)   Error: 2.13
Last SG, Last State: ( -1.91,  -0.00), ( -1.40,  -1.30)  SG Improvement:-0.10877 

episode:02600, mean:-0.21, std:0.21, median:-0.29, success:0.00
Goal, Curr: (-1.13,  0.89), ( -1.40,  -1.01)   Error: 1.92
Last SG, Last State: ( -1.50,  -0.84), ( -1.40,  -1.00)  SG Improvement:0.22624 

Goal, Curr: (-1.14,  0.79), ( -1.40,  -0.78)   Error: 1.60
Last SG, Last State: ( -1.42,  -0.35), ( -1.40,  -0.82)  SG Improvement:-0.41700 

Goal, Curr: (-0.86,  0.80), ( -1.40,  -1.20)   Error: 2.07
Last SG, Last State: ( -1.57,  -1.33), ( -1.40,  -1.21)  SG Improvement:0.23236 

Goal, Curr: (-0.75,  0.97), ( -1.40,  -0.89)   Error: 1.96
Last SG, Last State: ( -1.68,  -1.16), ( -1.40,  -0.94)  SG Improvement:0.44166 

Goal, Curr: (-0.79,  0.93), ( -1.40,  -0.75)   Error: 1.78
Last SG, Last State: (  0.64,  -0.03), ( -1.40,  -0.84)  SG Improvement:-0.43870 

Goal, Curr: (-1.16,  1.11), ( -1.40,  -1.19)   Error: 2.31
Last SG, Last State: ( -2.26,   0.36), ( -1.40,  -1.20)  SG Improvement:-0.04692 

Goal, Curr: (-0.83,  0.78), ( -1.40,  -1.12)   Error: 1.98
Last SG, Last State: ( -2.00,   0.00), ( -1.40,  -1.14)  SG Improvement:-0.20424 

Goal, Curr: (-0.77,  1.09), ( -1.40,  -1.17)   Error: 2.34
Last SG, Last State: ( -1.94,  -0.11), ( -1.40,  -1.20)  SG Improvement:-0.00782 

Goal, Curr: (-1.06,  1.21), ( -1.40,  -1.23)   Error: 2.45
Last SG, Last State: ( -2.25,   0.31), ( -1.40,  -1.24)  SG Improvement:-0.03509 

Goal, Curr: (-0.76,  0.92), ( -1.40,  -1.27)   Error: 2.29
Last SG, Last State: ( -1.66,  -1.20), ( -1.40,  -1.23)  SG Improvement:-0.12470 

episode:02700, mean:-0.05, std:0.19, median:-0.07, success:0.00
Goal, Curr: (-1.23,  0.86), ( -0.86,  -1.09)   Error: 1.98
Last SG, Last State: ( -0.73,  -0.56), ( -0.86,  -1.09)  SG Improvement:0.00000 

Goal, Curr: (-1.21,  1.02), ( -1.30,  -0.93)   Error: 1.95
Last SG, Last State: ( -1.38,  -0.74), ( -1.25,  -0.95)  SG Improvement:0.03095 

Goal, Curr: (-1.16,  1.14), ( -1.40,  -1.13)   Error: 2.28
Last SG, Last State: ( -1.65,  -1.00), ( -1.40,  -1.10)  SG Improvement:0.12540 

Goal, Curr: (-0.83,  1.16), ( -1.40,  -0.93)   Error: 2.16
Last SG, Last State: ( -1.62,  -0.97), ( -1.40,  -0.97)  SG Improvement:0.22655 

Goal, Curr: (-0.75,  0.76), ( -1.34,  -1.00)   Error: 1.86
Last SG, Last State: ( -1.65,  -0.63), ( -1.35,  -0.99)  SG Improvement:-0.17298 

Goal, Curr: (-1.15,  1.21), ( -1.10,  -0.90)   Error: 2.11
Last SG, Last State: ( -1.30,  -0.33), ( -1.10,  -0.90)  SG Improvement:0.01320 

Goal, Curr: (-0.75,  0.87), ( -1.38,  -0.95)   Error: 1.92
Last SG, Last State: (  0.71,  -0.17), ( -1.34,  -0.96)  SG Improvement:-0.03648 

Goal, Curr: (-1.13,  1.21), ( -1.05,  -0.88)   Error: 2.10
Last SG, Last State: ( -0.24,  -0.40), ( -1.06,  -0.87)  SG Improvement:0.54955 

Goal, Curr: (-0.98,  1.19), ( -1.40,  -1.06)   Error: 2.29
Last SG, Last State: ( -1.68,  -1.03), ( -1.40,  -1.03)  SG Improvement:0.10361 

Goal, Curr: (-0.98,  1.01), ( -1.40,  -1.11)   Error: 2.16
Last SG, Last State: ( -1.71,  -0.60), ( -1.40,  -1.11)  SG Improvement:-0.02233 

episode:02800, mean:-0.05, std:0.09, median:-0.02, success:0.00
Goal, Curr: (-0.81,  0.95), ( -1.33,  -0.71)   Error: 1.73
Last SG, Last State: ( -0.46,  -0.57), ( -1.25,  -0.75)  SG Improvement:1.22040 

Goal, Curr: (-1.15,  0.77), ( -0.95,  -0.91)   Error: 1.69
Last SG, Last State: ( -0.91,  -0.38), ( -0.95,  -0.91)  SG Improvement:0.06351 

Goal, Curr: (-1.01,  0.93), ( -1.05,  -0.97)   Error: 1.90
Last SG, Last State: ( -1.05,  -0.78), ( -1.02,  -0.99)  SG Improvement:-0.21535 

Goal, Curr: (-1.24,  0.87), ( -1.40,  -1.20)   Error: 2.07
Last SG, Last State: ( -2.00,  -0.46), ( -1.40,  -1.24)  SG Improvement:-0.03766 

Goal, Curr: (-0.85,  1.09), ( -1.40,  -1.01)   Error: 2.18
Last SG, Last State: ( -1.30,  -1.25), ( -1.40,  -1.04)  SG Improvement:0.39526 

Goal, Curr: (-1.11,  1.10), ( -1.40,  -0.99)   Error: 2.11
Last SG, Last State: ( -1.82,  -0.46), ( -1.40,  -1.01)  SG Improvement:-0.11170 

Goal, Curr: (-0.94,  1.06), ( -1.40,  -1.01)   Error: 2.11
Last SG, Last State: ( -1.78,  -1.13), ( -1.40,  -1.04)  SG Improvement:0.06092 

Goal, Curr: (-0.88,  1.02), ( -1.34,  -0.97)   Error: 2.04
Last SG, Last State: ( -1.71,  -1.03), ( -1.40,  -0.96)  SG Improvement:0.11400 

Goal, Curr: (-0.84,  1.20), ( -1.40,  -1.13)   Error: 2.40
Last SG, Last State: ( -0.81,  -1.17), ( -1.40,  -1.11)  SG Improvement:-0.45853 

Goal, Curr: (-0.78,  0.79), ( -1.36,  -0.97)   Error: 1.85
Last SG, Last State: ( -1.50,  -1.07), ( -1.31,  -0.98)  SG Improvement:0.29561 

episode:02900, mean:-0.06, std:0.10, median:-0.05, success:0.00
Goal, Curr: (-0.84,  0.98), ( -1.36,  -0.90)   Error: 1.96
Last SG, Last State: (  0.80,   0.26), ( -1.29,  -0.92)  SG Improvement:0.31393 

Goal, Curr: (-1.09,  1.08), ( -0.92,  -1.11)   Error: 2.20
Last SG, Last State: ( -0.49,   0.63), ( -0.87,  -1.11)  SG Improvement:0.42231 

Goal, Curr: (-1.05,  0.84), ( -1.09,  -1.16)   Error: 2.00
Last SG, Last State: ( -1.31,  -0.38), ( -1.16,  -1.12)  SG Improvement:-0.25896 

Goal, Curr: (-1.08,  0.82), ( -1.40,  -0.95)   Error: 1.80
Last SG, Last State: (  0.56,  -0.15), ( -1.36,  -0.92)  SG Improvement:-0.67108 

Goal, Curr: (-1.18,  0.79), ( -1.40,  -1.39)   Error: 2.20
Last SG, Last State: ( -2.23,  -1.59), ( -1.40,  -1.40)  SG Improvement:0.01912 

Goal, Curr: (-1.22,  1.06), ( -1.40,  -1.32)   Error: 2.39
Last SG, Last State: ( -2.06,  -1.09), ( -1.40,  -1.37)  SG Improvement:0.14532 

Goal, Curr: (-1.07,  0.84), ( -1.40,  -0.97)   Error: 1.84
Last SG, Last State: ( -0.45,  -0.92), ( -1.36,  -0.99)  SG Improvement:0.97294 

Goal, Curr: (-0.77,  0.95), ( -1.40,  -1.14)   Error: 2.18
Last SG, Last State: ( -0.71,  -0.75), ( -1.34,  -1.06)  SG Improvement:-0.87859 

Goal, Curr: (-1.01,  0.84), ( -1.40,  -0.92)   Error: 1.80
Last SG, Last State: ( -1.54,  -0.80), ( -1.38,  -0.92)  SG Improvement:0.51268 

Goal, Curr: (-0.90,  0.81), ( -1.27,  -0.91)   Error: 1.76
Last SG, Last State: (  0.88,  -0.09), ( -1.19,  -0.92)  SG Improvement:0.07157 

episode:03000, mean:-0.13, std:0.15, median:-0.12, success:0.00
