Using device: cpu
no-correct-old-reward-1
Initializing with critic LR:  0.2  actor LR:  0.01
Initializing with critic LR:  0.0002  actor LR:  0.0005
Goal, Curr: (-1.12,  1.09), (  1.39,  -0.38)   Error: 2.91
Last SG, Last State: (  3.39,  -2.38), (  1.39,  -0.38)  SG Improvement:-0.00016 

Goal, Curr: (-0.90,  0.94), (  1.39,  -0.36)   Error: 2.64
Last SG, Last State: (  3.39,  -2.36), (  1.39,  -0.36)  SG Improvement:0.00805 

Goal, Curr: (-0.96,  1.13), (  1.38,  -0.35)   Error: 2.77
Last SG, Last State: (  3.38,  -2.35), (  1.38,  -0.35)  SG Improvement:-0.00066 

Goal, Curr: (-1.00,  1.08), (  1.39,  -0.37)   Error: 2.80
Last SG, Last State: (  3.39,  -2.37), (  1.39,  -0.37)  SG Improvement:-0.00022 

Goal, Curr: (-1.04,  0.75), (  1.40,  -0.47)   Error: 2.73
Last SG, Last State: (  3.40,  -2.47), (  1.40,  -0.47)  SG Improvement:0.00044 

Goal, Curr: (-1.06,  1.17), (  1.39,  -0.45)   Error: 2.93
Last SG, Last State: (  3.39,  -2.45), (  1.39,  -0.45)  SG Improvement:-0.00029 

Goal, Curr: (-1.01,  1.04), (  1.39,  -0.35)   Error: 2.78
Last SG, Last State: (  3.39,  -2.35), (  1.39,  -0.35)  SG Improvement:-0.00013 

Goal, Curr: (-0.80,  0.94), (  1.39,  -0.32)   Error: 2.53
Last SG, Last State: (  3.39,  -2.32), (  1.39,  -0.32)  SG Improvement:0.00729 

Goal, Curr: (-1.19,  0.93), (  1.39,  -0.36)   Error: 2.89
Last SG, Last State: (  3.39,  -2.36), (  1.39,  -0.36)  SG Improvement:0.00308 

Goal, Curr: (-1.09,  1.19), (  1.39,  -0.37)   Error: 2.94
Last SG, Last State: (  3.39,  -2.37), (  1.39,  -0.37)  SG Improvement:-0.00015 

Goal, Curr: (-1.23,  0.89), (  1.39,  -0.33)   Error: 2.89
Last SG, Last State: (  3.39,  -2.33), (  1.39,  -0.33)  SG Improvement:-0.00039 

Goal, Curr: (-1.03,  1.01), (  1.39,  -0.36)   Error: 2.78
Last SG, Last State: (  3.39,  -2.36), (  1.39,  -0.36)  SG Improvement:-0.00011 

Goal, Curr: (-1.10,  0.76), (  1.40,  -0.48)   Error: 2.78
Last SG, Last State: (  3.40,  -2.48), (  1.40,  -0.48)  SG Improvement:0.00030 

Goal, Curr: (-1.06,  1.21), ( -1.01,  -1.04)   Error: 2.25
Last SG, Last State: (  1.01,  -3.03), ( -1.00,  -1.03)  SG Improvement:-0.00104 

Goal, Curr: (-1.03,  1.23), (  1.39,  -0.34)   Error: 2.89
Last SG, Last State: (  3.39,  -2.34), (  1.39,  -0.34)  SG Improvement:-0.00029 

Goal, Curr: (-1.22,  0.92), (  1.39,  -0.33)   Error: 2.89
Last SG, Last State: (  3.39,  -2.33), (  1.39,  -0.33)  SG Improvement:0.00986 

Goal, Curr: (-0.88,  1.02), (  1.39,  -0.44)   Error: 2.70
Last SG, Last State: (  3.39,  -2.44), (  1.39,  -0.44)  SG Improvement:-0.00009 

Goal, Curr: (-0.93,  1.19), (  1.39,  -0.31)   Error: 2.77
Last SG, Last State: (  3.39,  -2.31), (  1.39,  -0.31)  SG Improvement:0.00230 

Goal, Curr: (-1.25,  1.01), (  1.39,  -0.35)   Error: 2.96
Last SG, Last State: (  3.39,  -2.35), (  1.39,  -0.35)  SG Improvement:-0.00008 

Goal, Curr: (-1.21,  0.97), (  1.39,  -0.40)   Error: 2.94
Last SG, Last State: (  3.39,  -2.40), (  1.39,  -0.40)  SG Improvement:-0.00009 

Goal, Curr: (-1.18,  1.23), (  1.39,  -0.37)   Error: 3.03
Last SG, Last State: (  3.39,  -2.37), (  1.39,  -0.37)  SG Improvement:-0.00014 

Goal, Curr: (-1.19,  0.79), (  1.39,  -0.37)   Error: 2.84
Last SG, Last State: (  3.39,  -2.37), (  1.39,  -0.37)  SG Improvement:0.00006 

Goal, Curr: (-1.05,  0.95), (  1.39,  -0.38)   Error: 2.79
Last SG, Last State: (  3.39,  -2.38), (  1.39,  -0.38)  SG Improvement:-0.00010 

Goal, Curr: (-0.91,  1.11), (  1.39,  -0.35)   Error: 2.73
Last SG, Last State: (  3.39,  -2.35), (  1.39,  -0.35)  SG Improvement:-0.00007 

Goal, Curr: (-1.12,  1.20), (  1.39,  -0.33)   Error: 2.95
Last SG, Last State: (  3.39,  -2.33), (  1.39,  -0.33)  SG Improvement:-0.00047 

Goal, Curr: (-0.99,  1.19), (  1.39,  -0.36)   Error: 2.84
Last SG, Last State: (  3.39,  -2.36), (  1.39,  -0.36)  SG Improvement:-0.00012 

Goal, Curr: (-0.93,  1.17), (  1.39,  -0.35)   Error: 2.78
Last SG, Last State: (  3.39,  -2.35), (  1.39,  -0.35)  SG Improvement:-0.00027 

Goal, Curr: (-0.98,  0.94), (  1.39,  -0.36)   Error: 2.71
Last SG, Last State: (  3.39,  -2.36), (  1.39,  -0.36)  SG Improvement:-0.00007 

Goal, Curr: (-1.01,  1.10), (  1.39,  -0.36)   Error: 2.81
Last SG, Last State: (  3.39,  -2.36), (  1.39,  -0.36)  SG Improvement:0.00800 

Goal, Curr: (-0.89,  0.92), (  1.39,  -0.34)   Error: 2.61
Last SG, Last State: (  3.39,  -2.34), (  1.39,  -0.34)  SG Improvement:0.00937 

Goal, Curr: (-1.01,  1.16), (  1.39,  -0.37)   Error: 2.84
Last SG, Last State: (  3.39,  -2.37), (  1.39,  -0.37)  SG Improvement:-0.00008 

Goal, Curr: (-1.24,  0.86), (  1.39,  -0.35)   Error: 2.90
Last SG, Last State: (  3.39,  -2.35), (  1.39,  -0.35)  SG Improvement:-0.00010 

Goal, Curr: (-0.93,  1.17), (  1.39,  -0.35)   Error: 2.77
Last SG, Last State: (  3.39,  -2.35), (  1.39,  -0.35)  SG Improvement:-0.00023 

Goal, Curr: (-0.85,  1.08), (  1.39,  -0.34)   Error: 2.65
Last SG, Last State: (  3.39,  -2.34), (  1.39,  -0.34)  SG Improvement:0.00035 

Goal, Curr: (-1.15,  1.16), (  1.39,  -0.45)   Error: 3.01
Last SG, Last State: (  3.39,  -2.45), (  1.39,  -0.45)  SG Improvement:-0.00011 

Goal, Curr: (-0.93,  1.17), (  1.39,  -0.36)   Error: 2.78
Last SG, Last State: (  3.39,  -2.36), (  1.39,  -0.36)  SG Improvement:-0.00013 

Goal, Curr: (-1.02,  0.99), (  1.39,  -0.33)   Error: 2.75
Last SG, Last State: (  3.39,  -2.33), (  1.39,  -0.33)  SG Improvement:0.00038 

Goal, Curr: (-0.88,  0.97), (  1.39,  -0.36)   Error: 2.63
Last SG, Last State: (  3.39,  -2.36), (  1.39,  -0.36)  SG Improvement:-0.00011 

Goal, Curr: (-1.13,  1.01), (  1.40,  -0.47)   Error: 2.93
Last SG, Last State: (  3.40,  -2.47), (  1.40,  -0.47)  SG Improvement:0.00022 

Goal, Curr: (-0.86,  0.77), (  1.39,  -0.42)   Error: 2.55
Last SG, Last State: (  3.39,  -2.42), (  1.39,  -0.42)  SG Improvement:-0.00020 

Goal, Curr: (-1.24,  1.18), (  1.39,  -0.35)   Error: 3.04
Last SG, Last State: (  3.39,  -2.35), (  1.39,  -0.35)  SG Improvement:-0.00028 

Goal, Curr: (-0.79,  0.88), (  1.39,  -0.45)   Error: 2.55
Last SG, Last State: (  3.39,  -2.45), (  1.39,  -0.45)  SG Improvement:-0.00019 

Goal, Curr: (-0.95,  1.13), (  1.39,  -0.37)   Error: 2.79
Last SG, Last State: (  3.39,  -2.37), (  1.39,  -0.37)  SG Improvement:-0.00012 

Goal, Curr: (-1.14,  0.87), (  1.39,  -0.37)   Error: 2.83
Last SG, Last State: (  3.39,  -2.37), (  1.39,  -0.37)  SG Improvement:-0.00019 

Goal, Curr: (-0.97,  0.97), (  1.39,  -0.36)   Error: 2.71
Last SG, Last State: (  3.39,  -2.36), (  1.39,  -0.36)  SG Improvement:-0.00012 

Goal, Curr: (-0.96,  0.89), (  1.39,  -0.34)   Error: 2.66
Last SG, Last State: (  3.39,  -2.34), (  1.39,  -0.34)  SG Improvement:-0.00020 

Goal, Curr: (-1.20,  1.20), (  1.39,  -0.35)   Error: 3.02
Last SG, Last State: (  3.39,  -2.35), (  1.39,  -0.35)  SG Improvement:-0.00013 

Goal, Curr: (-0.95,  1.15), (  1.39,  -0.34)   Error: 2.78
Last SG, Last State: (  3.39,  -2.34), (  1.39,  -0.34)  SG Improvement:-0.00036 

Goal, Curr: (-1.14,  0.77), (  1.39,  -0.37)   Error: 2.78
Last SG, Last State: (  3.39,  -2.37), (  1.39,  -0.37)  SG Improvement:-0.00015 

Goal, Curr: (-1.10,  0.95), (  1.39,  -0.33)   Error: 2.80
Last SG, Last State: (  3.39,  -2.33), (  1.39,  -0.33)  SG Improvement:0.00148 

episode:00100, mean:-801.30, std:44.73, median:-803.68, success:0.00
Goal, Curr: (-1.14,  0.95), (  1.40,  -1.40)   Error: 3.46
Last SG, Last State: (  3.40,  -3.40), (  1.40,  -1.40)  SG Improvement:0.00001 

Goal, Curr: (-1.01,  0.94), (  1.40,  -1.40)   Error: 3.36
Last SG, Last State: (  3.40,  -3.40), (  1.40,  -1.40)  SG Improvement:0.00001 

Goal, Curr: (-1.02,  0.83), (  1.40,  -1.40)   Error: 3.29
Last SG, Last State: (  3.40,  -3.40), (  1.40,  -1.40)  SG Improvement:0.00008 

Goal, Curr: (-1.20,  0.95), (  1.40,  -1.40)   Error: 3.50
Last SG, Last State: (  3.40,  -3.40), (  1.40,  -1.40)  SG Improvement:0.00004 

Goal, Curr: (-1.23,  0.81), (  1.40,  -1.40)   Error: 3.44
Last SG, Last State: (  3.40,  -3.40), (  1.40,  -1.40)  SG Improvement:0.00001 

Goal, Curr: (-1.11,  1.21), (  1.40,  -1.40)   Error: 3.62
Last SG, Last State: (  3.40,  -3.40), (  1.40,  -1.40)  SG Improvement:0.00003 

Goal, Curr: (-0.91,  0.89), (  1.40,  -1.40)   Error: 3.25
Last SG, Last State: (  3.40,  -3.40), (  1.40,  -1.40)  SG Improvement:0.00002 

Goal, Curr: (-1.01,  0.82), (  1.40,  -1.40)   Error: 3.27
Last SG, Last State: (  3.40,  -3.40), (  1.40,  -1.40)  SG Improvement:0.00000 

Goal, Curr: (-1.12,  1.07), (  1.40,  -1.40)   Error: 3.52
Last SG, Last State: (  3.40,  -3.40), (  1.40,  -1.40)  SG Improvement:0.00002 

Goal, Curr: (-1.18,  0.94), (  1.40,  -1.40)   Error: 3.48
Last SG, Last State: (  3.40,  -3.40), (  1.40,  -1.40)  SG Improvement:0.00003 

Goal, Curr: (-1.14,  1.14), (  1.40,  -1.40)   Error: 3.59
Last SG, Last State: (  3.40,  -3.40), (  1.40,  -1.40)  SG Improvement:0.00001 

Goal, Curr: (-1.21,  1.04), (  1.40,  -1.40)   Error: 3.57
Last SG, Last State: (  3.40,  -3.40), (  1.40,  -1.40)  SG Improvement:0.00000 

Goal, Curr: (-0.93,  0.76), (  1.40,  -1.40)   Error: 3.18
Last SG, Last State: (  3.40,  -3.40), (  1.40,  -1.40)  SG Improvement:0.00002 

Goal, Curr: (-0.80,  1.13), (  1.40,  -1.40)   Error: 3.35
Last SG, Last State: (  3.40,  -3.40), (  1.40,  -1.40)  SG Improvement:0.00002 

Goal, Curr: (-1.22,  1.16), (  1.40,  -1.40)   Error: 3.66
Last SG, Last State: (  3.40,  -3.40), (  1.40,  -1.40)  SG Improvement:0.00001 

Goal, Curr: (-0.76,  1.07), (  1.40,  -1.40)   Error: 3.28
Last SG, Last State: (  3.40,  -3.40), (  1.40,  -1.40)  SG Improvement:0.00002 

Goal, Curr: (-1.11,  0.99), (  1.40,  -1.40)   Error: 3.47
Last SG, Last State: (  3.40,  -3.40), (  1.40,  -1.40)  SG Improvement:0.00003 

Goal, Curr: (-0.76,  0.76), (  1.40,  -1.40)   Error: 3.05
Last SG, Last State: (  3.40,  -3.40), (  1.40,  -1.40)  SG Improvement:0.00004 

Goal, Curr: (-0.87,  1.14), (  1.40,  -1.40)   Error: 3.40
Last SG, Last State: (  3.40,  -3.40), (  1.40,  -1.40)  SG Improvement:0.00006 

Goal, Curr: (-0.76,  1.14), (  1.40,  -1.40)   Error: 3.33
Last SG, Last State: (  3.40,  -3.40), (  1.40,  -1.40)  SG Improvement:0.00002 

Goal, Curr: (-0.85,  0.97), (  1.40,  -1.40)   Error: 3.27
Last SG, Last State: (  3.40,  -3.40), (  1.40,  -1.40)  SG Improvement:0.00000 

Goal, Curr: (-1.13,  0.88), (  1.40,  -1.40)   Error: 3.41
Last SG, Last State: (  3.40,  -3.40), (  1.40,  -1.40)  SG Improvement:0.00001 

Goal, Curr: (-1.16,  0.80), (  1.40,  -1.40)   Error: 3.38
Last SG, Last State: (  3.40,  -3.40), (  1.40,  -1.40)  SG Improvement:0.00001 

Goal, Curr: (-0.94,  0.79), (  1.40,  -1.40)   Error: 3.20
Last SG, Last State: (  3.40,  -3.40), (  1.40,  -1.40)  SG Improvement:0.00001 

Goal, Curr: (-0.86,  1.20), (  1.40,  -1.40)   Error: 3.44
Last SG, Last State: (  3.40,  -3.40), (  1.40,  -1.40)  SG Improvement:0.00003 

Goal, Curr: (-1.04,  0.84), (  1.40,  -1.40)   Error: 3.31
Last SG, Last State: (  3.40,  -3.40), (  1.40,  -1.40)  SG Improvement:0.00004 

Goal, Curr: (-1.19,  0.91), (  1.40,  -1.40)   Error: 3.47
Last SG, Last State: (  3.40,  -3.40), (  1.40,  -1.40)  SG Improvement:0.00000 

Goal, Curr: (-1.02,  0.78), (  1.40,  -1.40)   Error: 3.26
Last SG, Last State: (  3.40,  -3.40), (  1.40,  -1.40)  SG Improvement:0.00004 

Goal, Curr: (-1.15,  0.94), (  1.40,  -1.40)   Error: 3.46
Last SG, Last State: (  3.40,  -3.40), (  1.40,  -1.40)  SG Improvement:0.00000 

Goal, Curr: (-1.20,  1.14), (  1.40,  -1.40)   Error: 3.63
Last SG, Last State: (  3.40,  -3.40), (  1.40,  -1.40)  SG Improvement:0.00001 

Goal, Curr: (-1.17,  1.15), (  1.40,  -1.40)   Error: 3.62
Last SG, Last State: (  3.40,  -3.40), (  1.40,  -1.40)  SG Improvement:0.00001 

Goal, Curr: (-0.90,  1.17), (  1.40,  -1.40)   Error: 3.44
Last SG, Last State: (  3.40,  -3.40), (  1.40,  -1.40)  SG Improvement:0.00001 

Goal, Curr: (-0.85,  1.12), (  1.40,  -1.40)   Error: 3.38
Last SG, Last State: (  3.40,  -3.40), (  1.40,  -1.40)  SG Improvement:0.00000 

Goal, Curr: (-0.81,  0.97), (  1.40,  -1.40)   Error: 3.23
Last SG, Last State: (  3.40,  -3.40), (  1.40,  -1.40)  SG Improvement:0.00001 

Goal, Curr: (-1.23,  0.81), (  1.40,  -1.40)   Error: 3.44
Last SG, Last State: (  3.40,  -3.40), (  1.40,  -1.40)  SG Improvement:0.00002 

Goal, Curr: (-1.24,  1.01), (  1.40,  -1.40)   Error: 3.57
Last SG, Last State: (  3.40,  -3.40), (  1.40,  -1.40)  SG Improvement:0.00001 

Goal, Curr: (-1.04,  0.96), (  1.40,  -1.40)   Error: 3.39
Last SG, Last State: (  3.40,  -3.40), (  1.40,  -1.40)  SG Improvement:-0.00000 

Goal, Curr: (-1.25,  0.96), (  1.40,  -1.40)   Error: 3.54
Last SG, Last State: (  3.40,  -3.40), (  1.40,  -1.40)  SG Improvement:0.00001 

Goal, Curr: (-0.90,  1.17), (  1.40,  -1.40)   Error: 3.45
Last SG, Last State: (  3.40,  -3.40), (  1.40,  -1.40)  SG Improvement:0.00002 

Goal, Curr: (-1.05,  1.08), (  1.40,  -1.40)   Error: 3.49
Last SG, Last State: (  3.40,  -3.40), (  1.40,  -1.40)  SG Improvement:0.00002 

Goal, Curr: (-0.92,  0.82), (  1.40,  -1.40)   Error: 3.21
Last SG, Last State: (  3.40,  -3.40), (  1.40,  -1.40)  SG Improvement:0.00003 

Goal, Curr: (-0.95,  1.00), (  1.40,  -1.40)   Error: 3.36
Last SG, Last State: (  3.40,  -3.40), (  1.40,  -1.40)  SG Improvement:0.00000 

Goal, Curr: (-1.23,  0.91), (  1.40,  -1.40)   Error: 3.50
Last SG, Last State: (  3.40,  -3.40), (  1.40,  -1.40)  SG Improvement:0.00006 

Goal, Curr: (-1.04,  0.77), (  1.40,  -1.40)   Error: 3.26
Last SG, Last State: (  3.40,  -3.40), (  1.40,  -1.40)  SG Improvement:0.00003 

Goal, Curr: (-0.90,  0.86), (  1.40,  -0.75)   Error: 2.80
Last SG, Last State: (  3.40,  -2.83), (  1.40,  -0.79)  SG Improvement:-0.02830 

Goal, Curr: (-1.05,  0.98), (  1.40,  -0.70)   Error: 2.97
Last SG, Last State: (  3.40,  -2.77), (  1.40,  -0.73)  SG Improvement:-0.02548 

Goal, Curr: (-1.18,  0.88), (  1.40,  -1.40)   Error: 3.44
Last SG, Last State: (  3.40,  -3.40), (  1.40,  -1.40)  SG Improvement:0.00004 

Goal, Curr: (-1.23,  1.08), (  1.40,  -1.40)   Error: 3.61
Last SG, Last State: (  3.40,  -3.40), (  1.40,  -1.40)  SG Improvement:0.00003 

Goal, Curr: (-1.18,  1.09), (  1.40,  -1.40)   Error: 3.58
Last SG, Last State: (  3.40,  -3.40), (  1.40,  -1.40)  SG Improvement:0.00003 

Goal, Curr: (-0.98,  1.06), (  1.40,  -1.40)   Error: 3.42
Last SG, Last State: (  3.40,  -3.40), (  1.40,  -1.40)  SG Improvement:0.00002 

episode:00200, mean:-899.13, std:44.40, median:-902.14, success:0.00
Goal, Curr: (-0.84,  0.89), (  1.40,  -0.02)   Error: 2.42
Last SG, Last State: (  3.40,  -2.19), (  1.40,  -0.10)  SG Improvement:-0.04424 

Goal, Curr: (-1.23,  1.14), (  1.02,  -1.40)   Error: 3.39
Last SG, Last State: (  3.00,  -3.40), (  1.01,  -1.40)  SG Improvement:0.00057 

Goal, Curr: (-0.87,  0.93), (  1.40,   0.20)   Error: 2.38
Last SG, Last State: (  3.40,  -1.93), (  1.40,   0.14)  SG Improvement:-0.05797 

Goal, Curr: (-1.02,  0.90), ( -0.61,  -1.13)   Error: 2.07
Last SG, Last State: (  1.74,  -3.20), ( -0.44,  -1.18)  SG Improvement:0.22686 

Goal, Curr: (-1.03,  1.15), (  0.37,  -1.40)   Error: 2.91
Last SG, Last State: (  2.38,  -3.40), (  0.37,  -1.40)  SG Improvement:-0.00014 

Goal, Curr: (-1.24,  1.06), (  0.32,  -1.40)   Error: 2.91
Last SG, Last State: (  2.32,  -3.40), (  0.32,  -1.40)  SG Improvement:0.00000 

Goal, Curr: (-0.88,  1.24), (  1.01,  -1.40)   Error: 3.24
Last SG, Last State: (  3.00,  -3.40), (  1.01,  -1.40)  SG Improvement:-0.00071 

Goal, Curr: (-1.07,  1.06), (  0.34,  -1.40)   Error: 2.84
Last SG, Last State: (  2.35,  -3.40), (  0.34,  -1.40)  SG Improvement:0.00007 

Goal, Curr: (-0.85,  0.80), (  0.63,  -1.40)   Error: 2.66
Last SG, Last State: (  2.66,  -3.40), (  0.63,  -1.40)  SG Improvement:-0.18601 

Goal, Curr: (-0.94,  1.19), (  1.03,  -1.40)   Error: 3.25
Last SG, Last State: (  3.02,  -3.40), (  1.03,  -1.40)  SG Improvement:0.00037 

Goal, Curr: (-1.10,  1.10), (  1.40,   0.07)   Error: 2.70
Last SG, Last State: (  3.40,  -2.09), (  1.40,  -0.01)  SG Improvement:-0.05428 

Goal, Curr: (-1.13,  0.76), (  1.40,  -0.27)   Error: 2.73
Last SG, Last State: (  3.40,  -2.42), (  1.40,  -0.35)  SG Improvement:-0.03002 

Goal, Curr: (-1.03,  1.17), (  0.46,  -1.40)   Error: 2.97
Last SG, Last State: (  2.49,  -3.40), (  0.47,  -1.40)  SG Improvement:-0.08328 

Goal, Curr: (-0.79,  1.06), (  1.02,  -1.40)   Error: 3.05
Last SG, Last State: (  3.00,  -3.40), (  1.01,  -1.40)  SG Improvement:0.00057 

Goal, Curr: (-0.92,  1.20), (  1.40,   0.36)   Error: 2.47
Last SG, Last State: (  3.40,  -1.73), (  1.40,   0.32)  SG Improvement:-0.04431 

Goal, Curr: (-1.16,  0.99), (  1.40,   0.25)   Error: 2.66
Last SG, Last State: (  3.40,  -1.87), (  1.40,   0.20)  SG Improvement:-0.05497 

Goal, Curr: (-1.12,  1.02), (  0.36,  -1.40)   Error: 2.84
Last SG, Last State: (  2.38,  -3.40), (  0.37,  -1.40)  SG Improvement:-0.00020 

Goal, Curr: (-1.20,  1.11), ( -0.72,  -0.97)   Error: 2.13
Last SG, Last State: (  1.55,  -3.12), ( -0.59,  -1.07)  SG Improvement:0.31645 

Goal, Curr: (-1.01,  0.89), (  1.02,  -1.40)   Error: 3.06
Last SG, Last State: (  3.00,  -3.40), (  1.01,  -1.40)  SG Improvement:0.00057 

Goal, Curr: (-1.00,  0.96), (  1.03,  -1.40)   Error: 3.11
Last SG, Last State: (  3.01,  -3.40), (  1.02,  -1.40)  SG Improvement:0.00023 

Goal, Curr: (-0.79,  1.15), (  0.33,  -1.40)   Error: 2.78
Last SG, Last State: (  2.33,  -3.40), (  0.33,  -1.40)  SG Improvement:0.00003 

Goal, Curr: (-0.87,  0.78), ( -0.34,  -1.27)   Error: 2.12
Last SG, Last State: (  2.05,  -3.23), ( -0.15,  -1.27)  SG Improvement:-0.06069 

Goal, Curr: (-0.96,  1.21), (  1.40,  -0.19)   Error: 2.74
Last SG, Last State: (  3.40,  -2.34), (  1.40,  -0.27)  SG Improvement:-0.02128 

Goal, Curr: (-1.13,  1.10), (  1.12,  -1.40)   Error: 3.37
Last SG, Last State: (  3.39,  -3.40), (  1.26,  -1.40)  SG Improvement:-0.46823 

Goal, Curr: (-0.91,  0.78), (  1.40,   0.21)   Error: 2.38
Last SG, Last State: (  3.40,  -1.92), (  1.40,   0.15)  SG Improvement:-0.05832 

Goal, Curr: (-1.00,  1.14), (  1.02,  -1.40)   Error: 3.24
Last SG, Last State: (  3.01,  -3.40), (  1.01,  -1.40)  SG Improvement:-0.00118 

Goal, Curr: (-1.12,  1.15), (  1.02,  -1.40)   Error: 3.33
Last SG, Last State: (  3.01,  -3.40), (  1.01,  -1.40)  SG Improvement:-0.00090 

Goal, Curr: (-0.77,  1.16), (  1.40,   0.36)   Error: 2.31
Last SG, Last State: (  3.40,  -1.73), (  1.40,   0.32)  SG Improvement:-0.04440 

Goal, Curr: (-0.78,  0.96), (  1.02,  -1.40)   Error: 2.96
Last SG, Last State: (  3.01,  -3.40), (  1.01,  -1.40)  SG Improvement:-0.00121 

Goal, Curr: (-1.02,  1.07), (  1.01,  -1.40)   Error: 3.20
Last SG, Last State: (  3.00,  -3.40), (  1.01,  -1.40)  SG Improvement:-0.00055 

Goal, Curr: (-0.86,  1.05), (  1.01,  -1.40)   Error: 3.08
Last SG, Last State: (  3.00,  -3.40), (  1.01,  -1.40)  SG Improvement:-0.00025 

Goal, Curr: (-0.79,  0.98), (  1.03,  -1.40)   Error: 3.00
Last SG, Last State: (  3.02,  -3.40), (  1.02,  -1.40)  SG Improvement:0.00193 

Goal, Curr: (-1.06,  1.17), (  0.35,  -1.40)   Error: 2.93
Last SG, Last State: (  2.36,  -3.40), (  0.36,  -1.40)  SG Improvement:0.00026 

Goal, Curr: (-0.95,  1.02), (  0.34,  -1.40)   Error: 2.74
Last SG, Last State: (  2.35,  -3.40), (  0.35,  -1.40)  SG Improvement:0.00009 

Goal, Curr: (-1.23,  1.01), (  1.03,  -1.40)   Error: 3.31
Last SG, Last State: (  3.01,  -3.40), (  1.02,  -1.40)  SG Improvement:-0.00060 

Goal, Curr: (-1.05,  1.09), (  1.01,  -1.40)   Error: 3.23
Last SG, Last State: (  3.00,  -3.40), (  1.01,  -1.40)  SG Improvement:-0.00036 

Goal, Curr: (-1.16,  0.98), (  1.40,   0.23)   Error: 2.67
Last SG, Last State: (  3.40,  -1.89), (  1.40,   0.17)  SG Improvement:-0.05701 

Goal, Curr: (-1.15,  1.15), (  1.40,   0.40)   Error: 2.66
Last SG, Last State: (  3.40,  -1.68), (  1.40,   0.36)  SG Improvement:-0.03903 

Goal, Curr: (-0.92,  0.86), (  1.40,  -0.03)   Error: 2.48
Last SG, Last State: (  3.40,  -2.19), (  1.40,  -0.11)  SG Improvement:-0.04381 

Goal, Curr: (-1.19,  1.01), ( -0.46,  -1.20)   Error: 2.33
Last SG, Last State: (  1.91,  -3.21), ( -0.28,  -1.22)  SG Improvement:0.05237 

Goal, Curr: (-0.76,  0.82), (  0.33,  -1.40)   Error: 2.47
Last SG, Last State: (  2.34,  -3.40), (  0.33,  -1.40)  SG Improvement:0.00002 

Goal, Curr: (-0.81,  1.08), (  0.36,  -1.40)   Error: 2.74
Last SG, Last State: (  2.37,  -3.40), (  0.36,  -1.40)  SG Improvement:0.00015 

Goal, Curr: (-1.22,  1.11), (  1.40,   0.30)   Error: 2.74
Last SG, Last State: (  3.40,  -1.81), (  1.40,   0.25)  SG Improvement:-0.05055 

Goal, Curr: (-0.97,  0.89), (  0.42,  -1.40)   Error: 2.68
Last SG, Last State: (  2.44,  -3.40), (  0.43,  -1.40)  SG Improvement:0.01096 

Goal, Curr: (-1.20,  1.00), (  1.40,   0.16)   Error: 2.73
Last SG, Last State: (  3.40,  -1.98), (  1.40,   0.09)  SG Improvement:-0.05925 

Goal, Curr: (-1.22,  0.86), (  1.01,  -1.40)   Error: 3.18
Last SG, Last State: (  3.00,  -3.40), (  1.01,  -1.40)  SG Improvement:-0.00070 

Goal, Curr: (-1.02,  0.78), (  0.32,  -1.40)   Error: 2.56
Last SG, Last State: (  2.32,  -3.40), (  0.32,  -1.40)  SG Improvement:0.00000 

Goal, Curr: (-0.77,  1.03), (  1.04,  -1.40)   Error: 3.03
Last SG, Last State: (  3.02,  -3.40), (  1.03,  -1.40)  SG Improvement:-0.00480 

Goal, Curr: (-0.95,  0.85), (  1.40,   0.26)   Error: 2.42
Last SG, Last State: (  3.40,  -1.86), (  1.40,   0.20)  SG Improvement:-0.05430 

Goal, Curr: (-0.83,  1.06), (  1.03,  -1.40)   Error: 3.08
Last SG, Last State: (  3.01,  -3.40), (  1.02,  -1.40)  SG Improvement:-0.00041 

episode:00300, mean:-797.51, std:60.13, median:-804.36, success:0.00
Goal, Curr: (-1.20,  1.09), (  1.40,  -1.40)   Error: 3.60
Last SG, Last State: (  3.40,  -3.40), (  1.40,  -1.40)  SG Improvement:0.00000 

Goal, Curr: (-0.92,  1.02), (  1.40,  -1.40)   Error: 3.35
Last SG, Last State: (  3.40,  -3.40), (  1.40,  -1.40)  SG Improvement:-0.00001 

Goal, Curr: (-0.77,  1.10), (  1.40,  -1.40)   Error: 3.31
Last SG, Last State: (  3.40,  -3.40), (  1.40,  -1.40)  SG Improvement:-0.00000 

Goal, Curr: (-1.17,  0.98), (  1.40,  -1.40)   Error: 3.51
Last SG, Last State: (  3.40,  -3.40), (  1.40,  -1.40)  SG Improvement:-0.00001 

Goal, Curr: (-1.12,  0.82), (  1.40,  -1.40)   Error: 3.36
Last SG, Last State: (  3.40,  -3.40), (  1.40,  -1.40)  SG Improvement:0.00000 

Goal, Curr: (-1.08,  1.02), (  1.40,  -1.40)   Error: 3.46
Last SG, Last State: (  3.40,  -3.40), (  1.40,  -1.40)  SG Improvement:-0.00000 

Goal, Curr: (-0.96,  0.93), (  1.40,  -1.40)   Error: 3.32
Last SG, Last State: (  3.40,  -3.40), (  1.40,  -1.40)  SG Improvement:0.00000 

Goal, Curr: (-1.08,  1.05), (  1.40,  -1.40)   Error: 3.49
Last SG, Last State: (  3.40,  -3.40), (  1.40,  -1.40)  SG Improvement:-0.00000 

Goal, Curr: (-1.21,  1.10), (  1.40,  -1.40)   Error: 3.62
Last SG, Last State: (  3.40,  -3.40), (  1.40,  -1.40)  SG Improvement:0.00000 

Goal, Curr: (-0.97,  0.76), (  1.40,  -1.40)   Error: 3.21
Last SG, Last State: (  3.40,  -3.40), (  1.40,  -1.40)  SG Improvement:-0.00000 

Goal, Curr: (-0.88,  1.00), (  1.40,  -1.40)   Error: 3.30
Last SG, Last State: (  3.40,  -3.40), (  1.40,  -1.40)  SG Improvement:-0.00000 

Goal, Curr: (-0.89,  0.86), (  1.40,  -1.40)   Error: 3.22
Last SG, Last State: (  3.40,  -3.40), (  1.40,  -1.40)  SG Improvement:0.00000 

Goal, Curr: (-1.06,  1.21), (  1.40,  -1.40)   Error: 3.58
Last SG, Last State: (  3.40,  -3.40), (  1.40,  -1.40)  SG Improvement:0.00000 

Goal, Curr: (-0.84,  0.86), (  1.40,  -1.40)   Error: 3.18
Last SG, Last State: (  3.40,  -3.40), (  1.40,  -1.40)  SG Improvement:-0.00001 

Goal, Curr: (-1.23,  1.08), (  1.40,  -1.40)   Error: 3.61
Last SG, Last State: (  3.40,  -3.40), (  1.40,  -1.40)  SG Improvement:0.00000 

Goal, Curr: (-0.98,  0.94), (  1.40,  -1.40)   Error: 3.34
Last SG, Last State: (  3.40,  -3.40), (  1.40,  -1.40)  SG Improvement:0.00000 

Goal, Curr: (-0.76,  1.06), (  1.40,  -1.40)   Error: 3.27
Last SG, Last State: (  3.40,  -3.40), (  1.40,  -1.40)  SG Improvement:0.00000 

Goal, Curr: (-1.02,  1.06), (  1.40,  -1.40)   Error: 3.45
Last SG, Last State: (  3.40,  -3.40), (  1.40,  -1.40)  SG Improvement:0.00000 

Goal, Curr: (-0.93,  0.76), (  1.40,  -1.40)   Error: 3.17
Last SG, Last State: (  3.40,  -3.40), (  1.40,  -1.40)  SG Improvement:0.00002 

Goal, Curr: (-0.93,  1.00), (  1.40,  -1.40)   Error: 3.34
Last SG, Last State: (  3.40,  -3.40), (  1.40,  -1.40)  SG Improvement:-0.00000 

Goal, Curr: (-1.06,  1.15), (  1.40,  -1.40)   Error: 3.54
Last SG, Last State: (  3.40,  -3.40), (  1.40,  -1.40)  SG Improvement:0.00000 

Goal, Curr: (-0.80,  1.15), (  1.40,  -1.40)   Error: 3.37
Last SG, Last State: (  3.40,  -3.40), (  1.40,  -1.40)  SG Improvement:-0.00000 

Goal, Curr: (-1.11,  0.89), (  1.40,  -1.40)   Error: 3.39
Last SG, Last State: (  3.40,  -3.40), (  1.40,  -1.40)  SG Improvement:0.00000 

Goal, Curr: (-0.87,  1.05), (  1.40,  -1.40)   Error: 3.34
Last SG, Last State: (  3.40,  -3.40), (  1.40,  -1.40)  SG Improvement:-0.00001 

Goal, Curr: (-0.82,  0.80), (  1.40,  -1.40)   Error: 3.13
Last SG, Last State: (  3.40,  -3.40), (  1.40,  -1.40)  SG Improvement:0.00000 

Goal, Curr: (-0.97,  0.84), (  1.40,  -1.40)   Error: 3.26
Last SG, Last State: (  3.40,  -3.40), (  1.40,  -1.40)  SG Improvement:0.00000 

Goal, Curr: (-0.87,  1.10), (  1.40,  -1.40)   Error: 3.38
Last SG, Last State: (  3.40,  -3.40), (  1.40,  -1.40)  SG Improvement:0.00000 

Goal, Curr: (-1.24,  1.22), (  1.40,  -1.40)   Error: 3.72
Last SG, Last State: (  3.40,  -3.40), (  1.40,  -1.40)  SG Improvement:0.00000 

Goal, Curr: (-1.19,  0.86), (  1.40,  -1.40)   Error: 3.44
Last SG, Last State: (  3.40,  -3.40), (  1.40,  -1.40)  SG Improvement:-0.00001 

Goal, Curr: (-1.05,  1.21), (  1.40,  -1.40)   Error: 3.58
Last SG, Last State: (  3.40,  -3.40), (  1.40,  -1.40)  SG Improvement:0.00000 

Goal, Curr: (-1.14,  0.94), (  1.40,  -1.40)   Error: 3.45
Last SG, Last State: (  3.40,  -3.40), (  1.40,  -1.40)  SG Improvement:-0.00001 

Goal, Curr: (-0.78,  0.83), (  1.40,  -1.40)   Error: 3.12
Last SG, Last State: (  3.40,  -3.40), (  1.40,  -1.40)  SG Improvement:-0.00001 

Goal, Curr: (-0.94,  1.13), (  1.40,  -1.40)   Error: 3.44
Last SG, Last State: (  3.40,  -3.40), (  1.40,  -1.40)  SG Improvement:-0.00000 

Goal, Curr: (-1.24,  0.83), (  1.40,  -1.40)   Error: 3.46
Last SG, Last State: (  3.40,  -3.40), (  1.40,  -1.40)  SG Improvement:-0.00000 

Goal, Curr: (-0.97,  1.00), (  1.40,  -1.40)   Error: 3.37
Last SG, Last State: (  3.40,  -3.40), (  1.40,  -1.40)  SG Improvement:0.00000 

Goal, Curr: (-1.00,  1.13), (  1.40,  -1.40)   Error: 3.48
Last SG, Last State: (  3.40,  -3.40), (  1.40,  -1.40)  SG Improvement:0.00000 

Goal, Curr: (-0.78,  1.22), (  1.40,  -1.40)   Error: 3.41
Last SG, Last State: (  3.40,  -3.40), (  1.40,  -1.40)  SG Improvement:0.00000 

Goal, Curr: (-1.24,  0.82), (  1.40,  -1.40)   Error: 3.45
Last SG, Last State: (  3.40,  -3.40), (  1.40,  -1.40)  SG Improvement:0.00000 

Goal, Curr: (-0.97,  1.25), (  1.40,  -1.40)   Error: 3.55
Last SG, Last State: (  3.40,  -3.40), (  1.40,  -1.40)  SG Improvement:-0.00000 

Goal, Curr: (-1.02,  0.84), (  1.40,  -1.40)   Error: 3.29
Last SG, Last State: (  3.40,  -3.40), (  1.40,  -1.40)  SG Improvement:0.00000 

Goal, Curr: (-1.21,  0.78), (  1.40,  -1.40)   Error: 3.40
Last SG, Last State: (  3.40,  -3.40), (  1.40,  -1.40)  SG Improvement:-0.00001 

Goal, Curr: (-1.00,  0.91), (  1.40,  -1.40)   Error: 3.33
Last SG, Last State: (  3.40,  -3.40), (  1.40,  -1.40)  SG Improvement:-0.00000 

Goal, Curr: (-1.16,  0.81), (  1.40,  -1.40)   Error: 3.38
Last SG, Last State: (  3.40,  -3.40), (  1.40,  -1.40)  SG Improvement:0.00000 

Goal, Curr: (-1.24,  0.97), (  1.40,  -1.40)   Error: 3.55
Last SG, Last State: (  3.40,  -3.40), (  1.40,  -1.40)  SG Improvement:0.00000 

Goal, Curr: (-1.20,  1.15), (  1.40,  -1.40)   Error: 3.64
Last SG, Last State: (  3.40,  -3.40), (  1.40,  -1.40)  SG Improvement:0.00000 

Goal, Curr: (-1.00,  1.23), (  1.40,  -1.40)   Error: 3.56
Last SG, Last State: (  3.40,  -3.40), (  1.40,  -1.40)  SG Improvement:0.00000 

Goal, Curr: (-0.82,  0.87), (  1.40,  -1.40)   Error: 3.17
Last SG, Last State: (  3.40,  -3.40), (  1.40,  -1.40)  SG Improvement:0.00000 

Goal, Curr: (-1.00,  0.90), (  1.40,  -1.40)   Error: 3.32
Last SG, Last State: (  3.40,  -3.40), (  1.40,  -1.40)  SG Improvement:0.00000 

Goal, Curr: (-0.76,  1.04), (  1.40,  -1.40)   Error: 3.25
Last SG, Last State: (  3.40,  -3.40), (  1.40,  -1.40)  SG Improvement:0.00000 

Goal, Curr: (-0.83,  0.90), (  1.40,  -1.40)   Error: 3.20
Last SG, Last State: (  3.40,  -3.40), (  1.40,  -1.40)  SG Improvement:0.00000 

episode:00400, mean:-907.03, std:43.44, median:-908.18, success:0.00
Goal, Curr: (-0.85,  0.98), (  1.40,  -1.40)   Error: 3.28
Last SG, Last State: (  3.40,  -3.40), (  1.40,  -1.40)  SG Improvement:0.00000 

Goal, Curr: (-1.14,  1.00), (  1.40,  -1.40)   Error: 3.49
Last SG, Last State: (  3.40,  -3.40), (  1.40,  -1.40)  SG Improvement:0.00000 

Goal, Curr: (-1.19,  1.22), (  1.40,  -1.40)   Error: 3.68
Last SG, Last State: (  3.40,  -3.40), (  1.40,  -1.40)  SG Improvement:0.00000 

Goal, Curr: (-1.09,  1.16), (  1.40,  -1.40)   Error: 3.57
Last SG, Last State: (  3.40,  -3.40), (  1.40,  -1.40)  SG Improvement:0.00000 

Goal, Curr: (-1.04,  1.03), (  1.40,  -1.40)   Error: 3.44
Last SG, Last State: (  3.40,  -3.40), (  1.40,  -1.40)  SG Improvement:0.00000 

Goal, Curr: (-1.14,  1.13), (  1.40,  -1.40)   Error: 3.58
Last SG, Last State: (  3.40,  -3.40), (  1.40,  -1.40)  SG Improvement:0.00000 

Goal, Curr: (-0.92,  0.98), (  1.40,  -1.40)   Error: 3.32
Last SG, Last State: (  3.40,  -3.40), (  1.40,  -1.40)  SG Improvement:0.00000 

Goal, Curr: (-1.21,  1.24), (  1.40,  -1.40)   Error: 3.71
Last SG, Last State: (  3.40,  -3.40), (  1.40,  -1.40)  SG Improvement:0.00000 

Goal, Curr: (-0.94,  1.09), (  1.40,  -1.40)   Error: 3.42
Last SG, Last State: (  3.40,  -3.40), (  1.40,  -1.40)  SG Improvement:0.00000 

Goal, Curr: (-1.09,  1.10), (  1.40,  -1.40)   Error: 3.53
Last SG, Last State: (  3.40,  -3.40), (  1.40,  -1.40)  SG Improvement:0.00000 

Goal, Curr: (-1.08,  0.77), (  1.40,  -1.40)   Error: 3.29
Last SG, Last State: (  3.40,  -3.40), (  1.40,  -1.40)  SG Improvement:0.00000 

Goal, Curr: (-0.78,  0.87), (  1.40,  -1.40)   Error: 3.14
Last SG, Last State: (  3.40,  -3.40), (  1.40,  -1.40)  SG Improvement:0.00000 

Goal, Curr: (-1.07,  1.17), (  1.40,  -1.40)   Error: 3.56
Last SG, Last State: (  3.40,  -3.40), (  1.40,  -1.40)  SG Improvement:0.00000 

Goal, Curr: (-1.12,  1.13), (  1.40,  -1.40)   Error: 3.57
Last SG, Last State: (  3.40,  -3.40), (  1.40,  -1.40)  SG Improvement:0.00000 

Goal, Curr: (-0.80,  0.84), (  1.40,  -1.40)   Error: 3.14
Last SG, Last State: (  3.40,  -3.40), (  1.40,  -1.40)  SG Improvement:0.00000 

Goal, Curr: (-1.24,  1.05), (  1.40,  -1.40)   Error: 3.60
Last SG, Last State: (  3.40,  -3.40), (  1.40,  -1.40)  SG Improvement:0.00000 

Goal, Curr: (-0.88,  0.84), (  1.40,  -1.40)   Error: 3.20
Last SG, Last State: (  3.40,  -3.40), (  1.40,  -1.40)  SG Improvement:0.00000 

Goal, Curr: (-0.86,  1.04), (  1.40,  -1.40)   Error: 3.32
Last SG, Last State: (  3.40,  -3.40), (  1.40,  -1.40)  SG Improvement:0.00000 

Goal, Curr: (-1.16,  0.86), (  1.40,  -1.40)   Error: 3.41
Last SG, Last State: (  3.40,  -3.40), (  1.40,  -1.40)  SG Improvement:0.00000 

Goal, Curr: (-1.16,  1.14), (  1.40,  -1.40)   Error: 3.61
Last SG, Last State: (  3.40,  -3.40), (  1.40,  -1.40)  SG Improvement:0.00000 

Goal, Curr: (-0.90,  0.99), (  1.40,  -1.40)   Error: 3.31
Last SG, Last State: (  3.40,  -3.40), (  1.40,  -1.40)  SG Improvement:0.00000 

Goal, Curr: (-0.97,  1.23), (  1.40,  -1.40)   Error: 3.54
Last SG, Last State: (  3.40,  -3.40), (  1.40,  -1.40)  SG Improvement:0.00000 

Goal, Curr: (-1.19,  0.79), (  1.40,  -1.40)   Error: 3.38
Last SG, Last State: (  3.40,  -3.40), (  1.40,  -1.40)  SG Improvement:0.00000 

Goal, Curr: (-1.08,  1.01), (  1.40,  -1.40)   Error: 3.45
Last SG, Last State: (  3.40,  -3.40), (  1.40,  -1.40)  SG Improvement:0.00000 

Goal, Curr: (-1.10,  1.10), (  1.40,  -1.40)   Error: 3.53
Last SG, Last State: (  3.40,  -3.40), (  1.40,  -1.40)  SG Improvement:0.00000 

Goal, Curr: (-1.21,  0.76), (  1.40,  -1.40)   Error: 3.39
Last SG, Last State: (  3.40,  -3.40), (  1.40,  -1.40)  SG Improvement:0.00000 

Goal, Curr: (-0.76,  1.10), (  1.40,  -1.40)   Error: 3.30
Last SG, Last State: (  3.40,  -3.40), (  1.40,  -1.40)  SG Improvement:0.00000 

Goal, Curr: (-0.89,  0.95), (  1.40,  -1.40)   Error: 3.28
Last SG, Last State: (  3.40,  -3.40), (  1.40,  -1.40)  SG Improvement:0.00000 

Goal, Curr: (-1.19,  0.93), (  1.40,  -1.40)   Error: 3.48
Last SG, Last State: (  3.40,  -3.40), (  1.40,  -1.40)  SG Improvement:0.00000 

Goal, Curr: (-0.90,  1.08), (  1.40,  -1.40)   Error: 3.38
Last SG, Last State: (  3.40,  -3.40), (  1.40,  -1.40)  SG Improvement:0.00000 

Goal, Curr: (-0.78,  0.84), (  1.40,  -1.40)   Error: 3.12
Last SG, Last State: (  3.40,  -3.40), (  1.40,  -1.40)  SG Improvement:0.00000 

Goal, Curr: (-0.91,  1.14), (  1.40,  -1.40)   Error: 3.43
Last SG, Last State: (  3.40,  -3.40), (  1.40,  -1.40)  SG Improvement:0.00000 

Goal, Curr: (-1.11,  0.87), (  1.40,  -1.40)   Error: 3.39
Last SG, Last State: (  3.40,  -3.40), (  1.40,  -1.40)  SG Improvement:0.00000 

Goal, Curr: (-0.95,  0.78), (  1.40,  -1.40)   Error: 3.20
Last SG, Last State: (  3.40,  -3.40), (  1.40,  -1.40)  SG Improvement:0.00000 

Goal, Curr: (-0.97,  0.75), (  1.40,  -1.40)   Error: 3.20
Last SG, Last State: (  3.40,  -3.40), (  1.40,  -1.40)  SG Improvement:0.00000 

Goal, Curr: (-0.90,  1.24), (  1.40,  -1.40)   Error: 3.49
Last SG, Last State: (  3.40,  -3.40), (  1.40,  -1.40)  SG Improvement:0.00000 

Goal, Curr: (-1.02,  1.20), (  1.40,  -1.40)   Error: 3.55
Last SG, Last State: (  3.40,  -3.40), (  1.40,  -1.40)  SG Improvement:0.00000 

Goal, Curr: (-0.80,  1.18), (  1.40,  -1.40)   Error: 3.39
Last SG, Last State: (  3.40,  -3.40), (  1.40,  -1.40)  SG Improvement:0.00000 

Goal, Curr: (-1.13,  0.90), (  1.40,  -1.40)   Error: 3.42
Last SG, Last State: (  3.40,  -3.40), (  1.40,  -1.40)  SG Improvement:0.00000 

Goal, Curr: (-1.03,  1.03), (  1.40,  -1.40)   Error: 3.44
Last SG, Last State: (  3.40,  -3.40), (  1.40,  -1.40)  SG Improvement:0.00000 

Goal, Curr: (-1.09,  1.22), (  1.40,  -1.40)   Error: 3.61
Last SG, Last State: (  3.40,  -3.40), (  1.40,  -1.40)  SG Improvement:0.00000 

Goal, Curr: (-1.04,  0.80), (  1.40,  -1.40)   Error: 3.28
Last SG, Last State: (  3.40,  -3.40), (  1.40,  -1.40)  SG Improvement:0.00000 

Goal, Curr: (-1.15,  1.15), (  1.40,  -1.40)   Error: 3.61
Last SG, Last State: (  3.40,  -3.40), (  1.40,  -1.40)  SG Improvement:0.00000 

Goal, Curr: (-0.99,  0.76), (  1.40,  -1.40)   Error: 3.22
Last SG, Last State: (  3.40,  -3.40), (  1.40,  -1.40)  SG Improvement:0.00000 

Goal, Curr: (-1.10,  0.89), (  1.40,  -1.40)   Error: 3.39
Last SG, Last State: (  3.40,  -3.40), (  1.40,  -1.40)  SG Improvement:0.00000 

Goal, Curr: (-1.12,  0.83), (  1.40,  -1.40)   Error: 3.36
Last SG, Last State: (  3.40,  -3.40), (  1.40,  -1.40)  SG Improvement:0.00000 

Goal, Curr: (-1.03,  1.02), (  1.40,  -1.40)   Error: 3.42
Last SG, Last State: (  3.40,  -3.40), (  1.40,  -1.40)  SG Improvement:0.00000 

Goal, Curr: (-1.05,  1.18), (  1.40,  -1.40)   Error: 3.56
Last SG, Last State: (  3.40,  -3.40), (  1.40,  -1.40)  SG Improvement:0.00000 

Goal, Curr: (-0.87,  1.24), (  1.40,  -1.40)   Error: 3.48
Last SG, Last State: (  3.40,  -3.40), (  1.40,  -1.40)  SG Improvement:0.00000 

Goal, Curr: (-1.09,  0.81), (  1.40,  -1.40)   Error: 3.33
Last SG, Last State: (  3.40,  -3.40), (  1.40,  -1.40)  SG Improvement:0.00000 

episode:00500, mean:-923.18, std:44.76, median:-925.27, success:0.00
Goal, Curr: (-1.11,  0.89), (  1.40,  -1.01)   Error: 3.14
Last SG, Last State: (  3.40,  -3.04), (  1.40,  -1.02)  SG Improvement:-0.02126 

Goal, Curr: (-0.76,  0.78), (  1.40,  -1.02)   Error: 2.81
Last SG, Last State: (  3.40,  -3.05), (  1.40,  -1.03)  SG Improvement:-0.01950 

Goal, Curr: (-0.79,  0.92), (  1.40,  -0.99)   Error: 2.91
Last SG, Last State: (  3.40,  -3.02), (  1.40,  -1.01)  SG Improvement:-0.01898 

Goal, Curr: (-0.90,  0.81), (  1.40,  -0.99)   Error: 2.92
Last SG, Last State: (  3.40,  -3.02), (  1.40,  -1.01)  SG Improvement:-0.01891 

Goal, Curr: (-0.94,  0.82), (  1.40,  -0.96)   Error: 2.94
Last SG, Last State: (  3.40,  -2.99), (  1.40,  -0.97)  SG Improvement:-0.01455 

Goal, Curr: (-1.02,  1.05), (  1.40,  -0.99)   Error: 3.16
Last SG, Last State: (  3.40,  -3.03), (  1.40,  -1.01)  SG Improvement:-0.01909 

Goal, Curr: (-1.21,  0.80), (  1.40,  -1.01)   Error: 3.17
Last SG, Last State: (  3.40,  -3.05), (  1.40,  -1.03)  SG Improvement:-0.02042 

Goal, Curr: (-0.98,  1.11), (  1.40,  -0.97)   Error: 3.16
Last SG, Last State: (  3.40,  -2.99), (  1.40,  -0.98)  SG Improvement:-0.01530 

Goal, Curr: (-1.23,  0.82), (  1.40,  -0.99)   Error: 3.19
Last SG, Last State: (  3.40,  -3.02), (  1.40,  -1.00)  SG Improvement:-0.01812 

Goal, Curr: (-1.05,  1.09), (  1.40,  -1.00)   Error: 3.21
Last SG, Last State: (  3.40,  -3.03), (  1.40,  -1.01)  SG Improvement:-0.01976 

Goal, Curr: (-0.83,  1.14), (  1.40,  -0.98)   Error: 3.08
Last SG, Last State: (  3.40,  -3.01), (  1.40,  -0.99)  SG Improvement:-0.01701 

Goal, Curr: (-1.17,  0.80), (  1.40,  -0.99)   Error: 3.13
Last SG, Last State: (  3.40,  -3.02), (  1.40,  -1.00)  SG Improvement:-0.01812 

Goal, Curr: (-1.16,  1.19), (  1.40,  -1.00)   Error: 3.37
Last SG, Last State: (  3.40,  -3.03), (  1.40,  -1.01)  SG Improvement:-0.01951 

Goal, Curr: (-1.20,  1.13), (  1.40,  -1.02)   Error: 3.38
Last SG, Last State: (  3.40,  -3.05), (  1.40,  -1.04)  SG Improvement:-0.01911 

Goal, Curr: (-0.81,  0.93), (  1.40,  -1.02)   Error: 2.94
Last SG, Last State: (  3.40,  -3.05), (  1.40,  -1.03)  SG Improvement:-0.01952 

Goal, Curr: (-1.11,  0.77), (  1.40,  -0.99)   Error: 3.07
Last SG, Last State: (  3.40,  -3.03), (  1.40,  -1.01)  SG Improvement:-0.01907 

Goal, Curr: (-0.88,  1.03), (  1.40,  -0.99)   Error: 3.04
Last SG, Last State: (  3.40,  -3.02), (  1.40,  -1.00)  SG Improvement:-0.01802 

Goal, Curr: (-0.90,  1.22), (  1.40,  -1.00)   Error: 3.20
Last SG, Last State: (  3.40,  -3.04), (  1.40,  -1.02)  SG Improvement:-0.02124 

Goal, Curr: (-1.22,  0.93), (  1.40,  -0.99)   Error: 3.25
Last SG, Last State: (  3.40,  -3.02), (  1.40,  -1.00)  SG Improvement:-0.01793 

Goal, Curr: (-1.19,  0.75), (  1.40,  -0.96)   Error: 3.11
Last SG, Last State: (  3.40,  -2.98), (  1.40,  -0.97)  SG Improvement:-0.01444 

Goal, Curr: (-1.00,  0.95), (  1.40,  -1.00)   Error: 3.09
Last SG, Last State: (  3.40,  -3.03), (  1.40,  -1.01)  SG Improvement:-0.01975 

Goal, Curr: (-1.11,  1.10), (  1.40,  -1.02)   Error: 3.29
Last SG, Last State: (  3.40,  -3.06), (  1.40,  -1.04)  SG Improvement:-0.01881 

Goal, Curr: (-0.87,  0.95), (  1.40,  -0.99)   Error: 2.99
Last SG, Last State: (  3.40,  -3.02), (  1.40,  -1.00)  SG Improvement:-0.01813 

Goal, Curr: (-0.78,  0.91), (  1.40,  -1.02)   Error: 2.92
Last SG, Last State: (  3.40,  -3.06), (  1.40,  -1.04)  SG Improvement:-0.01879 

Goal, Curr: (-1.15,  0.98), (  1.40,  -1.00)   Error: 3.23
Last SG, Last State: (  3.40,  -3.04), (  1.40,  -1.02)  SG Improvement:-0.02086 

Goal, Curr: (-0.95,  1.13), (  1.40,  -0.99)   Error: 3.16
Last SG, Last State: (  3.40,  -3.02), (  1.40,  -1.00)  SG Improvement:-0.01790 

Goal, Curr: (-1.05,  1.13), (  1.40,  -1.01)   Error: 3.25
Last SG, Last State: (  3.40,  -3.04), (  1.40,  -1.02)  SG Improvement:-0.02124 

Goal, Curr: (-0.90,  0.82), (  1.40,  -0.99)   Error: 2.92
Last SG, Last State: (  3.40,  -3.02), (  1.40,  -1.01)  SG Improvement:-0.01872 

Goal, Curr: (-1.08,  0.75), (  1.40,  -1.00)   Error: 3.04
Last SG, Last State: (  3.40,  -3.04), (  1.40,  -1.02)  SG Improvement:-0.02077 

Goal, Curr: (-1.25,  1.05), (  1.40,  -1.02)   Error: 3.36
Last SG, Last State: (  3.40,  -3.05), (  1.40,  -1.04)  SG Improvement:-0.01910 

Goal, Curr: (-1.21,  0.86), (  1.40,  -1.01)   Error: 3.21
Last SG, Last State: (  3.40,  -3.05), (  1.40,  -1.03)  SG Improvement:-0.02013 

Goal, Curr: (-1.18,  0.87), (  1.40,  -1.01)   Error: 3.20
Last SG, Last State: (  3.40,  -3.05), (  1.40,  -1.03)  SG Improvement:-0.01982 

Goal, Curr: (-1.11,  0.82), (  1.40,  -0.97)   Error: 3.09
Last SG, Last State: (  3.40,  -3.00), (  1.40,  -0.99)  SG Improvement:-0.01620 

Goal, Curr: (-0.85,  0.81), (  1.40,  -0.98)   Error: 2.87
Last SG, Last State: (  3.40,  -3.01), (  1.40,  -0.99)  SG Improvement:-0.01653 

Goal, Curr: (-1.02,  0.81), (  1.40,  -1.02)   Error: 3.04
Last SG, Last State: (  3.40,  -3.06), (  1.40,  -1.04)  SG Improvement:-0.01883 

Goal, Curr: (-1.08,  0.92), (  1.40,  -1.03)   Error: 3.16
Last SG, Last State: (  3.40,  -3.07), (  1.40,  -1.05)  SG Improvement:-0.01880 

Goal, Curr: (-0.82,  1.12), (  1.40,  -0.96)   Error: 3.04
Last SG, Last State: (  3.40,  -2.99), (  1.40,  -0.97)  SG Improvement:-0.01455 

Goal, Curr: (-0.97,  1.20), (  1.40,  -0.97)   Error: 3.21
Last SG, Last State: (  3.40,  -3.00), (  1.40,  -0.99)  SG Improvement:-0.01618 

Goal, Curr: (-0.76,  0.95), (  1.40,  -1.02)   Error: 2.93
Last SG, Last State: (  3.40,  -3.06), (  1.40,  -1.04)  SG Improvement:-0.01883 

Goal, Curr: (-1.02,  1.11), (  1.40,  -0.98)   Error: 3.19
Last SG, Last State: (  3.40,  -3.01), (  1.40,  -0.99)  SG Improvement:-0.01673 

Goal, Curr: (-1.24,  0.92), (  1.40,  -0.99)   Error: 3.26
Last SG, Last State: (  3.40,  -3.02), (  1.40,  -1.01)  SG Improvement:-0.01849 

Goal, Curr: (-0.90,  0.93), (  1.40,  -1.00)   Error: 3.00
Last SG, Last State: (  3.40,  -3.04), (  1.40,  -1.02)  SG Improvement:-0.02113 

Goal, Curr: (-1.21,  0.90), (  1.40,  -1.04)   Error: 3.25
Last SG, Last State: (  3.40,  -3.08), (  1.40,  -1.06)  SG Improvement:-0.01883 

Goal, Curr: (-1.19,  1.14), (  1.40,  -0.99)   Error: 3.35
Last SG, Last State: (  3.40,  -3.02), (  1.40,  -1.00)  SG Improvement:-0.01812 

Goal, Curr: (-1.05,  0.85), (  1.40,  -1.07)   Error: 3.11
Last SG, Last State: (  3.40,  -3.11), (  1.40,  -1.09)  SG Improvement:-0.01998 

Goal, Curr: (-1.16,  0.75), (  1.40,  -1.02)   Error: 3.11
Last SG, Last State: (  3.40,  -3.05), (  1.40,  -1.04)  SG Improvement:-0.01909 

Goal, Curr: (-0.77,  0.85), (  1.40,  -0.99)   Error: 2.85
Last SG, Last State: (  3.40,  -3.02), (  1.40,  -1.00)  SG Improvement:-0.01821 

Goal, Curr: (-1.03,  1.15), (  1.40,  -0.99)   Error: 3.24
Last SG, Last State: (  3.40,  -3.03), (  1.40,  -1.01)  SG Improvement:-0.01927 

Goal, Curr: (-0.92,  0.87), (  1.40,  -0.97)   Error: 2.96
Last SG, Last State: (  3.40,  -3.00), (  1.40,  -0.99)  SG Improvement:-0.01616 

Goal, Curr: (-1.14,  1.10), (  1.40,  -1.02)   Error: 3.30
Last SG, Last State: (  3.40,  -3.05), (  1.40,  -1.03)  SG Improvement:-0.01925 

episode:00600, mean:-882.43, std:44.31, median:-886.16, success:0.00
Goal, Curr: (-1.21,  0.79), (  1.17,  -0.20)   Error: 2.57
Last SG, Last State: (  2.86,  -2.43), (  1.01,  -0.31)  SG Improvement:0.03178 

Goal, Curr: (-0.83,  1.00), (  1.40,   0.42)   Error: 2.31
Last SG, Last State: (  3.40,  -1.65), (  1.40,   0.38)  SG Improvement:-0.03817 

Goal, Curr: (-1.15,  0.93), (  1.40,   0.49)   Error: 2.58
Last SG, Last State: (  3.40,  -1.58), (  1.40,   0.44)  SG Improvement:-0.32984 

Goal, Curr: (-1.11,  0.87), (  1.40,   0.81)   Error: 2.50
Last SG, Last State: (  3.40,  -1.24), (  1.40,   0.78)  SG Improvement:-0.06167 

Goal, Curr: (-0.95,  1.06), (  1.40,   0.42)   Error: 2.44
Last SG, Last State: (  3.40,  -1.65), (  1.40,   0.38)  SG Improvement:-0.05200 

Goal, Curr: (-1.09,  0.97), (  1.40,   0.67)   Error: 2.51
Last SG, Last State: (  3.40,  -1.37), (  1.40,   0.64)  SG Improvement:-0.46397 

Goal, Curr: (-1.19,  1.21), (  1.40,   0.33)   Error: 2.73
Last SG, Last State: (  3.40,  -1.72), (  1.40,   0.31)  SG Improvement:-0.04935 

Goal, Curr: (-0.77,  0.83), (  1.40,   0.73)   Error: 2.17
Last SG, Last State: (  3.40,  -1.32), (  1.40,   0.70)  SG Improvement:0.04194 

Goal, Curr: (-1.03,  1.00), (  1.40,   0.36)   Error: 2.51
Last SG, Last State: (  3.40,  -1.69), (  1.40,   0.33)  SG Improvement:-0.05867 

Goal, Curr: (-0.79,  1.15), (  1.40,   0.38)   Error: 2.32
Last SG, Last State: (  3.40,  -1.68), (  1.40,   0.35)  SG Improvement:-0.02300 

Goal, Curr: (-0.81,  0.85), (  1.40,   0.44)   Error: 2.24
Last SG, Last State: (  3.40,  -1.64), (  1.40,   0.39)  SG Improvement:-0.10777 

Goal, Curr: (-0.79,  1.25), (  1.40,   0.47)   Error: 2.32
Last SG, Last State: (  3.40,  -1.60), (  1.40,   0.44)  SG Improvement:0.19972 

Goal, Curr: (-1.15,  0.99), (  1.40,   0.67)   Error: 2.57
Last SG, Last State: (  3.40,  -1.37), (  1.40,   0.65)  SG Improvement:-0.46719 

Goal, Curr: (-1.05,  0.99), (  1.40,   0.64)   Error: 2.48
Last SG, Last State: (  3.40,  -1.43), (  1.40,   0.62)  SG Improvement:0.25256 

Goal, Curr: (-0.78,  1.06), (  1.40,   0.12)   Error: 2.38
Last SG, Last State: (  3.40,  -1.95), (  1.40,   0.08)  SG Improvement:0.01624 

Goal, Curr: (-0.85,  1.01), (  1.40,   0.28)   Error: 2.36
Last SG, Last State: (  3.40,  -1.78), (  1.40,   0.25)  SG Improvement:-0.03897 

Goal, Curr: (-1.12,  1.03), (  1.40,   0.22)   Error: 2.64
Last SG, Last State: (  3.40,  -1.85), (  1.40,   0.19)  SG Improvement:-0.01505 

Goal, Curr: (-0.93,  0.79), (  1.40,   0.44)   Error: 2.35
Last SG, Last State: (  3.40,  -1.63), (  1.40,   0.40)  SG Improvement:-0.05268 

Goal, Curr: (-0.89,  1.09), (  1.40,   0.75)   Error: 2.32
Last SG, Last State: (  3.40,  -1.32), (  1.40,   0.72)  SG Improvement:-0.02109 

Goal, Curr: (-1.15,  0.95), (  1.40,   0.09)   Error: 2.69
Last SG, Last State: (  3.40,  -1.98), (  1.40,   0.05)  SG Improvement:-0.00263 

Goal, Curr: (-0.77,  1.09), (  1.40,   0.15)   Error: 2.36
Last SG, Last State: (  3.40,  -1.92), (  1.40,   0.11)  SG Improvement:0.01453 

Goal, Curr: (-1.02,  0.84), (  1.40,   0.83)   Error: 2.41
Last SG, Last State: (  3.40,  -1.22), (  1.40,   0.80)  SG Improvement:-0.02230 

Goal, Curr: (-1.16,  0.82), (  1.40,   0.80)   Error: 2.56
Last SG, Last State: (  3.40,  -1.25), (  1.40,   0.78)  SG Improvement:-0.06675 

Goal, Curr: (-1.16,  1.01), (  1.40,   0.72)   Error: 2.58
Last SG, Last State: (  3.40,  -1.33), (  1.40,   0.69)  SG Improvement:0.05579 

Goal, Curr: (-1.09,  1.07), (  1.40,   0.40)   Error: 2.57
Last SG, Last State: (  3.40,  -1.66), (  1.40,   0.37)  SG Improvement:0.01133 

Goal, Curr: (-1.16,  0.80), (  1.40,   0.44)   Error: 2.59
Last SG, Last State: (  3.40,  -1.62), (  1.40,   0.41)  SG Improvement:0.00844 

Goal, Curr: (-0.90,  0.80), (  1.40,   0.17)   Error: 2.38
Last SG, Last State: (  3.40,  -1.91), (  1.40,   0.13)  SG Improvement:0.00438 

Goal, Curr: (-1.17,  1.09), (  1.40,   0.08)   Error: 2.76
Last SG, Last State: (  3.40,  -1.99), (  1.40,   0.05)  SG Improvement:-0.04026 

Goal, Curr: (-0.84,  1.10), (  1.40,   0.57)   Error: 2.30
Last SG, Last State: (  3.40,  -1.50), (  1.40,   0.54)  SG Improvement:0.22480 

Goal, Curr: (-1.08,  1.02), (  1.40,   0.66)   Error: 2.51
Last SG, Last State: (  3.40,  -1.38), (  1.40,   0.64)  SG Improvement:-0.46609 

Goal, Curr: (-0.96,  0.83), (  1.40,   0.74)   Error: 2.36
Last SG, Last State: (  3.40,  -1.33), (  1.40,   0.71)  SG Improvement:-0.07059 

Goal, Curr: (-1.24,  0.79), (  1.40,   0.09)   Error: 2.73
Last SG, Last State: (  3.40,  -1.98), (  1.40,   0.05)  SG Improvement:-0.00629 

Goal, Curr: (-0.80,  0.97), (  1.40,  -0.00)   Error: 2.41
Last SG, Last State: (  3.40,  -2.07), (  1.40,  -0.03)  SG Improvement:-0.04502 

Goal, Curr: (-0.85,  0.95), (  1.40,   0.38)   Error: 2.32
Last SG, Last State: (  3.40,  -1.68), (  1.40,   0.35)  SG Improvement:-0.02078 

Goal, Curr: (-0.88,  0.78), (  1.40,   0.21)   Error: 2.35
Last SG, Last State: (  3.40,  -1.86), (  1.40,   0.17)  SG Improvement:-0.00958 

Goal, Curr: (-0.88,  0.97), (  1.40,   0.36)   Error: 2.36
Last SG, Last State: (  3.40,  -1.70), (  1.40,   0.33)  SG Improvement:-0.05947 

Goal, Curr: (-0.83,  1.23), (  1.40,   0.19)   Error: 2.46
Last SG, Last State: (  3.40,  -1.88), (  1.40,   0.15)  SG Improvement:-0.00251 

Goal, Curr: (-0.95,  0.91), (  1.40,   0.44)   Error: 2.40
Last SG, Last State: (  3.40,  -1.63), (  1.40,   0.40)  SG Improvement:-0.08990 

Goal, Curr: (-0.93,  0.80), (  1.40,   0.07)   Error: 2.44
Last SG, Last State: (  3.40,  -1.99), (  1.40,   0.04)  SG Improvement:-0.00632 

Goal, Curr: (-0.90,  0.84), (  1.40,   0.69)   Error: 2.30
Last SG, Last State: (  3.40,  -1.35), (  1.40,   0.67)  SG Improvement:-0.45973 

Goal, Curr: (-0.97,  0.79), (  1.40,   0.38)   Error: 2.40
Last SG, Last State: (  3.40,  -1.68), (  1.40,   0.35)  SG Improvement:-0.01579 

Goal, Curr: (-1.01,  0.89), (  1.40,   0.45)   Error: 2.45
Last SG, Last State: (  3.40,  -1.62), (  1.40,   0.43)  SG Improvement:0.19735 

Goal, Curr: (-0.86,  1.17), (  1.40,   0.15)   Error: 2.48
Last SG, Last State: (  3.40,  -1.93), (  1.40,   0.11)  SG Improvement:0.00724 

Goal, Curr: (-0.91,  0.91), (  1.40,   0.82)   Error: 2.31
Last SG, Last State: (  3.40,  -1.23), (  1.40,   0.80)  SG Improvement:-0.02560 

Goal, Curr: (-0.77,  1.11), (  1.40,   0.33)   Error: 2.30
Last SG, Last State: (  3.40,  -1.72), (  1.40,   0.31)  SG Improvement:-0.04912 

Goal, Curr: (-0.91,  0.80), (  1.40,   0.16)   Error: 2.40
Last SG, Last State: (  3.40,  -1.92), (  1.40,   0.12)  SG Improvement:-0.00424 

Goal, Curr: (-0.96,  1.17), (  1.40,   0.20)   Error: 2.55
Last SG, Last State: (  3.40,  -1.88), (  1.40,   0.16)  SG Improvement:-0.00956 

Goal, Curr: (-0.88,  1.07), (  1.40,   0.42)   Error: 2.37
Last SG, Last State: (  3.40,  -1.65), (  1.40,   0.38)  SG Improvement:-0.02629 

Goal, Curr: (-1.02,  0.92), (  1.40,   0.40)   Error: 2.48
Last SG, Last State: (  3.40,  -1.66), (  1.40,   0.37)  SG Improvement:0.00651 

Goal, Curr: (-0.82,  1.23), (  1.40,   0.14)   Error: 2.47
Last SG, Last State: (  3.40,  -1.93), (  1.40,   0.11)  SG Improvement:0.01841 

episode:00700, mean:-680.16, std:41.53, median:-679.97, success:0.00
