Using device: cpu
no-corrections-aaa-buff60
Goal, Curr: (-1.06,  1.03), ( -1.23,  -1.12)   Error: 2.15
Last SG, Last State: (  0.71,  -1.11), ( -1.32,  -1.40)  SG Improvement:-0.10961 

Goal, Curr: (-1.16,  1.17), ( -1.23,  -1.11)   Error: 2.28
Last SG, Last State: (  0.65,  -1.03), ( -1.33,  -1.31)  SG Improvement:-0.21559 

Goal, Curr: (-1.04,  0.93), ( -0.71,  -0.66)   Error: 1.62
Last SG, Last State: (  1.28,  -1.33), ( -0.66,  -0.74)  SG Improvement:-0.04132 

Goal, Curr: (-0.75,  1.10), ( -0.99,  -0.76)   Error: 1.87
Last SG, Last State: (  0.99,  -1.07), ( -1.01,  -0.60)  SG Improvement:-0.61578 

Goal, Curr: (-1.20,  0.93), ( -1.17,  -0.89)   Error: 1.82
Last SG, Last State: (  0.70,  -1.24), ( -1.16,  -0.89)  SG Improvement:-0.03798 

Goal, Curr: (-0.78,  1.16), ( -0.60,  -0.60)   Error: 1.77
Last SG, Last State: (  1.33,  -1.34), ( -0.59,  -0.60)  SG Improvement:0.01613 

Goal, Curr: (-1.04,  1.04), ( -0.71,  -1.40)   Error: 2.46
Last SG, Last State: (  1.38,  -1.94), ( -0.65,  -1.40)  SG Improvement:-0.04581 

Goal, Curr: (-0.95,  0.80), ( -1.09,  -0.60)   Error: 1.41
Last SG, Last State: (  1.11,  -1.20), ( -0.93,  -0.65)  SG Improvement:-0.15359 

Goal, Curr: (-1.13,  1.06), ( -1.01,  -0.60)   Error: 1.67
Last SG, Last State: (  1.20,  -1.25), ( -0.85,  -0.66)  SG Improvement:-0.16904 

Goal, Curr: (-0.98,  1.03), ( -1.08,  -0.60)   Error: 1.63
Last SG, Last State: (  1.07,  -1.26), ( -0.95,  -0.74)  SG Improvement:-0.17087 

episode:00100, mean:0.12, std:0.32, median:0.24, success:0.00
Goal, Curr: (-1.02,  0.85), ( -0.99,  -0.71)   Error: 1.56
Last SG, Last State: (  1.14,  -1.35), ( -1.00,  -0.60)  SG Improvement:-0.11934 

Goal, Curr: (-0.91,  1.17), ( -1.16,  -1.40)   Error: 2.59
Last SG, Last State: (  0.92,  -1.41), ( -1.03,  -1.31)  SG Improvement:0.06080 

Goal, Curr: (-1.24,  0.94), ( -1.12,  -1.40)   Error: 2.34
Last SG, Last State: (  1.08,  -1.48), ( -0.91,  -1.37)  SG Improvement:-0.15672 

Goal, Curr: (-1.08,  0.93), ( -1.06,  -0.74)   Error: 1.67
Last SG, Last State: (  0.88,  -0.78), ( -1.09,  -0.66)  SG Improvement:0.02079 

Goal, Curr: (-0.99,  0.83), ( -1.17,  -0.60)   Error: 1.44
Last SG, Last State: (  0.69,  -0.59), ( -1.12,  -0.65)  SG Improvement:-1.24573 

Goal, Curr: (-0.95,  0.83), ( -0.78,  -0.60)   Error: 1.44
Last SG, Last State: (  1.00,  -0.81), ( -0.75,  -0.76)  SG Improvement:-0.24362 

Goal, Curr: (-1.08,  1.23), ( -0.89,  -1.20)   Error: 2.44
Last SG, Last State: (  0.81,  -0.95), ( -0.99,  -1.02)  SG Improvement:0.12166 

Goal, Curr: (-0.90,  0.94), ( -1.02,  -1.32)   Error: 2.26
Last SG, Last State: (  0.92,  -1.10), ( -0.89,  -1.10)  SG Improvement:0.02959 

Goal, Curr: (-1.22,  1.09), ( -0.71,  -1.40)   Error: 2.54
Last SG, Last State: (  1.17,  -1.42), ( -0.73,  -1.40)  SG Improvement:0.22952 

Goal, Curr: (-0.93,  1.05), ( -1.02,  -0.71)   Error: 1.76
Last SG, Last State: (  0.75,  -0.49), ( -1.14,  -0.60)  SG Improvement:-0.18682 

episode:00200, mean:0.01, std:0.38, median:0.08, success:0.00
Goal, Curr: (-1.21,  1.10), ( -0.86,  -1.40)   Error: 2.52
Last SG, Last State: (  1.39,  -2.61), ( -1.00,  -1.40)  SG Improvement:-0.33676 

Goal, Curr: (-1.05,  0.86), ( -0.91,  -1.40)   Error: 2.26
Last SG, Last State: (  1.02,  -2.04), ( -1.22,  -1.29)  SG Improvement:-0.72293 

Goal, Curr: (-0.82,  1.22), ( -1.40,  -0.60)   Error: 1.91
Last SG, Last State: (  0.97,  -1.24), ( -1.29,  -0.60)  SG Improvement:-0.24320 

Goal, Curr: (-1.21,  0.93), ( -1.14,  -1.40)   Error: 2.33
Last SG, Last State: (  0.88,  -1.86), ( -1.30,  -1.37)  SG Improvement:-0.31675 

Goal, Curr: (-0.82,  0.97), ( -1.19,  -0.89)   Error: 1.90
Last SG, Last State: (  0.65,  -0.93), ( -1.26,  -0.79)  SG Improvement:0.05773 

Goal, Curr: (-0.95,  0.88), ( -1.03,  -1.40)   Error: 2.29
Last SG, Last State: (  0.83,  -1.73), ( -1.31,  -1.11)  SG Improvement:-0.69814 

Goal, Curr: (-0.93,  1.03), ( -0.96,  -1.01)   Error: 2.03
Last SG, Last State: (  0.88,  -1.13), ( -1.02,  -0.86)  SG Improvement:0.02571 

Goal, Curr: (-1.18,  1.10), ( -0.91,  -1.40)   Error: 2.51
Last SG, Last State: (  1.04,  -2.09), ( -1.22,  -1.36)  SG Improvement:-0.69131 

Goal, Curr: (-1.10,  1.22), ( -1.40,  -0.60)   Error: 1.84
Last SG, Last State: (  0.57,  -0.81), ( -1.40,  -0.60)  SG Improvement:0.00197 

Goal, Curr: (-0.81,  1.23), ( -1.40,  -0.60)   Error: 1.93
Last SG, Last State: (  0.57,  -0.79), ( -1.40,  -0.60)  SG Improvement:-0.00687 

episode:00300, mean:-0.06, std:0.28, median:-0.08, success:0.00
Goal, Curr: (-0.79,  1.09), ( -0.84,  -1.40)   Error: 2.48
Last SG, Last State: (  0.66,  -1.63), ( -0.94,  -1.40)  SG Improvement:-0.18583 

Goal, Curr: (-0.85,  0.94), ( -1.10,  -1.00)   Error: 1.96
Last SG, Last State: (  0.84,  -1.58), ( -1.10,  -1.00)  SG Improvement:-0.00823 

Goal, Curr: (-1.13,  1.06), ( -0.68,  -1.32)   Error: 2.42
Last SG, Last State: (  1.17,  -2.79), ( -0.63,  -1.40)  SG Improvement:-0.16069 

Goal, Curr: (-1.09,  0.83), ( -0.96,  -1.40)   Error: 2.24
Last SG, Last State: (  0.81,  -2.54), ( -1.40,  -1.40)  SG Improvement:-0.40613 

Goal, Curr: (-1.21,  1.02), ( -0.99,  -1.17)   Error: 2.20
Last SG, Last State: (  1.36,  -2.20), ( -0.82,  -1.18)  SG Improvement:-0.10538 

Goal, Curr: (-0.83,  1.20), ( -1.41,  -1.40)   Error: 2.66
Last SG, Last State: (  0.86,  -2.35), ( -0.91,  -1.40)  SG Improvement:-0.08692 

Goal, Curr: (-0.93,  0.87), ( -0.99,  -0.99)   Error: 1.85
Last SG, Last State: (  1.06,  -1.68), ( -0.91,  -0.99)  SG Improvement:-0.06798 

Goal, Curr: (-1.13,  1.20), ( -1.31,  -0.63)   Error: 1.84
Last SG, Last State: (  0.45,  -1.03), ( -1.40,  -0.60)  SG Improvement:-0.04426 

Goal, Curr: (-1.12,  1.07), ( -0.74,  -1.40)   Error: 2.50
Last SG, Last State: (  0.80,  -2.08), ( -0.83,  -1.40)  SG Improvement:-0.06371 

Goal, Curr: (-0.91,  0.98), ( -0.57,  -1.40)   Error: 2.40
Last SG, Last State: (  0.90,  -2.25), ( -0.86,  -1.40)  SG Improvement:-0.10516 

episode:00400, mean:-0.25, std:0.25, median:-0.26, success:0.00
Goal, Curr: (-0.99,  1.08), ( -0.87,  -1.40)   Error: 2.48
Last SG, Last State: (  0.92,  -1.58), ( -0.85,  -1.40)  SG Improvement:-0.00086 

Goal, Curr: (-1.08,  0.96), ( -0.54,  -1.38)   Error: 2.40
Last SG, Last State: (  1.53,  -1.99), ( -0.06,  -1.40)  SG Improvement:0.26280 

Goal, Curr: (-1.20,  0.87), ( -0.28,  -1.40)   Error: 2.45
Last SG, Last State: (  1.27,  -1.82), ( -0.23,  -1.40)  SG Improvement:0.02192 

Goal, Curr: (-1.08,  0.76), ( -0.94,  -1.26)   Error: 2.03
Last SG, Last State: (  2.02,  -2.54), ( -0.27,  -1.32)  SG Improvement:0.12924 

Goal, Curr: (-1.06,  0.98), ( -0.40,  -1.40)   Error: 2.47
Last SG, Last State: (  1.29,  -1.78), ( -0.34,  -1.40)  SG Improvement:0.04862 

Goal, Curr: (-1.00,  1.04), ( -0.30,  -1.40)   Error: 2.54
Last SG, Last State: (  1.31,  -1.79), ( -0.22,  -1.40)  SG Improvement:0.00912 

Goal, Curr: (-0.83,  1.03), ( -1.04,  -0.76)   Error: 1.80
Last SG, Last State: (  0.99,  -0.61), ( -1.01,  -0.76)  SG Improvement:-0.07613 

Goal, Curr: (-0.94,  0.75), ( -0.31,  -1.40)   Error: 2.24
Last SG, Last State: (  1.26,  -1.80), ( -0.34,  -1.40)  SG Improvement:0.08704 

Goal, Curr: (-0.98,  1.03), ( -0.18,  -1.39)   Error: 2.55
Last SG, Last State: (  1.40,  -1.85), ( -0.19,  -1.40)  SG Improvement:0.06944 

Goal, Curr: (-1.24,  0.97), ( -0.37,  -1.40)   Error: 2.52
Last SG, Last State: (  1.24,  -1.78), ( -0.29,  -1.40)  SG Improvement:0.02100 

episode:00500, mean:-0.43, std:0.19, median:-0.41, success:0.00
Goal, Curr: (-1.21,  1.18), ( -1.11,  -0.96)   Error: 2.14
Last SG, Last State: (  1.74,  -1.87), ( -0.79,  -1.24)  SG Improvement:-0.36316 

Goal, Curr: (-1.18,  0.99), ( -0.47,  -1.40)   Error: 2.49
Last SG, Last State: (  1.01,  -1.58), ( -0.54,  -1.40)  SG Improvement:0.06082 

Goal, Curr: (-1.14,  1.13), ( -0.50,  -1.40)   Error: 2.61
Last SG, Last State: (  1.04,  -1.52), ( -0.52,  -1.40)  SG Improvement:0.01931 

Goal, Curr: (-1.12,  0.78), ( -0.37,  -1.40)   Error: 2.30
Last SG, Last State: (  1.15,  -1.65), ( -0.42,  -1.40)  SG Improvement:-0.00038 

Goal, Curr: (-0.97,  1.11), ( -0.47,  -1.40)   Error: 2.56
Last SG, Last State: (  1.18,  -1.59), ( -0.53,  -1.40)  SG Improvement:0.00909 

Goal, Curr: (-0.92,  0.90), ( -1.04,  -0.60)   Error: 1.51
Last SG, Last State: (  1.48,  -1.93), ( -0.32,  -1.13)  SG Improvement:-0.65756 

Goal, Curr: (-1.14,  0.87), ( -0.24,  -1.40)   Error: 2.44
Last SG, Last State: (  1.26,  -1.70), ( -0.28,  -1.40)  SG Improvement:0.11802 

Goal, Curr: (-0.99,  1.06), ( -0.36,  -1.40)   Error: 2.54
Last SG, Last State: (  1.14,  -1.57), ( -0.45,  -1.40)  SG Improvement:0.08189 

Goal, Curr: (-0.77,  0.80), ( -0.34,  -1.40)   Error: 2.24
Last SG, Last State: (  1.06,  -1.63), ( -0.51,  -1.40)  SG Improvement:0.16701 

Goal, Curr: (-0.76,  1.19), ( -0.60,  -1.40)   Error: 2.60
Last SG, Last State: (  0.85,  -1.00), ( -0.62,  -1.40)  SG Improvement:-0.71297 

episode:00600, mean:-0.37, std:0.35, median:-0.48, success:0.00
Goal, Curr: (-1.03,  0.95), ( -0.03,  -1.35)   Error: 2.51
Last SG, Last State: (  1.44,  -1.31), (  0.06,  -1.40)  SG Improvement:0.58183 

Goal, Curr: (-1.00,  1.10), ( -0.78,  -1.32)   Error: 2.43
Last SG, Last State: (  1.72,  -1.09), ( -0.37,  -1.33)  SG Improvement:-0.02208 

Goal, Curr: (-1.00,  0.92), ( -0.10,  -1.37)   Error: 2.46
Last SG, Last State: (  1.95,  -1.68), ( -0.23,  -1.37)  SG Improvement:0.03836 

Goal, Curr: (-1.21,  1.23), ( -0.55,  -1.28)   Error: 2.59
Last SG, Last State: (  1.76,  -1.06), ( -0.31,  -1.32)  SG Improvement:-0.01967 

Goal, Curr: (-1.25,  1.25), ( -0.35,  -1.40)   Error: 2.80
Last SG, Last State: (  0.38,  -0.58), ( -0.41,  -1.36)  SG Improvement:-0.19513 

Goal, Curr: (-0.86,  0.83), ( -1.33,  -0.81)   Error: 1.70
Last SG, Last State: (  1.83,  -1.43), ( -0.56,  -1.23)  SG Improvement:-0.22361 

Goal, Curr: (-1.10,  0.94), ( -0.62,  -1.25)   Error: 2.24
Last SG, Last State: (  1.93,  -2.20), ( -0.13,  -1.29)  SG Improvement:0.12574 

Goal, Curr: (-1.06,  0.98), (  0.29,  -0.87)   Error: 2.29
Last SG, Last State: (  0.96,  -0.81), ( -0.17,  -1.28)  SG Improvement:-0.22522 

Goal, Curr: (-1.14,  1.10), ( -0.79,  -1.32)   Error: 2.45
Last SG, Last State: (  1.56,  -1.42), ( -0.69,  -1.35)  SG Improvement:-0.21258 

Goal, Curr: (-1.07,  1.09), ( -0.52,  -1.20)   Error: 2.35
Last SG, Last State: (  2.24,  -2.46), (  0.25,  -1.38)  SG Improvement:0.41008 

episode:00700, mean:-0.26, std:0.24, median:-0.27, success:0.00
Goal, Curr: (-1.20,  1.07), ( -1.40,  -1.29)   Error: 2.37
Last SG, Last State: ( -2.72,   0.84), ( -1.40,  -1.32)  SG Improvement:-0.15537 

Goal, Curr: (-1.12,  1.23), ( -1.40,  -0.68)   Error: 1.93
Last SG, Last State: ( -0.73,   1.35), ( -1.40,  -1.32)  SG Improvement:-1.49006 

Goal, Curr: (-1.02,  1.11), ( -1.40,  -0.60)   Error: 1.75
Last SG, Last State: ( -1.99,   0.63), ( -1.40,  -0.63)  SG Improvement:0.10604 

Goal, Curr: (-1.11,  1.03), ( -1.40,  -0.72)   Error: 1.78
Last SG, Last State: ( -2.35,   1.36), ( -1.40,  -0.60)  SG Improvement:-0.45447 

Goal, Curr: (-1.20,  1.06), ( -1.40,  -0.60)   Error: 1.67
Last SG, Last State: (  0.36,   1.15), ( -1.40,  -0.60)  SG Improvement:-1.39688 

Goal, Curr: (-1.01,  0.89), ( -1.40,  -0.60)   Error: 1.55
Last SG, Last State: (  0.54,   1.07), ( -1.40,  -0.60)  SG Improvement:-1.46079 

Goal, Curr: (-0.92,  0.76), ( -1.40,  -0.81)   Error: 1.64
Last SG, Last State: ( -2.71,   1.34), ( -1.40,  -0.60)  SG Improvement:0.19963 

Goal, Curr: (-0.83,  0.84), ( -1.40,  -0.60)   Error: 1.55
Last SG, Last State: ( -1.82,   1.09), ( -1.40,  -0.60)  SG Improvement:-0.51253 

Goal, Curr: (-0.75,  0.87), ( -1.36,  -1.34)   Error: 2.29
Last SG, Last State: ( -1.47,   1.34), ( -1.40,  -1.01)  SG Improvement:-0.72042 

Goal, Curr: (-0.95,  1.01), ( -1.40,  -0.60)   Error: 1.67
Last SG, Last State: (  0.58,   0.78), ( -1.40,  -0.60)  SG Improvement:-1.41884 

episode:00800, mean:0.16, std:0.32, median:0.18, success:0.00
Goal, Curr: (-1.18,  0.86), ( -1.40,  -0.60)   Error: 1.48
Last SG, Last State: ( -2.80,   0.16), ( -1.40,  -0.60)  SG Improvement:0.00341 

Goal, Curr: (-0.82,  1.08), ( -1.40,  -0.60)   Error: 1.77
Last SG, Last State: ( -2.90,   0.25), ( -1.40,  -0.60)  SG Improvement:0.15458 

Goal, Curr: (-0.76,  0.81), ( -1.40,  -0.60)   Error: 1.55
Last SG, Last State: ( -2.86,   0.17), ( -1.40,  -0.60)  SG Improvement:0.12951 

Goal, Curr: (-1.23,  1.12), ( -1.40,  -0.60)   Error: 1.73
Last SG, Last State: ( -2.85,   0.25), ( -1.40,  -0.60)  SG Improvement:-0.00278 

Goal, Curr: (-1.07,  0.99), ( -1.40,  -0.60)   Error: 1.62
Last SG, Last State: ( -2.84,   0.24), ( -1.40,  -0.60)  SG Improvement:0.02276 

Goal, Curr: (-1.21,  1.10), ( -1.40,  -0.60)   Error: 1.72
Last SG, Last State: ( -2.95,   0.29), ( -1.40,  -0.60)  SG Improvement:0.10817 

Goal, Curr: (-0.88,  1.01), ( -1.40,  -0.60)   Error: 1.69
Last SG, Last State: ( -2.90,   0.22), ( -1.40,  -0.60)  SG Improvement:0.16406 

Goal, Curr: (-0.81,  0.89), ( -1.40,  -0.60)   Error: 1.60
Last SG, Last State: ( -2.89,   0.18), ( -1.40,  -0.60)  SG Improvement:0.15014 

Goal, Curr: (-0.97,  1.00), ( -1.40,  -0.60)   Error: 1.66
Last SG, Last State: ( -2.69,   0.19), ( -1.40,  -0.60)  SG Improvement:-0.01830 

Goal, Curr: (-1.18,  1.07), ( -1.40,  -0.60)   Error: 1.69
Last SG, Last State: ( -1.35,   0.41), ( -1.40,  -0.60)  SG Improvement:0.09862 

episode:00900, mean:0.39, std:0.15, median:0.38, success:0.00
Goal, Curr: (-0.88,  1.08), ( -1.40,  -0.60)   Error: 1.76
Last SG, Last State: ( -2.66,   0.48), ( -1.40,  -0.60)  SG Improvement:0.13168 

Goal, Curr: (-0.78,  1.01), ( -1.40,  -0.60)   Error: 1.72
Last SG, Last State: ( -2.47,   0.47), ( -1.40,  -0.60)  SG Improvement:0.09221 

Goal, Curr: (-0.86,  0.97), ( -1.40,  -0.60)   Error: 1.66
Last SG, Last State: ( -2.46,   0.46), ( -1.40,  -0.60)  SG Improvement:0.08975 

Goal, Curr: (-0.97,  0.90), ( -1.40,  -0.60)   Error: 1.56
Last SG, Last State: ( -2.42,   0.44), ( -1.40,  -0.60)  SG Improvement:0.01205 

Goal, Curr: (-1.16,  0.82), ( -1.40,  -0.60)   Error: 1.44
Last SG, Last State: ( -2.29,   0.42), ( -1.40,  -0.60)  SG Improvement:-0.03851 

Goal, Curr: (-0.95,  0.79), ( -1.40,  -0.60)   Error: 1.47
Last SG, Last State: ( -2.16,   0.39), ( -1.40,  -0.60)  SG Improvement:0.04527 

Goal, Curr: (-0.80,  0.80), ( -1.40,  -0.60)   Error: 1.52
Last SG, Last State: ( -2.52,   0.39), ( -1.40,  -0.60)  SG Improvement:0.10628 

Goal, Curr: (-0.94,  1.02), ( -1.40,  -0.60)   Error: 1.69
Last SG, Last State: ( -0.65,   0.28), ( -1.16,  -0.60)  SG Improvement:-1.12906 

Goal, Curr: (-0.99,  0.98), ( -1.40,  -0.60)   Error: 1.63
Last SG, Last State: ( -0.51,   0.20), ( -1.18,  -0.60)  SG Improvement:-1.21788 

Goal, Curr: (-1.24,  1.23), ( -1.40,  -0.60)   Error: 1.84
Last SG, Last State: ( -2.09,   0.50), ( -1.40,  -0.60)  SG Improvement:-0.00824 

episode:01000, mean:0.33, std:0.10, median:0.35, success:0.00
Goal, Curr: (-0.83,  0.93), ( -1.40,  -0.60)   Error: 1.63
Last SG, Last State: ( -2.70,   0.55), ( -1.40,  -0.60)  SG Improvement:-0.00334 

Goal, Curr: (-1.09,  0.88), ( -1.40,  -0.60)   Error: 1.51
Last SG, Last State: ( -2.72,   0.57), ( -1.40,  -0.60)  SG Improvement:-0.00339 

Goal, Curr: (-0.76,  0.94), ( -1.40,  -0.60)   Error: 1.66
Last SG, Last State: ( -2.69,   0.55), ( -1.40,  -0.60)  SG Improvement:-0.00320 

Goal, Curr: (-1.10,  1.00), ( -1.40,  -0.60)   Error: 1.63
Last SG, Last State: ( -2.95,   0.59), ( -1.40,  -0.60)  SG Improvement:0.05791 

Goal, Curr: (-1.18,  1.03), ( -1.40,  -0.60)   Error: 1.65
Last SG, Last State: ( -2.78,   0.63), ( -1.40,  -0.60)  SG Improvement:0.00674 

Goal, Curr: (-1.16,  1.17), ( -1.40,  -0.60)   Error: 1.78
Last SG, Last State: ( -2.80,   0.66), ( -1.40,  -0.60)  SG Improvement:0.00256 

Goal, Curr: (-0.98,  1.16), ( -1.40,  -0.60)   Error: 1.81
Last SG, Last State: ( -2.77,   0.65), ( -1.40,  -0.60)  SG Improvement:0.00976 

Goal, Curr: (-0.82,  0.85), ( -1.40,  -0.60)   Error: 1.57
Last SG, Last State: ( -2.69,   0.53), ( -1.40,  -0.60)  SG Improvement:-0.00336 

Goal, Curr: (-1.07,  1.00), ( -1.40,  -0.60)   Error: 1.64
Last SG, Last State: ( -2.75,   0.61), ( -1.40,  -0.60)  SG Improvement:0.00026 

Goal, Curr: (-0.90,  0.87), ( -1.40,  -0.60)   Error: 1.55
Last SG, Last State: ( -2.70,   0.54), ( -1.40,  -0.60)  SG Improvement:-0.00345 

episode:01100, mean:0.27, std:0.15, median:0.23, success:0.00
Goal, Curr: (-0.79,  1.20), ( -0.07,  -0.60)   Error: 1.94
Last SG, Last State: ( -2.01,  -1.08), (  0.22,  -1.03)  SG Improvement:0.42577 

Goal, Curr: (-0.80,  0.87), ( -0.23,  -0.77)   Error: 1.74
Last SG, Last State: ( -2.02,  -1.09), ( -0.23,  -0.76)  SG Improvement:-0.15806 

Goal, Curr: (-0.92,  1.12), (  0.05,  -0.60)   Error: 1.97
Last SG, Last State: ( -0.73,   0.66), (  0.01,  -0.60)  SG Improvement:-0.08333 

Goal, Curr: (-1.16,  0.87), ( -0.20,  -1.10)   Error: 2.20
Last SG, Last State: ( -2.45,  -1.10), (  0.11,  -1.36)  SG Improvement:0.54813 

Goal, Curr: (-1.06,  0.96), ( -0.31,  -0.76)   Error: 1.88
Last SG, Last State: ( -2.18,  -1.01), ( -0.31,  -0.76)  SG Improvement:0.12251 

Goal, Curr: (-0.98,  0.96), (  0.39,  -1.03)   Error: 2.42
Last SG, Last State: ( -1.96,  -1.13), (  0.36,  -1.01)  SG Improvement:0.43685 

Goal, Curr: (-0.84,  0.76), (  1.40,  -1.33)   Error: 3.06
Last SG, Last State: ( -1.57,  -0.99), (  0.68,  -1.25)  SG Improvement:-0.33037 

Goal, Curr: (-0.85,  1.21), ( -0.20,  -0.60)   Error: 1.92
Last SG, Last State: ( -1.23,   0.18), ( -0.08,  -0.60)  SG Improvement:-0.50774 

Goal, Curr: (-0.91,  0.97), (  0.11,  -1.05)   Error: 2.26
Last SG, Last State: ( -2.37,  -0.71), (  0.11,  -1.24)  SG Improvement:-0.26229 

Goal, Curr: (-0.78,  1.04), (  0.41,  -1.15)   Error: 2.49
Last SG, Last State: ( -2.08,  -1.24), (  0.55,  -1.40)  SG Improvement:-0.14058 

episode:01200, mean:-0.16, std:0.54, median:-0.11, success:0.00
Goal, Curr: (-0.83,  1.19), ( -1.40,  -0.60)   Error: 1.88
Last SG, Last State: ( -2.93,   0.24), ( -1.40,  -0.60)  SG Improvement:0.00820 

Goal, Curr: (-1.00,  0.93), ( -1.40,  -0.60)   Error: 1.58
Last SG, Last State: ( -2.69,  -0.02), ( -1.40,  -0.60)  SG Improvement:-0.10306 

Goal, Curr: (-0.98,  1.03), ( -1.02,  -0.60)   Error: 1.63
Last SG, Last State: ( -1.85,  -0.19), ( -0.66,  -0.93)  SG Improvement:0.33817 

Goal, Curr: (-1.21,  0.81), ( -1.40,  -0.60)   Error: 1.42
Last SG, Last State: ( -3.02,   0.22), ( -1.40,  -0.60)  SG Improvement:0.03749 

Goal, Curr: (-0.77,  0.90), ( -1.40,  -0.60)   Error: 1.62
Last SG, Last State: ( -2.98,   0.22), ( -1.40,  -0.60)  SG Improvement:0.02141 

Goal, Curr: (-0.99,  0.85), ( -1.40,  -0.60)   Error: 1.51
Last SG, Last State: ( -2.80,   0.08), ( -1.40,  -0.60)  SG Improvement:-0.01062 

Goal, Curr: (-1.21,  1.09), ( -1.40,  -0.60)   Error: 1.70
Last SG, Last State: ( -2.04,  -0.24), ( -0.90,  -0.60)  SG Improvement:0.32076 

Goal, Curr: (-1.15,  0.88), ( -1.40,  -0.60)   Error: 1.51
Last SG, Last State: ( -2.84,   0.08), ( -1.40,  -0.60)  SG Improvement:0.01594 

Goal, Curr: (-0.96,  1.23), ( -1.40,  -0.60)   Error: 1.88
Last SG, Last State: ( -1.67,   0.84), ( -0.89,  -0.60)  SG Improvement:0.13400 

Goal, Curr: (-0.96,  0.89), ( -1.40,  -0.60)   Error: 1.56
Last SG, Last State: ( -2.93,   0.18), ( -1.40,  -0.60)  SG Improvement:0.00138 

episode:01300, mean:0.36, std:0.13, median:0.34, success:0.00
Goal, Curr: (-0.89,  0.97), ( -1.40,  -0.60)   Error: 1.66
Last SG, Last State: ( -3.00,   0.28), ( -1.35,  -0.65)  SG Improvement:-0.07306 

Goal, Curr: (-1.00,  1.03), ( -0.81,  -1.00)   Error: 2.04
Last SG, Last State: ( -1.76,  -0.32), ( -0.82,  -1.01)  SG Improvement:-0.29121 

Goal, Curr: (-1.10,  1.21), ( -0.58,  -1.02)   Error: 2.30
Last SG, Last State: ( -1.69,  -0.33), ( -0.90,  -0.84)  SG Improvement:-0.00118 

Goal, Curr: (-0.82,  1.22), ( -1.40,  -0.60)   Error: 1.91
Last SG, Last State: ( -2.34,  -0.11), ( -1.40,  -0.60)  SG Improvement:-0.76237 

Goal, Curr: (-0.81,  0.90), ( -1.40,  -0.60)   Error: 1.61
Last SG, Last State: ( -2.84,   0.13), ( -1.40,  -0.60)  SG Improvement:-0.02757 

Goal, Curr: (-1.24,  1.13), ( -1.40,  -0.60)   Error: 1.74
Last SG, Last State: ( -2.93,   0.24), ( -1.40,  -0.60)  SG Improvement:0.01844 

Goal, Curr: (-1.18,  1.05), ( -1.40,  -0.60)   Error: 1.67
Last SG, Last State: ( -2.96,   0.16), ( -1.40,  -0.66)  SG Improvement:0.03316 

Goal, Curr: (-1.07,  0.89), ( -1.40,  -0.60)   Error: 1.52
Last SG, Last State: ( -2.75,   0.13), ( -1.40,  -0.60)  SG Improvement:0.02240 

Goal, Curr: (-0.99,  0.99), ( -1.40,  -0.60)   Error: 1.65
Last SG, Last State: ( -2.78,   0.05), ( -1.40,  -0.60)  SG Improvement:-0.11253 

Goal, Curr: (-1.21,  1.11), ( -1.40,  -0.60)   Error: 1.72
Last SG, Last State: ( -2.83,   0.12), ( -1.40,  -0.60)  SG Improvement:0.00283 

episode:01400, mean:0.37, std:0.26, median:0.47, success:0.00
Goal, Curr: (-1.17,  1.07), ( -1.40,  -0.60)   Error: 1.69
Last SG, Last State: ( -2.99,   0.36), ( -1.40,  -0.60)  SG Improvement:0.04122 

Goal, Curr: (-0.97,  1.22), ( -1.40,  -0.60)   Error: 1.87
Last SG, Last State: ( -2.98,   0.34), ( -1.40,  -0.60)  SG Improvement:0.03103 

Goal, Curr: (-0.99,  1.02), ( -1.40,  -0.60)   Error: 1.68
Last SG, Last State: ( -2.92,   0.15), ( -1.40,  -0.60)  SG Improvement:-0.28253 

Goal, Curr: (-0.78,  1.24), ( -1.40,  -0.60)   Error: 1.94
Last SG, Last State: ( -2.99,   0.34), ( -1.40,  -0.60)  SG Improvement:0.03215 

Goal, Curr: (-0.97,  1.10), ( -0.79,  -0.96)   Error: 2.07
Last SG, Last State: ( -1.75,  -0.58), ( -0.79,  -0.96)  SG Improvement:0.01382 

Goal, Curr: (-0.84,  1.22), ( -0.82,  -0.96)   Error: 2.18
Last SG, Last State: ( -1.57,  -0.55), ( -0.82,  -0.96)  SG Improvement:-0.04498 

Goal, Curr: (-1.19,  0.82), ( -1.40,  -0.60)   Error: 1.43
Last SG, Last State: ( -2.89,  -0.45), ( -1.40,  -0.60)  SG Improvement:-0.14007 

Goal, Curr: (-0.96,  0.97), ( -1.40,  -0.60)   Error: 1.64
Last SG, Last State: ( -3.00,   0.28), ( -1.40,  -0.60)  SG Improvement:0.03049 

Goal, Curr: (-1.11,  1.05), ( -1.40,  -0.60)   Error: 1.68
Last SG, Last State: ( -2.78,  -0.15), ( -1.40,  -0.60)  SG Improvement:-0.10860 

Goal, Curr: (-0.89,  1.03), ( -1.40,  -0.60)   Error: 1.71
Last SG, Last State: ( -2.87,   0.07), ( -1.40,  -0.60)  SG Improvement:-0.11570 

episode:01500, mean:0.35, std:0.20, median:0.42, success:0.00
Goal, Curr: (-1.19,  0.95), (  0.35,   1.40)   Error: 1.60
Last SG, Last State: (  0.34,   1.30), (  0.66,   0.60)  SG Improvement:0.99873 

Goal, Curr: (-0.99,  1.13), (  1.19,   0.35)   Error: 2.31
Last SG, Last State: ( -1.20,  -1.19), (  1.15,  -0.78)  SG Improvement:-0.87743 

Goal, Curr: (-1.12,  0.79), (  1.21,   1.40)   Error: 2.41
Last SG, Last State: (  0.24,   1.49), (  1.19,   0.62)  SG Improvement:0.59142 

Goal, Curr: (-1.16,  1.11), (  0.90,   1.40)   Error: 2.08
Last SG, Last State: (  0.68,   1.42), (  0.95,   0.61)  SG Improvement:0.98925 

Goal, Curr: (-1.06,  0.95), (  0.40,  -0.60)   Error: 2.13
Last SG, Last State: (  0.55,   1.39), (  0.09,  -0.60)  SG Improvement:0.12115 

Goal, Curr: (-0.89,  0.97), (  0.77,   1.40)   Error: 1.71
Last SG, Last State: ( -0.11,   1.34), (  0.79,   0.49)  SG Improvement:0.48331 

Goal, Curr: (-0.93,  1.09), (  0.98,   0.18)   Error: 2.11
Last SG, Last State: ( -1.36,  -0.84), (  0.83,  -0.93)  SG Improvement:-0.84207 

Goal, Curr: (-1.12,  1.07), (  0.71,   0.74)   Error: 1.85
Last SG, Last State: ( -0.93,  -0.02), (  1.06,  -0.37)  SG Improvement:0.05430 

Goal, Curr: (-0.79,  1.00), (  0.78,  -0.02)   Error: 1.87
Last SG, Last State: (  0.68,   1.39), (  0.28,  -0.60)  SG Improvement:0.22963 

Goal, Curr: (-1.13,  1.05), (  1.19,  -0.39)   Error: 2.73
Last SG, Last State: ( -0.84,  -1.47), (  0.97,  -1.40)  SG Improvement:0.17256 

episode:01600, mean:-0.02, std:0.40, median:0.03, success:0.00
Goal, Curr: (-0.77,  1.02), (  0.57,  -0.58)   Error: 2.08
Last SG, Last State: ( -0.05,   0.18), (  0.44,  -0.60)  SG Improvement:-0.02618 

Goal, Curr: (-0.90,  0.78), (  0.17,  -0.60)   Error: 1.75
Last SG, Last State: ( -1.09,  -0.28), (  0.05,  -0.60)  SG Improvement:-0.10012 

Goal, Curr: (-1.02,  0.99), (  0.38,  -0.60)   Error: 2.12
Last SG, Last State: ( -0.49,  -0.02), (  0.26,  -0.60)  SG Improvement:0.00670 

Goal, Curr: (-1.08,  1.20), (  0.42,  -0.60)   Error: 2.34
Last SG, Last State: ( -0.43,  -0.06), (  0.31,  -0.60)  SG Improvement:0.00223 

Goal, Curr: (-0.88,  0.91), (  0.60,   0.46)   Error: 1.55
Last SG, Last State: ( -0.60,  -0.56), (  0.84,  -0.39)  SG Improvement:0.30378 

Goal, Curr: (-1.07,  1.08), (  0.38,  -0.60)   Error: 2.22
Last SG, Last State: ( -0.43,  -0.03), (  0.25,  -0.60)  SG Improvement:-0.01043 

Goal, Curr: (-0.80,  1.25), (  0.35,   1.40)   Error: 1.15
Last SG, Last State: ( -0.23,   1.84), (  0.70,   0.94)  SG Improvement:0.83523 

Goal, Curr: (-0.99,  1.04), (  0.32,   1.40)   Error: 1.36
Last SG, Last State: ( -0.21,   1.35), (  0.68,   0.79)  SG Improvement:0.48908 

Goal, Curr: (-0.99,  1.04), (  0.42,   1.40)   Error: 1.46
Last SG, Last State: ( -0.21,   2.04), (  0.82,   1.28)  SG Improvement:0.40315 

Goal, Curr: (-1.24,  1.24), (  0.23,   1.40)   Error: 1.48
Last SG, Last State: ( -0.48,   2.23), (  0.73,   1.09)  SG Improvement:0.81413 

episode:01700, mean:0.38, std:0.40, median:0.23, success:0.00
Goal, Curr: (-0.92,  0.78), (  0.78,  -0.78)   Error: 2.31
Last SG, Last State: ( -0.69,  -0.75), (  0.81,  -1.18)  SG Improvement:-0.25199 

Goal, Curr: (-1.04,  1.14), (  0.74,  -1.40)   Error: 3.10
Last SG, Last State: ( -0.88,  -1.06), (  0.72,  -1.36)  SG Improvement:0.26073 

Goal, Curr: (-1.25,  0.88), (  0.92,  -1.40)   Error: 3.14
Last SG, Last State: ( -0.71,  -1.17), (  0.82,  -1.40)  SG Improvement:-0.23033 

Goal, Curr: (-1.22,  0.89), (  0.93,  -1.40)   Error: 3.14
Last SG, Last State: ( -0.98,  -1.03), (  0.63,  -1.36)  SG Improvement:0.08120 

Goal, Curr: (-0.78,  1.18), (  0.69,  -0.80)   Error: 2.47
Last SG, Last State: ( -0.77,  -0.85), (  0.85,  -1.12)  SG Improvement:0.14906 

Goal, Curr: (-1.15,  0.97), (  0.80,  -1.29)   Error: 2.99
Last SG, Last State: ( -0.71,  -1.17), (  0.79,  -1.40)  SG Improvement:-0.21816 

Goal, Curr: (-1.09,  1.16), (  0.90,  -1.35)   Error: 3.20
Last SG, Last State: ( -0.71,  -1.10), (  0.89,  -1.40)  SG Improvement:-0.15084 

Goal, Curr: (-0.81,  1.17), (  0.74,  -1.10)   Error: 2.75
Last SG, Last State: ( -0.52,  -1.01), (  0.95,  -1.40)  SG Improvement:-0.22565 

Goal, Curr: (-1.24,  0.95), (  0.85,  -1.08)   Error: 2.92
Last SG, Last State: ( -0.66,  -1.09), (  1.00,  -1.40)  SG Improvement:-0.21028 

Goal, Curr: (-1.05,  1.22), (  1.05,  -1.40)   Error: 3.36
Last SG, Last State: ( -0.82,  -1.43), (  0.89,  -1.40)  SG Improvement:-0.26795 

episode:01800, mean:-0.99, std:0.34, median:-1.15, success:0.00
Goal, Curr: (-0.79,  1.14), (  0.54,   0.83)   Error: 1.37
Last SG, Last State: ( -1.12,   0.20), (  0.90,  -0.30)  SG Improvement:-0.37151 

Goal, Curr: (-0.77,  0.80), (  0.53,   0.78)   Error: 1.30
Last SG, Last State: ( -1.03,   0.27), (  0.95,  -0.32)  SG Improvement:-0.05536 

Goal, Curr: (-0.77,  0.93), (  1.06,  -1.01)   Error: 2.67
Last SG, Last State: ( -0.66,  -1.20), (  0.97,  -1.40)  SG Improvement:-0.40588 

Goal, Curr: (-1.11,  1.08), (  0.60,   0.06)   Error: 2.00
Last SG, Last State: (  0.08,   1.10), (  0.60,  -0.45)  SG Improvement:0.00861 

Goal, Curr: (-1.24,  0.75), (  0.54,  -1.21)   Error: 2.64
Last SG, Last State: ( -0.40,   0.02), (  1.27,  -1.40)  SG Improvement:-0.48836 

Goal, Curr: (-1.13,  0.97), (  0.51,   0.83)   Error: 1.65
Last SG, Last State: ( -1.21,   0.07), (  0.71,  -0.32)  SG Improvement:-0.37624 

Goal, Curr: (-0.81,  1.24), ( -0.14,   1.40)   Error: 0.68
Last SG, Last State: (  0.05,   0.67), (  0.58,   0.59)  SG Improvement:0.43161 

Goal, Curr: (-0.95,  1.01), (  1.00,  -0.73)   Error: 2.61
Last SG, Last State: (  0.18,   0.02), (  1.23,  -1.40)  SG Improvement:0.15141 

Goal, Curr: (-1.08,  0.94), (  0.53,   0.79)   Error: 1.63
Last SG, Last State: ( -1.05,   0.20), (  0.95,  -0.31)  SG Improvement:-0.28402 

Goal, Curr: (-1.07,  0.90), (  0.51,   0.82)   Error: 1.58
Last SG, Last State: ( -1.11,   0.20), (  0.90,  -0.30)  SG Improvement:-0.31588 

episode:01900, mean:0.17, std:0.69, median:0.15, success:0.00
Goal, Curr: (-0.86,  0.90), (  0.60,   0.52)   Error: 1.51
Last SG, Last State: (  1.24,   0.37), (  1.15,  -0.48)  SG Improvement:0.68338 

Goal, Curr: (-0.86,  0.84), (  0.84,   0.66)   Error: 1.72
Last SG, Last State: (  1.58,   0.38), (  1.19,  -0.45)  SG Improvement:0.72914 

Goal, Curr: (-0.86,  1.21), (  1.25,  -0.14)   Error: 2.50
Last SG, Last State: (  2.50,   0.31), (  1.01,  -1.19)  SG Improvement:-0.13187 

Goal, Curr: (-0.98,  0.76), (  0.00,   1.25)   Error: 1.10
Last SG, Last State: ( -0.35,  -0.07), (  0.60,   0.42)  SG Improvement:-0.25766 

Goal, Curr: (-1.20,  1.11), (  1.00,  -1.40)   Error: 3.33
Last SG, Last State: (  1.98,   0.16), (  0.76,  -1.38)  SG Improvement:-0.47023 

Goal, Curr: (-0.76,  1.15), (  0.60,   0.32)   Error: 1.59
Last SG, Last State: (  2.42,   0.33), (  1.09,  -0.39)  SG Improvement:0.73866 

Goal, Curr: (-0.97,  0.90), (  0.74,   0.46)   Error: 1.77
Last SG, Last State: (  2.14,   0.36), (  1.08,  -0.65)  SG Improvement:0.59500 

Goal, Curr: (-0.83,  0.76), (  0.58,   0.55)   Error: 1.43
Last SG, Last State: (  2.46,   0.39), (  1.04,  -0.52)  SG Improvement:0.78398 

Goal, Curr: (-0.77,  1.19), (  0.78,   0.41)   Error: 1.74
Last SG, Last State: (  2.61,   0.35), (  1.11,  -0.69)  SG Improvement:0.63405 

Goal, Curr: (-1.05,  1.08), (  0.69,   0.47)   Error: 1.85
Last SG, Last State: (  2.44,   0.33), (  1.07,  -0.63)  SG Improvement:0.58988 

episode:02000, mean:0.15, std:0.53, median:0.32, success:0.00
Goal, Curr: (-1.08,  0.91), ( -0.01,   1.13)   Error: 1.09
Last SG, Last State: ( -0.09,   0.62), (  0.60,   0.43)  SG Improvement:0.89270 

Goal, Curr: (-0.90,  0.78), (  0.21,   0.72)   Error: 1.12
Last SG, Last State: ( -0.54,   0.43), (  0.60,   0.29)  SG Improvement:0.39580 

Goal, Curr: (-1.24,  0.83), (  0.60,  -0.22)   Error: 2.12
Last SG, Last State: (  2.06,   0.58), (  0.57,  -0.57)  SG Improvement:0.80104 

Goal, Curr: (-1.21,  0.84), (  0.60,   0.47)   Error: 1.84
Last SG, Last State: (  0.05,   0.15), (  0.60,  -0.00)  SG Improvement:0.57737 

Goal, Curr: (-0.77,  1.06), (  0.97,  -0.32)   Error: 2.22
Last SG, Last State: (  0.86,  -0.87), (  1.07,  -1.40)  SG Improvement:0.64891 

Goal, Curr: (-1.09,  1.03), (  0.23,   1.03)   Error: 1.31
Last SG, Last State: ( -0.58,   0.33), (  0.60,   0.28)  SG Improvement:0.56530 

Goal, Curr: (-0.80,  0.76), (  0.15,   0.69)   Error: 0.95
Last SG, Last State: ( -0.45,   0.58), (  0.60,   0.44)  SG Improvement:0.43008 

Goal, Curr: (-1.07,  1.01), (  1.31,   0.20)   Error: 2.51
Last SG, Last State: (  1.26,   0.41), (  0.91,  -0.82)  SG Improvement:0.51824 

Goal, Curr: (-0.82,  0.85), (  0.33,   0.71)   Error: 1.16
Last SG, Last State: ( -0.57,  -0.13), (  0.60,   0.10)  SG Improvement:0.07552 

Goal, Curr: (-1.08,  0.98), (  0.03,   0.60)   Error: 1.17
Last SG, Last State: ( -0.44,   0.60), (  0.59,   0.54)  SG Improvement:0.65669 

episode:02100, mean:0.41, std:0.54, median:0.72, success:0.00
Goal, Curr: (-1.12,  1.20), (  1.28,  -1.40)   Error: 3.54
Last SG, Last State: (  1.36,   0.10), (  0.91,  -1.40)  SG Improvement:-0.09650 

Goal, Curr: (-0.76,  0.89), (  0.60,  -0.08)   Error: 1.67
Last SG, Last State: (  2.64,   0.48), (  0.83,  -0.32)  SG Improvement:1.20863 

Goal, Curr: (-0.90,  1.11), (  0.60,   0.01)   Error: 1.86
Last SG, Last State: ( -0.15,   0.58), (  0.60,  -0.21)  SG Improvement:0.75970 

Goal, Curr: (-1.19,  0.91), (  1.27,  -1.40)   Error: 3.38
Last SG, Last State: (  1.37,   0.02), (  0.96,  -1.40)  SG Improvement:-0.06997 

Goal, Curr: (-1.08,  0.77), (  0.40,  -0.60)   Error: 2.01
Last SG, Last State: ( -0.17,   0.84), (  0.60,  -0.30)  SG Improvement:0.78907 

Goal, Curr: (-0.99,  0.81), (  0.65,  -0.46)   Error: 2.07
Last SG, Last State: ( -0.09,   0.30), (  0.79,  -0.48)  SG Improvement:0.97249 

Goal, Curr: (-0.77,  1.19), (  1.24,  -0.36)   Error: 2.53
Last SG, Last State: (  1.75,   0.27), (  1.10,  -1.40)  SG Improvement:0.06020 

Goal, Curr: (-1.00,  1.12), (  0.58,  -0.56)   Error: 2.31
Last SG, Last State: ( -0.33,   0.31), (  0.68,  -0.45)  SG Improvement:1.03352 

Goal, Curr: (-1.05,  0.81), (  0.60,   0.08)   Error: 1.80
Last SG, Last State: ( -0.13,   0.50), (  0.60,  -0.24)  SG Improvement:0.74217 

Goal, Curr: (-1.02,  1.18), (  0.87,  -0.42)   Error: 2.48
Last SG, Last State: (  2.19,   0.35), (  0.94,  -0.70)  SG Improvement:0.20021 

episode:02200, mean:-0.29, std:0.51, median:-0.22, success:0.00
Goal, Curr: (-0.89,  1.22), (  0.60,  -0.20)   Error: 2.06
Last SG, Last State: ( -0.23,   1.06), (  0.60,  -0.24)  SG Improvement:0.74372 

Goal, Curr: (-1.11,  1.03), (  0.68,  -0.79)   Error: 2.55
Last SG, Last State: ( -0.17,   0.32), (  1.40,  -0.85)  SG Improvement:0.02579 

Goal, Curr: (-1.05,  1.17), (  1.15,  -1.00)   Error: 3.10
Last SG, Last State: (  0.22,  -1.67), (  1.07,  -0.95)  SG Improvement:0.57664 

Goal, Curr: (-1.20,  0.92), (  0.60,   0.47)   Error: 1.86
Last SG, Last State: ( -0.16,   0.83), (  0.60,  -0.07)  SG Improvement:0.84998 

Goal, Curr: (-0.91,  1.00), (  0.60,  -0.15)   Error: 1.90
Last SG, Last State: ( -0.26,   0.57), (  1.03,  -0.51)  SG Improvement:0.77422 

Goal, Curr: (-1.09,  1.13), (  0.60,   0.48)   Error: 1.81
Last SG, Last State: ( -0.39,   0.94), (  0.60,   0.09)  SG Improvement:0.86543 

Goal, Curr: (-1.09,  0.82), (  0.43,   0.74)   Error: 1.52
Last SG, Last State: ( -0.28,   0.97), (  0.60,   0.14)  SG Improvement:0.66280 

Goal, Curr: (-0.88,  1.17), (  0.60,  -0.18)   Error: 2.01
Last SG, Last State: ( -0.23,   0.54), (  1.10,  -0.56)  SG Improvement:0.65533 

Goal, Curr: (-0.80,  1.18), (  0.39,   0.77)   Error: 1.26
Last SG, Last State: ( -0.20,   1.03), (  0.60,   0.10)  SG Improvement:0.89213 

Goal, Curr: (-0.78,  0.84), (  0.60,   0.39)   Error: 1.45
Last SG, Last State: (  2.90,   0.55), (  0.98,  -0.31)  SG Improvement:1.28702 

episode:02300, mean:0.11, std:0.53, median:0.14, success:0.00
Goal, Curr: (-1.18,  0.83), (  0.60,  -0.08)   Error: 2.00
Last SG, Last State: (  2.30,   0.49), (  0.74,  -0.49)  SG Improvement:0.84563 

Goal, Curr: (-1.10,  1.24), (  0.19,   0.89)   Error: 1.34
Last SG, Last State: ( -0.21,   0.85), (  0.60,   0.14)  SG Improvement:0.64667 

Goal, Curr: (-1.16,  1.25), (  0.59,   0.55)   Error: 1.88
Last SG, Last State: ( -0.25,   0.48), (  0.60,   0.04)  SG Improvement:0.90974 

Goal, Curr: (-0.98,  0.93), (  0.60,   0.07)   Error: 1.80
Last SG, Last State: ( -0.14,   0.60), (  0.60,  -0.23)  SG Improvement:1.08660 

Goal, Curr: (-1.21,  1.12), (  0.60,  -0.07)   Error: 2.16
Last SG, Last State: ( -0.08,   0.21), (  1.09,  -0.70)  SG Improvement:0.67735 

Goal, Curr: (-0.82,  0.79), (  0.26,   0.95)   Error: 1.09
Last SG, Last State: ( -0.26,   1.00), (  0.60,   0.26)  SG Improvement:0.61948 

Goal, Curr: (-1.02,  0.82), (  0.27,   0.83)   Error: 1.29
Last SG, Last State: ( -0.02,   0.63), (  0.60,   0.05)  SG Improvement:0.90417 

Goal, Curr: (-1.23,  0.83), (  0.67,  -0.70)   Error: 2.44
Last SG, Last State: (  2.37,   0.40), (  0.75,  -0.74)  SG Improvement:0.30789 

Goal, Curr: (-1.21,  1.25), ( -0.06,   1.40)   Error: 1.16
Last SG, Last State: ( -0.08,   0.97), (  0.66,   0.56)  SG Improvement:0.80807 

Goal, Curr: (-0.95,  0.98), (  0.10,   0.61)   Error: 1.11
Last SG, Last State: ( -0.30,   0.89), (  0.60,   0.49)  SG Improvement:0.30326 

episode:02400, mean:0.37, std:0.56, median:0.41, success:0.00
Goal, Curr: (-0.94,  0.81), ( -0.17,   0.60)   Error: 0.81
Last SG, Last State: ( -0.13,   1.04), (  0.55,   0.62)  SG Improvement:0.70943 

Goal, Curr: (-0.95,  0.95), (  1.04,  -0.43)   Error: 2.43
Last SG, Last State: (  1.30,   0.31), (  1.08,  -1.40)  SG Improvement:0.42301 

Goal, Curr: (-0.76,  0.76), (  0.66,  -0.74)   Error: 2.07
Last SG, Last State: (  0.20,   0.66), (  0.55,  -0.61)  SG Improvement:0.07675 

Goal, Curr: (-0.91,  0.99), (  0.36,   0.82)   Error: 1.28
Last SG, Last State: ( -0.04,   0.61), (  0.60,   0.11)  SG Improvement:0.72314 

Goal, Curr: (-0.99,  0.99), (  0.23,   1.23)   Error: 1.24
Last SG, Last State: ( -0.12,   0.89), (  0.60,   0.49)  SG Improvement:0.45130 

Goal, Curr: (-1.00,  1.24), (  0.06,   0.90)   Error: 1.11
Last SG, Last State: ( -0.15,   0.79), (  0.60,   0.32)  SG Improvement:1.31180 

Goal, Curr: (-0.89,  0.99), ( -0.15,   0.60)   Error: 0.84
Last SG, Last State: ( -0.14,   1.01), (  0.58,   0.56)  SG Improvement:0.82948 

Goal, Curr: (-1.22,  1.21), (  0.98,  -0.66)   Error: 2.89
Last SG, Last State: (  0.29,   0.03), (  0.96,  -0.61)  SG Improvement:0.22042 

Goal, Curr: (-0.90,  0.89), (  0.60,   0.52)   Error: 1.55
Last SG, Last State: ( -0.17,   0.54), (  0.60,  -0.06)  SG Improvement:0.82106 

Goal, Curr: (-1.07,  1.19), (  0.83,  -0.58)   Error: 2.60
Last SG, Last State: (  0.11,   0.26), (  0.73,  -0.50)  SG Improvement:0.71379 

episode:02500, mean:0.27, std:0.68, median:0.44, success:0.00
Goal, Curr: (-1.00,  0.97), (  0.66,   0.08)   Error: 1.88
Last SG, Last State: (  0.34,   0.04), (  1.07,  -0.93)  SG Improvement:0.83483 

Goal, Curr: (-1.15,  1.11), (  0.78,   0.01)   Error: 2.22
Last SG, Last State: (  1.73,   0.83), (  1.18,  -0.40)  SG Improvement:1.05295 

Goal, Curr: (-1.00,  1.18), (  0.55,   0.63)   Error: 1.64
Last SG, Last State: (  2.80,   0.56), (  1.16,  -0.32)  SG Improvement:0.83903 

Goal, Curr: (-0.87,  0.89), (  0.69,  -0.37)   Error: 2.00
Last SG, Last State: (  0.34,   0.35), (  0.74,  -0.49)  SG Improvement:0.68382 

Goal, Curr: (-0.98,  1.09), (  0.99,  -0.10)   Error: 2.31
Last SG, Last State: (  0.57,   0.07), (  1.18,  -1.07)  SG Improvement:0.66114 

Goal, Curr: (-1.19,  0.98), (  0.67,  -0.11)   Error: 2.16
Last SG, Last State: (  0.97,   0.31), (  1.09,  -0.58)  SG Improvement:0.83957 

Goal, Curr: (-0.85,  0.82), (  1.04,  -0.46)   Error: 2.28
Last SG, Last State: (  0.48,  -0.16), (  1.05,  -1.40)  SG Improvement:0.58299 

Goal, Curr: (-1.22,  1.22), (  0.69,  -0.41)   Error: 2.51
Last SG, Last State: (  0.41,   0.17), (  0.86,  -0.61)  SG Improvement:0.74841 

Goal, Curr: (-0.88,  1.16), (  0.97,  -0.67)   Error: 2.60
Last SG, Last State: (  0.42,  -0.11), (  0.96,  -1.40)  SG Improvement:0.56637 

Goal, Curr: (-1.21,  0.85), (  1.13,  -0.57)   Error: 2.74
Last SG, Last State: (  1.47,   0.33), (  1.18,  -1.40)  SG Improvement:0.33388 

episode:02600, mean:-0.22, std:0.42, median:-0.26, success:0.00
Goal, Curr: (-1.16,  1.15), (  1.38,  -0.46)   Error: 3.00
Last SG, Last State: (  2.17,   0.48), (  1.37,  -1.40)  SG Improvement:0.20741 

Goal, Curr: (-1.00,  1.18), (  0.91,  -0.83)   Error: 2.76
Last SG, Last State: (  0.43,   0.22), (  0.71,  -0.68)  SG Improvement:0.98144 

Goal, Curr: (-1.10,  0.77), (  0.87,  -0.67)   Error: 2.44
Last SG, Last State: (  0.86,   0.12), (  1.02,  -1.08)  SG Improvement:0.76589 

Goal, Curr: (-1.07,  1.08), (  0.89,  -0.54)   Error: 2.54
Last SG, Last State: (  0.63,   0.13), (  0.92,  -0.71)  SG Improvement:0.72837 

Goal, Curr: (-1.03,  0.95), (  1.27,  -0.45)   Error: 2.70
Last SG, Last State: (  0.80,   0.07), (  1.29,  -1.40)  SG Improvement:0.62580 

Goal, Curr: (-0.99,  0.80), (  0.86,  -0.73)   Error: 2.41
Last SG, Last State: (  0.94,   0.13), (  1.00,  -1.11)  SG Improvement:0.66227 

Goal, Curr: (-0.80,  1.11), (  0.92,  -0.94)   Error: 2.67
Last SG, Last State: (  0.51,   0.23), (  0.79,  -0.77)  SG Improvement:0.27082 

Goal, Curr: (-0.89,  1.12), (  1.16,  -1.40)   Error: 3.25
Last SG, Last State: ( -0.04,  -0.74), (  0.75,  -1.40)  SG Improvement:0.19377 

Goal, Curr: (-0.78,  1.05), (  0.90,  -0.55)   Error: 2.32
Last SG, Last State: (  0.22,  -0.12), (  1.12,  -1.36)  SG Improvement:0.36454 

Goal, Curr: (-1.01,  0.86), (  0.62,  -0.72)   Error: 2.27
Last SG, Last State: (  0.49,   0.31), (  0.64,  -0.71)  SG Improvement:0.88685 

episode:02700, mean:-0.60, std:0.28, median:-0.60, success:0.00
Goal, Curr: (-0.87,  1.00), (  0.60,  -0.30)   Error: 1.96
Last SG, Last State: (  2.67,   0.56), (  1.23,  -0.50)  SG Improvement:0.53546 

Goal, Curr: (-0.96,  0.86), (  0.60,  -0.31)   Error: 1.96
Last SG, Last State: (  2.53,   0.55), (  1.12,  -0.53)  SG Improvement:0.51287 

Goal, Curr: (-0.91,  0.98), (  0.92,  -1.40)   Error: 3.00
Last SG, Last State: (  1.31,   0.30), (  0.56,  -1.38)  SG Improvement:-0.24105 

Goal, Curr: (-1.00,  0.89), (  0.72,  -0.69)   Error: 2.34
Last SG, Last State: (  1.99,   0.44), (  0.82,  -0.85)  SG Improvement:0.04446 

Goal, Curr: (-0.83,  0.93), (  0.61,  -1.27)   Error: 2.63
Last SG, Last State: (  0.01,  -0.51), (  0.47,  -0.60)  SG Improvement:-0.18534 

Goal, Curr: (-1.01,  0.77), (  0.92,  -1.18)   Error: 2.74
Last SG, Last State: (  0.39,   0.05), (  0.60,  -0.74)  SG Improvement:0.54111 

Goal, Curr: (-1.04,  1.02), (  0.81,  -0.35)   Error: 2.30
Last SG, Last State: (  1.02,   0.01), (  0.91,  -0.87)  SG Improvement:0.78679 

Goal, Curr: (-0.93,  1.20), (  0.74,  -0.52)   Error: 2.40
Last SG, Last State: (  0.91,   0.03), (  0.91,  -0.66)  SG Improvement:1.07873 

Goal, Curr: (-0.77,  0.87), (  0.60,  -0.28)   Error: 1.79
Last SG, Last State: (  2.58,   0.56), (  1.14,  -0.49)  SG Improvement:0.59011 

Goal, Curr: (-0.79,  1.15), (  1.13,  -0.86)   Error: 2.78
Last SG, Last State: (  0.40,  -0.07), (  0.97,  -1.40)  SG Improvement:0.13744 

episode:02800, mean:-0.39, std:0.49, median:-0.33, success:0.00
Goal, Curr: (-1.08,  1.18), (  0.99,  -1.13)   Error: 3.10
Last SG, Last State: (  1.56,  -0.01), (  0.79,  -1.01)  SG Improvement:0.32217 

Goal, Curr: (-0.97,  1.22), (  1.38,  -0.49)   Error: 2.91
Last SG, Last State: (  2.10,   0.46), (  1.38,  -1.40)  SG Improvement:0.18551 

Goal, Curr: (-0.99,  0.91), (  1.01,  -0.76)   Error: 2.61
Last SG, Last State: (  1.25,   0.23), (  1.09,  -1.40)  SG Improvement:0.14227 

Goal, Curr: (-0.82,  0.93), (  0.55,  -0.80)   Error: 2.20
Last SG, Last State: (  0.58,   0.15), (  0.40,  -0.72)  SG Improvement:0.96837 

Goal, Curr: (-0.90,  1.06), (  1.07,  -0.68)   Error: 2.62
Last SG, Last State: (  0.75,  -0.20), (  1.14,  -1.40)  SG Improvement:0.12302 

Goal, Curr: (-1.03,  1.17), (  0.65,  -0.91)   Error: 2.67
Last SG, Last State: (  0.66,  -0.03), (  0.46,  -0.81)  SG Improvement:1.01583 

Goal, Curr: (-1.10,  0.87), (  0.63,  -1.00)   Error: 2.55
Last SG, Last State: (  1.46,   0.06), (  0.85,  -0.95)  SG Improvement:0.23562 

Goal, Curr: (-1.04,  1.14), (  1.16,  -0.91)   Error: 3.00
Last SG, Last State: (  2.17,   0.36), (  1.07,  -1.15)  SG Improvement:-0.33341 

Goal, Curr: (-1.19,  1.09), (  0.94,  -0.53)   Error: 2.69
Last SG, Last State: (  0.89,  -0.28), (  1.08,  -1.31)  SG Improvement:0.77070 

Goal, Curr: (-1.02,  0.95), (  1.28,  -0.27)   Error: 2.60
Last SG, Last State: (  1.26,  -0.00), (  1.09,  -0.87)  SG Improvement:-0.03715 

episode:02900, mean:-0.62, std:0.15, median:-0.65, success:0.00
Goal, Curr: (-0.98,  0.94), (  0.74,  -1.39)   Error: 2.90
Last SG, Last State: (  0.47,   0.09), (  0.71,  -1.40)  SG Improvement:0.19877 

Goal, Curr: (-0.84,  1.12), (  0.97,  -0.37)   Error: 2.34
Last SG, Last State: (  1.01,  -0.27), (  1.04,  -0.91)  SG Improvement:0.61728 

Goal, Curr: (-1.20,  1.06), (  0.03,  -0.60)   Error: 2.06
Last SG, Last State: (  0.80,   0.16), (  0.34,  -0.60)  SG Improvement:1.06044 

Goal, Curr: (-0.78,  0.91), (  0.60,  -0.33)   Error: 1.86
Last SG, Last State: (  2.28,   0.52), (  0.89,  -0.65)  SG Improvement:0.15920 

Goal, Curr: (-0.79,  0.88), (  0.85,  -1.06)   Error: 2.54
Last SG, Last State: ( -0.60,  -0.25), (  0.68,  -1.13)  SG Improvement:-0.10421 

Goal, Curr: (-0.78,  1.13), (  0.43,  -0.85)   Error: 2.31
Last SG, Last State: (  0.95,   0.04), (  0.29,  -0.72)  SG Improvement:1.06685 

Goal, Curr: (-0.79,  1.07), (  0.33,  -0.61)   Error: 2.01
Last SG, Last State: (  0.67,   0.16), (  0.31,  -0.60)  SG Improvement:1.12919 

Goal, Curr: (-0.76,  0.85), (  1.12,  -0.51)   Error: 2.32
Last SG, Last State: (  0.18,  -0.58), (  1.11,  -1.40)  SG Improvement:0.30824 

Goal, Curr: (-1.24,  1.11), (  0.44,  -0.87)   Error: 2.60
Last SG, Last State: (  0.93,  -0.13), (  0.33,  -0.82)  SG Improvement:1.00919 

Goal, Curr: (-0.86,  1.01), (  0.80,  -1.02)   Error: 2.62
Last SG, Last State: (  1.37,  -0.07), (  0.64,  -0.93)  SG Improvement:0.43256 

episode:03000, mean:-0.24, std:0.44, median:-0.20, success:0.00
