Using device: cpu
no-correct-per-very-small-low-and-high
Initializing with critic LR:  0.0005  actor LR:  1e-05
Initializing with critic LR:  0.0001  actor LR:  5e-05
Goal, Curr: (-1.17,  0.83), ( -1.40,  -0.60)   Error: 1.45
Last SG, Last State: ( -1.40,  -0.43), ( -1.40,  -0.60)  SG Improvement:0.00000 

Goal, Curr: (-0.84,  1.02), ( -1.40,  -0.60)   Error: 1.72
Last SG, Last State: ( -1.41,  -0.44), ( -1.40,  -0.60)  SG Improvement:-0.00000 

Goal, Curr: (-1.15,  1.09), ( -1.40,  -0.60)   Error: 1.71
Last SG, Last State: ( -1.40,  -0.42), ( -1.40,  -0.60)  SG Improvement:0.00000 

Goal, Curr: (-1.10,  1.18), ( -1.40,  -0.60)   Error: 1.80
Last SG, Last State: ( -1.40,  -0.42), ( -1.40,  -0.60)  SG Improvement:0.00000 

Goal, Curr: (-0.92,  1.22), ( -1.40,  -0.60)   Error: 1.89
Last SG, Last State: ( -1.40,  -0.42), ( -1.40,  -0.60)  SG Improvement:0.00000 

Goal, Curr: (-1.03,  1.12), ( -1.40,  -0.60)   Error: 1.76
Last SG, Last State: ( -1.40,  -0.42), ( -1.40,  -0.60)  SG Improvement:0.00000 

Goal, Curr: (-0.91,  1.10), ( -1.40,  -0.60)   Error: 1.77
Last SG, Last State: ( -1.40,  -0.43), ( -1.40,  -0.60)  SG Improvement:0.00000 

Goal, Curr: (-1.09,  1.04), ( -1.40,  -0.60)   Error: 1.67
Last SG, Last State: ( -1.40,  -0.43), ( -1.40,  -0.60)  SG Improvement:0.00000 

Goal, Curr: (-1.24,  0.93), ( -1.40,  -0.60)   Error: 1.54
Last SG, Last State: ( -1.40,  -0.42), ( -1.40,  -0.60)  SG Improvement:0.00000 

Goal, Curr: (-1.22,  0.91), ( -1.40,  -0.60)   Error: 1.53
Last SG, Last State: ( -1.40,  -0.43), ( -1.40,  -0.60)  SG Improvement:0.00000 

Goal, Curr: (-1.10,  0.79), ( -1.40,  -0.60)   Error: 1.43
Last SG, Last State: ( -1.40,  -0.44), ( -1.40,  -0.60)  SG Improvement:-0.00000 

Goal, Curr: (-1.04,  0.80), ( -1.40,  -0.60)   Error: 1.44
Last SG, Last State: ( -1.41,  -0.44), ( -1.40,  -0.60)  SG Improvement:-0.00000 

Goal, Curr: (-0.76,  0.98), ( -1.40,  -0.60)   Error: 1.71
Last SG, Last State: ( -1.41,  -0.44), ( -1.40,  -0.60)  SG Improvement:-0.00000 

Goal, Curr: (-1.07,  0.95), ( -1.40,  -0.60)   Error: 1.59
Last SG, Last State: ( -1.40,  -0.43), ( -1.40,  -0.60)  SG Improvement:0.00000 

Goal, Curr: (-1.16,  0.99), ( -1.40,  -0.60)   Error: 1.61
Last SG, Last State: ( -1.40,  -0.43), ( -1.40,  -0.60)  SG Improvement:0.00000 

Goal, Curr: (-1.07,  1.06), ( -1.40,  -0.60)   Error: 1.69
Last SG, Last State: ( -1.40,  -0.43), ( -1.40,  -0.60)  SG Improvement:0.00000 

Goal, Curr: (-1.10,  0.91), ( -1.40,  -0.60)   Error: 1.54
Last SG, Last State: ( -1.40,  -0.43), ( -1.40,  -0.60)  SG Improvement:0.00000 

Goal, Curr: (-1.14,  0.88), ( -1.40,  -0.60)   Error: 1.50
Last SG, Last State: ( -1.40,  -0.43), ( -1.40,  -0.60)  SG Improvement:0.00000 

Goal, Curr: (-0.94,  1.24), ( -1.40,  -0.60)   Error: 1.90
Last SG, Last State: ( -1.40,  -0.42), ( -1.40,  -0.60)  SG Improvement:0.00000 

Goal, Curr: (-1.14,  1.05), ( -1.40,  -0.60)   Error: 1.67
Last SG, Last State: ( -1.40,  -0.42), ( -1.40,  -0.60)  SG Improvement:0.00000 

Goal, Curr: (-1.08,  0.99), ( -1.40,  -0.60)   Error: 1.62
Last SG, Last State: ( -1.40,  -0.43), ( -1.40,  -0.60)  SG Improvement:-0.00000 

Goal, Curr: (-1.20,  1.04), ( -1.40,  -0.60)   Error: 1.66
Last SG, Last State: ( -1.40,  -0.42), ( -1.40,  -0.60)  SG Improvement:0.00000 

Goal, Curr: (-1.08,  1.15), ( -1.40,  -0.60)   Error: 1.78
Last SG, Last State: ( -1.40,  -0.42), ( -1.40,  -0.60)  SG Improvement:0.00000 

Goal, Curr: (-0.99,  0.82), ( -1.40,  -0.60)   Error: 1.48
Last SG, Last State: ( -1.41,  -0.44), ( -1.40,  -0.60)  SG Improvement:-0.00000 

Goal, Curr: (-0.79,  1.10), ( -1.40,  -0.60)   Error: 1.80
Last SG, Last State: ( -1.41,  -0.44), ( -1.40,  -0.60)  SG Improvement:0.00000 

Goal, Curr: (-0.96,  0.95), ( -1.40,  -0.60)   Error: 1.61
Last SG, Last State: ( -1.41,  -0.44), ( -1.40,  -0.60)  SG Improvement:-0.00000 

Goal, Curr: (-1.05,  0.77), ( -1.40,  -0.60)   Error: 1.41
Last SG, Last State: ( -1.41,  -0.44), ( -1.40,  -0.60)  SG Improvement:-0.00000 

Goal, Curr: (-0.79,  0.94), ( -1.40,  -0.60)   Error: 1.66
Last SG, Last State: ( -1.41,  -0.44), ( -1.40,  -0.60)  SG Improvement:-0.00000 

Goal, Curr: (-1.12,  0.92), ( -1.40,  -0.60)   Error: 1.55
Last SG, Last State: ( -1.40,  -0.43), ( -1.40,  -0.60)  SG Improvement:0.00000 

Goal, Curr: (-0.78,  1.21), ( -1.40,  -0.60)   Error: 1.91
Last SG, Last State: ( -1.41,  -0.43), ( -1.40,  -0.60)  SG Improvement:0.00000 

Goal, Curr: (-1.13,  1.06), ( -1.40,  -0.60)   Error: 1.68
Last SG, Last State: ( -1.40,  -0.42), ( -1.40,  -0.60)  SG Improvement:0.00000 

Goal, Curr: (-0.76,  1.21), ( -1.40,  -0.60)   Error: 1.93
Last SG, Last State: ( -1.41,  -0.43), ( -1.40,  -0.60)  SG Improvement:0.00000 

Goal, Curr: (-0.83,  1.12), ( -1.40,  -0.60)   Error: 1.81
Last SG, Last State: ( -1.41,  -0.43), ( -1.40,  -0.60)  SG Improvement:-0.00000 

Goal, Curr: (-1.07,  0.97), ( -1.40,  -0.60)   Error: 1.60
Last SG, Last State: ( -1.40,  -0.43), ( -1.40,  -0.60)  SG Improvement:-0.00000 

Goal, Curr: (-1.04,  0.84), ( -1.40,  -0.60)   Error: 1.49
Last SG, Last State: ( -1.41,  -0.44), ( -1.40,  -0.60)  SG Improvement:-0.00000 

Goal, Curr: (-1.10,  0.86), ( -1.40,  -0.60)   Error: 1.50
Last SG, Last State: ( -1.40,  -0.43), ( -1.40,  -0.60)  SG Improvement:-0.00000 

Goal, Curr: (-1.21,  0.79), ( -1.40,  -0.60)   Error: 1.40
Last SG, Last State: ( -1.40,  -0.43), ( -1.40,  -0.60)  SG Improvement:-0.00000 

Goal, Curr: (-1.06,  1.07), ( -1.40,  -0.60)   Error: 1.71
Last SG, Last State: ( -1.40,  -0.43), ( -1.40,  -0.60)  SG Improvement:0.00000 

Goal, Curr: (-1.16,  0.80), ( -1.40,  -0.60)   Error: 1.43
Last SG, Last State: ( -1.40,  -0.43), ( -1.40,  -0.60)  SG Improvement:-0.00000 

Goal, Curr: (-0.99,  1.15), ( -1.40,  -0.60)   Error: 1.80
Last SG, Last State: ( -1.40,  -0.42), ( -1.40,  -0.60)  SG Improvement:0.00000 

Goal, Curr: (-0.87,  1.09), ( -1.40,  -0.60)   Error: 1.77
Last SG, Last State: ( -1.41,  -0.43), ( -1.40,  -0.60)  SG Improvement:0.00000 

Goal, Curr: (-1.14,  1.14), ( -1.40,  -0.60)   Error: 1.76
Last SG, Last State: ( -1.40,  -0.42), ( -1.40,  -0.60)  SG Improvement:0.00000 

Goal, Curr: (-1.14,  0.91), ( -1.40,  -0.60)   Error: 1.53
Last SG, Last State: ( -1.40,  -0.43), ( -1.40,  -0.60)  SG Improvement:0.00000 

Goal, Curr: (-0.89,  1.18), ( -1.40,  -0.60)   Error: 1.86
Last SG, Last State: ( -1.40,  -0.43), ( -1.40,  -0.60)  SG Improvement:-0.00000 

Goal, Curr: (-1.00,  0.79), ( -1.40,  -0.60)   Error: 1.45
Last SG, Last State: ( -1.41,  -0.44), ( -1.40,  -0.60)  SG Improvement:-0.00000 

Goal, Curr: (-1.06,  0.76), ( -1.40,  -0.60)   Error: 1.41
Last SG, Last State: ( -1.41,  -0.44), ( -1.40,  -0.60)  SG Improvement:-0.00000 

Goal, Curr: (-1.12,  1.21), ( -1.40,  -0.60)   Error: 1.84
Last SG, Last State: ( -1.40,  -0.42), ( -1.40,  -0.60)  SG Improvement:0.00000 

Goal, Curr: (-0.96,  0.91), ( -1.40,  -0.60)   Error: 1.58
Last SG, Last State: ( -1.41,  -0.44), ( -1.40,  -0.60)  SG Improvement:0.00000 

Goal, Curr: (-1.09,  1.00), ( -1.40,  -0.60)   Error: 1.63
Last SG, Last State: ( -1.40,  -0.43), ( -1.40,  -0.60)  SG Improvement:-0.00000 

Goal, Curr: (-1.18,  1.20), ( -1.40,  -0.60)   Error: 1.81
Last SG, Last State: ( -1.40,  -0.42), ( -1.40,  -0.60)  SG Improvement:0.00000 

episode:00100, mean:5.44, std:0.48, median:5.47, success:0.00
Goal, Curr: (-0.77,  0.87), ( -1.40,  -0.60)   Error: 1.60
Last SG, Last State: ( -1.43,  -0.73), ( -1.40,  -0.60)  SG Improvement:0.00000 

Goal, Curr: (-1.08,  0.93), ( -1.40,  -0.60)   Error: 1.57
Last SG, Last State: ( -1.51,  -0.77), ( -1.40,  -0.60)  SG Improvement:0.00000 

Goal, Curr: (-1.05,  0.79), ( -1.40,  -0.60)   Error: 1.43
Last SG, Last State: ( -1.47,  -0.75), ( -1.40,  -0.60)  SG Improvement:0.00000 

Goal, Curr: (-1.06,  1.00), ( -1.40,  -0.60)   Error: 1.63
Last SG, Last State: ( -1.53,  -0.78), ( -1.40,  -0.60)  SG Improvement:0.00000 

Goal, Curr: (-0.76,  0.98), ( -1.40,  -0.60)   Error: 1.71
Last SG, Last State: ( -1.45,  -0.74), ( -1.40,  -0.60)  SG Improvement:0.00000 

Goal, Curr: (-0.81,  0.98), ( -1.40,  -0.60)   Error: 1.68
Last SG, Last State: ( -1.46,  -0.74), ( -1.40,  -0.60)  SG Improvement:-0.00000 

Goal, Curr: (-0.82,  0.84), ( -1.40,  -0.60)   Error: 1.56
Last SG, Last State: ( -1.43,  -0.73), ( -1.40,  -0.60)  SG Improvement:0.00000 

Goal, Curr: (-1.17,  0.95), ( -1.40,  -0.60)   Error: 1.57
Last SG, Last State: ( -1.54,  -0.79), ( -1.40,  -0.60)  SG Improvement:0.00000 

Goal, Curr: (-0.98,  1.03), ( -1.40,  -0.60)   Error: 1.69
Last SG, Last State: ( -1.52,  -0.77), ( -1.40,  -0.60)  SG Improvement:0.00000 

Goal, Curr: (-1.16,  0.81), ( -1.40,  -0.60)   Error: 1.43
Last SG, Last State: ( -1.50,  -0.77), ( -1.40,  -0.60)  SG Improvement:0.00000 

Goal, Curr: (-1.18,  1.23), ( -1.40,  -0.60)   Error: 1.85
Last SG, Last State: ( -1.61,  -0.82), ( -1.40,  -0.60)  SG Improvement:0.00000 

Goal, Curr: (-1.14,  0.76), ( -1.40,  -0.60)   Error: 1.39
Last SG, Last State: ( -1.48,  -0.76), ( -1.40,  -0.60)  SG Improvement:0.00000 

Goal, Curr: (-1.00,  0.90), ( -1.40,  -0.60)   Error: 1.56
Last SG, Last State: ( -1.49,  -0.76), ( -1.40,  -0.60)  SG Improvement:0.00000 

Goal, Curr: (-0.99,  1.09), ( -1.40,  -0.60)   Error: 1.74
Last SG, Last State: ( -1.53,  -0.78), ( -1.40,  -0.60)  SG Improvement:0.00000 

Goal, Curr: (-1.00,  0.80), ( -1.40,  -0.60)   Error: 1.46
Last SG, Last State: ( -1.46,  -0.75), ( -1.40,  -0.60)  SG Improvement:0.00000 

Goal, Curr: (-0.86,  1.02), ( -1.40,  -0.60)   Error: 1.71
Last SG, Last State: ( -1.49,  -0.76), ( -1.40,  -0.60)  SG Improvement:0.00000 

Goal, Curr: (-1.04,  0.96), ( -1.40,  -0.60)   Error: 1.60
Last SG, Last State: ( -1.51,  -0.77), ( -1.40,  -0.60)  SG Improvement:0.00000 

Goal, Curr: (-0.76,  1.00), ( -1.40,  -0.60)   Error: 1.72
Last SG, Last State: ( -1.46,  -0.74), ( -1.40,  -0.60)  SG Improvement:0.00000 

Goal, Curr: (-0.76,  0.82), ( -1.40,  -0.60)   Error: 1.56
Last SG, Last State: ( -1.41,  -0.72), ( -1.40,  -0.60)  SG Improvement:0.00000 

Goal, Curr: (-1.03,  0.79), ( -1.40,  -0.60)   Error: 1.45
Last SG, Last State: ( -1.46,  -0.75), ( -1.40,  -0.60)  SG Improvement:0.00000 

Goal, Curr: (-0.84,  0.86), ( -1.40,  -0.60)   Error: 1.57
Last SG, Last State: ( -1.44,  -0.73), ( -1.40,  -0.60)  SG Improvement:0.00000 

Goal, Curr: (-1.05,  1.22), ( -1.40,  -0.60)   Error: 1.85
Last SG, Last State: ( -1.58,  -0.80), ( -1.40,  -0.60)  SG Improvement:0.00000 

Goal, Curr: (-1.19,  0.99), ( -1.40,  -0.60)   Error: 1.60
Last SG, Last State: ( -1.55,  -0.79), ( -1.40,  -0.60)  SG Improvement:0.00000 

Goal, Curr: (-0.86,  1.08), ( -1.40,  -0.60)   Error: 1.76
Last SG, Last State: ( -1.50,  -0.76), ( -1.40,  -0.60)  SG Improvement:0.00000 

Goal, Curr: (-1.12,  1.15), ( -1.40,  -0.60)   Error: 1.78
Last SG, Last State: ( -1.58,  -0.80), ( -1.40,  -0.60)  SG Improvement:0.00000 

Goal, Curr: (-0.82,  0.82), ( -1.40,  -0.60)   Error: 1.53
Last SG, Last State: ( -1.42,  -0.73), ( -1.40,  -0.60)  SG Improvement:0.00000 

Goal, Curr: (-0.79,  0.82), ( -1.40,  -0.60)   Error: 1.55
Last SG, Last State: ( -1.42,  -0.72), ( -1.40,  -0.60)  SG Improvement:0.00000 

Goal, Curr: (-1.06,  0.95), ( -1.40,  -0.60)   Error: 1.59
Last SG, Last State: ( -1.51,  -0.77), ( -1.40,  -0.60)  SG Improvement:0.00000 

Goal, Curr: (-1.00,  0.88), ( -1.40,  -0.60)   Error: 1.53
Last SG, Last State: ( -1.48,  -0.76), ( -1.40,  -0.60)  SG Improvement:0.00000 

Goal, Curr: (-0.75,  0.89), ( -1.40,  -0.60)   Error: 1.63
Last SG, Last State: ( -1.43,  -0.73), ( -1.40,  -0.60)  SG Improvement:0.00000 

Goal, Curr: (-0.91,  1.08), ( -1.40,  -0.60)   Error: 1.75
Last SG, Last State: ( -1.51,  -0.77), ( -1.40,  -0.60)  SG Improvement:0.00000 

Goal, Curr: (-0.76,  1.08), ( -1.40,  -0.60)   Error: 1.80
Last SG, Last State: ( -1.48,  -0.75), ( -1.40,  -0.60)  SG Improvement:0.00000 

Goal, Curr: (-0.91,  1.09), ( -1.40,  -0.60)   Error: 1.76
Last SG, Last State: ( -1.52,  -0.77), ( -1.40,  -0.60)  SG Improvement:0.00000 

Goal, Curr: (-1.21,  1.17), ( -1.40,  -0.60)   Error: 1.78
Last SG, Last State: ( -1.60,  -0.82), ( -1.40,  -0.60)  SG Improvement:0.00000 

Goal, Curr: (-0.90,  0.80), ( -1.40,  -0.60)   Error: 1.49
Last SG, Last State: ( -1.44,  -0.73), ( -1.40,  -0.60)  SG Improvement:0.00000 

Goal, Curr: (-1.25,  0.99), ( -1.40,  -0.60)   Error: 1.60
Last SG, Last State: ( -1.57,  -0.80), ( -1.40,  -0.60)  SG Improvement:0.00000 

Goal, Curr: (-1.12,  1.02), ( -1.40,  -0.60)   Error: 1.64
Last SG, Last State: ( -1.54,  -0.79), ( -1.40,  -0.60)  SG Improvement:0.00000 

Goal, Curr: (-1.21,  0.98), ( -1.40,  -0.60)   Error: 1.59
Last SG, Last State: ( -1.55,  -0.79), ( -1.40,  -0.60)  SG Improvement:0.00000 

Goal, Curr: (-1.14,  0.94), ( -1.40,  -0.60)   Error: 1.56
Last SG, Last State: ( -1.53,  -0.78), ( -1.40,  -0.60)  SG Improvement:0.00000 

Goal, Curr: (-1.13,  0.97), ( -1.40,  -0.60)   Error: 1.60
Last SG, Last State: ( -1.54,  -0.78), ( -1.40,  -0.60)  SG Improvement:0.00000 

Goal, Curr: (-1.06,  1.15), ( -1.40,  -0.60)   Error: 1.78
Last SG, Last State: ( -1.56,  -0.80), ( -1.40,  -0.60)  SG Improvement:0.00000 

Goal, Curr: (-1.14,  0.98), ( -1.40,  -0.60)   Error: 1.61
Last SG, Last State: ( -1.54,  -0.79), ( -1.40,  -0.60)  SG Improvement:-0.00000 

Goal, Curr: (-0.93,  0.98), ( -1.40,  -0.60)   Error: 1.64
Last SG, Last State: ( -1.49,  -0.76), ( -1.40,  -0.60)  SG Improvement:0.00000 

Goal, Curr: (-1.11,  1.25), ( -1.40,  -0.60)   Error: 1.87
Last SG, Last State: ( -1.60,  -0.81), ( -1.40,  -0.60)  SG Improvement:0.00000 

Goal, Curr: (-0.85,  1.09), ( -1.40,  -0.60)   Error: 1.78
Last SG, Last State: ( -1.50,  -0.76), ( -1.40,  -0.60)  SG Improvement:0.00000 

Goal, Curr: (-0.84,  1.12), ( -1.40,  -0.60)   Error: 1.81
Last SG, Last State: ( -1.51,  -0.77), ( -1.40,  -0.60)  SG Improvement:0.00000 

Goal, Curr: (-0.93,  0.89), ( -1.40,  -0.60)   Error: 1.57
Last SG, Last State: ( -1.47,  -0.75), ( -1.40,  -0.60)  SG Improvement:0.00000 

Goal, Curr: (-1.12,  0.91), ( -1.40,  -0.60)   Error: 1.54
Last SG, Last State: ( -1.52,  -0.77), ( -1.40,  -0.60)  SG Improvement:0.00000 

Goal, Curr: (-1.07,  0.83), ( -1.40,  -0.60)   Error: 1.47
Last SG, Last State: ( -1.48,  -0.76), ( -1.40,  -0.60)  SG Improvement:0.00000 

Goal, Curr: (-1.04,  0.90), ( -1.40,  -0.60)   Error: 1.54
Last SG, Last State: ( -1.50,  -0.76), ( -1.40,  -0.60)  SG Improvement:0.00000 

episode:00200, mean:5.34, std:0.40, median:5.31, success:0.00
Goal, Curr: (-0.88,  1.08), (  0.20,  -1.40)   Error: 2.70
Last SG, Last State: ( -1.77,  -3.16), (  0.17,  -1.40)  SG Improvement:-0.01856 

Goal, Curr: (-1.07,  0.80), (  0.42,  -1.40)   Error: 2.65
Last SG, Last State: ( -1.55,  -3.12), (  0.39,  -1.40)  SG Improvement:-0.01650 

Goal, Curr: (-0.77,  1.01), (  0.44,  -1.40)   Error: 2.70
Last SG, Last State: ( -1.51,  -3.09), (  0.42,  -1.40)  SG Improvement:-0.01753 

Goal, Curr: (-1.18,  1.00), (  1.12,  -1.40)   Error: 3.32
Last SG, Last State: ( -0.92,  -3.21), (  1.08,  -1.40)  SG Improvement:-0.03072 

Goal, Curr: (-1.25,  0.85), (  1.18,  -1.40)   Error: 3.31
Last SG, Last State: ( -0.85,  -3.19), (  1.14,  -1.40)  SG Improvement:-0.02756 

Goal, Curr: (-0.97,  0.81), (  0.18,  -1.40)   Error: 2.49
Last SG, Last State: ( -1.78,  -3.11), (  0.15,  -1.40)  SG Improvement:-0.02198 

Goal, Curr: (-0.83,  0.89), (  0.42,  -1.40)   Error: 2.61
Last SG, Last State: ( -1.53,  -3.08), (  0.39,  -1.40)  SG Improvement:-0.02374 

Goal, Curr: (-0.76,  1.17), (  0.39,  -1.40)   Error: 2.82
Last SG, Last State: ( -1.58,  -3.14), (  0.37,  -1.40)  SG Improvement:-0.01613 

Goal, Curr: (-0.77,  1.01), (  0.44,  -1.40)   Error: 2.69
Last SG, Last State: ( -1.51,  -3.09), (  0.42,  -1.40)  SG Improvement:-0.01761 

Goal, Curr: (-0.94,  0.80), (  1.08,  -1.40)   Error: 2.99
Last SG, Last State: ( -0.91,  -3.09), (  1.05,  -1.40)  SG Improvement:-0.02448 

Goal, Curr: (-1.23,  0.92), (  0.83,  -1.40)   Error: 3.10
Last SG, Last State: ( -1.15,  -3.15), (  0.81,  -1.40)  SG Improvement:-0.01424 

Goal, Curr: (-1.09,  1.19), (  1.12,  -1.40)   Error: 3.40
Last SG, Last State: ( -0.93,  -3.23), (  1.08,  -1.40)  SG Improvement:-0.03104 

Goal, Curr: (-1.15,  0.94), (  1.26,  -1.40)   Error: 3.36
Last SG, Last State: ( -0.77,  -3.18), (  1.22,  -1.40)  SG Improvement:-0.02632 

Goal, Curr: (-1.08,  0.80), (  1.10,  -1.40)   Error: 3.10
Last SG, Last State: ( -0.91,  -3.14), (  1.06,  -1.40)  SG Improvement:-0.02818 

Goal, Curr: (-1.11,  1.02), (  1.22,  -1.40)   Error: 3.36
Last SG, Last State: ( -0.81,  -3.19), (  1.18,  -1.40)  SG Improvement:-0.02604 

Goal, Curr: (-0.96,  1.25), (  1.21,  -1.40)   Error: 3.43
Last SG, Last State: ( -0.82,  -3.21), (  1.18,  -1.40)  SG Improvement:-0.02667 

Goal, Curr: (-1.00,  0.87), (  0.16,  -1.40)   Error: 2.55
Last SG, Last State: ( -1.81,  -3.14), (  0.13,  -1.40)  SG Improvement:-0.01952 

Goal, Curr: (-0.85,  1.21), (  0.34,  -1.40)   Error: 2.87
Last SG, Last State: ( -1.64,  -3.17), (  0.32,  -1.40)  SG Improvement:-0.01538 

Goal, Curr: (-1.08,  0.78), (  0.19,  -1.40)   Error: 2.52
Last SG, Last State: ( -1.77,  -3.13), (  0.16,  -1.40)  SG Improvement:-0.02000 

Goal, Curr: (-1.05,  1.18), (  1.19,  -1.40)   Error: 3.41
Last SG, Last State: ( -0.85,  -3.22), (  1.15,  -1.40)  SG Improvement:-0.02922 

Goal, Curr: (-0.97,  1.23), (  1.18,  -1.40)   Error: 3.39
Last SG, Last State: ( -0.86,  -3.21), (  1.14,  -1.40)  SG Improvement:-0.02837 

Goal, Curr: (-1.16,  1.07), (  1.17,  -1.40)   Error: 3.40
Last SG, Last State: ( -0.87,  -3.22), (  1.13,  -1.40)  SG Improvement:-0.02974 

Goal, Curr: (-0.86,  0.78), (  1.07,  -1.40)   Error: 2.91
Last SG, Last State: ( -0.87,  -3.01), (  1.05,  -1.40)  SG Improvement:-0.08239 

Goal, Curr: (-1.25,  0.94), (  1.15,  -1.40)   Error: 3.35
Last SG, Last State: ( -0.89,  -3.21), (  1.11,  -1.40)  SG Improvement:-0.03019 

Goal, Curr: (-0.85,  1.08), (  0.22,  -1.40)   Error: 2.70
Last SG, Last State: ( -1.75,  -3.15), (  0.20,  -1.40)  SG Improvement:-0.01989 

Goal, Curr: (-0.98,  0.99), (  0.41,  -1.40)   Error: 2.77
Last SG, Last State: ( -1.56,  -3.15), (  0.39,  -1.40)  SG Improvement:-0.01515 

Goal, Curr: (-1.08,  0.99), (  1.15,  -1.40)   Error: 3.28
Last SG, Last State: ( -0.88,  -3.19), (  1.12,  -1.40)  SG Improvement:-0.02805 

Goal, Curr: (-1.06,  0.88), (  0.40,  -1.40)   Error: 2.70
Last SG, Last State: ( -1.57,  -3.14), (  0.37,  -1.40)  SG Improvement:-0.01557 

Goal, Curr: (-1.09,  1.12), (  0.83,  -1.40)   Error: 3.17
Last SG, Last State: ( -1.15,  -3.16), (  0.81,  -1.40)  SG Improvement:-0.01411 

Goal, Curr: (-0.84,  0.98), (  1.18,  -1.40)   Error: 3.12
Last SG, Last State: ( -0.82,  -3.11), (  1.15,  -1.40)  SG Improvement:-0.00185 

Goal, Curr: (-1.23,  0.91), (  0.82,  -1.40)   Error: 3.09
Last SG, Last State: ( -1.16,  -3.15), (  0.80,  -1.40)  SG Improvement:-0.01432 

Goal, Curr: (-0.93,  0.84), (  0.18,  -1.40)   Error: 2.50
Last SG, Last State: ( -1.78,  -3.11), (  0.15,  -1.40)  SG Improvement:-0.02227 

Goal, Curr: (-1.08,  1.08), (  0.89,  -1.40)   Error: 3.17
Last SG, Last State: ( -1.09,  -3.16), (  0.87,  -1.40)  SG Improvement:0.02069 

Goal, Curr: (-0.75,  0.77), (  0.39,  -1.40)   Error: 2.45
Last SG, Last State: ( -1.52,  -2.96), (  0.36,  -1.40)  SG Improvement:-0.28947 

Goal, Curr: (-0.89,  0.96), (  0.24,  -1.40)   Error: 2.61
Last SG, Last State: ( -1.72,  -3.13), (  0.21,  -1.40)  SG Improvement:-0.02160 

Goal, Curr: (-0.82,  0.86), (  0.46,  -1.40)   Error: 2.60
Last SG, Last State: ( -1.49,  -3.07), (  0.43,  -1.40)  SG Improvement:-0.02826 

Goal, Curr: (-1.20,  1.10), (  0.87,  -1.40)   Error: 3.25
Last SG, Last State: ( -1.12,  -3.18), (  0.85,  -1.40)  SG Improvement:-0.01327 

Goal, Curr: (-0.76,  0.92), (  0.46,  -1.40)   Error: 2.62
Last SG, Last State: ( -1.49,  -3.06), (  0.43,  -1.40)  SG Improvement:-0.03407 

Goal, Curr: (-1.17,  1.20), (  1.28,  -1.40)   Error: 3.57
Last SG, Last State: ( -0.76,  -3.24), (  1.25,  -1.40)  SG Improvement:-0.02702 

Goal, Curr: (-0.88,  1.03), (  0.15,  -1.40)   Error: 2.63
Last SG, Last State: ( -1.81,  -3.15), (  0.13,  -1.40)  SG Improvement:-0.01916 

Goal, Curr: (-0.86,  0.76), (  0.41,  -1.40)   Error: 2.50
Last SG, Last State: ( -1.55,  -3.08), (  0.38,  -1.40)  SG Improvement:0.09689 

Goal, Curr: (-1.00,  0.85), (  0.25,  -1.40)   Error: 2.57
Last SG, Last State: ( -1.72,  -3.13), (  0.22,  -1.40)  SG Improvement:-0.02142 

Goal, Curr: (-0.83,  0.82), (  0.46,  -1.40)   Error: 2.57
Last SG, Last State: ( -1.48,  -3.03), (  0.43,  -1.40)  SG Improvement:-0.19090 

Goal, Curr: (-1.06,  0.93), (  0.13,  -1.40)   Error: 2.62
Last SG, Last State: ( -1.84,  -3.17), (  0.11,  -1.40)  SG Improvement:-0.01792 

Goal, Curr: (-0.77,  1.10), (  0.27,  -1.40)   Error: 2.71
Last SG, Last State: ( -1.70,  -3.13), (  0.24,  -1.40)  SG Improvement:-0.01899 

Goal, Curr: (-1.09,  1.15), (  0.86,  -1.40)   Error: 3.21
Last SG, Last State: ( -1.13,  -3.17), (  0.84,  -1.40)  SG Improvement:-0.01389 

Goal, Curr: (-0.95,  0.83), (  0.25,  -1.40)   Error: 2.53
Last SG, Last State: ( -1.70,  -3.11), (  0.23,  -1.40)  SG Improvement:-0.02064 

Goal, Curr: (-1.13,  1.21), (  0.86,  -1.40)   Error: 3.28
Last SG, Last State: ( -1.13,  -3.19), (  0.84,  -1.40)  SG Improvement:-0.01313 

Goal, Curr: (-1.24,  1.22), (  1.18,  -1.40)   Error: 3.56
Last SG, Last State: ( -0.88,  -3.26), (  1.14,  -1.40)  SG Improvement:-0.03052 

Goal, Curr: (-0.87,  0.86), (  0.34,  -1.40)   Error: 2.57
Last SG, Last State: ( -1.61,  -3.09), (  0.31,  -1.40)  SG Improvement:-0.02332 

episode:00300, mean:6.98, std:0.53, median:6.96, success:0.00
Goal, Curr: (-0.88,  1.02), (  0.39,  -1.40)   Error: 2.73
Last SG, Last State: ( -1.49,  -3.38), (  0.44,  -1.40)  SG Improvement:0.00410 

Goal, Curr: (-1.10,  0.84), (  0.39,  -1.40)   Error: 2.68
Last SG, Last State: ( -1.50,  -3.39), (  0.44,  -1.40)  SG Improvement:0.07545 

Goal, Curr: (-0.89,  0.82), (  1.40,  -1.40)   Error: 3.19
Last SG, Last State: ( -0.57,  -3.36), (  1.40,  -1.40)  SG Improvement:-0.00027 

Goal, Curr: (-1.12,  1.10), (  0.33,  -1.40)   Error: 2.89
Last SG, Last State: ( -1.56,  -3.39), (  0.38,  -1.40)  SG Improvement:0.06005 

Goal, Curr: (-0.84,  0.98), (  1.40,  -1.40)   Error: 3.27
Last SG, Last State: ( -0.58,  -3.37), (  1.40,  -1.40)  SG Improvement:-0.00001 

Goal, Curr: (-0.90,  1.11), ( -1.40,  -1.40)   Error: 2.56
Last SG, Last State: ( -3.39,  -3.39), ( -1.40,  -1.40)  SG Improvement:-0.09802 

Goal, Curr: (-1.01,  0.80), (  0.34,  -1.40)   Error: 2.58
Last SG, Last State: ( -1.55,  -3.38), (  0.39,  -1.40)  SG Improvement:0.04186 

Goal, Curr: (-1.03,  1.22), ( -1.35,  -1.40)   Error: 2.64
Last SG, Last State: ( -3.29,  -3.39), ( -1.32,  -1.40)  SG Improvement:0.03894 

Goal, Curr: (-1.22,  1.04), ( -1.36,  -1.40)   Error: 2.44
Last SG, Last State: ( -3.28,  -3.39), ( -1.32,  -1.40)  SG Improvement:0.01867 

Goal, Curr: (-1.08,  0.79), (  0.33,  -1.40)   Error: 2.60
Last SG, Last State: ( -1.55,  -3.38), (  0.38,  -1.40)  SG Improvement:0.04887 

Goal, Curr: (-0.88,  0.82), (  1.40,  -1.40)   Error: 3.18
Last SG, Last State: ( -0.57,  -3.36), (  1.40,  -1.40)  SG Improvement:-0.00061 

Goal, Curr: (-1.10,  1.03), ( -1.40,  -1.40)   Error: 2.45
Last SG, Last State: ( -3.39,  -3.39), ( -1.40,  -1.40)  SG Improvement:0.00000 

Goal, Curr: (-1.12,  1.17), ( -1.28,  -1.40)   Error: 2.57
Last SG, Last State: ( -3.20,  -3.39), ( -1.24,  -1.40)  SG Improvement:0.02123 

Goal, Curr: (-1.21,  0.84), ( -1.40,  -1.40)   Error: 2.25
Last SG, Last State: ( -3.35,  -3.39), ( -1.38,  -1.40)  SG Improvement:0.03961 

Goal, Curr: (-0.91,  0.84), (  1.40,  -1.40)   Error: 3.22
Last SG, Last State: ( -0.57,  -3.36), (  1.40,  -1.40)  SG Improvement:0.00009 

Goal, Curr: (-0.98,  0.78), (  0.46,  -1.40)   Error: 2.61
Last SG, Last State: ( -1.41,  -3.38), (  0.52,  -1.40)  SG Improvement:0.05629 

Goal, Curr: (-1.03,  1.13), ( -1.27,  -1.40)   Error: 2.54
Last SG, Last State: ( -3.18,  -3.39), ( -1.23,  -1.40)  SG Improvement:0.01641 

Goal, Curr: (-1.25,  1.16), ( -1.40,  -1.40)   Error: 2.56
Last SG, Last State: ( -3.39,  -3.39), ( -1.40,  -1.40)  SG Improvement:-0.00157 

Goal, Curr: (-0.85,  0.91), (  0.33,  -1.40)   Error: 2.59
Last SG, Last State: ( -1.56,  -3.38), (  0.38,  -1.40)  SG Improvement:0.05254 

Goal, Curr: (-0.90,  0.85), (  0.34,  -1.40)   Error: 2.56
Last SG, Last State: ( -1.55,  -3.38), (  0.39,  -1.40)  SG Improvement:0.06314 

Goal, Curr: (-1.08,  1.11), ( -1.33,  -1.40)   Error: 2.53
Last SG, Last State: ( -3.25,  -3.39), ( -1.29,  -1.40)  SG Improvement:0.02046 

Goal, Curr: (-0.79,  1.03), (  0.36,  -1.40)   Error: 2.69
Last SG, Last State: ( -1.52,  -3.38), (  0.42,  -1.40)  SG Improvement:0.03155 

Goal, Curr: (-1.17,  1.19), (  0.33,  -1.40)   Error: 2.99
Last SG, Last State: ( -1.56,  -3.39), (  0.38,  -1.40)  SG Improvement:0.03447 

Goal, Curr: (-1.14,  1.18), ( -1.20,  -1.40)   Error: 2.58
Last SG, Last State: ( -3.13,  -3.39), ( -1.17,  -1.40)  SG Improvement:0.02831 

Goal, Curr: (-0.87,  1.10), (  0.24,  -1.40)   Error: 2.73
Last SG, Last State: ( -1.66,  -3.39), (  0.29,  -1.40)  SG Improvement:0.03839 

Goal, Curr: (-1.24,  1.04), ( -1.40,  -1.40)   Error: 2.44
Last SG, Last State: ( -3.39,  -3.39), ( -1.40,  -1.40)  SG Improvement:0.11107 

Goal, Curr: (-0.76,  0.78), (  1.40,  -1.40)   Error: 3.07
Last SG, Last State: ( -0.56,  -3.34), (  1.40,  -1.40)  SG Improvement:0.00000 

Goal, Curr: (-0.93,  1.00), (  0.33,  -1.40)   Error: 2.71
Last SG, Last State: ( -1.55,  -3.39), (  0.38,  -1.40)  SG Improvement:0.03293 

Goal, Curr: (-0.90,  0.75), (  1.40,  -1.40)   Error: 3.15
Last SG, Last State: ( -0.57,  -3.35), (  1.40,  -1.40)  SG Improvement:0.00007 

Goal, Curr: (-0.98,  0.81), (  0.43,  -1.40)   Error: 2.62
Last SG, Last State: ( -1.45,  -3.38), (  0.48,  -1.40)  SG Improvement:0.07617 

Goal, Curr: (-1.23,  0.88), (  0.41,  -1.40)   Error: 2.81
Last SG, Last State: ( -1.47,  -3.39), (  0.46,  -1.40)  SG Improvement:0.05237 

Goal, Curr: (-1.03,  1.15), ( -1.40,  -1.40)   Error: 2.58
Last SG, Last State: ( -3.40,  -3.39), ( -1.40,  -1.40)  SG Improvement:0.10709 

Goal, Curr: (-0.88,  0.89), (  1.40,  -1.40)   Error: 3.23
Last SG, Last State: ( -0.58,  -3.36), (  1.40,  -1.40)  SG Improvement:0.00195 

Goal, Curr: (-1.09,  0.92), (  0.23,  -1.40)   Error: 2.67
Last SG, Last State: ( -1.67,  -3.39), (  0.28,  -1.40)  SG Improvement:0.03582 

Goal, Curr: (-1.21,  0.79), (  0.32,  -1.40)   Error: 2.67
Last SG, Last State: ( -1.57,  -3.39), (  0.37,  -1.40)  SG Improvement:0.03871 

Goal, Curr: (-0.90,  0.89), ( -1.40,  -1.40)   Error: 2.34
Last SG, Last State: ( -3.37,  -3.39), ( -1.40,  -1.40)  SG Improvement:0.20211 

Goal, Curr: (-0.82,  0.81), (  1.40,  -1.40)   Error: 3.14
Last SG, Last State: ( -0.57,  -3.35), (  1.40,  -1.40)  SG Improvement:0.00001 

Goal, Curr: (-0.85,  1.05), (  0.39,  -1.40)   Error: 2.74
Last SG, Last State: ( -1.49,  -3.38), (  0.44,  -1.40)  SG Improvement:0.00367 

Goal, Curr: (-1.02,  0.95), (  0.27,  -1.40)   Error: 2.68
Last SG, Last State: ( -1.63,  -3.39), (  0.31,  -1.40)  SG Improvement:0.04234 

Goal, Curr: (-0.88,  1.22), ( -1.40,  -1.40)   Error: 2.67
Last SG, Last State: ( -3.39,  -3.39), ( -1.40,  -1.40)  SG Improvement:-0.00001 

Goal, Curr: (-1.13,  0.90), (  0.24,  -1.40)   Error: 2.67
Last SG, Last State: ( -1.66,  -3.39), (  0.28,  -1.40)  SG Improvement:0.03556 

Goal, Curr: (-1.24,  0.96), ( -1.40,  -1.40)   Error: 2.36
Last SG, Last State: ( -3.39,  -3.39), ( -1.40,  -1.40)  SG Improvement:-0.00011 

Goal, Curr: (-1.13,  0.93), ( -1.23,  -1.40)   Error: 2.33
Last SG, Last State: ( -3.16,  -3.39), ( -1.20,  -1.40)  SG Improvement:0.02777 

Goal, Curr: (-0.80,  1.07), ( -1.40,  -1.40)   Error: 2.54
Last SG, Last State: ( -3.39,  -3.38), ( -1.40,  -1.40)  SG Improvement:-0.00001 

Goal, Curr: (-1.11,  0.78), ( -1.40,  -1.40)   Error: 2.20
Last SG, Last State: ( -3.39,  -3.38), ( -1.40,  -1.40)  SG Improvement:-0.00000 

Goal, Curr: (-0.83,  1.18), ( -1.17,  -1.40)   Error: 2.60
Last SG, Last State: ( -3.08,  -3.39), ( -1.13,  -1.40)  SG Improvement:0.01916 

Goal, Curr: (-0.78,  0.77), (  1.40,  -1.40)   Error: 3.07
Last SG, Last State: ( -0.56,  -3.35), (  1.40,  -1.40)  SG Improvement:-0.00000 

Goal, Curr: (-0.89,  1.18), (  0.45,  -1.40)   Error: 2.91
Last SG, Last State: ( -1.42,  -3.39), (  0.51,  -1.40)  SG Improvement:0.05628 

Goal, Curr: (-1.08,  0.80), ( -1.40,  -1.40)   Error: 2.22
Last SG, Last State: ( -3.39,  -3.38), ( -1.40,  -1.40)  SG Improvement:-0.00062 

Goal, Curr: (-1.06,  0.79), ( -1.40,  -1.40)   Error: 2.21
Last SG, Last State: ( -3.39,  -3.38), ( -1.40,  -1.40)  SG Improvement:-0.00000 

episode:00400, mean:7.31, std:0.47, median:7.33, success:0.00
Goal, Curr: (-0.77,  0.96), (  1.40,  -1.40)   Error: 3.20
Last SG, Last State: ( -0.60,  -3.39), (  1.40,  -1.40)  SG Improvement:0.00000 

Goal, Curr: (-1.04,  1.10), (  1.40,  -1.40)   Error: 3.50
Last SG, Last State: ( -0.60,  -3.39), (  1.40,  -1.40)  SG Improvement:0.00000 

Goal, Curr: (-1.11,  0.81), (  1.40,  -1.40)   Error: 3.34
Last SG, Last State: ( -0.60,  -3.39), (  1.40,  -1.40)  SG Improvement:0.00000 

Goal, Curr: (-1.14,  0.94), (  1.40,  -1.40)   Error: 3.45
Last SG, Last State: ( -0.60,  -3.39), (  1.40,  -1.40)  SG Improvement:0.00000 

Goal, Curr: (-1.24,  0.97), (  1.40,  -1.40)   Error: 3.55
Last SG, Last State: ( -0.60,  -3.39), (  1.40,  -1.40)  SG Improvement:0.00000 

Goal, Curr: (-0.88,  0.94), (  1.40,  -1.40)   Error: 3.26
Last SG, Last State: ( -0.60,  -3.39), (  1.40,  -1.40)  SG Improvement:0.00000 

Goal, Curr: (-0.93,  0.88), (  1.40,  -1.40)   Error: 3.26
Last SG, Last State: ( -0.60,  -3.39), (  1.40,  -1.40)  SG Improvement:0.00000 

Goal, Curr: (-0.88,  0.86), (  1.40,  -1.40)   Error: 3.21
Last SG, Last State: ( -0.60,  -3.39), (  1.40,  -1.40)  SG Improvement:0.00000 

Goal, Curr: (-0.85,  0.76), (  1.40,  -1.40)   Error: 3.12
Last SG, Last State: ( -0.59,  -3.38), (  1.40,  -1.40)  SG Improvement:-0.00000 

Goal, Curr: (-1.21,  1.12), (  1.40,  -1.40)   Error: 3.63
Last SG, Last State: ( -0.60,  -3.40), (  1.40,  -1.40)  SG Improvement:0.00000 

Goal, Curr: (-0.97,  0.87), (  1.40,  -1.40)   Error: 3.28
Last SG, Last State: ( -0.60,  -3.39), (  1.40,  -1.40)  SG Improvement:0.00000 

Goal, Curr: (-1.20,  0.86), (  1.40,  -1.40)   Error: 3.44
Last SG, Last State: ( -0.60,  -3.39), (  1.40,  -1.40)  SG Improvement:0.00000 

Goal, Curr: (-1.12,  1.06), (  1.40,  -1.40)   Error: 3.52
Last SG, Last State: ( -0.60,  -3.39), (  1.40,  -1.40)  SG Improvement:0.00000 

Goal, Curr: (-0.85,  0.92), (  1.40,  -1.40)   Error: 3.23
Last SG, Last State: ( -0.60,  -3.39), (  1.40,  -1.40)  SG Improvement:0.00000 

Goal, Curr: (-1.01,  0.89), (  1.40,  -1.40)   Error: 3.32
Last SG, Last State: ( -0.60,  -3.39), (  1.40,  -1.40)  SG Improvement:-0.00000 

Goal, Curr: (-0.97,  1.06), (  1.40,  -1.40)   Error: 3.41
Last SG, Last State: ( -0.60,  -3.39), (  1.40,  -1.40)  SG Improvement:0.00000 

Goal, Curr: (-0.95,  1.00), (  1.40,  -1.40)   Error: 3.36
Last SG, Last State: ( -0.60,  -3.39), (  1.40,  -1.40)  SG Improvement:0.00000 

Goal, Curr: (-1.11,  1.03), (  1.40,  -1.40)   Error: 3.50
Last SG, Last State: ( -0.60,  -3.39), (  1.40,  -1.40)  SG Improvement:0.00000 

Goal, Curr: (-0.76,  1.22), (  1.40,  -1.40)   Error: 3.39
Last SG, Last State: ( -0.60,  -3.39), (  1.40,  -1.40)  SG Improvement:0.00000 

Goal, Curr: (-0.87,  1.02), (  1.40,  -1.40)   Error: 3.32
Last SG, Last State: ( -0.60,  -3.39), (  1.40,  -1.40)  SG Improvement:0.00000 

Goal, Curr: (-0.76,  0.97), (  1.40,  -1.40)   Error: 3.21
Last SG, Last State: ( -0.60,  -3.39), (  1.40,  -1.40)  SG Improvement:0.00000 

Goal, Curr: (-0.95,  1.05), (  1.40,  -1.40)   Error: 3.39
Last SG, Last State: ( -0.60,  -3.39), (  1.40,  -1.40)  SG Improvement:0.00000 

Goal, Curr: (-1.06,  0.86), (  1.40,  -1.40)   Error: 3.33
Last SG, Last State: ( -0.60,  -3.39), (  1.40,  -1.40)  SG Improvement:0.00000 

Goal, Curr: (-1.03,  1.12), (  1.40,  -1.40)   Error: 3.50
Last SG, Last State: ( -0.60,  -3.39), (  1.40,  -1.40)  SG Improvement:0.00000 

Goal, Curr: (-0.94,  0.76), (  1.40,  -1.40)   Error: 3.18
Last SG, Last State: ( -0.60,  -3.39), (  1.40,  -1.40)  SG Improvement:0.00000 

Goal, Curr: (-1.12,  1.09), (  1.40,  -1.40)   Error: 3.54
Last SG, Last State: ( -0.60,  -3.39), (  1.40,  -1.40)  SG Improvement:-0.00000 

Goal, Curr: (-1.12,  0.99), (  1.40,  -1.40)   Error: 3.47
Last SG, Last State: ( -0.60,  -3.39), (  1.40,  -1.40)  SG Improvement:0.00000 

Goal, Curr: (-1.22,  1.12), (  1.40,  -1.40)   Error: 3.63
Last SG, Last State: ( -0.60,  -3.40), (  1.40,  -1.40)  SG Improvement:0.00000 

Goal, Curr: (-1.15,  1.19), (  1.40,  -1.40)   Error: 3.63
Last SG, Last State: ( -0.60,  -3.40), (  1.40,  -1.40)  SG Improvement:0.00000 

Goal, Curr: (-0.76,  1.10), (  1.40,  -1.40)   Error: 3.30
Last SG, Last State: ( -0.60,  -3.39), (  1.40,  -1.40)  SG Improvement:-0.00000 

Goal, Curr: (-1.04,  0.89), (  1.40,  -1.40)   Error: 3.35
Last SG, Last State: ( -0.60,  -3.39), (  1.40,  -1.40)  SG Improvement:0.00000 

Goal, Curr: (-1.21,  0.77), (  1.40,  -1.40)   Error: 3.40
Last SG, Last State: ( -0.60,  -3.39), (  1.40,  -1.40)  SG Improvement:0.00000 

Goal, Curr: (-1.04,  0.96), (  1.40,  -1.40)   Error: 3.39
Last SG, Last State: ( -0.60,  -3.39), (  1.40,  -1.40)  SG Improvement:0.00000 

Goal, Curr: (-0.81,  0.86), (  1.40,  -1.40)   Error: 3.16
Last SG, Last State: ( -0.60,  -3.39), (  1.40,  -1.40)  SG Improvement:0.00000 

Goal, Curr: (-1.17,  1.02), (  1.40,  -1.40)   Error: 3.53
Last SG, Last State: ( -0.60,  -3.39), (  1.40,  -1.40)  SG Improvement:0.00000 

Goal, Curr: (-0.97,  1.00), (  1.40,  -1.40)   Error: 3.37
Last SG, Last State: ( -0.60,  -3.39), (  1.40,  -1.40)  SG Improvement:0.00000 

Goal, Curr: (-1.18,  1.12), (  1.40,  -1.40)   Error: 3.61
Last SG, Last State: ( -0.60,  -3.40), (  1.40,  -1.40)  SG Improvement:0.00000 

Goal, Curr: (-1.01,  0.94), (  1.40,  -1.40)   Error: 3.35
Last SG, Last State: ( -0.60,  -3.39), (  1.40,  -1.40)  SG Improvement:0.00000 

Goal, Curr: (-0.99,  0.77), (  1.40,  -1.40)   Error: 3.22
Last SG, Last State: ( -0.60,  -3.39), (  1.40,  -1.40)  SG Improvement:0.00000 

Goal, Curr: (-1.13,  0.85), (  1.40,  -1.40)   Error: 3.39
Last SG, Last State: ( -0.60,  -3.39), (  1.40,  -1.40)  SG Improvement:0.00000 

Goal, Curr: (-0.77,  1.20), (  1.40,  -1.40)   Error: 3.39
Last SG, Last State: ( -0.60,  -3.39), (  1.40,  -1.40)  SG Improvement:0.00000 

Goal, Curr: (-0.82,  0.78), (  1.40,  -1.40)   Error: 3.11
Last SG, Last State: ( -0.59,  -3.38), (  1.40,  -1.40)  SG Improvement:0.00000 

Goal, Curr: (-0.78,  0.95), (  1.40,  -1.40)   Error: 3.20
Last SG, Last State: ( -0.60,  -3.39), (  1.40,  -1.40)  SG Improvement:0.00000 

Goal, Curr: (-1.14,  0.85), (  1.40,  -1.40)   Error: 3.39
Last SG, Last State: ( -0.60,  -3.39), (  1.40,  -1.40)  SG Improvement:0.00000 

Goal, Curr: (-0.95,  0.98), (  1.40,  -1.40)   Error: 3.34
Last SG, Last State: ( -0.60,  -3.39), (  1.40,  -1.40)  SG Improvement:0.00000 

Goal, Curr: (-0.97,  1.18), (  1.40,  -1.40)   Error: 3.50
Last SG, Last State: ( -0.60,  -3.39), (  1.40,  -1.40)  SG Improvement:0.00000 

Goal, Curr: (-0.81,  0.99), (  1.40,  -1.40)   Error: 3.26
Last SG, Last State: ( -0.60,  -3.39), (  1.40,  -1.40)  SG Improvement:0.00000 

Goal, Curr: (-1.23,  1.14), (  1.40,  -1.40)   Error: 3.66
Last SG, Last State: ( -0.60,  -3.40), (  1.40,  -1.40)  SG Improvement:0.00000 

Goal, Curr: (-0.89,  0.92), (  1.40,  -1.40)   Error: 3.26
Last SG, Last State: ( -0.60,  -3.39), (  1.40,  -1.40)  SG Improvement:0.00000 

Goal, Curr: (-1.13,  1.04), (  1.40,  -1.40)   Error: 3.51
Last SG, Last State: ( -0.60,  -3.39), (  1.40,  -1.40)  SG Improvement:0.00000 

episode:00500, mean:7.56, std:0.55, median:7.56, success:0.00
Goal, Curr: (-0.89,  1.23), (  1.40,  -1.40)   Error: 3.48
Last SG, Last State: ( -0.60,  -3.40), (  1.40,  -1.40)  SG Improvement:0.00000 

Goal, Curr: (-0.99,  0.90), (  1.40,  -1.40)   Error: 3.32
Last SG, Last State: ( -0.60,  -3.40), (  1.40,  -1.40)  SG Improvement:0.00000 

Goal, Curr: (-1.19,  1.03), (  1.40,  -1.40)   Error: 3.55
Last SG, Last State: ( -0.60,  -3.40), (  1.40,  -1.40)  SG Improvement:0.00000 

Goal, Curr: (-1.19,  0.95), (  1.40,  -1.40)   Error: 3.49
Last SG, Last State: ( -0.60,  -3.40), (  1.40,  -1.40)  SG Improvement:0.00000 

Goal, Curr: (-0.84,  1.02), (  1.40,  -1.40)   Error: 3.30
Last SG, Last State: ( -0.60,  -3.40), (  1.40,  -1.40)  SG Improvement:-0.00000 

Goal, Curr: (-0.78,  1.19), (  1.40,  -1.40)   Error: 3.39
Last SG, Last State: ( -0.60,  -3.40), (  1.40,  -1.40)  SG Improvement:0.00000 

Goal, Curr: (-1.00,  0.85), (  1.40,  -1.40)   Error: 3.29
Last SG, Last State: ( -0.60,  -3.40), (  1.40,  -1.40)  SG Improvement:0.00000 

Goal, Curr: (-1.08,  1.06), (  1.40,  -1.40)   Error: 3.50
Last SG, Last State: ( -0.60,  -3.40), (  1.40,  -1.40)  SG Improvement:0.00001 

Goal, Curr: (-0.81,  1.18), (  1.40,  -1.40)   Error: 3.39
Last SG, Last State: ( -0.60,  -3.40), (  1.40,  -1.40)  SG Improvement:0.00000 

Goal, Curr: (-1.05,  0.91), (  1.40,  -1.40)   Error: 3.36
Last SG, Last State: ( -0.60,  -3.40), (  1.40,  -1.40)  SG Improvement:0.00000 

Goal, Curr: (-0.95,  1.01), (  1.40,  -1.40)   Error: 3.37
Last SG, Last State: ( -0.60,  -3.40), (  1.40,  -1.40)  SG Improvement:0.00000 

Goal, Curr: (-0.83,  0.85), (  1.40,  -1.40)   Error: 3.16
Last SG, Last State: ( -0.60,  -3.39), (  1.40,  -1.40)  SG Improvement:0.00000 

Goal, Curr: (-0.81,  0.99), (  1.40,  -1.40)   Error: 3.25
Last SG, Last State: ( -0.60,  -3.40), (  1.40,  -1.40)  SG Improvement:0.00000 

Goal, Curr: (-1.16,  1.24), (  1.40,  -1.40)   Error: 3.67
Last SG, Last State: ( -0.60,  -3.40), (  1.40,  -1.40)  SG Improvement:0.00000 

Goal, Curr: (-1.04,  0.94), (  1.40,  -1.40)   Error: 3.38
Last SG, Last State: ( -0.60,  -3.40), (  1.40,  -1.40)  SG Improvement:0.00000 

Goal, Curr: (-1.21,  1.21), (  1.40,  -1.40)   Error: 3.68
Last SG, Last State: ( -0.60,  -3.40), (  1.40,  -1.40)  SG Improvement:0.00000 

Goal, Curr: (-0.77,  1.16), (  1.40,  -1.40)   Error: 3.35
Last SG, Last State: ( -0.60,  -3.40), (  1.40,  -1.40)  SG Improvement:0.00000 

Goal, Curr: (-0.93,  0.80), (  1.40,  -1.40)   Error: 3.20
Last SG, Last State: ( -0.60,  -3.40), (  1.40,  -1.40)  SG Improvement:0.00000 

Goal, Curr: (-1.10,  1.04), (  1.40,  -1.40)   Error: 3.49
Last SG, Last State: ( -0.60,  -3.40), (  1.40,  -1.40)  SG Improvement:0.00001 

Goal, Curr: (-0.78,  1.04), (  1.40,  -1.40)   Error: 3.27
Last SG, Last State: ( -0.60,  -3.40), (  1.40,  -1.40)  SG Improvement:0.00000 

Goal, Curr: (-0.98,  0.97), (  1.40,  -1.40)   Error: 3.36
Last SG, Last State: ( -0.60,  -3.40), (  1.40,  -1.40)  SG Improvement:0.00001 

Goal, Curr: (-0.97,  0.81), (  1.40,  -1.40)   Error: 3.24
Last SG, Last State: ( -0.60,  -3.40), (  1.40,  -1.40)  SG Improvement:0.00000 

Goal, Curr: (-0.98,  0.91), (  1.40,  -1.40)   Error: 3.31
Last SG, Last State: ( -0.60,  -3.40), (  1.40,  -1.40)  SG Improvement:0.00000 

Goal, Curr: (-1.15,  0.78), (  1.40,  -1.40)   Error: 3.36
Last SG, Last State: ( -0.60,  -3.40), (  1.40,  -1.40)  SG Improvement:0.00000 

Goal, Curr: (-1.14,  1.09), (  1.40,  -1.40)   Error: 3.56
Last SG, Last State: ( -0.60,  -3.40), (  1.40,  -1.40)  SG Improvement:0.00000 

Goal, Curr: (-0.95,  0.87), (  1.40,  -1.40)   Error: 3.26
Last SG, Last State: ( -0.60,  -3.40), (  1.40,  -1.40)  SG Improvement:-0.00001 

Goal, Curr: (-1.02,  1.09), (  1.40,  -1.40)   Error: 3.46
Last SG, Last State: ( -0.60,  -3.40), (  1.40,  -1.40)  SG Improvement:0.00000 

Goal, Curr: (-1.17,  1.10), (  1.40,  -1.40)   Error: 3.59
Last SG, Last State: ( -0.60,  -3.40), (  1.40,  -1.40)  SG Improvement:0.00000 

Goal, Curr: (-0.78,  0.93), (  1.40,  -1.40)   Error: 3.19
Last SG, Last State: ( -0.60,  -3.40), (  1.40,  -1.40)  SG Improvement:0.00000 

Goal, Curr: (-0.82,  0.75), (  1.40,  -1.40)   Error: 3.09
Last SG, Last State: ( -0.60,  -3.39), (  1.40,  -1.40)  SG Improvement:-0.00000 

Goal, Curr: (-0.89,  0.84), (  1.40,  -1.40)   Error: 3.20
Last SG, Last State: ( -0.60,  -3.40), (  1.40,  -1.40)  SG Improvement:-0.00000 

Goal, Curr: (-0.96,  1.01), (  1.40,  -1.40)   Error: 3.37
Last SG, Last State: ( -0.60,  -3.40), (  1.40,  -1.40)  SG Improvement:0.00001 

Goal, Curr: (-1.23,  1.08), (  1.40,  -1.40)   Error: 3.61
Last SG, Last State: ( -0.60,  -3.40), (  1.40,  -1.40)  SG Improvement:0.00000 

Goal, Curr: (-0.89,  0.82), (  1.40,  -1.40)   Error: 3.19
Last SG, Last State: ( -0.60,  -3.40), (  1.40,  -1.40)  SG Improvement:-0.00000 

Goal, Curr: (-0.91,  1.22), (  1.40,  -1.40)   Error: 3.49
Last SG, Last State: ( -0.60,  -3.40), (  1.40,  -1.40)  SG Improvement:0.00001 

Goal, Curr: (-0.94,  0.87), (  1.40,  -1.40)   Error: 3.26
Last SG, Last State: ( -0.60,  -3.40), (  1.40,  -1.40)  SG Improvement:0.00000 

Goal, Curr: (-0.86,  1.03), (  1.40,  -1.40)   Error: 3.32
Last SG, Last State: ( -0.60,  -3.40), (  1.40,  -1.40)  SG Improvement:-0.00000 

Goal, Curr: (-0.77,  0.91), (  1.40,  -1.40)   Error: 3.17
Last SG, Last State: ( -0.60,  -3.39), (  1.40,  -1.40)  SG Improvement:0.00000 

Goal, Curr: (-1.10,  1.04), (  1.40,  -1.40)   Error: 3.49
Last SG, Last State: ( -0.60,  -3.40), (  1.40,  -1.40)  SG Improvement:0.00001 

Goal, Curr: (-1.07,  1.00), (  1.40,  -1.40)   Error: 3.44
Last SG, Last State: ( -0.60,  -3.40), (  1.40,  -1.40)  SG Improvement:0.00000 

Goal, Curr: (-0.82,  0.90), (  1.40,  -1.40)   Error: 3.19
Last SG, Last State: ( -0.60,  -3.40), (  1.40,  -1.40)  SG Improvement:0.00000 

Goal, Curr: (-0.78,  1.00), (  1.40,  -1.40)   Error: 3.24
Last SG, Last State: ( -0.60,  -3.40), (  1.40,  -1.40)  SG Improvement:-0.00000 

Goal, Curr: (-1.00,  1.11), (  1.40,  -1.40)   Error: 3.47
Last SG, Last State: ( -0.60,  -3.40), (  1.40,  -1.40)  SG Improvement:0.00001 

Goal, Curr: (-0.79,  1.00), (  1.40,  -1.40)   Error: 3.25
Last SG, Last State: ( -0.60,  -3.40), (  1.40,  -1.40)  SG Improvement:0.00000 

Goal, Curr: (-1.02,  1.17), (  1.40,  -1.40)   Error: 3.53
Last SG, Last State: ( -0.60,  -3.40), (  1.40,  -1.40)  SG Improvement:0.00000 

Goal, Curr: (-0.94,  1.16), (  1.40,  -1.40)   Error: 3.47
Last SG, Last State: ( -0.60,  -3.40), (  1.40,  -1.40)  SG Improvement:0.00000 

Goal, Curr: (-1.14,  1.17), (  1.40,  -1.40)   Error: 3.61
Last SG, Last State: ( -0.60,  -3.40), (  1.40,  -1.40)  SG Improvement:0.00001 

Goal, Curr: (-0.83,  1.08), (  1.40,  -1.40)   Error: 3.34
Last SG, Last State: ( -0.60,  -3.40), (  1.40,  -1.40)  SG Improvement:0.00000 

Goal, Curr: (-1.14,  0.81), (  1.40,  -1.40)   Error: 3.36
Last SG, Last State: ( -0.60,  -3.40), (  1.40,  -1.40)  SG Improvement:0.00000 

Goal, Curr: (-1.16,  1.18), (  1.40,  -1.40)   Error: 3.63
Last SG, Last State: ( -0.60,  -3.40), (  1.40,  -1.40)  SG Improvement:0.00001 

episode:00600, mean:7.76, std:0.48, median:7.75, success:0.00
Goal, Curr: (-1.09,  1.12), (  1.40,  -1.40)   Error: 3.54
Last SG, Last State: ( -0.60,  -3.40), (  1.40,  -1.40)  SG Improvement:-0.00000 

Goal, Curr: (-0.90,  0.92), (  1.40,  -1.40)   Error: 3.27
Last SG, Last State: ( -0.60,  -3.40), (  1.40,  -1.40)  SG Improvement:0.00000 

Goal, Curr: (-0.78,  0.97), (  1.40,  -1.40)   Error: 3.22
Last SG, Last State: ( -0.60,  -3.40), (  1.40,  -1.40)  SG Improvement:0.00000 

Goal, Curr: (-0.83,  1.16), (  1.40,  -1.40)   Error: 3.39
Last SG, Last State: ( -0.60,  -3.40), (  1.40,  -1.40)  SG Improvement:0.00000 

Goal, Curr: (-1.13,  1.16), (  1.40,  -1.40)   Error: 3.60
Last SG, Last State: ( -0.60,  -3.40), (  1.40,  -1.40)  SG Improvement:0.00000 

Goal, Curr: (-1.19,  0.89), (  1.40,  -1.40)   Error: 3.45
Last SG, Last State: ( -0.60,  -3.40), (  1.40,  -1.40)  SG Improvement:0.00000 

Goal, Curr: (-0.99,  0.84), (  1.40,  -1.40)   Error: 3.27
Last SG, Last State: ( -0.60,  -3.40), (  1.40,  -1.40)  SG Improvement:0.00000 

Goal, Curr: (-0.89,  1.16), (  1.40,  -1.40)   Error: 3.43
Last SG, Last State: ( -0.60,  -3.40), (  1.40,  -1.40)  SG Improvement:0.00000 

Goal, Curr: (-0.82,  0.78), (  1.40,  -1.40)   Error: 3.11
Last SG, Last State: ( -0.60,  -3.40), (  1.40,  -1.40)  SG Improvement:0.00000 

Goal, Curr: (-0.87,  0.86), (  1.40,  -1.40)   Error: 3.20
Last SG, Last State: ( -0.60,  -3.40), (  1.40,  -1.40)  SG Improvement:0.00000 

Goal, Curr: (-1.05,  1.06), (  1.40,  -1.40)   Error: 3.47
Last SG, Last State: ( -0.60,  -3.40), (  1.40,  -1.40)  SG Improvement:0.00000 

Goal, Curr: (-1.25,  1.08), (  1.40,  -1.40)   Error: 3.63
Last SG, Last State: ( -0.60,  -3.40), (  1.40,  -1.40)  SG Improvement:0.00000 

Goal, Curr: (-1.15,  1.17), (  1.40,  -1.40)   Error: 3.62
Last SG, Last State: ( -0.60,  -3.40), (  1.40,  -1.40)  SG Improvement:0.00000 

Goal, Curr: (-0.78,  1.03), (  1.40,  -1.40)   Error: 3.26
Last SG, Last State: ( -0.60,  -3.40), (  1.40,  -1.40)  SG Improvement:0.00000 

Goal, Curr: (-0.96,  1.00), (  1.40,  -1.40)   Error: 3.36
Last SG, Last State: ( -0.60,  -3.40), (  1.40,  -1.40)  SG Improvement:0.00000 

Goal, Curr: (-0.96,  0.96), (  1.40,  -1.40)   Error: 3.34
Last SG, Last State: ( -0.60,  -3.40), (  1.40,  -1.40)  SG Improvement:0.00000 

Goal, Curr: (-0.88,  1.14), (  1.40,  -1.40)   Error: 3.41
Last SG, Last State: ( -0.60,  -3.40), (  1.40,  -1.40)  SG Improvement:0.00000 

Goal, Curr: (-1.13,  1.22), (  1.40,  -1.40)   Error: 3.64
Last SG, Last State: ( -0.60,  -3.40), (  1.40,  -1.40)  SG Improvement:-0.00000 

Goal, Curr: (-0.76,  1.09), (  1.40,  -1.40)   Error: 3.29
Last SG, Last State: ( -0.60,  -3.40), (  1.40,  -1.40)  SG Improvement:0.00000 

Goal, Curr: (-0.89,  1.21), (  1.40,  -1.40)   Error: 3.47
Last SG, Last State: ( -0.60,  -3.40), (  1.40,  -1.40)  SG Improvement:0.00000 

Goal, Curr: (-0.84,  0.95), (  1.40,  -1.40)   Error: 3.25
Last SG, Last State: ( -0.60,  -3.40), (  1.40,  -1.40)  SG Improvement:0.00000 

Goal, Curr: (-1.03,  0.96), (  1.40,  -1.40)   Error: 3.39
Last SG, Last State: ( -0.60,  -3.40), (  1.40,  -1.40)  SG Improvement:0.00000 

Goal, Curr: (-0.86,  0.97), (  1.40,  -1.40)   Error: 3.27
Last SG, Last State: ( -0.60,  -3.40), (  1.40,  -1.40)  SG Improvement:0.00000 

Goal, Curr: (-0.80,  1.13), (  1.40,  -1.40)   Error: 3.35
Last SG, Last State: ( -0.60,  -3.40), (  1.40,  -1.40)  SG Improvement:0.00000 

Goal, Curr: (-1.12,  1.02), (  1.40,  -1.40)   Error: 3.49
Last SG, Last State: ( -0.60,  -3.40), (  1.40,  -1.40)  SG Improvement:-0.00000 

Goal, Curr: (-0.93,  0.82), (  1.40,  -1.40)   Error: 3.22
Last SG, Last State: ( -0.60,  -3.40), (  1.40,  -1.40)  SG Improvement:0.00000 

Goal, Curr: (-1.25,  1.04), (  1.40,  -1.40)   Error: 3.60
Last SG, Last State: ( -0.60,  -3.40), (  1.40,  -1.40)  SG Improvement:0.00000 

Goal, Curr: (-0.83,  0.81), (  1.40,  -1.40)   Error: 3.13
Last SG, Last State: ( -0.60,  -3.40), (  1.40,  -1.40)  SG Improvement:0.00000 

Goal, Curr: (-0.85,  1.10), (  1.40,  -1.40)   Error: 3.36
Last SG, Last State: ( -0.60,  -3.40), (  1.40,  -1.40)  SG Improvement:0.00000 

Goal, Curr: (-1.23,  1.13), (  1.40,  -1.40)   Error: 3.65
Last SG, Last State: ( -0.60,  -3.40), (  1.40,  -1.40)  SG Improvement:0.00000 

Goal, Curr: (-1.24,  1.08), (  1.40,  -1.40)   Error: 3.62
Last SG, Last State: ( -0.60,  -3.40), (  1.40,  -1.40)  SG Improvement:0.00000 

Goal, Curr: (-0.87,  1.05), (  1.40,  -1.40)   Error: 3.34
Last SG, Last State: ( -0.60,  -3.40), (  1.40,  -1.40)  SG Improvement:0.00000 

Goal, Curr: (-0.87,  1.19), (  1.40,  -1.40)   Error: 3.44
Last SG, Last State: ( -0.60,  -3.40), (  1.40,  -1.40)  SG Improvement:0.00000 

Goal, Curr: (-0.79,  0.77), (  1.40,  -1.40)   Error: 3.08
Last SG, Last State: ( -0.60,  -3.40), (  1.40,  -1.40)  SG Improvement:0.00000 

Goal, Curr: (-0.91,  1.23), (  1.40,  -1.40)   Error: 3.50
Last SG, Last State: ( -0.60,  -3.40), (  1.40,  -1.40)  SG Improvement:0.00000 

Goal, Curr: (-1.07,  0.81), (  1.40,  -1.40)   Error: 3.31
Last SG, Last State: ( -0.60,  -3.40), (  1.40,  -1.40)  SG Improvement:0.00000 

Goal, Curr: (-1.01,  0.77), (  1.40,  -1.40)   Error: 3.24
Last SG, Last State: ( -0.60,  -3.40), (  1.40,  -1.40)  SG Improvement:0.00000 

Goal, Curr: (-0.79,  1.07), (  1.40,  -1.40)   Error: 3.30
Last SG, Last State: ( -0.60,  -3.40), (  1.40,  -1.40)  SG Improvement:0.00000 

Goal, Curr: (-1.00,  0.85), (  1.40,  -1.40)   Error: 3.29
Last SG, Last State: ( -0.60,  -3.40), (  1.40,  -1.40)  SG Improvement:0.00000 

Goal, Curr: (-1.23,  0.79), (  1.40,  -1.40)   Error: 3.42
Last SG, Last State: ( -0.60,  -3.40), (  1.40,  -1.40)  SG Improvement:-0.00000 

Goal, Curr: (-0.93,  0.76), (  1.40,  -1.40)   Error: 3.17
Last SG, Last State: ( -0.60,  -3.40), (  1.40,  -1.40)  SG Improvement:0.00000 

Goal, Curr: (-1.09,  0.91), (  1.40,  -1.40)   Error: 3.40
Last SG, Last State: ( -0.60,  -3.40), (  1.40,  -1.40)  SG Improvement:0.00000 

Goal, Curr: (-0.88,  0.86), (  1.40,  -1.40)   Error: 3.21
Last SG, Last State: ( -0.60,  -3.40), (  1.40,  -1.40)  SG Improvement:0.00000 

Goal, Curr: (-1.18,  1.05), (  1.40,  -1.40)   Error: 3.56
Last SG, Last State: ( -0.60,  -3.40), (  1.40,  -1.40)  SG Improvement:0.00000 

Goal, Curr: (-0.78,  0.83), (  1.40,  -1.40)   Error: 3.12
Last SG, Last State: ( -0.60,  -3.40), (  1.40,  -1.40)  SG Improvement:0.00000 

Goal, Curr: (-1.13,  0.76), (  1.40,  -1.40)   Error: 3.33
Last SG, Last State: ( -0.60,  -3.40), (  1.40,  -1.40)  SG Improvement:0.00000 

Goal, Curr: (-1.06,  0.77), (  1.40,  -1.40)   Error: 3.28
Last SG, Last State: ( -0.60,  -3.40), (  1.40,  -1.40)  SG Improvement:0.00000 

Goal, Curr: (-0.82,  0.76), (  1.40,  -1.40)   Error: 3.10
Last SG, Last State: ( -0.60,  -3.40), (  1.40,  -1.40)  SG Improvement:-0.00000 

Goal, Curr: (-1.22,  0.81), (  1.40,  -1.40)   Error: 3.43
Last SG, Last State: ( -0.60,  -3.40), (  1.40,  -1.40)  SG Improvement:0.00000 

Goal, Curr: (-1.20,  1.01), (  1.40,  -1.40)   Error: 3.54
Last SG, Last State: ( -0.60,  -3.40), (  1.40,  -1.40)  SG Improvement:0.00000 

episode:00700, mean:7.73, std:0.48, median:7.71, success:0.00
Goal, Curr: (-0.95,  1.10), (  1.40,  -1.40)   Error: 3.43
Last SG, Last State: ( -0.60,  -3.40), (  1.40,  -1.40)  SG Improvement:-0.01681 

Goal, Curr: (-0.85,  1.11), (  1.40,  -1.40)   Error: 3.37
Last SG, Last State: ( -0.60,  -3.40), (  1.40,  -1.40)  SG Improvement:0.02595 

Goal, Curr: (-0.98,  1.04), (  1.40,  -1.40)   Error: 3.41
Last SG, Last State: ( -0.60,  -3.40), (  1.40,  -1.40)  SG Improvement:0.02371 

Goal, Curr: (-1.01,  1.04), (  1.40,  -1.40)   Error: 3.43
Last SG, Last State: ( -0.60,  -3.40), (  1.40,  -1.40)  SG Improvement:0.02254 

Goal, Curr: (-1.23,  0.87), (  1.40,  -1.40)   Error: 3.47
Last SG, Last State: ( -0.60,  -3.40), (  1.40,  -1.40)  SG Improvement:0.01595 

Goal, Curr: (-0.94,  0.86), (  1.40,  -1.40)   Error: 3.25
Last SG, Last State: ( -0.60,  -3.40), (  1.40,  -1.40)  SG Improvement:-0.01807 

Goal, Curr: (-1.04,  1.11), (  1.40,  -1.40)   Error: 3.50
Last SG, Last State: ( -0.60,  -3.40), (  1.40,  -1.40)  SG Improvement:-0.01329 

Goal, Curr: (-1.12,  1.06), (  1.40,  -1.40)   Error: 3.52
Last SG, Last State: ( -0.60,  -3.40), (  1.40,  -1.40)  SG Improvement:0.01392 

Goal, Curr: (-0.82,  0.79), (  1.40,  -1.40)   Error: 3.12
Last SG, Last State: ( -0.60,  -3.40), (  1.40,  -1.40)  SG Improvement:0.02990 

Goal, Curr: (-1.10,  1.16), (  1.40,  -1.40)   Error: 3.58
Last SG, Last State: ( -0.60,  -3.40), (  1.40,  -1.40)  SG Improvement:0.01169 

Goal, Curr: (-0.90,  1.07), (  1.40,  -1.40)   Error: 3.37
Last SG, Last State: ( -0.60,  -3.40), (  1.40,  -1.40)  SG Improvement:0.02555 

Goal, Curr: (-1.25,  0.89), (  1.40,  -1.40)   Error: 3.50
Last SG, Last State: ( -0.60,  -3.40), (  1.40,  -1.40)  SG Improvement:-0.01142 

Goal, Curr: (-0.83,  1.00), (  1.40,  -1.40)   Error: 3.27
Last SG, Last State: ( -0.60,  -3.40), (  1.40,  -1.40)  SG Improvement:-0.01824 

Goal, Curr: (-0.78,  1.16), (  1.40,  -1.40)   Error: 3.36
Last SG, Last State: ( -0.60,  -3.40), (  1.40,  -1.40)  SG Improvement:-0.01818 

Goal, Curr: (-0.95,  0.89), (  1.40,  -1.40)   Error: 3.28
Last SG, Last State: ( -0.60,  -3.40), (  1.40,  -1.40)  SG Improvement:-0.01797 

Goal, Curr: (-1.04,  1.07), (  1.40,  -1.40)   Error: 3.47
Last SG, Last State: ( -0.60,  -3.40), (  1.40,  -1.40)  SG Improvement:0.01901 

Goal, Curr: (-1.04,  1.08), (  1.40,  -1.40)   Error: 3.48
Last SG, Last State: ( -0.60,  -3.40), (  1.40,  -1.40)  SG Improvement:0.01821 

Goal, Curr: (-0.84,  0.78), (  1.40,  -1.40)   Error: 3.13
Last SG, Last State: ( -0.60,  -3.40), (  1.40,  -1.40)  SG Improvement:0.02958 

Goal, Curr: (-0.77,  0.79), (  1.40,  -1.40)   Error: 3.08
Last SG, Last State: ( -0.60,  -3.40), (  1.40,  -1.40)  SG Improvement:0.03095 

Goal, Curr: (-1.17,  0.82), (  1.40,  -1.40)   Error: 3.39
Last SG, Last State: ( -0.60,  -3.40), (  1.40,  -1.40)  SG Improvement:0.02244 

Goal, Curr: (-0.90,  0.91), (  1.40,  -1.40)   Error: 3.25
Last SG, Last State: ( -0.60,  -3.40), (  1.40,  -1.40)  SG Improvement:0.02740 

Goal, Curr: (-0.92,  1.08), (  1.40,  -1.40)   Error: 3.39
Last SG, Last State: ( -0.60,  -3.40), (  1.40,  -1.40)  SG Improvement:0.02489 

Goal, Curr: (-0.92,  0.98), (  1.40,  -1.40)   Error: 3.32
Last SG, Last State: ( -0.60,  -3.40), (  1.40,  -1.40)  SG Improvement:-0.01793 

Goal, Curr: (-1.13,  0.85), (  1.40,  -1.40)   Error: 3.38
Last SG, Last State: ( -0.60,  -3.40), (  1.40,  -1.40)  SG Improvement:0.02303 

Goal, Curr: (-0.87,  1.06), (  1.40,  -1.40)   Error: 3.34
Last SG, Last State: ( -0.60,  -3.40), (  1.40,  -1.40)  SG Improvement:0.02631 

Goal, Curr: (-1.16,  0.76), (  1.40,  -1.40)   Error: 3.35
Last SG, Last State: ( -0.60,  -3.40), (  1.40,  -1.40)  SG Improvement:0.02408 

Goal, Curr: (-1.01,  1.12), (  1.40,  -1.40)   Error: 3.48
Last SG, Last State: ( -0.60,  -3.40), (  1.40,  -1.40)  SG Improvement:0.01855 

Goal, Curr: (-0.90,  0.92), (  1.40,  -1.40)   Error: 3.26
Last SG, Last State: ( -0.60,  -3.40), (  1.40,  -1.40)  SG Improvement:0.02720 

Goal, Curr: (-1.10,  0.93), (  1.40,  -1.40)   Error: 3.41
Last SG, Last State: ( -0.60,  -3.40), (  1.40,  -1.40)  SG Improvement:0.02201 

Goal, Curr: (-0.75,  0.99), (  1.40,  -1.40)   Error: 3.21
Last SG, Last State: ( -0.60,  -3.40), (  1.40,  -1.40)  SG Improvement:0.02892 

Goal, Curr: (-0.84,  1.14), (  1.40,  -1.40)   Error: 3.38
Last SG, Last State: ( -0.60,  -3.40), (  1.40,  -1.40)  SG Improvement:0.02580 

Goal, Curr: (-0.87,  0.85), (  1.40,  -1.40)   Error: 3.20
Last SG, Last State: ( -0.60,  -3.40), (  1.40,  -1.40)  SG Improvement:0.02835 

Goal, Curr: (-1.15,  0.89), (  1.40,  -1.40)   Error: 3.42
Last SG, Last State: ( -0.60,  -3.40), (  1.40,  -1.40)  SG Improvement:-0.01551 

Goal, Curr: (-1.03,  1.04), (  1.40,  -1.40)   Error: 3.44
Last SG, Last State: ( -0.60,  -3.40), (  1.40,  -1.40)  SG Improvement:0.02144 

Goal, Curr: (-0.87,  1.21), (  1.40,  -1.40)   Error: 3.46
Last SG, Last State: ( -0.60,  -3.40), (  1.40,  -1.40)  SG Improvement:-0.01679 

Goal, Curr: (-0.81,  0.98), (  1.40,  -1.40)   Error: 3.25
Last SG, Last State: ( -0.60,  -3.40), (  1.40,  -1.40)  SG Improvement:0.02798 

Goal, Curr: (-1.12,  0.77), (  1.40,  -1.40)   Error: 3.33
Last SG, Last State: ( -0.60,  -3.40), (  1.40,  -1.40)  SG Improvement:-0.01737 

Goal, Curr: (-1.03,  1.14), (  1.40,  -1.40)   Error: 3.51
Last SG, Last State: ( -0.60,  -3.40), (  1.40,  -1.40)  SG Improvement:0.01580 

Goal, Curr: (-1.00,  0.85), (  1.40,  -1.40)   Error: 3.28
Last SG, Last State: ( -0.60,  -3.40), (  1.40,  -1.40)  SG Improvement:0.02637 

Goal, Curr: (-0.89,  0.79), (  1.40,  -1.40)   Error: 3.17
Last SG, Last State: ( -0.60,  -3.40), (  1.40,  -1.40)  SG Improvement:-0.01832 

Goal, Curr: (-1.00,  0.96), (  1.40,  -1.40)   Error: 3.36
Last SG, Last State: ( -0.60,  -3.40), (  1.40,  -1.40)  SG Improvement:0.02490 

Goal, Curr: (-0.82,  0.82), (  1.40,  -1.40)   Error: 3.13
Last SG, Last State: ( -0.60,  -3.40), (  1.40,  -1.40)  SG Improvement:0.02966 

Goal, Curr: (-0.78,  1.14), (  1.40,  -1.40)   Error: 3.35
Last SG, Last State: ( -0.60,  -3.40), (  1.40,  -1.40)  SG Improvement:0.02680 

Goal, Curr: (-1.07,  0.88), (  1.40,  -1.40)   Error: 3.36
Last SG, Last State: ( -0.60,  -3.40), (  1.40,  -1.40)  SG Improvement:0.02441 

Goal, Curr: (-0.90,  0.84), (  1.40,  -1.40)   Error: 3.21
Last SG, Last State: ( -0.60,  -3.40), (  1.40,  -1.40)  SG Improvement:0.02804 

Goal, Curr: (-0.92,  1.08), (  1.40,  -1.40)   Error: 3.39
Last SG, Last State: ( -0.60,  -3.40), (  1.40,  -1.40)  SG Improvement:0.02472 

Goal, Curr: (-0.83,  1.10), (  1.40,  -1.40)   Error: 3.34
Last SG, Last State: ( -0.60,  -3.40), (  1.40,  -1.40)  SG Improvement:-0.01809 

Goal, Curr: (-0.96,  1.16), (  1.40,  -1.40)   Error: 3.48
Last SG, Last State: ( -0.60,  -3.40), (  1.40,  -1.40)  SG Improvement:-0.01524 

Goal, Curr: (-0.78,  1.06), (  1.40,  -1.40)   Error: 3.29
Last SG, Last State: ( -0.60,  -3.40), (  1.40,  -1.40)  SG Improvement:0.02759 

Goal, Curr: (-0.90,  0.77), (  1.40,  -1.40)   Error: 3.16
Last SG, Last State: ( -0.60,  -3.40), (  1.40,  -1.40)  SG Improvement:-0.01831 

episode:00800, mean:7.71, std:0.47, median:7.72, success:0.00
Goal, Curr: (-0.85,  0.77), (  1.40,  -1.40)   Error: 3.12
Last SG, Last State: ( -0.60,  -3.40), (  1.40,  -1.40)  SG Improvement:-0.00004 

Goal, Curr: (-1.24,  1.00), (  1.40,  -1.40)   Error: 3.57
Last SG, Last State: ( -0.60,  -3.40), (  1.40,  -1.40)  SG Improvement:0.00002 

Goal, Curr: (-1.03,  0.94), (  1.40,  -1.40)   Error: 3.37
Last SG, Last State: ( -0.60,  -3.40), (  1.40,  -1.40)  SG Improvement:0.00002 

Goal, Curr: (-1.01,  1.12), (  1.40,  -1.40)   Error: 3.49
Last SG, Last State: ( -0.60,  -3.40), (  1.40,  -1.40)  SG Improvement:-0.00003 

Goal, Curr: (-0.99,  1.09), (  1.40,  -1.40)   Error: 3.45
Last SG, Last State: ( -0.60,  -3.40), (  1.40,  -1.40)  SG Improvement:-0.00002 

Goal, Curr: (-0.94,  0.96), (  1.40,  -1.40)   Error: 3.32
Last SG, Last State: ( -0.60,  -3.40), (  1.40,  -1.40)  SG Improvement:-0.00005 

Goal, Curr: (-0.82,  0.90), (  1.40,  -1.40)   Error: 3.19
Last SG, Last State: ( -0.60,  -3.40), (  1.40,  -1.40)  SG Improvement:0.00002 

Goal, Curr: (-1.18,  0.85), (  1.40,  -1.40)   Error: 3.42
Last SG, Last State: ( -0.60,  -3.40), (  1.40,  -1.40)  SG Improvement:-0.00004 

Goal, Curr: (-0.97,  0.78), (  1.40,  -1.40)   Error: 3.22
Last SG, Last State: ( -0.60,  -3.40), (  1.40,  -1.40)  SG Improvement:0.00004 

Goal, Curr: (-1.03,  1.13), (  1.40,  -1.40)   Error: 3.50
Last SG, Last State: ( -0.60,  -3.40), (  1.40,  -1.40)  SG Improvement:0.00006 

Goal, Curr: (-0.88,  1.06), (  1.40,  -1.40)   Error: 3.36
Last SG, Last State: ( -0.60,  -3.40), (  1.40,  -1.40)  SG Improvement:-0.00004 

Goal, Curr: (-1.10,  0.81), (  1.40,  -1.40)   Error: 3.34
Last SG, Last State: ( -0.60,  -3.40), (  1.40,  -1.40)  SG Improvement:-0.00002 

Goal, Curr: (-0.98,  1.12), (  1.40,  -1.40)   Error: 3.46
Last SG, Last State: ( -0.60,  -3.40), (  1.40,  -1.40)  SG Improvement:-0.00004 

Goal, Curr: (-0.91,  0.76), (  1.40,  -1.40)   Error: 3.16
Last SG, Last State: ( -0.60,  -3.40), (  1.40,  -1.40)  SG Improvement:-0.00004 

Goal, Curr: (-1.24,  0.86), (  1.40,  -1.40)   Error: 3.47
Last SG, Last State: ( -0.60,  -3.40), (  1.40,  -1.40)  SG Improvement:0.00003 

Goal, Curr: (-0.89,  1.01), (  1.40,  -1.40)   Error: 3.32
Last SG, Last State: ( -0.60,  -3.40), (  1.40,  -1.40)  SG Improvement:0.00003 

Goal, Curr: (-0.86,  1.01), (  1.40,  -1.40)   Error: 3.30
Last SG, Last State: ( -0.60,  -3.40), (  1.40,  -1.40)  SG Improvement:-0.00002 

Goal, Curr: (-0.96,  0.79), (  1.40,  -1.40)   Error: 3.21
Last SG, Last State: ( -0.60,  -3.40), (  1.40,  -1.40)  SG Improvement:0.00002 

Goal, Curr: (-1.01,  1.03), (  1.40,  -1.40)   Error: 3.42
Last SG, Last State: ( -0.60,  -3.40), (  1.40,  -1.40)  SG Improvement:0.00006 

Goal, Curr: (-1.13,  0.91), (  1.40,  -1.40)   Error: 3.42
Last SG, Last State: ( -0.60,  -3.40), (  1.40,  -1.40)  SG Improvement:0.00002 

Goal, Curr: (-0.90,  0.84), (  1.40,  -1.40)   Error: 3.21
Last SG, Last State: ( -0.60,  -3.40), (  1.40,  -1.40)  SG Improvement:-0.00002 

Goal, Curr: (-1.15,  1.06), (  1.40,  -1.40)   Error: 3.54
Last SG, Last State: ( -0.60,  -3.40), (  1.40,  -1.40)  SG Improvement:-0.00004 

Goal, Curr: (-0.78,  0.98), (  1.40,  -1.40)   Error: 3.22
Last SG, Last State: ( -0.60,  -3.40), (  1.40,  -1.40)  SG Improvement:-0.00003 

Goal, Curr: (-1.24,  1.12), (  1.40,  -1.40)   Error: 3.65
Last SG, Last State: ( -0.60,  -3.40), (  1.40,  -1.40)  SG Improvement:0.00004 

Goal, Curr: (-0.90,  1.03), (  1.40,  -1.40)   Error: 3.35
Last SG, Last State: ( -0.60,  -3.40), (  1.40,  -1.40)  SG Improvement:-0.00002 

Goal, Curr: (-1.01,  0.84), (  1.40,  -1.40)   Error: 3.28
Last SG, Last State: ( -0.60,  -3.40), (  1.40,  -1.40)  SG Improvement:-0.00001 

Goal, Curr: (-1.25,  0.89), (  1.40,  -1.40)   Error: 3.50
Last SG, Last State: ( -0.60,  -3.40), (  1.40,  -1.40)  SG Improvement:-0.00002 

Goal, Curr: (-1.13,  1.13), (  1.40,  -1.40)   Error: 3.57
Last SG, Last State: ( -0.60,  -3.40), (  1.40,  -1.40)  SG Improvement:0.00006 

Goal, Curr: (-0.85,  1.01), (  1.40,  -1.40)   Error: 3.29
Last SG, Last State: ( -0.60,  -3.40), (  1.40,  -1.40)  SG Improvement:0.00004 

Goal, Curr: (-0.77,  1.15), (  1.40,  -1.40)   Error: 3.35
Last SG, Last State: ( -0.60,  -3.40), (  1.40,  -1.40)  SG Improvement:-0.00007 

Goal, Curr: (-1.12,  1.04), (  1.40,  -1.40)   Error: 3.50
Last SG, Last State: ( -0.60,  -3.40), (  1.40,  -1.40)  SG Improvement:-0.00002 

Goal, Curr: (-0.80,  1.03), (  1.40,  -1.40)   Error: 3.28
Last SG, Last State: ( -0.60,  -3.40), (  1.40,  -1.40)  SG Improvement:-0.00002 

Goal, Curr: (-1.16,  0.83), (  1.40,  -1.40)   Error: 3.40
Last SG, Last State: ( -0.60,  -3.40), (  1.40,  -1.40)  SG Improvement:-0.00004 

Goal, Curr: (-0.78,  0.76), (  1.40,  -1.40)   Error: 3.06
Last SG, Last State: ( -0.60,  -3.40), (  1.40,  -1.40)  SG Improvement:0.00003 

Goal, Curr: (-1.19,  0.92), (  1.40,  -1.40)   Error: 3.48
Last SG, Last State: ( -0.60,  -3.40), (  1.40,  -1.40)  SG Improvement:-0.00003 

Goal, Curr: (-0.99,  1.15), (  1.40,  -1.40)   Error: 3.49
Last SG, Last State: ( -0.60,  -3.40), (  1.40,  -1.40)  SG Improvement:0.00003 

Goal, Curr: (-1.08,  1.01), (  1.40,  -1.40)   Error: 3.45
Last SG, Last State: ( -0.60,  -3.40), (  1.40,  -1.40)  SG Improvement:-0.00001 

Goal, Curr: (-0.85,  1.23), (  1.40,  -1.40)   Error: 3.46
Last SG, Last State: ( -0.60,  -3.40), (  1.40,  -1.40)  SG Improvement:-0.00001 

Goal, Curr: (-0.85,  0.88), (  1.40,  -1.40)   Error: 3.21
Last SG, Last State: ( -0.60,  -3.40), (  1.40,  -1.40)  SG Improvement:-0.00005 

Goal, Curr: (-1.19,  1.11), (  1.40,  -1.40)   Error: 3.60
Last SG, Last State: ( -0.60,  -3.40), (  1.40,  -1.40)  SG Improvement:0.00002 

Goal, Curr: (-1.05,  0.99), (  1.40,  -1.40)   Error: 3.42
Last SG, Last State: ( -0.60,  -3.40), (  1.40,  -1.40)  SG Improvement:-0.00001 

Goal, Curr: (-0.89,  1.07), (  1.40,  -1.40)   Error: 3.37
Last SG, Last State: ( -0.60,  -3.40), (  1.40,  -1.40)  SG Improvement:0.00003 

Goal, Curr: (-0.92,  1.00), (  1.40,  -1.40)   Error: 3.34
Last SG, Last State: ( -0.60,  -3.40), (  1.40,  -1.40)  SG Improvement:-0.00004 

Goal, Curr: (-0.80,  1.20), (  1.40,  -1.40)   Error: 3.40
Last SG, Last State: ( -0.60,  -3.40), (  1.40,  -1.40)  SG Improvement:-0.00003 

Goal, Curr: (-0.76,  1.24), (  1.40,  -1.40)   Error: 3.41
Last SG, Last State: ( -0.60,  -3.40), (  1.40,  -1.40)  SG Improvement:-0.00004 

Goal, Curr: (-0.95,  1.10), (  1.40,  -1.40)   Error: 3.43
Last SG, Last State: ( -0.60,  -3.40), (  1.40,  -1.40)  SG Improvement:-0.00003 

Goal, Curr: (-0.91,  1.12), (  1.40,  -1.40)   Error: 3.42
Last SG, Last State: ( -0.60,  -3.40), (  1.40,  -1.40)  SG Improvement:0.00002 

Goal, Curr: (-0.79,  1.04), (  1.40,  -1.40)   Error: 3.27
Last SG, Last State: ( -0.60,  -3.40), (  1.40,  -1.40)  SG Improvement:0.00009 

Goal, Curr: (-1.14,  0.97), (  1.40,  -1.40)   Error: 3.47
Last SG, Last State: ( -0.60,  -3.40), (  1.40,  -1.40)  SG Improvement:-0.00003 

Goal, Curr: (-1.14,  1.18), (  1.40,  -1.40)   Error: 3.62
Last SG, Last State: ( -0.60,  -3.40), (  1.40,  -1.40)  SG Improvement:-0.00004 

episode:00900, mean:7.85, std:0.41, median:7.91, success:0.00
Goal, Curr: (-1.06,  0.78), (  1.40,  -1.40)   Error: 3.29
Last SG, Last State: ( -0.60,  -3.40), (  1.40,  -1.40)  SG Improvement:0.00000 

Goal, Curr: (-1.20,  1.19), (  1.40,  -1.40)   Error: 3.67
Last SG, Last State: ( -0.60,  -3.40), (  1.40,  -1.40)  SG Improvement:0.00000 

Goal, Curr: (-0.86,  1.25), (  1.40,  -1.40)   Error: 3.48
Last SG, Last State: ( -0.60,  -3.40), (  1.40,  -1.40)  SG Improvement:-0.00000 

Goal, Curr: (-1.19,  1.07), (  1.40,  -1.40)   Error: 3.58
Last SG, Last State: ( -0.60,  -3.40), (  1.40,  -1.40)  SG Improvement:0.00000 

Goal, Curr: (-0.96,  0.84), (  1.40,  -1.40)   Error: 3.25
Last SG, Last State: ( -0.60,  -3.40), (  1.40,  -1.40)  SG Improvement:0.00000 

Goal, Curr: (-0.79,  0.98), (  1.40,  -1.40)   Error: 3.24
Last SG, Last State: ( -0.60,  -3.40), (  1.40,  -1.40)  SG Improvement:0.00000 

Goal, Curr: (-1.25,  1.19), (  1.40,  -1.40)   Error: 3.70
Last SG, Last State: ( -0.60,  -3.40), (  1.40,  -1.40)  SG Improvement:0.00000 

Goal, Curr: (-0.85,  1.22), (  1.40,  -1.40)   Error: 3.45
Last SG, Last State: ( -0.60,  -3.40), (  1.40,  -1.40)  SG Improvement:0.00000 

Goal, Curr: (-0.85,  1.03), (  1.40,  -1.40)   Error: 3.31
Last SG, Last State: ( -0.60,  -3.40), (  1.40,  -1.40)  SG Improvement:-0.00000 

Goal, Curr: (-0.89,  0.77), (  1.40,  -1.40)   Error: 3.16
Last SG, Last State: ( -0.60,  -3.40), (  1.40,  -1.40)  SG Improvement:0.00000 

Goal, Curr: (-0.84,  0.80), (  1.40,  -1.40)   Error: 3.14
Last SG, Last State: ( -0.60,  -3.40), (  1.40,  -1.40)  SG Improvement:0.00000 

Goal, Curr: (-1.01,  0.88), (  1.40,  -1.40)   Error: 3.32
Last SG, Last State: ( -0.60,  -3.40), (  1.40,  -1.40)  SG Improvement:0.00000 

Goal, Curr: (-0.91,  0.91), (  1.40,  -1.40)   Error: 3.27
Last SG, Last State: ( -0.60,  -3.40), (  1.40,  -1.40)  SG Improvement:0.00000 

Goal, Curr: (-0.76,  0.82), (  1.40,  -1.40)   Error: 3.09
Last SG, Last State: ( -0.60,  -3.40), (  1.40,  -1.40)  SG Improvement:0.00000 

Goal, Curr: (-1.23,  0.97), (  1.40,  -1.40)   Error: 3.54
Last SG, Last State: ( -0.60,  -3.40), (  1.40,  -1.40)  SG Improvement:0.00000 

Goal, Curr: (-1.10,  0.84), (  1.40,  -1.40)   Error: 3.35
Last SG, Last State: ( -0.60,  -3.40), (  1.40,  -1.40)  SG Improvement:0.00000 

Goal, Curr: (-1.08,  0.81), (  1.40,  -1.40)   Error: 3.32
Last SG, Last State: ( -0.60,  -3.40), (  1.40,  -1.40)  SG Improvement:0.00000 

Goal, Curr: (-0.86,  1.14), (  1.40,  -1.40)   Error: 3.40
Last SG, Last State: ( -0.60,  -3.40), (  1.40,  -1.40)  SG Improvement:0.00000 

Goal, Curr: (-0.91,  0.82), (  1.40,  -1.40)   Error: 3.20
Last SG, Last State: ( -0.60,  -3.40), (  1.40,  -1.40)  SG Improvement:0.00000 

Goal, Curr: (-1.02,  1.03), (  1.40,  -1.40)   Error: 3.43
Last SG, Last State: ( -0.60,  -3.40), (  1.40,  -1.40)  SG Improvement:0.00000 

Goal, Curr: (-1.14,  0.75), (  1.40,  -1.40)   Error: 3.33
Last SG, Last State: ( -0.60,  -3.40), (  1.40,  -1.40)  SG Improvement:0.00000 

Goal, Curr: (-1.19,  1.10), (  1.40,  -1.40)   Error: 3.60
Last SG, Last State: ( -0.60,  -3.40), (  1.40,  -1.40)  SG Improvement:0.00000 

Goal, Curr: (-1.11,  0.79), (  1.40,  -1.40)   Error: 3.33
Last SG, Last State: ( -0.60,  -3.40), (  1.40,  -1.40)  SG Improvement:0.00000 

Goal, Curr: (-0.81,  1.11), (  1.40,  -1.40)   Error: 3.34
Last SG, Last State: ( -0.60,  -3.40), (  1.40,  -1.40)  SG Improvement:0.00000 

Goal, Curr: (-0.91,  0.78), (  1.40,  -1.40)   Error: 3.18
Last SG, Last State: ( -0.60,  -3.40), (  1.40,  -1.40)  SG Improvement:0.00000 

Goal, Curr: (-1.03,  0.85), (  1.40,  -1.40)   Error: 3.31
Last SG, Last State: ( -0.60,  -3.40), (  1.40,  -1.40)  SG Improvement:0.00000 

Goal, Curr: (-1.19,  1.23), (  1.40,  -1.40)   Error: 3.68
Last SG, Last State: ( -0.60,  -3.40), (  1.40,  -1.40)  SG Improvement:0.00000 

Goal, Curr: (-0.80,  1.13), (  1.40,  -1.40)   Error: 3.35
Last SG, Last State: ( -0.60,  -3.40), (  1.40,  -1.40)  SG Improvement:0.00000 

Goal, Curr: (-1.00,  0.97), (  1.40,  -1.40)   Error: 3.37
Last SG, Last State: ( -0.60,  -3.40), (  1.40,  -1.40)  SG Improvement:0.00000 

Goal, Curr: (-1.08,  0.91), (  1.40,  -1.40)   Error: 3.39
Last SG, Last State: ( -0.60,  -3.40), (  1.40,  -1.40)  SG Improvement:0.00000 

Goal, Curr: (-0.88,  0.82), (  1.40,  -1.40)   Error: 3.18
Last SG, Last State: ( -0.60,  -3.40), (  1.40,  -1.40)  SG Improvement:0.00000 

Goal, Curr: (-0.80,  1.04), (  1.40,  -1.40)   Error: 3.28
Last SG, Last State: ( -0.60,  -3.40), (  1.40,  -1.40)  SG Improvement:-0.00000 

Goal, Curr: (-0.84,  1.07), (  1.40,  -1.40)   Error: 3.33
Last SG, Last State: ( -0.60,  -3.40), (  1.40,  -1.40)  SG Improvement:0.00000 

Goal, Curr: (-1.07,  0.87), (  1.40,  -1.40)   Error: 3.36
Last SG, Last State: ( -0.60,  -3.40), (  1.40,  -1.40)  SG Improvement:0.00000 

Goal, Curr: (-1.12,  1.11), (  1.40,  -1.40)   Error: 3.56
Last SG, Last State: ( -0.60,  -3.40), (  1.40,  -1.40)  SG Improvement:0.00000 

Goal, Curr: (-0.82,  1.05), (  1.40,  -1.40)   Error: 3.31
Last SG, Last State: ( -0.60,  -3.40), (  1.40,  -1.40)  SG Improvement:0.00000 

Goal, Curr: (-1.01,  1.02), (  1.40,  -1.40)   Error: 3.41
Last SG, Last State: ( -0.60,  -3.40), (  1.40,  -1.40)  SG Improvement:0.00000 

Goal, Curr: (-1.04,  1.00), (  1.40,  -1.40)   Error: 3.42
Last SG, Last State: ( -0.60,  -3.40), (  1.40,  -1.40)  SG Improvement:0.00000 

Goal, Curr: (-0.83,  0.97), (  1.40,  -1.40)   Error: 3.25
Last SG, Last State: ( -0.60,  -3.40), (  1.40,  -1.40)  SG Improvement:-0.00000 

Goal, Curr: (-1.14,  1.10), (  1.40,  -1.40)   Error: 3.56
Last SG, Last State: ( -0.60,  -3.40), (  1.40,  -1.40)  SG Improvement:0.00000 

Goal, Curr: (-0.77,  1.06), (  1.40,  -1.40)   Error: 3.28
Last SG, Last State: ( -0.60,  -3.40), (  1.40,  -1.40)  SG Improvement:0.00000 

Goal, Curr: (-0.98,  0.87), (  1.40,  -1.40)   Error: 3.29
Last SG, Last State: ( -0.60,  -3.40), (  1.40,  -1.40)  SG Improvement:0.00000 

Goal, Curr: (-1.13,  1.17), (  1.40,  -1.40)   Error: 3.60
Last SG, Last State: ( -0.60,  -3.40), (  1.40,  -1.40)  SG Improvement:0.00000 

Goal, Curr: (-1.23,  0.98), (  1.40,  -1.40)   Error: 3.55
Last SG, Last State: ( -0.60,  -3.40), (  1.40,  -1.40)  SG Improvement:0.00000 

Goal, Curr: (-1.14,  1.12), (  1.40,  -1.40)   Error: 3.57
Last SG, Last State: ( -0.60,  -3.40), (  1.40,  -1.40)  SG Improvement:-0.00000 

Goal, Curr: (-1.05,  1.17), (  1.40,  -1.40)   Error: 3.55
Last SG, Last State: ( -0.60,  -3.40), (  1.40,  -1.40)  SG Improvement:0.00000 

Goal, Curr: (-0.78,  0.86), (  1.40,  -1.40)   Error: 3.14
Last SG, Last State: ( -0.60,  -3.40), (  1.40,  -1.40)  SG Improvement:0.00000 

Goal, Curr: (-0.92,  0.78), (  1.40,  -1.40)   Error: 3.18
Last SG, Last State: ( -0.60,  -3.40), (  1.40,  -1.40)  SG Improvement:0.00000 

Goal, Curr: (-1.11,  1.04), (  1.40,  -1.40)   Error: 3.50
Last SG, Last State: ( -0.60,  -3.40), (  1.40,  -1.40)  SG Improvement:0.00000 

Goal, Curr: (-1.02,  0.87), (  1.40,  -1.40)   Error: 3.31
Last SG, Last State: ( -0.60,  -3.40), (  1.40,  -1.40)  SG Improvement:0.00000 

episode:01000, mean:7.80, std:0.46, median:7.77, success:0.00
Goal, Curr: (-0.77,  0.88), (  1.40,  -1.40)   Error: 3.14
Last SG, Last State: ( -0.60,  -3.40), (  1.40,  -1.40)  SG Improvement:0.13235 

Goal, Curr: (-1.21,  1.20), (  1.40,  -1.40)   Error: 3.68
Last SG, Last State: ( -0.60,  -3.40), (  1.40,  -1.40)  SG Improvement:-0.06890 

Goal, Curr: (-1.04,  0.85), (  1.40,  -1.40)   Error: 3.32
Last SG, Last State: ( -0.60,  -3.40), (  1.40,  -1.40)  SG Improvement:0.05956 

Goal, Curr: (-1.05,  0.85), (  1.40,  -1.40)   Error: 3.33
Last SG, Last State: ( -0.60,  -3.40), (  1.40,  -1.40)  SG Improvement:0.04311 

Goal, Curr: (-0.78,  1.06), (  1.40,  -1.40)   Error: 3.29
Last SG, Last State: ( -0.60,  -3.40), (  1.40,  -1.40)  SG Improvement:0.14804 

Goal, Curr: (-1.17,  0.89), (  1.40,  -1.40)   Error: 3.45
Last SG, Last State: ( -0.60,  -3.40), (  1.40,  -1.40)  SG Improvement:0.09864 

Goal, Curr: (-1.16,  0.83), (  1.40,  -1.40)   Error: 3.40
Last SG, Last State: ( -0.60,  -3.40), (  1.40,  -1.40)  SG Improvement:0.05787 

Goal, Curr: (-0.77,  1.24), (  1.40,  -1.40)   Error: 3.42
Last SG, Last State: ( -0.60,  -3.40), (  1.40,  -1.40)  SG Improvement:-0.01635 

Goal, Curr: (-1.14,  0.85), (  1.40,  -1.40)   Error: 3.39
Last SG, Last State: ( -0.60,  -3.40), (  1.40,  -1.40)  SG Improvement:-0.07057 

Goal, Curr: (-1.00,  0.84), (  1.40,  -1.40)   Error: 3.28
Last SG, Last State: ( -0.60,  -3.40), (  1.40,  -1.40)  SG Improvement:-0.06350 

Goal, Curr: (-1.23,  1.18), (  1.40,  -1.40)   Error: 3.68
Last SG, Last State: ( -0.60,  -3.40), (  1.40,  -1.40)  SG Improvement:0.21434 

Goal, Curr: (-0.98,  1.08), (  1.40,  -1.40)   Error: 3.44
Last SG, Last State: ( -0.60,  -3.40), (  1.40,  -1.40)  SG Improvement:0.05602 

Goal, Curr: (-1.05,  0.96), (  1.40,  -1.40)   Error: 3.40
Last SG, Last State: ( -0.60,  -3.40), (  1.40,  -1.40)  SG Improvement:-0.06016 

Goal, Curr: (-1.14,  1.17), (  1.40,  -1.40)   Error: 3.61
Last SG, Last State: ( -0.60,  -3.40), (  1.39,  -1.40)  SG Improvement:0.07345 

Goal, Curr: (-0.79,  0.94), (  1.40,  -1.40)   Error: 3.20
Last SG, Last State: ( -0.60,  -3.40), (  1.40,  -1.40)  SG Improvement:0.04267 

Goal, Curr: (-1.03,  1.14), (  1.40,  -1.40)   Error: 3.51
Last SG, Last State: ( -0.60,  -3.40), (  1.40,  -1.40)  SG Improvement:-0.06684 

Goal, Curr: (-0.81,  0.88), (  1.40,  -1.40)   Error: 3.17
Last SG, Last State: ( -0.60,  -3.40), (  1.40,  -1.40)  SG Improvement:-0.06610 

Goal, Curr: (-1.13,  0.79), (  1.40,  -1.40)   Error: 3.35
Last SG, Last State: ( -0.60,  -3.40), (  1.40,  -1.40)  SG Improvement:0.06140 

Goal, Curr: (-1.18,  0.81), (  1.40,  -1.40)   Error: 3.40
Last SG, Last State: ( -0.60,  -3.40), (  1.40,  -1.40)  SG Improvement:0.14376 

Goal, Curr: (-0.88,  1.23), (  1.40,  -1.40)   Error: 3.48
Last SG, Last State: ( -0.60,  -3.40), (  1.40,  -1.40)  SG Improvement:0.03721 

Goal, Curr: (-0.85,  0.84), (  1.40,  -1.40)   Error: 3.17
Last SG, Last State: ( -0.60,  -3.40), (  1.40,  -1.40)  SG Improvement:0.12462 

Goal, Curr: (-0.78,  0.76), (  1.40,  -1.40)   Error: 3.06
Last SG, Last State: ( -0.60,  -3.40), (  1.40,  -1.40)  SG Improvement:0.03918 

Goal, Curr: (-0.89,  0.98), (  1.40,  -1.40)   Error: 3.30
Last SG, Last State: ( -0.61,  -3.40), (  1.40,  -1.40)  SG Improvement:-0.00263 

Goal, Curr: (-0.91,  0.79), (  1.40,  -1.40)   Error: 3.18
Last SG, Last State: ( -0.60,  -3.40), (  1.40,  -1.40)  SG Improvement:-0.06896 

Goal, Curr: (-1.07,  0.94), (  1.40,  -1.40)   Error: 3.40
Last SG, Last State: ( -0.60,  -3.40), (  1.40,  -1.40)  SG Improvement:0.14960 

Goal, Curr: (-1.24,  1.05), (  1.40,  -1.40)   Error: 3.60
Last SG, Last State: ( -0.60,  -3.40), (  1.40,  -1.40)  SG Improvement:-0.01397 

Goal, Curr: (-0.90,  0.97), (  1.40,  -1.40)   Error: 3.30
Last SG, Last State: ( -0.60,  -3.40), (  1.40,  -1.40)  SG Improvement:-0.06743 

Goal, Curr: (-1.13,  1.09), (  1.40,  -1.40)   Error: 3.55
Last SG, Last State: ( -0.60,  -3.40), (  1.40,  -1.40)  SG Improvement:0.15235 

Goal, Curr: (-0.90,  1.02), (  1.40,  -1.40)   Error: 3.34
Last SG, Last State: ( -0.60,  -3.40), (  1.40,  -1.40)  SG Improvement:0.15136 

Goal, Curr: (-1.07,  0.91), (  1.40,  -1.40)   Error: 3.38
Last SG, Last State: ( -0.60,  -3.40), (  1.40,  -1.40)  SG Improvement:-0.05384 

Goal, Curr: (-0.81,  1.19), (  1.40,  -1.40)   Error: 3.41
Last SG, Last State: ( -0.60,  -3.40), (  1.40,  -1.40)  SG Improvement:-0.00289 

Goal, Curr: (-0.99,  1.24), (  1.40,  -1.40)   Error: 3.55
Last SG, Last State: ( -0.60,  -3.40), (  1.40,  -1.40)  SG Improvement:0.12981 

Goal, Curr: (-1.09,  0.94), (  1.40,  -1.40)   Error: 3.42
Last SG, Last State: ( -0.60,  -3.40), (  1.40,  -1.40)  SG Improvement:0.15216 

Goal, Curr: (-0.95,  1.13), (  1.40,  -1.40)   Error: 3.45
Last SG, Last State: ( -0.60,  -3.40), (  1.40,  -1.40)  SG Improvement:-0.07445 

Goal, Curr: (-1.14,  0.84), (  1.40,  -1.40)   Error: 3.39
Last SG, Last State: ( -0.60,  -3.40), (  1.40,  -1.40)  SG Improvement:-0.07064 

Goal, Curr: (-0.75,  0.88), (  1.40,  -1.40)   Error: 3.13
Last SG, Last State: ( -0.60,  -3.40), (  1.40,  -1.40)  SG Improvement:0.15422 

Goal, Curr: (-1.00,  0.90), (  1.40,  -1.40)   Error: 3.33
Last SG, Last State: ( -0.60,  -3.40), (  1.40,  -1.40)  SG Improvement:0.15122 

Goal, Curr: (-1.10,  0.80), (  1.40,  -1.40)   Error: 3.33
Last SG, Last State: ( -0.60,  -3.40), (  1.40,  -1.40)  SG Improvement:0.15258 

Goal, Curr: (-1.02,  0.80), (  1.40,  -1.40)   Error: 3.27
Last SG, Last State: ( -0.60,  -3.40), (  1.40,  -1.40)  SG Improvement:-0.06984 

Goal, Curr: (-0.86,  0.95), (  1.40,  -1.40)   Error: 3.26
Last SG, Last State: ( -0.60,  -3.40), (  1.40,  -1.40)  SG Improvement:0.05440 

Goal, Curr: (-1.07,  1.03), (  1.40,  -1.40)   Error: 3.47
Last SG, Last State: ( -0.60,  -3.40), (  1.40,  -1.40)  SG Improvement:0.23449 

Goal, Curr: (-0.87,  1.12), (  1.40,  -1.40)   Error: 3.39
Last SG, Last State: ( -0.60,  -3.40), (  1.40,  -1.40)  SG Improvement:0.02491 

Goal, Curr: (-1.13,  0.79), (  1.40,  -1.40)   Error: 3.34
Last SG, Last State: ( -0.60,  -3.40), (  1.40,  -1.40)  SG Improvement:-0.07119 

Goal, Curr: (-0.93,  0.83), (  1.40,  -1.40)   Error: 3.22
Last SG, Last State: ( -0.60,  -3.40), (  1.40,  -1.40)  SG Improvement:0.05899 

Goal, Curr: (-1.19,  0.93), (  1.40,  -1.40)   Error: 3.49
Last SG, Last State: ( -0.60,  -3.40), (  1.40,  -1.40)  SG Improvement:0.15356 

Goal, Curr: (-1.24,  1.03), (  1.40,  -1.40)   Error: 3.59
Last SG, Last State: ( -0.60,  -3.40), (  1.40,  -1.40)  SG Improvement:-0.07009 

Goal, Curr: (-0.75,  0.90), (  1.40,  -1.40)   Error: 3.15
Last SG, Last State: ( -0.60,  -3.40), (  1.40,  -1.40)  SG Improvement:0.12839 

Goal, Curr: (-0.76,  1.01), (  1.40,  -1.40)   Error: 3.23
Last SG, Last State: ( -0.60,  -3.40), (  1.40,  -1.40)  SG Improvement:0.05207 

Goal, Curr: (-0.85,  0.88), (  1.40,  -1.40)   Error: 3.20
Last SG, Last State: ( -0.60,  -3.40), (  1.40,  -1.40)  SG Improvement:-0.04518 

Goal, Curr: (-1.25,  1.04), (  1.40,  -1.40)   Error: 3.60
Last SG, Last State: ( -0.60,  -3.40), (  1.40,  -1.40)  SG Improvement:0.22196 

episode:01100, mean:7.61, std:0.45, median:7.48, success:0.00
Goal, Curr: (-0.97,  1.24), (  1.40,  -1.40)   Error: 3.55
Last SG, Last State: ( -0.60,  -3.40), (  1.40,  -1.40)  SG Improvement:-0.07795 

Goal, Curr: (-0.76,  1.18), (  1.40,  -1.40)   Error: 3.37
Last SG, Last State: ( -0.60,  -3.40), (  1.40,  -1.40)  SG Improvement:0.05982 

Goal, Curr: (-0.84,  0.98), (  1.40,  -1.40)   Error: 3.27
Last SG, Last State: ( -0.60,  -3.40), (  1.40,  -1.40)  SG Improvement:0.15477 

Goal, Curr: (-0.95,  1.04), (  1.40,  -1.40)   Error: 3.39
Last SG, Last State: ( -0.60,  -3.40), (  1.40,  -1.40)  SG Improvement:-0.07347 

Goal, Curr: (-1.12,  1.15), (  1.40,  -1.40)   Error: 3.58
Last SG, Last State: ( -0.60,  -3.40), (  1.40,  -1.40)  SG Improvement:0.05295 

Goal, Curr: (-0.75,  0.93), (  1.40,  -1.40)   Error: 3.17
Last SG, Last State: ( -0.60,  -3.40), (  1.40,  -1.40)  SG Improvement:0.06018 

Goal, Curr: (-0.77,  0.78), (  1.40,  -1.40)   Error: 3.08
Last SG, Last State: ( -0.60,  -3.40), (  1.40,  -1.40)  SG Improvement:-0.06436 

Goal, Curr: (-0.94,  0.96), (  1.40,  -1.40)   Error: 3.32
Last SG, Last State: ( -0.60,  -3.40), (  1.40,  -1.40)  SG Improvement:0.05984 

Goal, Curr: (-0.91,  1.01), (  1.40,  -1.40)   Error: 3.34
Last SG, Last State: ( -0.60,  -3.40), (  1.40,  -1.40)  SG Improvement:-0.07112 

Goal, Curr: (-0.94,  0.97), (  1.40,  -1.40)   Error: 3.33
Last SG, Last State: ( -0.60,  -3.40), (  1.40,  -1.40)  SG Improvement:0.15776 

Goal, Curr: (-0.88,  1.11), (  1.40,  -1.40)   Error: 3.39
Last SG, Last State: ( -0.60,  -3.40), (  1.40,  -1.40)  SG Improvement:-0.07090 

Goal, Curr: (-1.18,  1.18), (  1.40,  -1.40)   Error: 3.65
Last SG, Last State: ( -0.60,  -3.40), (  1.40,  -1.40)  SG Improvement:0.16411 

Goal, Curr: (-1.20,  0.80), (  1.40,  -1.40)   Error: 3.40
Last SG, Last State: ( -0.60,  -3.40), (  1.40,  -1.40)  SG Improvement:-0.08259 

Goal, Curr: (-1.14,  1.00), (  1.40,  -1.40)   Error: 3.50
Last SG, Last State: ( -0.60,  -3.40), (  1.40,  -1.40)  SG Improvement:0.05393 

Goal, Curr: (-1.23,  1.01), (  1.40,  -1.40)   Error: 3.57
Last SG, Last State: ( -0.60,  -3.40), (  1.40,  -1.40)  SG Improvement:0.16434 

Goal, Curr: (-1.02,  1.08), (  1.40,  -1.40)   Error: 3.46
Last SG, Last State: ( -0.60,  -3.40), (  1.40,  -1.40)  SG Improvement:0.16053 

Goal, Curr: (-0.87,  0.91), (  1.40,  -1.40)   Error: 3.23
Last SG, Last State: ( -0.60,  -3.40), (  1.40,  -1.40)  SG Improvement:0.06097 

Goal, Curr: (-1.21,  1.21), (  1.40,  -1.40)   Error: 3.69
Last SG, Last State: ( -0.60,  -3.40), (  1.40,  -1.40)  SG Improvement:0.05413 

Goal, Curr: (-1.09,  1.23), (  1.40,  -1.40)   Error: 3.62
Last SG, Last State: ( -0.60,  -3.40), (  1.40,  -1.40)  SG Improvement:-0.08314 

Goal, Curr: (-0.77,  1.21), (  1.40,  -1.40)   Error: 3.40
Last SG, Last State: ( -0.60,  -3.40), (  1.40,  -1.40)  SG Improvement:0.05978 

Goal, Curr: (-1.05,  0.90), (  1.40,  -1.40)   Error: 3.36
Last SG, Last State: ( -0.60,  -3.40), (  1.40,  -1.40)  SG Improvement:0.05777 

Goal, Curr: (-0.82,  1.06), (  1.40,  -1.40)   Error: 3.31
Last SG, Last State: ( -0.60,  -3.40), (  1.40,  -1.40)  SG Improvement:-0.07164 

Goal, Curr: (-0.95,  0.94), (  1.40,  -1.40)   Error: 3.31
Last SG, Last State: ( -0.60,  -3.40), (  1.40,  -1.40)  SG Improvement:-0.07173 

Goal, Curr: (-0.90,  0.77), (  1.40,  -1.40)   Error: 3.16
Last SG, Last State: ( -0.60,  -3.40), (  1.40,  -1.40)  SG Improvement:0.15473 

Goal, Curr: (-1.14,  0.82), (  1.40,  -1.40)   Error: 3.37
Last SG, Last State: ( -0.60,  -3.40), (  1.40,  -1.40)  SG Improvement:0.05634 

Goal, Curr: (-0.83,  1.10), (  1.40,  -1.40)   Error: 3.34
Last SG, Last State: ( -0.60,  -3.40), (  1.40,  -1.40)  SG Improvement:0.06029 

Goal, Curr: (-0.84,  0.76), (  1.40,  -1.40)   Error: 3.12
Last SG, Last State: ( -0.60,  -3.40), (  1.40,  -1.40)  SG Improvement:0.06150 

Goal, Curr: (-0.99,  1.02), (  1.40,  -1.40)   Error: 3.40
Last SG, Last State: ( -0.60,  -3.40), (  1.40,  -1.40)  SG Improvement:0.15965 

Goal, Curr: (-1.05,  0.84), (  1.40,  -1.40)   Error: 3.32
Last SG, Last State: ( -0.60,  -3.40), (  1.40,  -1.40)  SG Improvement:0.16029 

Goal, Curr: (-0.76,  0.78), (  1.40,  -1.40)   Error: 3.07
Last SG, Last State: ( -0.60,  -3.40), (  1.40,  -1.40)  SG Improvement:0.06064 

Goal, Curr: (-0.79,  1.18), (  1.40,  -1.40)   Error: 3.38
Last SG, Last State: ( -0.60,  -3.40), (  1.40,  -1.40)  SG Improvement:-0.06783 

Goal, Curr: (-1.02,  1.08), (  1.40,  -1.40)   Error: 3.47
Last SG, Last State: ( -0.60,  -3.40), (  1.40,  -1.40)  SG Improvement:0.16064 

Goal, Curr: (-1.16,  0.98), (  1.40,  -1.40)   Error: 3.50
Last SG, Last State: ( -0.60,  -3.40), (  1.40,  -1.40)  SG Improvement:0.16310 

Goal, Curr: (-1.17,  1.23), (  1.40,  -1.40)   Error: 3.68
Last SG, Last State: ( -0.60,  -3.40), (  1.40,  -1.40)  SG Improvement:-0.08576 

Goal, Curr: (-1.16,  1.05), (  1.40,  -1.40)   Error: 3.54
Last SG, Last State: ( -0.60,  -3.40), (  1.40,  -1.40)  SG Improvement:-0.08377 

Goal, Curr: (-0.81,  0.91), (  1.40,  -1.40)   Error: 3.20
Last SG, Last State: ( -0.60,  -3.40), (  1.40,  -1.40)  SG Improvement:-0.06585 

Goal, Curr: (-1.02,  1.16), (  1.40,  -1.40)   Error: 3.52
Last SG, Last State: ( -0.60,  -3.40), (  1.40,  -1.40)  SG Improvement:0.15587 

Goal, Curr: (-1.11,  1.07), (  1.40,  -1.40)   Error: 3.52
Last SG, Last State: ( -0.60,  -3.40), (  1.40,  -1.40)  SG Improvement:0.05381 

Goal, Curr: (-1.20,  1.19), (  1.40,  -1.40)   Error: 3.67
Last SG, Last State: ( -0.60,  -3.40), (  1.40,  -1.40)  SG Improvement:-0.08635 

Goal, Curr: (-1.25,  0.79), (  1.40,  -1.40)   Error: 3.43
Last SG, Last State: ( -0.60,  -3.40), (  1.40,  -1.40)  SG Improvement:0.16367 

Goal, Curr: (-0.92,  1.02), (  1.40,  -1.40)   Error: 3.35
Last SG, Last State: ( -0.60,  -3.40), (  1.40,  -1.40)  SG Improvement:0.15227 

Goal, Curr: (-1.22,  0.76), (  1.40,  -1.40)   Error: 3.39
Last SG, Last State: ( -0.60,  -3.40), (  1.40,  -1.40)  SG Improvement:0.05558 

Goal, Curr: (-0.99,  0.96), (  1.40,  -1.40)   Error: 3.36
Last SG, Last State: ( -0.60,  -3.40), (  1.40,  -1.40)  SG Improvement:0.05871 

Goal, Curr: (-1.05,  1.03), (  1.40,  -1.40)   Error: 3.45
Last SG, Last State: ( -0.60,  -3.40), (  1.40,  -1.40)  SG Improvement:-0.07875 

Goal, Curr: (-1.15,  1.19), (  1.40,  -1.40)   Error: 3.64
Last SG, Last State: ( -0.60,  -3.40), (  1.40,  -1.40)  SG Improvement:-0.08485 

Goal, Curr: (-1.04,  0.97), (  1.40,  -1.40)   Error: 3.40
Last SG, Last State: ( -0.60,  -3.40), (  1.40,  -1.40)  SG Improvement:-0.07691 

Goal, Curr: (-0.82,  0.78), (  1.40,  -1.40)   Error: 3.11
Last SG, Last State: ( -0.60,  -3.40), (  1.40,  -1.40)  SG Improvement:0.15236 

Goal, Curr: (-0.90,  0.75), (  1.40,  -1.40)   Error: 3.15
Last SG, Last State: ( -0.60,  -3.40), (  1.40,  -1.40)  SG Improvement:0.15476 

Goal, Curr: (-1.22,  1.00), (  1.40,  -1.40)   Error: 3.55
Last SG, Last State: ( -0.60,  -3.40), (  1.40,  -1.40)  SG Improvement:0.05412 

Goal, Curr: (-1.20,  0.80), (  1.40,  -1.40)   Error: 3.40
Last SG, Last State: ( -0.60,  -3.40), (  1.40,  -1.40)  SG Improvement:0.16344 

episode:01200, mean:7.85, std:0.52, median:7.85, success:0.00
